 sl_groundvehicleDynamics_sfun

 Timestamp is 67117b5f (Fri Oct 18 07:02:23 2024)

 Preferred load address is 0000000180000000

 Start         Length     Name                   Class
 0001:00000000 0003b770H .text$mn                CODE
 0001:0003b770 00000040H .text$mn$00             CODE
 0001:0003b7b0 0000057aH .text$x                 CODE
 0002:00000000 000005c8H .idata$5                DATA
 0002:000005c8 00000038H .00cfg                  DATA
 0002:00000600 00000008H .CRT$XCA                DATA
 0002:00000608 00000008H .CRT$XCZ                DATA
 0002:00000610 00000008H .CRT$XIA                DATA
 0002:00000618 00000008H .CRT$XIZ                DATA
 0002:00000620 00000008H .CRT$XPA                DATA
 0002:00000628 00000008H .CRT$XPZ                DATA
 0002:00000630 00000008H .CRT$XTA                DATA
 0002:00000638 00000008H .CRT$XTZ                DATA
 0002:00000640 00000000H .gehcont$y              DATA
 0002:00000640 00000000H .gfids$y                DATA
 0002:00000640 000005c0H .rdata                  DATA
 0002:00000c00 00000080H .rdata$CastGuardVftablesA DATA
 0002:00000c80 00000080H .rdata$CastGuardVftablesC DATA
 0002:00000d00 000001f4H .rdata$r                DATA
 0002:00000ef4 00000224H .rdata$voltmd           DATA
 0002:00001118 000002c8H .rdata$zzzdbg           DATA
 0002:000013e0 00000008H .rtc$IAA                DATA
 0002:000013e8 00000008H .rtc$IZZ                DATA
 0002:000013f0 00000008H .rtc$TAA                DATA
 0002:000013f8 00000008H .rtc$TZZ                DATA
 0002:00001400 00002120H .xdata                  DATA
 0002:00003520 000000f0H .xdata$x                DATA
 0002:00003610 00000088H .edata                  DATA
 0002:00003698 00000140H .idata$2                DATA
 0002:000037d8 00000018H .idata$3                DATA
 0002:000037f0 000005c8H .idata$4                DATA
 0002:00003db8 0000103cH .idata$6                DATA
 0003:00000000 00015cf8H .data                   DATA
 0003:00015cf8 00000080H .data$r                 DATA
 0003:00015d78 00000028H .data$rs                DATA
 0003:00015da0 00000ed0H .bss                    DATA
 0004:00000000 000024fcH .pdata                  DATA

  Address         Publics by Value              Rva+Base               Lib:Object

 0000:00000000       __AbsoluteZero             0000000000000000     <absolute>
 0000:00000000       ___safe_se_handler_count   0000000000000000     <absolute>
 0000:00000000       ___safe_se_handler_table   0000000000000000     <absolute>
 0000:00000000       __arm64x_extra_rfe_table   0000000000000000     <absolute>
 0000:00000000       __arm64x_extra_rfe_table_size 0000000000000000     <absolute>
 0000:00000000       __arm64x_native_entrypoint 0000000000000000     <absolute>
 0000:00000000       __arm64x_redirection_metadata 0000000000000000     <absolute>
 0000:00000000       __arm64x_redirection_metadata_count 0000000000000000     <absolute>
 0000:00000000       __dynamic_value_reloc_table 0000000000000000     <absolute>
 0000:00000000       __enclave_config           0000000000000000     <absolute>
 0000:00000000       __guard_check_icall_a64n_fptr 0000000000000000     <absolute>
 0000:00000000       __guard_eh_cont_count      0000000000000000     <absolute>
 0000:00000000       __guard_eh_cont_table      0000000000000000     <absolute>
 0000:00000000       __guard_fids_count         0000000000000000     <absolute>
 0000:00000000       __guard_fids_table         0000000000000000     <absolute>
 0000:00000000       __guard_iat_count          0000000000000000     <absolute>
 0000:00000000       __guard_iat_table          0000000000000000     <absolute>
 0000:00000000       __guard_longjmp_count      0000000000000000     <absolute>
 0000:00000000       __guard_longjmp_table      0000000000000000     <absolute>
 0000:00000000       __hybrid_auxiliary_delayload_iat 0000000000000000     <absolute>
 0000:00000000       __hybrid_auxiliary_delayload_iat_copy 0000000000000000     <absolute>
 0000:00000000       __hybrid_auxiliary_iat     0000000000000000     <absolute>
 0000:00000000       __hybrid_auxiliary_iat_copy 0000000000000000     <absolute>
 0000:00000000       __hybrid_code_map          0000000000000000     <absolute>
 0000:00000000       __hybrid_code_map_count    0000000000000000     <absolute>
 0000:00000000       __hybrid_image_info_bitfield 0000000000000000     <absolute>
 0000:00000000       __x64_code_ranges_to_entry_points 0000000000000000     <absolute>
 0000:00000000       __x64_code_ranges_to_entry_points_count 0000000000000000     <absolute>
 0000:00000100       __guard_flags              0000000000000100     <absolute>
 0000:00000000       __ImageBase                0000000180000000     <linker-defined>
 0001:00000000       sl_groundvehicleDynamics_initializer 0000000180001000 f   sl_groundvehicleDynamics_sfun.obj
 0001:00000010       sl_groundvehicleDynamics_terminator 0000000180001010 f   sl_groundvehicleDynamics_sfun.obj
 0001:00000020       load_sl_groundvehicleDynamics_optimization_info 0000000180001020 f   sl_groundvehicleDynamics_sfun.obj
 0001:000000d0       unload_sl_groundvehicleDynamics_optimization_info 00000001800010d0 f   sl_groundvehicleDynamics_sfun.obj
 0001:00000100       sf_sl_groundvehicleDynamics_method_dispatcher 0000000180001100 f   sl_groundvehicleDynamics_sfun.obj
 0001:00000150       sf_sl_groundvehicleDynamics_process_check_sum_call 0000000180001150 f   sl_groundvehicleDynamics_sfun.obj
 0001:00000640       sf_sl_groundvehicleDynamics_get_eml_resolved_functions_info 0000000180001640 f   sl_groundvehicleDynamics_sfun.obj
 0001:00000820       sf_sl_groundvehicleDynamics_third_party_uses_info 0000000180001820 f   sl_groundvehicleDynamics_sfun.obj
 0001:000009f0       sf_sl_groundvehicleDynamics_jit_fallback_info 00000001800019f0 f   sl_groundvehicleDynamics_sfun.obj
 0001:00000bc0       sf_sl_groundvehicleDynamics_get_post_codegen_info 0000000180001bc0 f   sl_groundvehicleDynamics_sfun.obj
 0001:00000da0       sf_sl_groundvehicleDynamics_updateBuildInfo_args_info 0000000180001da0 f   sl_groundvehicleDynamics_sfun.obj
 0001:00000f60       sf_c5_sl_groundvehicleDynamics_get_eml_resolved_functions_info 0000000180001f60 f   c5_sl_groundvehicleDynamics.obj
 0001:00001000       sf_c5_sl_groundvehicleDynamics_get_check_sum 0000000180002000 f   c5_sl_groundvehicleDynamics.obj
 0001:000010d0       c5_sl_groundvehicleDynamics_method_dispatcher 00000001800020d0 f   c5_sl_groundvehicleDynamics.obj
 0001:000226e0       sf_c5_sl_groundvehicleDynamics_third_party_uses_info 00000001800236e0 f   c5_sl_groundvehicleDynamics.obj
 0001:00022730       sf_c5_sl_groundvehicleDynamics_jit_fallback_info 0000000180023730 f   c5_sl_groundvehicleDynamics.obj
 0001:000228c0       sf_c5_sl_groundvehicleDynamics_updateBuildInfo_args_info 00000001800238c0 f   c5_sl_groundvehicleDynamics.obj
 0001:00022be0       sf_c5_sl_groundvehicleDynamics_get_post_codegen_info 0000000180023be0 f   c5_sl_groundvehicleDynamics.obj
 0001:000231b0       mexFunction                00000001800241b0 f   sl_groundvehicleDynamics_sfun_registry.obj
 0001:00025a80       _ssSetInputPortDirectFeedThroughFcn 0000000180026a80 f   sl_groundvehicleDynamics_sfun_registry.obj
 0001:00025bf0       _ssSetRWorkValueFcn        0000000180026bf0 f   sl_groundvehicleDynamics_sfun_registry.obj
 0001:00025c70       _ssGetRWorkValueFcn        0000000180026c70 f   sl_groundvehicleDynamics_sfun_registry.obj
 0001:00025ce0       _ssSetIWorkValueFcn        0000000180026ce0 f   sl_groundvehicleDynamics_sfun_registry.obj
 0001:00025d60       _ssGetIWorkValueFcn        0000000180026d60 f   sl_groundvehicleDynamics_sfun_registry.obj
 0001:00025dd0       _ssSetPWorkValueFcn        0000000180026dd0 f   sl_groundvehicleDynamics_sfun_registry.obj
 0001:00025e50       _ssGetPWorkValueFcn        0000000180026e50 f   sl_groundvehicleDynamics_sfun_registry.obj
 0001:00025ec0       _ssGetInputPortSignalFcn   0000000180026ec0 f   sl_groundvehicleDynamics_sfun_registry.obj
 0001:00026250       _ssGetInputPortBufferDstPortFcn 0000000180027250 f   sl_groundvehicleDynamics_sfun_registry.obj
 0001:000262d0       _ssGetInputPortSignalPtrsFcn 00000001800272d0 f   sl_groundvehicleDynamics_sfun_registry.obj
 0001:00026660       ssGetParameterTuningCompliance 0000000180027660 f   sl_groundvehicleDynamics_sfun_registry.obj
 0001:000266d0       _ssReadInputStringFcn      00000001800276d0 f   sl_groundvehicleDynamics_sfun_registry.obj
 0001:00026740       ssGetDTypeIdFromMxArray    0000000180027740 f   sl_groundvehicleDynamics_sfun_registry.obj
 0001:00026860       ssWriteRTWMx2dMatParam     0000000180027860 f   sl_groundvehicleDynamics_sfun_registry.obj
 0001:000268f0       ssWriteRTWMxVectParam      00000001800278f0 f   sl_groundvehicleDynamics_sfun_registry.obj
 0001:00026970       ssWriteRTWParameters       0000000180027970 f   sl_groundvehicleDynamics_sfun_registry.obj
 0001:00026f30       ssWriteRTWParamSettings    0000000180027f30 f   sl_groundvehicleDynamics_sfun_registry.obj
 0001:00027620       ssWriteRTWStr              0000000180028620 f   sl_groundvehicleDynamics_sfun_registry.obj
 0001:00027680       ssWriteRTWWorkVect         0000000180028680 f   sl_groundvehicleDynamics_sfun_registry.obj
 0001:00027be0       ssWarning                  0000000180028be0 f   sl_groundvehicleDynamics_sfun_registry.obj
 0001:00027cd0       ssGetRootSS                0000000180028cd0 f   sl_groundvehicleDynamics_sfun_registry.obj
 0001:00027d90       ssGetParentSS              0000000180028d90 f   sl_groundvehicleDynamics_sfun_registry.obj
 0001:00027e50       ssWriteRTWNameValuePair    0000000180028e50 f   sl_groundvehicleDynamics_sfun_registry.obj
 0001:00028350       _ssSetInputPortMatrixDimensions 0000000180029350 f   sl_groundvehicleDynamics_sfun_registry.obj
 0001:000284a0       _ssSetOutputPortMatrixDimensions 00000001800294a0 f   sl_groundvehicleDynamics_sfun_registry.obj
 0001:000285f0       _ssSetInputPortVectorDimension 00000001800295f0 f   sl_groundvehicleDynamics_sfun_registry.obj
 0001:000286a0       _ssSetOutputPortVectorDimension 00000001800296a0 f   sl_groundvehicleDynamics_sfun_registry.obj
 0001:00028750       ssIsRunTimeParamTunable    0000000180029750 f   sl_groundvehicleDynamics_sfun_registry.obj
 0001:000287c0       ssGetSFuncBlockHandle      00000001800297c0 f   sl_groundvehicleDynamics_sfun_registry.obj
 0001:00028830       _ssGetCallSystemNumFcnCallDestinations 0000000180029830 f   sl_groundvehicleDynamics_sfun_registry.obj
 0001:000288a0       _ssGetCurrentInputPortWidth 00000001800298a0 f   sl_groundvehicleDynamics_sfun_registry.obj
 0001:000289e0       _ssGetCurrentOutputPortWidth 00000001800299e0 f   sl_groundvehicleDynamics_sfun_registry.obj
 0001:00028b20       ssGetIsZeroCrossControlDisabled 0000000180029b20 f   sl_groundvehicleDynamics_sfun_registry.obj
 0001:00028b90       ssSetIsInputPortUsedForContZcSignal 0000000180029b90 f   sl_groundvehicleDynamics_sfun_registry.obj
 0001:00028c00       ssSetZcSignalIsZcElementDisc 0000000180029c00 f   sl_groundvehicleDynamics_sfun_registry.obj
 0001:00028cb0       ssSetZcSignalName          0000000180029cb0 f   sl_groundvehicleDynamics_sfun_registry.obj
 0001:00028d20       ssSetZcSignalWidth         0000000180029d20 f   sl_groundvehicleDynamics_sfun_registry.obj
 0001:00028d90       ssSetZcSignalZcEventType   0000000180029d90 f   sl_groundvehicleDynamics_sfun_registry.obj
 0001:00028e00       ssSetZcSignalType          0000000180029e00 f   sl_groundvehicleDynamics_sfun_registry.obj
 0001:00028e70       ssSetZcSignalZcTol         0000000180029e70 f   sl_groundvehicleDynamics_sfun_registry.obj
 0001:00028ee0       ssSetZcSignalNeedsEventNotification 0000000180029ee0 f   sl_groundvehicleDynamics_sfun_registry.obj
 0001:00028f50       ssCreateAndAddZcSignalInfo 0000000180029f50 f   sl_groundvehicleDynamics_sfun_registry.obj
 0001:00028fc0       ssCloneAndAddZcSignalInfo  0000000180029fc0 f   sl_groundvehicleDynamics_sfun_registry.obj
 0001:00029030       ssGetNumZcSignals          000000018002a030 f   sl_groundvehicleDynamics_sfun_registry.obj
 0001:000290a0       ssGetZcSignalVector        000000018002a0a0 f   sl_groundvehicleDynamics_sfun_registry.obj
 0001:00029110       ssGetZcSignalName          000000018002a110 f   sl_groundvehicleDynamics_sfun_registry.obj
 0001:00029180       ssGetZcSignalWidth         000000018002a180 f   sl_groundvehicleDynamics_sfun_registry.obj
 0001:000291f0       ssGetZcSignalZcEventType   000000018002a1f0 f   sl_groundvehicleDynamics_sfun_registry.obj
 0001:00029260       ssGetZcSignalZcEvents      000000018002a260 f   sl_groundvehicleDynamics_sfun_registry.obj
 0001:000292d0       ssGetZcSignalType          000000018002a2d0 f   sl_groundvehicleDynamics_sfun_registry.obj
 0001:00029340       ssGetZcSignalZcTol         000000018002a340 f   sl_groundvehicleDynamics_sfun_registry.obj
 0001:000293c0       ssGetZcSignalNeedsEventNotification 000000018002a3c0 f   sl_groundvehicleDynamics_sfun_registry.obj
 0001:00029430       ssGetZcSignalIsZcElementDisc 000000018002a430 f   sl_groundvehicleDynamics_sfun_registry.obj
 0001:000294d0       ssGetIsInputPortElementContinuous 000000018002a4d0 f   sl_groundvehicleDynamics_sfun_registry.obj
 0001:00029570       _ssGetAbsTol               000000018002a570 f   sl_groundvehicleDynamics_sfun_registry.obj
 0001:000295e0       _ssSetStateAbsTol          000000018002a5e0 f   sl_groundvehicleDynamics_sfun_registry.obj
 0001:000296c0       _ssSetInputPortReusableFcn 000000018002a6c0 f   sl_groundvehicleDynamics_sfun_registry.obj
 0001:000297c0       _ssSetOutputPortReusableFcn 000000018002a7c0 f   sl_groundvehicleDynamics_sfun_registry.obj
 0001:000298c0       _ssSetSymbolicDimsSupport  000000018002a8c0 f   sl_groundvehicleDynamics_sfun_registry.obj
 0001:00029930       _ssRegisterSymbolicDimsExpr 000000018002a930 f   sl_groundvehicleDynamics_sfun_registry.obj
 0001:000299b0       _ssRegisterSymbolicDimsMATLABExpr 000000018002a9b0 f   sl_groundvehicleDynamics_sfun_registry.obj
 0001:00029a40       _ssRegisterSymbolicDims    000000018002aa40 f   sl_groundvehicleDynamics_sfun_registry.obj
 0001:00029ae0       _ssRegisterSymbolicDimsString 000000018002aae0 f   sl_groundvehicleDynamics_sfun_registry.obj
 0001:00029b60       _ssRegisterSymbolicDimsIntValue 000000018002ab60 f   sl_groundvehicleDynamics_sfun_registry.obj
 0001:00029bd0       _ssRegisterSymbolicEqualRelation 000000018002abd0 f   sl_groundvehicleDynamics_sfun_registry.obj
 0001:00029c40       _ssRegisterSymbolicEqualValue 000000018002ac40 f   sl_groundvehicleDynamics_sfun_registry.obj
 0001:00029cb0       _ssAmendLeadingSymbolicDims 000000018002acb0 f   sl_groundvehicleDynamics_sfun_registry.obj
 0001:00029d30       _ssAmendTrailingSymbolicDims 000000018002ad30 f   sl_groundvehicleDynamics_sfun_registry.obj
 0001:00029db0       _ssRegisterSymbolicDimsPlus 000000018002adb0 f   sl_groundvehicleDynamics_sfun_registry.obj
 0001:00029e30       _ssRegisterSymbolicDimsMinus 000000018002ae30 f   sl_groundvehicleDynamics_sfun_registry.obj
 0001:00029eb0       _ssRegisterSymbolicDimsMultiply 000000018002aeb0 f   sl_groundvehicleDynamics_sfun_registry.obj
 0001:00029f30       _ssRegisterSymbolicDimsDivide 000000018002af30 f   sl_groundvehicleDynamics_sfun_registry.obj
 0001:00029fb0       _ssGetNumSymbolicDims      000000018002afb0 f   sl_groundvehicleDynamics_sfun_registry.obj
 0001:0002a020       _ssGetSymbolicDim          000000018002b020 f   sl_groundvehicleDynamics_sfun_registry.obj
 0001:0002a0a0       _ssSetInputPortSymbolicDimsId 000000018002b0a0 f   sl_groundvehicleDynamics_sfun_registry.obj
 0001:0002a110       _ssGetCompInputPortSymbolicDimsId 000000018002b110 f   sl_groundvehicleDynamics_sfun_registry.obj
 0001:0002a180       _ssSetCompInputPortSymbolicDimsId 000000018002b180 f   sl_groundvehicleDynamics_sfun_registry.obj
 0001:0002a1f0       _ssSetOutputPortSymbolicDimsId 000000018002b1f0 f   sl_groundvehicleDynamics_sfun_registry.obj
 0001:0002a260       _ssGetCompOutputPortSymbolicDimsId 000000018002b260 f   sl_groundvehicleDynamics_sfun_registry.obj
 0001:0002a2d0       _ssSetCompOutputPortSymbolicDimsId 000000018002b2d0 f   sl_groundvehicleDynamics_sfun_registry.obj
 0001:0002a340       _ssGetDWorkSymbolicDimsId  000000018002b340 f   sl_groundvehicleDynamics_sfun_registry.obj
 0001:0002a3b0       _ssSetDWorkSymbolicDimsId  000000018002b3b0 f   sl_groundvehicleDynamics_sfun_registry.obj
 0001:0002a420       _ssGetCompDWorkSymbolicDimsId 000000018002b420 f   sl_groundvehicleDynamics_sfun_registry.obj
 0001:0002a490       _ssSetCompDWorkSymbolicDimsId 000000018002b490 f   sl_groundvehicleDynamics_sfun_registry.obj
 0001:0002a500       _ssCreateSLCGStringBuffer  000000018002b500 f   sl_groundvehicleDynamics_sfun_registry.obj
 0001:0002a570       _ssAddToSLCGStringBuffer   000000018002b570 f   sl_groundvehicleDynamics_sfun_registry.obj
 0001:0002a5e0       _ssGetPointerContainedData 000000018002b5e0 f   sl_groundvehicleDynamics_sfun_registry.obj
 0001:0002a670       _ssGetPointerContainedDataWidth 000000018002b670 f   sl_groundvehicleDynamics_sfun_registry.obj
 0001:0002a700       _ssRegisterDynamicArrayDataTypeFcn 000000018002b700 f   sl_groundvehicleDynamics_sfun_registry.obj
 0001:0002a7a0       _ssGetDynamicArrayContainedDataCurrentWidthFcn 000000018002b7a0 f   sl_groundvehicleDynamics_sfun_registry.obj
 0001:0002a870       _ssGetDynamicArrayContainedDataFcn 000000018002b870 f   sl_groundvehicleDynamics_sfun_registry.obj
 0001:0002a940       _ssGetInputPortDynamicArrayDataFcn 000000018002b940 f   sl_groundvehicleDynamics_sfun_registry.obj
 0001:0002aa00       _ssGetOutputPortDynamicArrayDataFcn 000000018002ba00 f   sl_groundvehicleDynamics_sfun_registry.obj
 0001:0002aac0       _ssGetInputPortDynamicArrayContainedDataFcn 000000018002bac0 f   sl_groundvehicleDynamics_sfun_registry.obj
 0001:0002ab80       _ssGetOutputPortDynamicArrayContainedDataFcn 000000018002bb80 f   sl_groundvehicleDynamics_sfun_registry.obj
 0001:0002ac40       _ssGetDynamicArrayDWorkContainedDataFcn 000000018002bc40 f   sl_groundvehicleDynamics_sfun_registry.obj
 0001:0002ad00       sf_process_check_sum_call  000000018002bd00 f   sl_groundvehicleDynamics_sfun_registry.obj
 0001:0002ad50       sf_process_get_third_party_uses_info_call 000000018002bd50 f   sl_groundvehicleDynamics_sfun_registry.obj
 0001:0002af80       sf_process_get_jit_fallback_info_call 000000018002bf80 f   sl_groundvehicleDynamics_sfun_registry.obj
 0001:0002b1b0       sf_process_get_post_codegen_info_call 000000018002c1b0 f   sl_groundvehicleDynamics_sfun_registry.obj
 0001:0002b3e0       sf_process_get_updateBuildInfo_args_info_call 000000018002c3e0 f   sl_groundvehicleDynamics_sfun_registry.obj
 0001:0002b610       sf_process_get_eml_resolved_functions_info_call 000000018002c610 f   sl_groundvehicleDynamics_sfun_registry.obj
 0001:0002b840       sf_mex_unlock_call         000000018002c840 f   sl_groundvehicleDynamics_sfun_registry.obj
 0001:0002ba60       sf_machine_global_initializer_called 000000018002ca60 f   sl_groundvehicleDynamics_sfun_registry.obj
 0001:0002ba90       sf_machine_global_method_dispatcher 000000018002ca90 f   sl_groundvehicleDynamics_sfun_registry.obj
 0001:0002baf0       sf_machine_global_terminator 000000018002caf0 f   sl_groundvehicleDynamics_sfun_registry.obj
 0001:0002bb20       callCustomFcn              000000018002cb20 f   sl_groundvehicleDynamics_sfun_registry.obj
 0001:0002bb30       sf_machine_global_initializer 000000018002cb30 f   sl_groundvehicleDynamics_sfun_registry.obj
 0001:0002bb60       mdlGetSimState             000000018002cb60 f   sl_groundvehicleDynamics_sfun_registry.obj
 0001:0002bba0       mdlSetSimState             000000018002cba0 f   sl_groundvehicleDynamics_sfun_registry.obj
 0001:0002c510       ProcessMexSfunctionEveryCall 000000018002d510 f   sl_groundvehicleDynamics_sfun_registry.obj
 0001:0002d690       __local_stdio_printf_options 000000018002e690 f i sl_groundvehicleDynamics_sfun_registry.obj
 0001:0002d6a0       _vsnprintf_l               000000018002e6a0 f i sl_groundvehicleDynamics_sfun_registry.obj
 0001:0002d720       _vsprintf_l                000000018002e720 f i sl_groundvehicleDynamics_sfun_registry.obj
 0001:0002d770       sprintf                    000000018002e770 f i sl_groundvehicleDynamics_sfun_registry.obj
 0001:0002d7c0       mexfilerequiredapiversion  000000018002e7c0 f   c_mexapi_version.obj
 0001:0002d7f0       priorityqueuecodegen_constructPQ 000000018002e7f0 f   priorityqueue_api.obj
 0001:0002d870       priorityqueuecodegen_destructPQ 000000018002e870 f   priorityqueue_api.obj
 0001:0002d8d0       priorityqueuecodegen_push  000000018002e8d0 f   priorityqueue_api.obj
 0001:0002d910       priorityqueuecodegen_top   000000018002e910 f   priorityqueue_api.obj
 0001:0002d9b0       priorityqueuecodegen_pop   000000018002e9b0 f   priorityqueue_api.obj
 0001:0002d9e0       priorityqueuecodegen_size  000000018002e9e0 f   priorityqueue_api.obj
 0001:0002da10       priorityqueuecodegen_isEmpty 000000018002ea10 f   priorityqueue_api.obj
 0001:0002da40       priorityqueuecodegen_getDataDim 000000018002ea40 f   priorityqueue_api.obj
 0001:0002da70       priorityqueuecodegen_constructNodeMap 000000018002ea70 f   priorityqueue_api.obj
 0001:0002dae0       priorityqueuecodegen_destructNodeMap 000000018002eae0 f   priorityqueue_api.obj
 0001:0002db40       priorityqueuecodegen_nodemap_getDataDim 000000018002eb40 f   priorityqueue_api.obj
 0001:0002db70       priorityqueuecodegen_nodemap_getNumNodes 000000018002eb70 f   priorityqueue_api.obj
 0001:0002dbc0       priorityqueuecodegen_nodemap_traceBack 000000018002ebc0 f   priorityqueue_api.obj
 0001:0002dd10       priorityqueuecodegen_nodemap_insertNode 000000018002ed10 f   priorityqueue_api.obj
 0001:0002dd60       priorityqueuecodegen_nodemap_getNodeData 000000018002ed60 f   priorityqueue_api.obj
 0001:0002de60       priorityqueuecodegen_constructSimpleMap 000000018002ee60 f   priorityqueue_api.obj
 0001:0002ded0       priorityqueuecodegen_destructSimpleMap 000000018002eed0 f   priorityqueue_api.obj
 0001:0002df30       priorityqueuecodegen_simplemap_getDataDim 000000018002ef30 f   priorityqueue_api.obj
 0001:0002df60       priorityqueuecodegen_simplemap_getSize 000000018002ef60 f   priorityqueue_api.obj
 0001:0002dfb0       priorityqueuecodegen_simplemap_insertData 000000018002efb0 f   priorityqueue_api.obj
 0001:0002e000       priorityqueuecodegen_simplemap_getData 000000018002f000 f   priorityqueue_api.obj
 0001:0002e0e0       ??$?0$$V@?$_Compressed_pair@V?$allocator@N@std@@V?$_Vector_val@U?$_Simple_types@N@std@@@2@$00@std@@QEAA@U_Zero_then_variadic_args_t@1@@Z 000000018002f0e0 f i priorityqueue_api.obj
 0001:0002e110       ??$?0$$V@?$_Compressed_pair@V?$allocator@U?$pair@HV?$vector@NV?$allocator@N@std@@@std@@@std@@@std@@V?$_Vector_val@U?$_Simple_types@U?$pair@HV?$vector@NV?$allocator@N@std@@@std@@@std@@@std@@@2@$00@std@@QEAA@U_Zero_then_variadic_args_t@1@@Z 000000018002f110 f i priorityqueue_api.obj
 0001:0002e140       ??$?0$$V@?$_Compressed_pair@V?$allocator@V?$vector@NV?$allocator@N@std@@@std@@@std@@V?$_Vector_val@U?$_Simple_types@V?$vector@NV?$allocator@N@std@@@std@@@std@@@2@$00@std@@QEAA@U_Zero_then_variadic_args_t@1@@Z 000000018002f140 f i priorityqueue_api.obj
 0001:0002e170       ??$?0AEAHV?$vector@NV?$allocator@N@std@@@std@@$0A@@?$pair@HV?$vector@NV?$allocator@N@std@@@std@@@std@@QEAA@AEAH$$QEAV?$vector@NV?$allocator@N@std@@@1@@Z 000000018002f170 f i priorityqueue_api.obj
 0001:0002e1c0       ??$?0AEAPEAU?$_List_node@U?$pair@$$CBHH@std@@PEAX@std@@_N$0A@@?$pair@PEAU?$_List_node@U?$pair@$$CBHH@std@@PEAX@std@@_N@std@@QEAA@AEAPEAU?$_List_node@U?$pair@$$CBHH@std@@PEAX@1@$$QEA_N@Z 000000018002f1c0 f i priorityqueue_api.obj
 0001:0002e210       ??$?0AEAPEAU?$_List_node@U?$pair@$$CBHV?$vector@NV?$allocator@N@std@@@std@@@std@@PEAX@std@@_N$0A@@?$pair@PEAU?$_List_node@U?$pair@$$CBHV?$vector@NV?$allocator@N@std@@@std@@@std@@PEAX@std@@_N@std@@QEAA@AEAPEAU?$_List_node@U?$pair@$$CBHV?$vector@NV?$allocator@N@std@@@std@@@std@@PEAX@1@$$QEA_N@Z 000000018002f210 f i priorityqueue_api.obj
 0001:0002e260       ??$?0AEBH$$Z$$V@?$pair@$$CBHH@std@@QEAA@Upiecewise_construct_t@1@V?$tuple@AEBH@1@V?$tuple@$$V@1@@Z 000000018002f260 f i priorityqueue_api.obj
 0001:0002e2d0       ??$?0AEBH$$Z$$V@?$pair@$$CBHV?$vector@NV?$allocator@N@std@@@std@@@std@@QEAA@Upiecewise_construct_t@1@V?$tuple@AEBH@1@V?$tuple@$$V@1@@Z 000000018002f2d0 f i priorityqueue_api.obj
 0001:0002e340       ??$?0AEBH$0A@@?$tuple@AEBH@std@@QEAA@AEBH@Z 000000018002f340 f i priorityqueue_api.obj
 0001:0002e370       ??$?0AEBH@?$_Tuple_val@AEBH@std@@QEAA@AEBH@Z 000000018002f370 f i priorityqueue_api.obj
 0001:0002e3a0       ??$?0AEBUpiecewise_construct_t@std@@V?$tuple@AEBH@1@V?$tuple@$$V@1@@?$_List_node_emplace_op2@V?$allocator@U?$_List_node@U?$pair@$$CBHH@std@@PEAX@std@@@std@@@std@@QEAA@AEAV?$allocator@U?$_List_node@U?$pair@$$CBHH@std@@PEAX@std@@@1@AEBUpiecewise_construct_t@1@$$QEAV?$tuple@AEBH@1@$$QEAV?$tuple@$$V@1@@Z 000000018002f3a0 f i priorityqueue_api.obj
 0001:0002e450       ??$?0AEBUpiecewise_construct_t@std@@V?$tuple@AEBH@1@V?$tuple@$$V@1@@?$_List_node_emplace_op2@V?$allocator@U?$_List_node@U?$pair@$$CBHV?$vector@NV?$allocator@N@std@@@std@@@std@@PEAX@std@@@std@@@std@@QEAA@AEAV?$allocator@U?$_List_node@U?$pair@$$CBHV?$vector@NV?$allocator@N@std@@@std@@@std@@PEAX@std@@@1@AEBUpiecewise_construct_t@1@$$QEAV?$tuple@AEBH@1@$$QEAV?$tuple@$$V@1@@Z 000000018002f450 f i priorityqueue_api.obj
 0001:0002e500       ??$?0AEBV?$allocator@N@std@@$$V@?$_Compressed_pair@V?$allocator@N@std@@V?$_Vector_val@U?$_Simple_types@N@std@@@2@$00@std@@QEAA@U_One_then_variadic_args_t@1@AEBV?$allocator@N@1@@Z 000000018002f500 f i priorityqueue_api.obj
 0001:0002e540       ??$?0AEBV?$allocator@U?$pair@$$CBHH@std@@@std@@$$V@?$_Compressed_pair@V?$allocator@U?$_List_node@U?$pair@$$CBHH@std@@PEAX@std@@@std@@V?$_List_val@U?$_List_simple_types@U?$pair@$$CBHH@std@@@std@@@2@$00@std@@QEAA@U_One_then_variadic_args_t@1@AEBV?$allocator@U?$pair@$$CBHH@std@@@1@@Z 000000018002f540 f i priorityqueue_api.obj
 0001:0002e580       ??$?0AEBV?$allocator@U?$pair@$$CBHH@std@@@std@@$$V@?$_Compressed_pair@V?$allocator@V?$_List_unchecked_iterator@V?$_List_val@U?$_List_simple_types@U?$pair@$$CBHH@std@@@std@@@std@@@std@@@std@@V?$_Vector_val@U?$_Simple_types@V?$_List_unchecked_iterator@V?$_List_val@U?$_List_simple_types@U?$pair@$$CBHH@std@@@std@@@std@@@std@@@std@@@2@$00@std@@QEAA@U_One_then_variadic_args_t@1@AEBV?$allocator@U?$pair@$$CBHH@std@@@1@@Z 000000018002f580 f i priorityqueue_api.obj
 0001:0002e5c0       ??$?0AEBV?$allocator@U?$pair@$$CBHH@std@@@std@@$0A@@?$_Hash_vec@V?$allocator@V?$_List_unchecked_iterator@V?$_List_val@U?$_List_simple_types@U?$pair@$$CBHH@std@@@std@@@std@@@std@@@std@@@std@@QEAA@AEBV?$allocator@U?$pair@$$CBHH@std@@@1@@Z 000000018002f5c0 f i priorityqueue_api.obj
 0001:0002e610       ??$?0AEBV?$allocator@U?$pair@$$CBHV?$vector@NV?$allocator@N@std@@@std@@@std@@@std@@$$V@?$_Compressed_pair@V?$allocator@U?$_List_node@U?$pair@$$CBHV?$vector@NV?$allocator@N@std@@@std@@@std@@PEAX@std@@@std@@V?$_List_val@U?$_List_simple_types@U?$pair@$$CBHV?$vector@NV?$allocator@N@std@@@std@@@std@@@std@@@2@$00@std@@QEAA@U_One_then_variadic_args_t@1@AEBV?$allocator@U?$pair@$$CBHV?$vector@NV?$allocator@N@std@@@std@@@std@@@1@@Z 000000018002f610 f i priorityqueue_api.obj
 0001:0002e650       ??$?0AEBV?$allocator@U?$pair@$$CBHV?$vector@NV?$allocator@N@std@@@std@@@std@@@std@@$$V@?$_Compressed_pair@V?$allocator@V?$_List_unchecked_iterator@V?$_List_val@U?$_List_simple_types@U?$pair@$$CBHV?$vector@NV?$allocator@N@std@@@std@@@std@@@std@@@std@@@std@@@std@@V?$_Vector_val@U?$_Simple_types@V?$_List_unchecked_iterator@V?$_List_val@U?$_List_simple_types@U?$pair@$$CBHV?$vector@NV?$allocator@N@std@@@std@@@std@@@std@@@std@@@std@@@std@@@2@$00@std@@QEAA@U_One_then_variadic_args_t@1@AEBV?$allocator@U?$pair@$$CBHV?$vector@NV?$allocator@N@std@@@std@@@std@@@1@@Z 000000018002f650 f i priorityqueue_api.obj
 0001:0002e690       ??$?0AEBV?$allocator@U?$pair@$$CBHV?$vector@NV?$allocator@N@std@@@std@@@std@@@std@@$0A@@?$_Hash_vec@V?$allocator@V?$_List_unchecked_iterator@V?$_List_val@U?$_List_simple_types@U?$pair@$$CBHV?$vector@NV?$allocator@N@std@@@std@@@std@@@std@@@std@@@std@@@std@@@std@@QEAA@AEBV?$allocator@U?$pair@$$CBHV?$vector@NV?$allocator@N@std@@@std@@@std@@@1@@Z 000000018002f690 f i priorityqueue_api.obj
 0001:0002e6e0       ??$?0HV?$vector@NV?$allocator@N@std@@@std@@$0A@@?$pair@HV?$vector@NV?$allocator@N@std@@@std@@@std@@QEAA@$$QEAH$$QEAV?$vector@NV?$allocator@N@std@@@1@@Z 000000018002f6e0 f i priorityqueue_api.obj
 0001:0002e730       ??$?0M@?$_Compressed_pair@U?$equal_to@H@std@@M$00@std@@QEAA@U_Zero_then_variadic_args_t@1@$$QEAM@Z 000000018002f730 f i priorityqueue_api.obj
 0001:0002e770       ??$?0PEAU?$_List_node@U?$pair@$$CBHH@std@@PEAX@std@@_N$0A@@?$pair@PEAU?$_List_node@U?$pair@$$CBHH@std@@PEAX@std@@_N@std@@QEAA@$$QEAPEAU?$_List_node@U?$pair@$$CBHH@std@@PEAX@1@$$QEA_N@Z 000000018002f770 f i priorityqueue_api.obj
 0001:0002e7c0       ??$?0PEAU?$_List_node@U?$pair@$$CBHV?$vector@NV?$allocator@N@std@@@std@@@std@@PEAX@std@@_N$0A@@?$pair@PEAU?$_List_node@U?$pair@$$CBHV?$vector@NV?$allocator@N@std@@@std@@@std@@PEAX@std@@_N@std@@QEAA@$$QEAPEAU?$_List_node@U?$pair@$$CBHV?$vector@NV?$allocator@N@std@@@std@@@std@@PEAX@1@$$QEA_N@Z 000000018002f7c0 f i priorityqueue_api.obj
 0001:0002e810       ??$?0PEBN$0A@@?$vector@NV?$allocator@N@std@@@std@@QEAA@PEBN0AEBV?$allocator@N@1@@Z 000000018002f810 f i priorityqueue_api.obj
 0001:0002e8d0       ??$?0U?$pair@$$CBHH@std@@@?$allocator@U?$_List_node@U?$pair@$$CBHH@std@@PEAX@std@@@std@@QEAA@AEBV?$allocator@U?$pair@$$CBHH@std@@@1@@Z 000000018002f8d0 f i priorityqueue_api.obj
 0001:0002e8e0       ??$?0U?$pair@$$CBHH@std@@@?$allocator@V?$_List_unchecked_iterator@V?$_List_val@U?$_List_simple_types@U?$pair@$$CBHH@std@@@std@@@std@@@std@@@std@@QEAA@AEBV?$allocator@U?$pair@$$CBHH@std@@@1@@Z 000000018002f8e0 f i priorityqueue_api.obj
 0001:0002e8f0       ??$?0U?$pair@$$CBHV?$vector@NV?$allocator@N@std@@@std@@@std@@@?$allocator@U?$_List_node@U?$pair@$$CBHV?$vector@NV?$allocator@N@std@@@std@@@std@@PEAX@std@@@std@@QEAA@AEBV?$allocator@U?$pair@$$CBHV?$vector@NV?$allocator@N@std@@@std@@@std@@@1@@Z 000000018002f8f0 f i priorityqueue_api.obj
 0001:0002e900       ??$?0U?$pair@$$CBHV?$vector@NV?$allocator@N@std@@@std@@@std@@@?$allocator@V?$_List_unchecked_iterator@V?$_List_val@U?$_List_simple_types@U?$pair@$$CBHV?$vector@NV?$allocator@N@std@@@std@@@std@@@std@@@std@@@std@@@std@@QEAA@AEBV?$allocator@U?$pair@$$CBHV?$vector@NV?$allocator@N@std@@@std@@@std@@@1@@Z 000000018002f900 f i priorityqueue_api.obj
 0001:0002e910       ??$?0U_Exact_args_t@std@@$0A@@?$tuple@$$V@std@@QEAA@U_Exact_args_t@1@@Z 000000018002f910 f i priorityqueue_api.obj
 0001:0002e920       ??$?0U_Exact_args_t@std@@AEBH$$V$0A@@?$tuple@AEBH@std@@QEAA@U_Exact_args_t@1@AEBH@Z 000000018002f920 f i priorityqueue_api.obj
 0001:0002e970       ??$?0U_Zero_then_variadic_args_t@std@@M@?$_Compressed_pair@U?$hash@H@std@@V?$_Compressed_pair@U?$equal_to@H@std@@M$00@2@$00@std@@QEAA@U_Zero_then_variadic_args_t@1@$$QEAU21@$$QEAM@Z 000000018002f970 f i priorityqueue_api.obj
 0001:0002e9c0       ??$?0V?$allocator@N@std@@$$V@?$_Compressed_pair@V?$allocator@N@std@@V?$_Vector_val@U?$_Simple_types@N@std@@@2@$00@std@@QEAA@U_One_then_variadic_args_t@1@$$QEAV?$allocator@N@1@@Z 000000018002f9c0 f i priorityqueue_api.obj
 0001:0002ea00       ??$?0V?$allocator@N@std@@PEANPEANPEAN@?$_Compressed_pair@V?$allocator@N@std@@V?$_Vector_val@U?$_Simple_types@N@std@@@2@$00@std@@QEAA@U_One_then_variadic_args_t@1@$$QEAV?$allocator@N@1@$$QEAPEAN22@Z 000000018002fa00 f i priorityqueue_api.obj
 0001:0002ea70       ??$?0V?$allocator@V?$vector@NV?$allocator@N@std@@@std@@@std@@PEAV?$vector@NV?$allocator@N@std@@@1@PEAV21@PEAV21@@?$_Compressed_pair@V?$allocator@V?$vector@NV?$allocator@N@std@@@std@@@std@@V?$_Vector_val@U?$_Simple_types@V?$vector@NV?$allocator@N@std@@@std@@@std@@@2@$00@std@@QEAA@U_One_then_variadic_args_t@1@$$QEAV?$allocator@V?$vector@NV?$allocator@N@std@@@std@@@1@$$QEAPEAV?$vector@NV?$allocator@N@std@@@1@22@Z 000000018002fa70 f i priorityqueue_api.obj
 0001:0002eae0       ??$?0V?$tuple@AEBH@std@@V?$tuple@$$V@1@$0A@$$Z$S@?$pair@$$CBHH@std@@QEAA@AEAV?$tuple@AEBH@1@AEAV?$tuple@$$V@1@U?$integer_sequence@_K$0A@@1@U?$integer_sequence@_K$S@1@@Z 000000018002fae0 f i priorityqueue_api.obj
 0001:0002eb30       ??$?0V?$tuple@AEBH@std@@V?$tuple@$$V@1@$0A@$$Z$S@?$pair@$$CBHV?$vector@NV?$allocator@N@std@@@std@@@std@@QEAA@AEAV?$tuple@AEBH@1@AEAV?$tuple@$$V@1@U?$integer_sequence@_K$0A@@1@U?$integer_sequence@_K$S@1@@Z 000000018002fb30 f i priorityqueue_api.obj
 0001:0002eb80       ??$?4U?$pair@HV?$vector@NV?$allocator@N@std@@@std@@@std@@$0A@@?$pair@HV?$vector@NV?$allocator@N@std@@@std@@@std@@QEAAAEAU01@$$QEAU01@@Z 000000018002fb80 f i priorityqueue_api.obj
 0001:0002ebd0       ??$?RH@?$_Uhash_compare@HU?$hash@H@std@@U?$equal_to@H@2@@std@@QEBA_KAEBH@Z 000000018002fbd0 f i priorityqueue_api.obj
 0001:0002ec00       ??$?RHH@?$_Uhash_compare@HU?$hash@H@std@@U?$equal_to@H@2@@std@@QEBA_NAEBH0@Z 000000018002fc00 f i priorityqueue_api.obj
 0001:0002ec60       ??$_Adl_verify_range@PEAV?$_List_unchecked_iterator@V?$_List_val@U?$_List_simple_types@U?$pair@$$CBHH@std@@@std@@@std@@@std@@PEAV12@@std@@YAXAEBQEAV?$_List_unchecked_iterator@V?$_List_val@U?$_List_simple_types@U?$pair@$$CBHH@std@@@std@@@std@@@0@0@Z 000000018002fc60 f i priorityqueue_api.obj
 0001:0002ec70       ??$_Adl_verify_range@PEAV?$_List_unchecked_iterator@V?$_List_val@U?$_List_simple_types@U?$pair@$$CBHV?$vector@NV?$allocator@N@std@@@std@@@std@@@std@@@std@@@std@@PEAV12@@std@@YAXAEBQEAV?$_List_unchecked_iterator@V?$_List_val@U?$_List_simple_types@U?$pair@$$CBHV?$vector@NV?$allocator@N@std@@@std@@@std@@@std@@@std@@@0@0@Z 000000018002fc70 f i priorityqueue_api.obj
 0001:0002ec80       ??$_Adl_verify_range@PEBNPEBN@std@@YAXAEBQEBN0@Z 000000018002fc80 f i priorityqueue_api.obj
 0001:0002ec90       ??$_Adl_verify_range@V?$_Vector_iterator@V?$_Vector_val@U?$_Simple_types@U?$pair@HV?$vector@NV?$allocator@N@std@@@std@@@std@@@std@@@std@@@std@@V12@@std@@YAXAEBV?$_Vector_iterator@V?$_Vector_val@U?$_Simple_types@U?$pair@HV?$vector@NV?$allocator@N@std@@@std@@@std@@@std@@@std@@@0@0@Z 000000018002fc90 f i priorityqueue_api.obj
 0001:0002eca0       ??$_Allocate@$0BA@U_Default_allocate_traits@std@@$0A@@std@@YAPEAX_K@Z 000000018002fca0 f i priorityqueue_api.obj
 0001:0002ece0       ??$_Allocate_at_least_helper@V?$allocator@N@std@@@std@@YAPEANAEAV?$allocator@N@0@AEA_K@Z 000000018002fce0 f i priorityqueue_api.obj
 0001:0002ed10       ??$_Allocate_at_least_helper@V?$allocator@U?$pair@HV?$vector@NV?$allocator@N@std@@@std@@@std@@@std@@@std@@YAPEAU?$pair@HV?$vector@NV?$allocator@N@std@@@std@@@0@AEAV?$allocator@U?$pair@HV?$vector@NV?$allocator@N@std@@@std@@@std@@@0@AEA_K@Z 000000018002fd10 f i priorityqueue_api.obj
 0001:0002ed40       ??$_Allocate_at_least_helper@V?$allocator@V?$vector@NV?$allocator@N@std@@@std@@@std@@@std@@YAPEAV?$vector@NV?$allocator@N@std@@@0@AEAV?$allocator@V?$vector@NV?$allocator@N@std@@@std@@@0@AEA_K@Z 000000018002fd40 f i priorityqueue_api.obj
 0001:0002ed70       ??$_Allocate_manually_vector_aligned@U_Default_allocate_traits@std@@@std@@YAPEAX_K@Z 000000018002fd70 f i priorityqueue_api.obj
 0001:0002ee00       ??$_Construct_in_place@PEAU?$_List_node@U?$pair@$$CBHH@std@@PEAX@std@@AEAPEAU12@@std@@YAXAEAPEAU?$_List_node@U?$pair@$$CBHH@std@@PEAX@0@0@Z 000000018002fe00 f i priorityqueue_api.obj
 0001:0002ee50       ??$_Construct_in_place@PEAU?$_List_node@U?$pair@$$CBHH@std@@PEAX@std@@AEBQEAU12@@std@@YAXAEAPEAU?$_List_node@U?$pair@$$CBHH@std@@PEAX@0@AEBQEAU10@@Z 000000018002fe50 f i priorityqueue_api.obj
 0001:0002eea0       ??$_Construct_in_place@PEAU?$_List_node@U?$pair@$$CBHV?$vector@NV?$allocator@N@std@@@std@@@std@@PEAX@std@@AEAPEAU12@@std@@YAXAEAPEAU?$_List_node@U?$pair@$$CBHV?$vector@NV?$allocator@N@std@@@std@@@std@@PEAX@0@0@Z 000000018002fea0 f i priorityqueue_api.obj
 0001:0002eef0       ??$_Construct_in_place@PEAU?$_List_node@U?$pair@$$CBHV?$vector@NV?$allocator@N@std@@@std@@@std@@PEAX@std@@AEBQEAU12@@std@@YAXAEAPEAU?$_List_node@U?$pair@$$CBHV?$vector@NV?$allocator@N@std@@@std@@@std@@PEAX@0@AEBQEAU10@@Z 000000018002fef0 f i priorityqueue_api.obj
 0001:0002ef40       ??$_Construct_in_place@U?$pair@HV?$vector@NV?$allocator@N@std@@@std@@@std@@AEAHV?$vector@NV?$allocator@N@std@@@2@@std@@YAXAEAU?$pair@HV?$vector@NV?$allocator@N@std@@@std@@@0@AEAH$$QEAV?$vector@NV?$allocator@N@std@@@0@@Z 000000018002ff40 f i priorityqueue_api.obj
 0001:0002efb0       ??$_Construct_in_place@V?$_List_unchecked_iterator@V?$_List_val@U?$_List_simple_types@U?$pair@$$CBHH@std@@@std@@@std@@@std@@AEBV12@@std@@YAXAEAV?$_List_unchecked_iterator@V?$_List_val@U?$_List_simple_types@U?$pair@$$CBHH@std@@@std@@@std@@@0@AEBV10@@Z 000000018002ffb0 f i priorityqueue_api.obj
 0001:0002f000       ??$_Construct_in_place@V?$_List_unchecked_iterator@V?$_List_val@U?$_List_simple_types@U?$pair@$$CBHV?$vector@NV?$allocator@N@std@@@std@@@std@@@std@@@std@@@std@@AEBV12@@std@@YAXAEAV?$_List_unchecked_iterator@V?$_List_val@U?$_List_simple_types@U?$pair@$$CBHV?$vector@NV?$allocator@N@std@@@std@@@std@@@std@@@std@@@0@AEBV10@@Z 0000000180030000 f i priorityqueue_api.obj
 0001:0002f050       ??$_Construct_n@AEBN@?$vector@NV?$allocator@N@std@@@std@@AEAAX_KAEBN@Z 0000000180030050 f i priorityqueue_api.obj
 0001:0002f110       ??$_Construct_n@AEBQEANAEBQEAN@?$vector@NV?$allocator@N@std@@@std@@AEAAX_KAEBQEAN1@Z 0000000180030110 f i priorityqueue_api.obj
 0001:0002f1f0       ??$_Construct_n@PEBNPEBN@?$vector@NV?$allocator@N@std@@@std@@AEAAX_K$$QEAPEBN1@Z 00000001800301f0 f i priorityqueue_api.obj
 0001:0002f2d0       ??$_Convert_size@_K_K@std@@YA_K_K@Z 00000001800302d0 f i priorityqueue_api.obj
 0001:0002f2e0       ??$_Copy_memmove@PEANPEAN@std@@YAPEANPEAN00@Z 00000001800302e0 f i priorityqueue_api.obj
 0001:0002f380       ??$_Copy_memmove@PEBNPEAN@std@@YAPEANPEBN0PEAN@Z 0000000180030380 f i priorityqueue_api.obj
 0001:0002f420       ??$_Deallocate@$0BA@$0A@@std@@YAXPEAX_K@Z 0000000180030420 f i priorityqueue_api.obj
 0001:0002f460       ??$_Destroy_in_place@PEAU?$_List_node@U?$pair@$$CBHH@std@@PEAX@std@@@std@@YAXAEAPEAU?$_List_node@U?$pair@$$CBHH@std@@PEAX@0@@Z 0000000180030460 f i priorityqueue_api.obj
 0001:0002f470       ??$_Destroy_in_place@PEAU?$_List_node@U?$pair@$$CBHV?$vector@NV?$allocator@N@std@@@std@@@std@@PEAX@std@@@std@@YAXAEAPEAU?$_List_node@U?$pair@$$CBHV?$vector@NV?$allocator@N@std@@@std@@@std@@PEAX@0@@Z 0000000180030470 f i priorityqueue_api.obj
 0001:0002f480       ??$_Destroy_range@PEAV?$_List_unchecked_iterator@V?$_List_val@U?$_List_simple_types@U?$pair@$$CBHH@std@@@std@@@std@@@std@@PEAV12@@std@@YAXPEAV?$_List_unchecked_iterator@V?$_List_val@U?$_List_simple_types@U?$pair@$$CBHH@std@@@std@@@std@@@0@QEAV10@@Z 0000000180030480 f i priorityqueue_api.obj
 0001:0002f490       ??$_Destroy_range@PEAV?$_List_unchecked_iterator@V?$_List_val@U?$_List_simple_types@U?$pair@$$CBHV?$vector@NV?$allocator@N@std@@@std@@@std@@@std@@@std@@@std@@PEAV12@@std@@YAXPEAV?$_List_unchecked_iterator@V?$_List_val@U?$_List_simple_types@U?$pair@$$CBHV?$vector@NV?$allocator@N@std@@@std@@@std@@@std@@@std@@@0@QEAV10@@Z 0000000180030490 f i priorityqueue_api.obj
 0001:0002f4a0       ??$_Destroy_range@V?$allocator@N@std@@@std@@YAXPEANQEANAEAV?$allocator@N@0@@Z 00000001800304a0 f i priorityqueue_api.obj
 0001:0002f4b0       ??$_Destroy_range@V?$allocator@U?$pair@HV?$vector@NV?$allocator@N@std@@@std@@@std@@@std@@@std@@YAXPEAU?$pair@HV?$vector@NV?$allocator@N@std@@@std@@@0@QEAU10@AEAV?$allocator@U?$pair@HV?$vector@NV?$allocator@N@std@@@std@@@std@@@0@@Z 00000001800304b0 f i priorityqueue_api.obj
 0001:0002f500       ??$_Destroy_range@V?$allocator@V?$vector@NV?$allocator@N@std@@@std@@@std@@@std@@YAXPEAV?$vector@NV?$allocator@N@std@@@0@QEAV10@AEAV?$allocator@V?$vector@NV?$allocator@N@std@@@std@@@0@@Z 0000000180030500 f i priorityqueue_api.obj
 0001:0002f550       ??$_Emplace_back@AEAN@?$_Uninitialized_backout_al@V?$allocator@N@std@@@std@@QEAAXAEAN@Z 0000000180030550 f i priorityqueue_api.obj
 0001:0002f5b0       ??$_Emplace_back@AEBN@?$_Uninitialized_backout_al@V?$allocator@N@std@@@std@@QEAAXAEBN@Z 00000001800305b0 f i priorityqueue_api.obj
 0001:0002f610       ??$_Emplace_back@AEBV?$_List_unchecked_iterator@V?$_List_val@U?$_List_simple_types@U?$pair@$$CBHH@std@@@std@@@std@@@std@@@?$_Uninitialized_backout@PEAV?$_List_unchecked_iterator@V?$_List_val@U?$_List_simple_types@U?$pair@$$CBHH@std@@@std@@@std@@@std@@@std@@QEAAXAEBV?$_List_unchecked_iterator@V?$_List_val@U?$_List_simple_types@U?$pair@$$CBHH@std@@@std@@@std@@@1@@Z 0000000180030610 f i priorityqueue_api.obj
 0001:0002f660       ??$_Emplace_back@AEBV?$_List_unchecked_iterator@V?$_List_val@U?$_List_simple_types@U?$pair@$$CBHV?$vector@NV?$allocator@N@std@@@std@@@std@@@std@@@std@@@std@@@?$_Uninitialized_backout@PEAV?$_List_unchecked_iterator@V?$_List_val@U?$_List_simple_types@U?$pair@$$CBHV?$vector@NV?$allocator@N@std@@@std@@@std@@@std@@@std@@@std@@@std@@QEAAXAEBV?$_List_unchecked_iterator@V?$_List_val@U?$_List_simple_types@U?$pair@$$CBHV?$vector@NV?$allocator@N@std@@@std@@@std@@@std@@@std@@@1@@Z 0000000180030660 f i priorityqueue_api.obj
 0001:0002f6b0       ??$_Emplace_back@U?$pair@HV?$vector@NV?$allocator@N@std@@@std@@@std@@@?$_Uninitialized_backout_al@V?$allocator@U?$pair@HV?$vector@NV?$allocator@N@std@@@std@@@std@@@std@@@std@@QEAAX$$QEAU?$pair@HV?$vector@NV?$allocator@N@std@@@std@@@1@@Z 00000001800306b0 f i priorityqueue_api.obj
 0001:0002f710       ??$_Emplace_back@V?$vector@NV?$allocator@N@std@@@std@@@?$_Uninitialized_backout_al@V?$allocator@V?$vector@NV?$allocator@N@std@@@std@@@std@@@std@@QEAAX$$QEAV?$vector@NV?$allocator@N@std@@@1@@Z 0000000180030710 f i priorityqueue_api.obj
 0001:0002f770       ??$_Emplace_back_with_unused_capacity@AEAHV?$vector@NV?$allocator@N@std@@@std@@@?$vector@U?$pair@HV?$vector@NV?$allocator@N@std@@@std@@@std@@V?$allocator@U?$pair@HV?$vector@NV?$allocator@N@std@@@std@@@std@@@2@@std@@AEAAAEAU?$pair@HV?$vector@NV?$allocator@N@std@@@std@@@1@AEAH$$QEAV?$vector@NV?$allocator@N@std@@@1@@Z 0000000180030770 f i priorityqueue_api.obj
 0001:0002f820       ??$_Emplace_back_with_unused_capacity@AEBHN@?$vector@V?$vector@NV?$allocator@N@std@@@std@@V?$allocator@V?$vector@NV?$allocator@N@std@@@std@@@2@@std@@AEAAAEAV?$vector@NV?$allocator@N@std@@@1@AEBH$$QEAN@Z 0000000180030820 f i priorityqueue_api.obj
 0001:0002f8f0       ??$_Emplace_back_with_unused_capacity@AEBV?$vector@NV?$allocator@N@std@@@std@@@?$vector@V?$vector@NV?$allocator@N@std@@@std@@V?$allocator@V?$vector@NV?$allocator@N@std@@@std@@@2@@std@@AEAAAEAV?$vector@NV?$allocator@N@std@@@1@AEBV21@@Z 00000001800308f0 f i priorityqueue_api.obj
 0001:0002f9a0       ??$_Emplace_one_at_back@AEAHV?$vector@NV?$allocator@N@std@@@std@@@?$vector@U?$pair@HV?$vector@NV?$allocator@N@std@@@std@@@std@@V?$allocator@U?$pair@HV?$vector@NV?$allocator@N@std@@@std@@@std@@@2@@std@@AEAAAEAU?$pair@HV?$vector@NV?$allocator@N@std@@@std@@@1@AEAH$$QEAV?$vector@NV?$allocator@N@std@@@1@@Z 00000001800309a0 f i priorityqueue_api.obj
 0001:0002fa50       ??$_Emplace_one_at_back@AEBHN@?$vector@V?$vector@NV?$allocator@N@std@@@std@@V?$allocator@V?$vector@NV?$allocator@N@std@@@std@@@2@@std@@AEAAAEAV?$vector@NV?$allocator@N@std@@@1@AEBH$$QEAN@Z 0000000180030a50 f i priorityqueue_api.obj
 0001:0002fb00       ??$_Emplace_one_at_back@AEBV?$vector@NV?$allocator@N@std@@@std@@@?$vector@V?$vector@NV?$allocator@N@std@@@std@@V?$allocator@V?$vector@NV?$allocator@N@std@@@std@@@2@@std@@AEAAAEAV?$vector@NV?$allocator@N@std@@@1@AEBV21@@Z 0000000180030b00 f i priorityqueue_api.obj
 0001:0002fb80       ??$_Emplace_reallocate@AEAHV?$vector@NV?$allocator@N@std@@@std@@@?$vector@U?$pair@HV?$vector@NV?$allocator@N@std@@@std@@@std@@V?$allocator@U?$pair@HV?$vector@NV?$allocator@N@std@@@std@@@std@@@2@@std@@AEAAPEAU?$pair@HV?$vector@NV?$allocator@N@std@@@std@@@1@QEAU21@AEAH$$QEAV?$vector@NV?$allocator@N@std@@@1@@Z 0000000180030b80 f i priorityqueue_api.obj
 0001:0002fdc0       ??$_Emplace_reallocate@AEBHN@?$vector@V?$vector@NV?$allocator@N@std@@@std@@V?$allocator@V?$vector@NV?$allocator@N@std@@@std@@@2@@std@@AEAAPEAV?$vector@NV?$allocator@N@std@@@1@QEAV21@AEBH$$QEAN@Z 0000000180030dc0 f i priorityqueue_api.obj
 0001:00030000       ??$_Emplace_reallocate@AEBV?$vector@NV?$allocator@N@std@@@std@@@?$vector@V?$vector@NV?$allocator@N@std@@@std@@V?$allocator@V?$vector@NV?$allocator@N@std@@@std@@@2@@std@@AEAAPEAV?$vector@NV?$allocator@N@std@@@1@QEAV21@AEBV21@@Z 0000000180031000 f i priorityqueue_api.obj
 0001:00030220       ??$_Fill_zero_memset@PEAN@std@@YAXPEAN_K@Z 0000000180031220 f i priorityqueue_api.obj
 0001:00030260       ??$_Find@H@?$_Hash@V?$_Umap_traits@HHV?$_Uhash_compare@HU?$hash@H@std@@U?$equal_to@H@2@@std@@V?$allocator@U?$pair@$$CBHH@std@@@2@$0A@@std@@@std@@AEBAPEAU?$_List_node@U?$pair@$$CBHH@std@@PEAX@1@AEBH_K@Z 0000000180031260 f i priorityqueue_api.obj
 0001:000302c0       ??$_Find@H@?$_Hash@V?$_Umap_traits@HV?$vector@NV?$allocator@N@std@@@std@@V?$_Uhash_compare@HU?$hash@H@std@@U?$equal_to@H@2@@2@V?$allocator@U?$pair@$$CBHV?$vector@NV?$allocator@N@std@@@std@@@std@@@2@$0A@@std@@@std@@AEBAPEAU?$_List_node@U?$pair@$$CBHV?$vector@NV?$allocator@N@std@@@std@@@std@@PEAX@1@AEBH_K@Z 00000001800312c0 f i priorityqueue_api.obj
 0001:00030320       ??$_Find_last@H@?$_Hash@V?$_Umap_traits@HHV?$_Uhash_compare@HU?$hash@H@std@@U?$equal_to@H@2@@std@@V?$allocator@U?$pair@$$CBHH@std@@@2@$0A@@std@@@std@@IEBA?AU?$_Hash_find_last_result@PEAU?$_List_node@U?$pair@$$CBHH@std@@PEAX@std@@@1@AEBH_K@Z 0000000180031320 f i priorityqueue_api.obj
 0001:00030460       ??$_Find_last@H@?$_Hash@V?$_Umap_traits@HV?$vector@NV?$allocator@N@std@@@std@@V?$_Uhash_compare@HU?$hash@H@std@@U?$equal_to@H@2@@2@V?$allocator@U?$pair@$$CBHV?$vector@NV?$allocator@N@std@@@std@@@std@@@2@$0A@@std@@@std@@IEBA?AU?$_Hash_find_last_result@PEAU?$_List_node@U?$pair@$$CBHV?$vector@NV?$allocator@N@std@@@std@@@std@@PEAX@std@@@1@AEBH_K@Z 0000000180031460 f i priorityqueue_api.obj
 0001:000305a0       ??$_Fnv1a_append_value@H@std@@YA_K_KAEBH@Z 00000001800315a0 f i priorityqueue_api.obj
 0001:000305d0       ??$_Free_non_head@V?$allocator@U?$_List_node@U?$pair@$$CBHH@std@@PEAX@std@@@std@@@?$_List_node@U?$pair@$$CBHH@std@@PEAX@std@@SAXAEAV?$allocator@U?$_List_node@U?$pair@$$CBHH@std@@PEAX@std@@@1@PEAU01@@Z 00000001800315d0 f i priorityqueue_api.obj
 0001:00030640       ??$_Free_non_head@V?$allocator@U?$_List_node@U?$pair@$$CBHV?$vector@NV?$allocator@N@std@@@std@@@std@@PEAX@std@@@std@@@?$_List_node@U?$pair@$$CBHV?$vector@NV?$allocator@N@std@@@std@@@std@@PEAX@std@@SAXAEAV?$allocator@U?$_List_node@U?$pair@$$CBHV?$vector@NV?$allocator@N@std@@@std@@@std@@PEAX@std@@@1@PEAU01@@Z 0000000180031640 f i priorityqueue_api.obj
 0001:000306b0       ??$_Freenode0@V?$allocator@U?$_List_node@U?$pair@$$CBHH@std@@PEAX@std@@@std@@@?$_List_node@U?$pair@$$CBHH@std@@PEAX@std@@SAXAEAV?$allocator@U?$_List_node@U?$pair@$$CBHH@std@@PEAX@std@@@1@PEAU01@@Z 00000001800316b0 f i priorityqueue_api.obj
 0001:00030700       ??$_Freenode0@V?$allocator@U?$_List_node@U?$pair@$$CBHV?$vector@NV?$allocator@N@std@@@std@@@std@@PEAX@std@@@std@@@?$_List_node@U?$pair@$$CBHV?$vector@NV?$allocator@N@std@@@std@@@std@@PEAX@std@@SAXAEAV?$allocator@U?$_List_node@U?$pair@$$CBHV?$vector@NV?$allocator@N@std@@@std@@@std@@PEAX@std@@@1@PEAU01@@Z 0000000180031700 f i priorityqueue_api.obj
 0001:00030750       ??$_Freenode@V?$allocator@U?$_List_node@U?$pair@$$CBHH@std@@PEAX@std@@@std@@@?$_List_node@U?$pair@$$CBHH@std@@PEAX@std@@SAXAEAV?$allocator@U?$_List_node@U?$pair@$$CBHH@std@@PEAX@std@@@1@PEAU01@@Z 0000000180031750 f i priorityqueue_api.obj
 0001:000307a0       ??$_Freenode@V?$allocator@U?$_List_node@U?$pair@$$CBHV?$vector@NV?$allocator@N@std@@@std@@@std@@PEAX@std@@@std@@@?$_List_node@U?$pair@$$CBHV?$vector@NV?$allocator@N@std@@@std@@@std@@PEAX@std@@SAXAEAV?$allocator@U?$_List_node@U?$pair@$$CBHV?$vector@NV?$allocator@N@std@@@std@@@std@@PEAX@std@@@1@PEAU01@@Z 00000001800317a0 f i priorityqueue_api.obj
 0001:000307f0       ??$_Get_size_of_n@$07@std@@YA_K_K@Z 00000001800317f0 f i priorityqueue_api.obj
 0001:00030840       ??$_Get_size_of_n@$0BI@@std@@YA_K_K@Z 0000000180031840 f i priorityqueue_api.obj
 0001:00030880       ??$_Get_size_of_n@$0CA@@std@@YA_K_K@Z 0000000180031880 f i priorityqueue_api.obj
 0001:000308c0       ??$_Get_size_of_n@$0DA@@std@@YA_K_K@Z 00000001800318c0 f i priorityqueue_api.obj
 0001:00030900       ??$_Get_unwrapped@AEAPEBN@std@@YA?A_TAEAPEBN@Z 0000000180031900 f i priorityqueue_api.obj
 0001:00030910       ??$_Get_unwrapped@AEAV?$_Vector_iterator@V?$_Vector_val@U?$_Simple_types@U?$pair@HV?$vector@NV?$allocator@N@std@@@std@@@std@@@std@@@std@@@std@@@std@@YA?A_TAEAV?$_Vector_iterator@V?$_Vector_val@U?$_Simple_types@U?$pair@HV?$vector@NV?$allocator@N@std@@@std@@@std@@@std@@@std@@@0@@Z 0000000180031910 f i priorityqueue_api.obj
 0001:00030930       ??$_Get_unwrapped@AEBQEAU?$pair@HV?$vector@NV?$allocator@N@std@@@std@@@std@@@std@@YA?A_TAEBQEAU?$pair@HV?$vector@NV?$allocator@N@std@@@std@@@0@@Z 0000000180031930 f i priorityqueue_api.obj
 0001:00030940       ??$_Get_unwrapped@AEBQEAV?$_List_unchecked_iterator@V?$_List_val@U?$_List_simple_types@U?$pair@$$CBHH@std@@@std@@@std@@@std@@@std@@YA?A_TAEBQEAV?$_List_unchecked_iterator@V?$_List_val@U?$_List_simple_types@U?$pair@$$CBHH@std@@@std@@@std@@@0@@Z 0000000180031940 f i priorityqueue_api.obj
 0001:00030950       ??$_Get_unwrapped@AEBQEAV?$_List_unchecked_iterator@V?$_List_val@U?$_List_simple_types@U?$pair@$$CBHV?$vector@NV?$allocator@N@std@@@std@@@std@@@std@@@std@@@std@@@std@@YA?A_TAEBQEAV?$_List_unchecked_iterator@V?$_List_val@U?$_List_simple_types@U?$pair@$$CBHV?$vector@NV?$allocator@N@std@@@std@@@std@@@std@@@std@@@0@@Z 0000000180031950 f i priorityqueue_api.obj
 0001:00030960       ??$_Get_unwrapped@AEBQEAV?$vector@NV?$allocator@N@std@@@std@@@std@@YA?A_TAEBQEAV?$vector@NV?$allocator@N@std@@@0@@Z 0000000180031960 f i priorityqueue_api.obj
 0001:00030970       ??$_Get_unwrapped@PEAN@std@@YA?A_T$$QEAPEAN@Z 0000000180031970 f i priorityqueue_api.obj
 0001:00030980       ??$_Get_unwrapped@PEBN@std@@YA?A_T$$QEAPEBN@Z 0000000180031980 f i priorityqueue_api.obj
 0001:00030990       ??$_Hash_representation@H@std@@YA_KAEBH@Z 0000000180031990 f i priorityqueue_api.obj
 0001:000309c0       ??$_Is_all_bits_zero@N@std@@YA_NAEBN@Z 00000001800319c0 f i priorityqueue_api.obj
 0001:00030a10       ??$_Kfn@$$CBHH@?$_Umap_traits@HHV?$_Uhash_compare@HU?$hash@H@std@@U?$equal_to@H@2@@std@@V?$allocator@U?$pair@$$CBHH@std@@@2@$0A@@std@@SAAEBHAEBU?$pair@$$CBHH@1@@Z 0000000180031a10 f i priorityqueue_api.obj
 0001:00030a20       ??$_Kfn@$$CBHV?$vector@NV?$allocator@N@std@@@std@@@?$_Umap_traits@HV?$vector@NV?$allocator@N@std@@@std@@V?$_Uhash_compare@HU?$hash@H@std@@U?$equal_to@H@2@@2@V?$allocator@U?$pair@$$CBHV?$vector@NV?$allocator@N@std@@@std@@@std@@@2@$0A@@std@@SAAEBHAEBU?$pair@$$CBHV?$vector@NV?$allocator@N@std@@@std@@@1@@Z 0000000180031a20 f i priorityqueue_api.obj
 0001:00030a30       ??$_Pass_fn@Ucomparator@PriorityQueueImpl@nav@@@std@@YA?A_PAEAUcomparator@PriorityQueueImpl@nav@@@Z 0000000180031a30 f i priorityqueue_api.obj
 0001:00030a60       ??$_Pocma@V?$allocator@N@std@@@std@@YAXAEAV?$allocator@N@0@0@Z 0000000180031a60 f i priorityqueue_api.obj
 0001:00030a80       ??$_Pocma@V?$allocator@U?$_List_node@U?$pair@$$CBHH@std@@PEAX@std@@@std@@@std@@YAXAEAV?$allocator@U?$_List_node@U?$pair@$$CBHH@std@@PEAX@std@@@0@0@Z 0000000180031a80 f i priorityqueue_api.obj
 0001:00030aa0       ??$_Pocma@V?$allocator@U?$_List_node@U?$pair@$$CBHV?$vector@NV?$allocator@N@std@@@std@@@std@@PEAX@std@@@std@@@std@@YAXAEAV?$allocator@U?$_List_node@U?$pair@$$CBHV?$vector@NV?$allocator@N@std@@@std@@@std@@PEAX@std@@@0@0@Z 0000000180031aa0 f i priorityqueue_api.obj
 0001:00030ac0       ??$_Pocma@V?$allocator@U?$pair@HV?$vector@NV?$allocator@N@std@@@std@@@std@@@std@@@std@@YAXAEAV?$allocator@U?$pair@HV?$vector@NV?$allocator@N@std@@@std@@@std@@@0@0@Z 0000000180031ac0 f i priorityqueue_api.obj
 0001:00030ae0       ??$_Pocma@V?$allocator@V?$_List_unchecked_iterator@V?$_List_val@U?$_List_simple_types@U?$pair@$$CBHH@std@@@std@@@std@@@std@@@std@@@std@@YAXAEAV?$allocator@V?$_List_unchecked_iterator@V?$_List_val@U?$_List_simple_types@U?$pair@$$CBHH@std@@@std@@@std@@@std@@@0@0@Z 0000000180031ae0 f i priorityqueue_api.obj
 0001:00030b00       ??$_Pocma@V?$allocator@V?$_List_unchecked_iterator@V?$_List_val@U?$_List_simple_types@U?$pair@$$CBHV?$vector@NV?$allocator@N@std@@@std@@@std@@@std@@@std@@@std@@@std@@@std@@YAXAEAV?$allocator@V?$_List_unchecked_iterator@V?$_List_val@U?$_List_simple_types@U?$pair@$$CBHV?$vector@NV?$allocator@N@std@@@std@@@std@@@std@@@std@@@std@@@0@0@Z 0000000180031b00 f i priorityqueue_api.obj
 0001:00030b20       ??$_Pop_heap_hole_by_index@PEAU?$pair@HV?$vector@NV?$allocator@N@std@@@std@@@std@@U12@Ucomparator@PriorityQueueImpl@nav@@@std@@YAXPEAU?$pair@HV?$vector@NV?$allocator@N@std@@@std@@@0@_J1$$QEAU10@Ucomparator@PriorityQueueImpl@nav@@@Z 0000000180031b20 f i priorityqueue_api.obj
 0001:00030cb0       ??$_Pop_heap_hole_unchecked@PEAU?$pair@HV?$vector@NV?$allocator@N@std@@@std@@@std@@U12@Ucomparator@PriorityQueueImpl@nav@@@std@@YAXPEAU?$pair@HV?$vector@NV?$allocator@N@std@@@std@@@0@00$$QEAU10@Ucomparator@PriorityQueueImpl@nav@@@Z 0000000180031cb0 f i priorityqueue_api.obj
 0001:00030d20       ??$_Pop_heap_unchecked@PEAU?$pair@HV?$vector@NV?$allocator@N@std@@@std@@@std@@Ucomparator@PriorityQueueImpl@nav@@@std@@YAXPEAU?$pair@HV?$vector@NV?$allocator@N@std@@@std@@@0@0Ucomparator@PriorityQueueImpl@nav@@@Z 0000000180031d20 f i priorityqueue_api.obj
 0001:00030db0       ??$_Push_heap_by_index@PEAU?$pair@HV?$vector@NV?$allocator@N@std@@@std@@@std@@U12@Ucomparator@PriorityQueueImpl@nav@@@std@@YAXPEAU?$pair@HV?$vector@NV?$allocator@N@std@@@std@@@0@_J1$$QEAU10@Ucomparator@PriorityQueueImpl@nav@@@Z 0000000180031db0 f i priorityqueue_api.obj
 0001:00030e90       ??$_To_address@PEAN@std@@YA?A_PAEBQEAN@Z 0000000180031e90 f i priorityqueue_api.obj
 0001:00030ea0       ??$_To_address@PEBN@std@@YA?A_PAEBQEBN@Z 0000000180031ea0 f i priorityqueue_api.obj
 0001:00030eb0       ??$_Try_emplace@AEBH$$V@?$_Hash@V?$_Umap_traits@HHV?$_Uhash_compare@HU?$hash@H@std@@U?$equal_to@H@2@@std@@V?$allocator@U?$pair@$$CBHH@std@@@2@$0A@@std@@@std@@IEAA?AU?$pair@PEAU?$_List_node@U?$pair@$$CBHH@std@@PEAX@std@@_N@1@AEBH@Z 0000000180031eb0 f i priorityqueue_api.obj
 0001:00031080       ??$_Try_emplace@AEBH$$V@?$_Hash@V?$_Umap_traits@HV?$vector@NV?$allocator@N@std@@@std@@V?$_Uhash_compare@HU?$hash@H@std@@U?$equal_to@H@2@@2@V?$allocator@U?$pair@$$CBHV?$vector@NV?$allocator@N@std@@@std@@@std@@@2@$0A@@std@@@std@@IEAA?AU?$pair@PEAU?$_List_node@U?$pair@$$CBHV?$vector@NV?$allocator@N@std@@@std@@@std@@PEAX@std@@_N@1@AEBH@Z 0000000180032080 f i priorityqueue_api.obj
 0001:00031250       ??$_Tuple_get@$0A@AEBH@std@@YA$$QEA_P$$QEAV?$tuple@AEBH@0@@Z 0000000180032250 f i priorityqueue_api.obj
 0001:00031260       ??$_Unfancy@N@std@@YAPEANPEAN@Z 0000000180032260 f i priorityqueue_api.obj
 0001:00031270       ??$_Unfancy@U?$pair@HV?$vector@NV?$allocator@N@std@@@std@@@std@@@std@@YAPEAU?$pair@HV?$vector@NV?$allocator@N@std@@@std@@@0@PEAU10@@Z 0000000180032270 f i priorityqueue_api.obj
 0001:00031280       ??$_Unfancy@V?$vector@NV?$allocator@N@std@@@std@@@std@@YAPEAV?$vector@NV?$allocator@N@std@@@0@PEAV10@@Z 0000000180032280 f i priorityqueue_api.obj
 0001:00031290       ??$_Uninitialized_copy@PEANPEANV?$allocator@N@std@@@std@@YAPEANPEAN00AEAV?$allocator@N@0@@Z 0000000180032290 f i priorityqueue_api.obj
 0001:000313c0       ??$_Uninitialized_copy@PEBNPEBNV?$allocator@N@std@@@std@@YAPEANPEBN0PEANAEAV?$allocator@N@0@@Z 00000001800323c0 f i priorityqueue_api.obj
 0001:000314f0       ??$_Uninitialized_fill_n@V?$allocator@N@std@@@std@@YAPEANPEAN_KAEBNAEAV?$allocator@N@0@@Z 00000001800324f0 f i priorityqueue_api.obj
 0001:000315a0       ??$_Uninitialized_move@PEAU?$pair@HV?$vector@NV?$allocator@N@std@@@std@@@std@@V?$allocator@U?$pair@HV?$vector@NV?$allocator@N@std@@@std@@@std@@@2@@std@@YAPEAU?$pair@HV?$vector@NV?$allocator@N@std@@@std@@@0@QEAU10@0PEAU10@AEAV?$allocator@U?$pair@HV?$vector@NV?$allocator@N@std@@@std@@@std@@@0@@Z 00000001800325a0 f i priorityqueue_api.obj
 0001:00031650       ??$_Uninitialized_move@PEAV?$vector@NV?$allocator@N@std@@@std@@V?$allocator@V?$vector@NV?$allocator@N@std@@@std@@@2@@std@@YAPEAV?$vector@NV?$allocator@N@std@@@0@QEAV10@0PEAV10@AEAV?$allocator@V?$vector@NV?$allocator@N@std@@@std@@@0@@Z 0000000180032650 f i priorityqueue_api.obj
 0001:00031700       ??$addressof@$$CBV?$_List_val@U?$_List_simple_types@U?$pair@$$CBHH@std@@@std@@@std@@@std@@YAPEBV?$_List_val@U?$_List_simple_types@U?$pair@$$CBHH@std@@@std@@@0@AEBV10@@Z 0000000180032700 f i priorityqueue_api.obj
 0001:00031710       ??$addressof@$$CBV?$_List_val@U?$_List_simple_types@U?$pair@$$CBHV?$vector@NV?$allocator@N@std@@@std@@@std@@@std@@@std@@@std@@YAPEBV?$_List_val@U?$_List_simple_types@U?$pair@$$CBHV?$vector@NV?$allocator@N@std@@@std@@@std@@@std@@@0@AEBV10@@Z 0000000180032710 f i priorityqueue_api.obj
 0001:00031720       ??$addressof@PEAU?$_List_node@U?$pair@$$CBHH@std@@PEAX@std@@@std@@YAPEAPEAU?$_List_node@U?$pair@$$CBHH@std@@PEAX@0@AEAPEAU10@@Z 0000000180032720 f i priorityqueue_api.obj
 0001:00031730       ??$addressof@PEAU?$_List_node@U?$pair@$$CBHV?$vector@NV?$allocator@N@std@@@std@@@std@@PEAX@std@@@std@@YAPEAPEAU?$_List_node@U?$pair@$$CBHV?$vector@NV?$allocator@N@std@@@std@@@std@@PEAX@0@AEAPEAU10@@Z 0000000180032730 f i priorityqueue_api.obj
 0001:00031740       ??$addressof@U?$pair@$$CBHH@std@@@std@@YAPEAU?$pair@$$CBHH@0@AEAU10@@Z 0000000180032740 f i priorityqueue_api.obj
 0001:00031750       ??$addressof@U?$pair@$$CBHV?$vector@NV?$allocator@N@std@@@std@@@std@@@std@@YAPEAU?$pair@$$CBHV?$vector@NV?$allocator@N@std@@@std@@@0@AEAU10@@Z 0000000180032750 f i priorityqueue_api.obj
 0001:00031760       ??$addressof@U?$pair@HV?$vector@NV?$allocator@N@std@@@std@@@std@@@std@@YAPEAU?$pair@HV?$vector@NV?$allocator@N@std@@@std@@@0@AEAU10@@Z 0000000180032760 f i priorityqueue_api.obj
 0001:00031770       ??$addressof@V?$_Hash@V?$_Umap_traits@HHV?$_Uhash_compare@HU?$hash@H@std@@U?$equal_to@H@2@@std@@V?$allocator@U?$pair@$$CBHH@std@@@2@$0A@@std@@@std@@@std@@YAPEAV?$_Hash@V?$_Umap_traits@HHV?$_Uhash_compare@HU?$hash@H@std@@U?$equal_to@H@2@@std@@V?$allocator@U?$pair@$$CBHH@std@@@2@$0A@@std@@@0@AEAV10@@Z 0000000180032770 f i priorityqueue_api.obj
 0001:00031780       ??$addressof@V?$_Hash@V?$_Umap_traits@HV?$vector@NV?$allocator@N@std@@@std@@V?$_Uhash_compare@HU?$hash@H@std@@U?$equal_to@H@2@@2@V?$allocator@U?$pair@$$CBHV?$vector@NV?$allocator@N@std@@@std@@@std@@@2@$0A@@std@@@std@@@std@@YAPEAV?$_Hash@V?$_Umap_traits@HV?$vector@NV?$allocator@N@std@@@std@@V?$_Uhash_compare@HU?$hash@H@std@@U?$equal_to@H@2@@2@V?$allocator@U?$pair@$$CBHV?$vector@NV?$allocator@N@std@@@std@@@std@@@2@$0A@@std@@@0@AEAV10@@Z 0000000180032780 f i priorityqueue_api.obj
 0001:00031790       ??$addressof@V?$_List_unchecked_iterator@V?$_List_val@U?$_List_simple_types@U?$pair@$$CBHH@std@@@std@@@std@@@std@@@std@@YAPEAV?$_List_unchecked_iterator@V?$_List_val@U?$_List_simple_types@U?$pair@$$CBHH@std@@@std@@@std@@@0@AEAV10@@Z 0000000180032790 f i priorityqueue_api.obj
 0001:000317a0       ??$addressof@V?$_List_unchecked_iterator@V?$_List_val@U?$_List_simple_types@U?$pair@$$CBHV?$vector@NV?$allocator@N@std@@@std@@@std@@@std@@@std@@@std@@@std@@YAPEAV?$_List_unchecked_iterator@V?$_List_val@U?$_List_simple_types@U?$pair@$$CBHV?$vector@NV?$allocator@N@std@@@std@@@std@@@std@@@std@@@0@AEAV10@@Z 00000001800327a0 f i priorityqueue_api.obj
 0001:000317b0       ??$addressof@V?$_List_val@U?$_List_simple_types@U?$pair@$$CBHH@std@@@std@@@std@@@std@@YAPEAV?$_List_val@U?$_List_simple_types@U?$pair@$$CBHH@std@@@std@@@0@AEAV10@@Z 00000001800327b0 f i priorityqueue_api.obj
 0001:000317c0       ??$addressof@V?$_List_val@U?$_List_simple_types@U?$pair@$$CBHV?$vector@NV?$allocator@N@std@@@std@@@std@@@std@@@std@@@std@@YAPEAV?$_List_val@U?$_List_simple_types@U?$pair@$$CBHV?$vector@NV?$allocator@N@std@@@std@@@std@@@std@@@0@AEAV10@@Z 00000001800327c0 f i priorityqueue_api.obj
 0001:000317d0       ??$addressof@V?$_Vector_val@U?$_Simple_types@U?$pair@HV?$vector@NV?$allocator@N@std@@@std@@@std@@@std@@@std@@@std@@YAPEAV?$_Vector_val@U?$_Simple_types@U?$pair@HV?$vector@NV?$allocator@N@std@@@std@@@std@@@std@@@0@AEAV10@@Z 00000001800327d0 f i priorityqueue_api.obj
 0001:000317e0       ??$addressof@V?$_Vector_val@U?$_Simple_types@V?$vector@NV?$allocator@N@std@@@std@@@std@@@std@@@std@@YAPEAV?$_Vector_val@U?$_Simple_types@V?$vector@NV?$allocator@N@std@@@std@@@std@@@0@AEAV10@@Z 00000001800327e0 f i priorityqueue_api.obj
 0001:000317f0       ??$addressof@V?$vector@NV?$allocator@N@std@@@std@@@std@@YAPEAV?$vector@NV?$allocator@N@std@@@0@AEAV10@@Z 00000001800327f0 f i priorityqueue_api.obj
 0001:00031800       ??$addressof@V?$vector@U?$pair@HV?$vector@NV?$allocator@N@std@@@std@@@std@@V?$allocator@U?$pair@HV?$vector@NV?$allocator@N@std@@@std@@@std@@@2@@std@@@std@@YAPEAV?$vector@U?$pair@HV?$vector@NV?$allocator@N@std@@@std@@@std@@V?$allocator@U?$pair@HV?$vector@NV?$allocator@N@std@@@std@@@std@@@2@@0@AEAV10@@Z 0000000180032800 f i priorityqueue_api.obj
 0001:00031810       ??$construct@NAEAN@?$_Default_allocator_traits@V?$allocator@N@std@@@std@@SAXAEAV?$allocator@N@1@QEANAEAN@Z 0000000180032810 f i priorityqueue_api.obj
 0001:00031860       ??$construct@NAEBN@?$_Default_allocator_traits@V?$allocator@N@std@@@std@@SAXAEAV?$allocator@N@1@QEANAEBN@Z 0000000180032860 f i priorityqueue_api.obj
 0001:000318b0       ??$construct@U?$pair@$$CBHH@std@@AEBUpiecewise_construct_t@2@V?$tuple@AEBH@2@V?$tuple@$$V@2@@?$_Default_allocator_traits@V?$allocator@U?$_List_node@U?$pair@$$CBHH@std@@PEAX@std@@@std@@@std@@SAXAEAV?$allocator@U?$_List_node@U?$pair@$$CBHH@std@@PEAX@std@@@1@QEAU?$pair@$$CBHH@1@AEBUpiecewise_construct_t@1@$$QEAV?$tuple@AEBH@1@$$QEAV?$tuple@$$V@1@@Z 00000001800328b0 f i priorityqueue_api.obj
 0001:00031960       ??$construct@U?$pair@$$CBHV?$vector@NV?$allocator@N@std@@@std@@@std@@AEBUpiecewise_construct_t@2@V?$tuple@AEBH@2@V?$tuple@$$V@2@@?$_Default_allocator_traits@V?$allocator@U?$_List_node@U?$pair@$$CBHV?$vector@NV?$allocator@N@std@@@std@@@std@@PEAX@std@@@std@@@std@@SAXAEAV?$allocator@U?$_List_node@U?$pair@$$CBHV?$vector@NV?$allocator@N@std@@@std@@@std@@PEAX@std@@@1@QEAU?$pair@$$CBHV?$vector@NV?$allocator@N@std@@@std@@@1@AEBUpiecewise_construct_t@1@$$QEAV?$tuple@AEBH@1@$$QEAV?$tuple@$$V@1@@Z 0000000180032960 f i priorityqueue_api.obj
 0001:00031a10       ??$construct@U?$pair@HV?$vector@NV?$allocator@N@std@@@std@@@std@@AEAHV?$vector@NV?$allocator@N@std@@@2@@?$_Default_allocator_traits@V?$allocator@U?$pair@HV?$vector@NV?$allocator@N@std@@@std@@@std@@@std@@@std@@SAXAEAV?$allocator@U?$pair@HV?$vector@NV?$allocator@N@std@@@std@@@std@@@1@QEAU?$pair@HV?$vector@NV?$allocator@N@std@@@std@@@1@AEAH$$QEAV?$vector@NV?$allocator@N@std@@@1@@Z 0000000180032a10 f i priorityqueue_api.obj
 0001:00031a70       ??$construct@U?$pair@HV?$vector@NV?$allocator@N@std@@@std@@@std@@U12@@?$_Default_allocator_traits@V?$allocator@U?$pair@HV?$vector@NV?$allocator@N@std@@@std@@@std@@@std@@@std@@SAXAEAV?$allocator@U?$pair@HV?$vector@NV?$allocator@N@std@@@std@@@std@@@1@QEAU?$pair@HV?$vector@NV?$allocator@N@std@@@std@@@1@$$QEAU31@@Z 0000000180032a70 f i priorityqueue_api.obj
 0001:00031ac0       ??$construct@V?$vector@NV?$allocator@N@std@@@std@@AEBHN@?$_Default_allocator_traits@V?$allocator@V?$vector@NV?$allocator@N@std@@@std@@@std@@@std@@SAXAEAV?$allocator@V?$vector@NV?$allocator@N@std@@@std@@@1@QEAV?$vector@NV?$allocator@N@std@@@1@AEBH$$QEAN@Z 0000000180032ac0 f i priorityqueue_api.obj
 0001:00031b40       ??$construct@V?$vector@NV?$allocator@N@std@@@std@@AEBV12@@?$_Default_allocator_traits@V?$allocator@V?$vector@NV?$allocator@N@std@@@std@@@std@@@std@@SAXAEAV?$allocator@V?$vector@NV?$allocator@N@std@@@std@@@1@QEAV?$vector@NV?$allocator@N@std@@@1@AEBV31@@Z 0000000180032b40 f i priorityqueue_api.obj
 0001:00031b90       ??$construct@V?$vector@NV?$allocator@N@std@@@std@@V12@@?$_Default_allocator_traits@V?$allocator@V?$vector@NV?$allocator@N@std@@@std@@@std@@@std@@SAXAEAV?$allocator@V?$vector@NV?$allocator@N@std@@@std@@@1@QEAV?$vector@NV?$allocator@N@std@@@1@$$QEAV31@@Z 0000000180032b90 f i priorityqueue_api.obj
 0001:00031be0       ??$destroy@U?$pair@$$CBHH@std@@@?$_Default_allocator_traits@V?$allocator@U?$_List_node@U?$pair@$$CBHH@std@@PEAX@std@@@std@@@std@@SAXAEAV?$allocator@U?$_List_node@U?$pair@$$CBHH@std@@PEAX@std@@@1@QEAU?$pair@$$CBHH@1@@Z 0000000180032be0 f i priorityqueue_api.obj
 0001:00031bf0       ??$destroy@U?$pair@$$CBHV?$vector@NV?$allocator@N@std@@@std@@@std@@@?$_Default_allocator_traits@V?$allocator@U?$_List_node@U?$pair@$$CBHV?$vector@NV?$allocator@N@std@@@std@@@std@@PEAX@std@@@std@@@std@@SAXAEAV?$allocator@U?$_List_node@U?$pair@$$CBHV?$vector@NV?$allocator@N@std@@@std@@@std@@PEAX@std@@@1@QEAU?$pair@$$CBHV?$vector@NV?$allocator@N@std@@@std@@@1@@Z 0000000180032bf0 f i priorityqueue_api.obj
 0001:00031c10       ??$destroy@U?$pair@HV?$vector@NV?$allocator@N@std@@@std@@@std@@@?$_Default_allocator_traits@V?$allocator@U?$pair@HV?$vector@NV?$allocator@N@std@@@std@@@std@@@std@@@std@@SAXAEAV?$allocator@U?$pair@HV?$vector@NV?$allocator@N@std@@@std@@@std@@@1@QEAU?$pair@HV?$vector@NV?$allocator@N@std@@@std@@@1@@Z 0000000180032c10 f i priorityqueue_api.obj
 0001:00031c30       ??$destroy@V?$vector@NV?$allocator@N@std@@@std@@@?$_Default_allocator_traits@V?$allocator@V?$vector@NV?$allocator@N@std@@@std@@@std@@@std@@SAXAEAV?$allocator@V?$vector@NV?$allocator@N@std@@@std@@@1@QEAV?$vector@NV?$allocator@N@std@@@1@@Z 0000000180032c30 f i priorityqueue_api.obj
 0001:00031c50       ??$distance@PEBN@std@@YA_JPEBN0@Z 0000000180032c50 f i priorityqueue_api.obj
 0001:00031c70       ??$emplace@AEAHV?$vector@NV?$allocator@N@std@@@std@@@?$priority_queue@U?$pair@HV?$vector@NV?$allocator@N@std@@@std@@@std@@V?$vector@U?$pair@HV?$vector@NV?$allocator@N@std@@@std@@@std@@V?$allocator@U?$pair@HV?$vector@NV?$allocator@N@std@@@std@@@std@@@2@@2@Ucomparator@PriorityQueueImpl@nav@@@std@@QEAAXAEAH$$QEAV?$vector@NV?$allocator@N@std@@@1@@Z 0000000180032c70 f i priorityqueue_api.obj
 0001:00031d10       ??$emplace_back@AEAHV?$vector@NV?$allocator@N@std@@@std@@@?$vector@U?$pair@HV?$vector@NV?$allocator@N@std@@@std@@@std@@V?$allocator@U?$pair@HV?$vector@NV?$allocator@N@std@@@std@@@std@@@2@@std@@QEAA?A_TAEAH$$QEAV?$vector@NV?$allocator@N@std@@@1@@Z 0000000180032d10 f i priorityqueue_api.obj
 0001:00031d60       ??$emplace_back@AEBHN@?$vector@V?$vector@NV?$allocator@N@std@@@std@@V?$allocator@V?$vector@NV?$allocator@N@std@@@std@@@2@@std@@QEAA?A_TAEBH$$QEAN@Z 0000000180032d60 f i priorityqueue_api.obj
 0001:00031db0       ??$exchange@PEAN$$T@std@@YAPEANAEAPEAN$$QEA$$T@Z 0000000180032db0 f i priorityqueue_api.obj
 0001:00031df0       ??$exchange@PEAU?$_List_node@U?$pair@$$CBHH@std@@PEAX@std@@$$T@std@@YAPEAU?$_List_node@U?$pair@$$CBHH@std@@PEAX@0@AEAPEAU10@$$QEA$$T@Z 0000000180032df0 f i priorityqueue_api.obj
 0001:00031e30       ??$exchange@PEAU?$_List_node@U?$pair@$$CBHV?$vector@NV?$allocator@N@std@@@std@@@std@@PEAX@std@@$$T@std@@YAPEAU?$_List_node@U?$pair@$$CBHV?$vector@NV?$allocator@N@std@@@std@@@std@@PEAX@0@AEAPEAU10@$$QEA$$T@Z 0000000180032e30 f i priorityqueue_api.obj
 0001:00031e70       ??$exchange@PEAV?$vector@NV?$allocator@N@std@@@std@@$$T@std@@YAPEAV?$vector@NV?$allocator@N@std@@@0@AEAPEAV10@$$QEA$$T@Z 0000000180032e70 f i priorityqueue_api.obj
 0001:00031eb0       ??$fill@PEAV?$_List_unchecked_iterator@V?$_List_val@U?$_List_simple_types@U?$pair@$$CBHH@std@@@std@@@std@@@std@@V12@@std@@YAXQEAV?$_List_unchecked_iterator@V?$_List_val@U?$_List_simple_types@U?$pair@$$CBHH@std@@@std@@@std@@@0@0AEBV10@@Z 0000000180032eb0 f i priorityqueue_api.obj
 0001:00031f30       ??$fill@PEAV?$_List_unchecked_iterator@V?$_List_val@U?$_List_simple_types@U?$pair@$$CBHV?$vector@NV?$allocator@N@std@@@std@@@std@@@std@@@std@@@std@@V12@@std@@YAXQEAV?$_List_unchecked_iterator@V?$_List_val@U?$_List_simple_types@U?$pair@$$CBHV?$vector@NV?$allocator@N@std@@@std@@@std@@@std@@@std@@@0@0AEBV10@@Z 0000000180032f30 f i priorityqueue_api.obj
 0001:00031fb0       ??$find@X@?$_Hash@V?$_Umap_traits@HHV?$_Uhash_compare@HU?$hash@H@std@@U?$equal_to@H@2@@std@@V?$allocator@U?$pair@$$CBHH@std@@@2@$0A@@std@@@std@@QEAA?AV?$_List_iterator@V?$_List_val@U?$_List_simple_types@U?$pair@$$CBHH@std@@@std@@@std@@@1@AEBH@Z 0000000180032fb0 f i priorityqueue_api.obj
 0001:00032010       ??$find@X@?$_Hash@V?$_Umap_traits@HV?$vector@NV?$allocator@N@std@@@std@@V?$_Uhash_compare@HU?$hash@H@std@@U?$equal_to@H@2@@2@V?$allocator@U?$pair@$$CBHV?$vector@NV?$allocator@N@std@@@std@@@std@@@2@$0A@@std@@@std@@QEAA?AV?$_List_iterator@V?$_List_val@U?$_List_simple_types@U?$pair@$$CBHV?$vector@NV?$allocator@N@std@@@std@@@std@@@std@@@std@@@1@AEBH@Z 0000000180033010 f i priorityqueue_api.obj
 0001:00032070       ??$forward@AEAH@std@@YAAEAHAEAH@Z 0000000180033070 f i priorityqueue_api.obj
 0001:00032080       ??$forward@AEAN@std@@YAAEANAEAN@Z 0000000180033080 f i priorityqueue_api.obj
 0001:00032090       ??$forward@AEAPEAU?$_List_node@U?$pair@$$CBHH@std@@PEAX@std@@@std@@YAAEAPEAU?$_List_node@U?$pair@$$CBHH@std@@PEAX@0@AEAPEAU10@@Z 0000000180033090 f i priorityqueue_api.obj
 0001:000320a0       ??$forward@AEAPEAU?$_List_node@U?$pair@$$CBHV?$vector@NV?$allocator@N@std@@@std@@@std@@PEAX@std@@@std@@YAAEAPEAU?$_List_node@U?$pair@$$CBHV?$vector@NV?$allocator@N@std@@@std@@@std@@PEAX@0@AEAPEAU10@@Z 00000001800330a0 f i priorityqueue_api.obj
 0001:000320b0       ??$forward@AEBH@std@@YAAEBHAEBH@Z 00000001800330b0 f i priorityqueue_api.obj
 0001:000320c0       ??$forward@AEBN@std@@YAAEBNAEBN@Z 00000001800330c0 f i priorityqueue_api.obj
 0001:000320d0       ??$forward@AEBQEAN@std@@YAAEBQEANAEBQEAN@Z 00000001800330d0 f i priorityqueue_api.obj
 0001:000320e0       ??$forward@AEBQEAU?$_List_node@U?$pair@$$CBHH@std@@PEAX@std@@@std@@YAAEBQEAU?$_List_node@U?$pair@$$CBHH@std@@PEAX@0@AEBQEAU10@@Z 00000001800330e0 f i priorityqueue_api.obj
 0001:000320f0       ??$forward@AEBQEAU?$_List_node@U?$pair@$$CBHV?$vector@NV?$allocator@N@std@@@std@@@std@@PEAX@std@@@std@@YAAEBQEAU?$_List_node@U?$pair@$$CBHV?$vector@NV?$allocator@N@std@@@std@@@std@@PEAX@0@AEBQEAU10@@Z 00000001800330f0 f i priorityqueue_api.obj
 0001:00032100       ??$forward@AEBUpiecewise_construct_t@std@@@std@@YAAEBUpiecewise_construct_t@0@AEBU10@@Z 0000000180033100 f i priorityqueue_api.obj
 0001:00032110       ??$forward@AEBV?$_List_unchecked_iterator@V?$_List_val@U?$_List_simple_types@U?$pair@$$CBHH@std@@@std@@@std@@@std@@@std@@YAAEBV?$_List_unchecked_iterator@V?$_List_val@U?$_List_simple_types@U?$pair@$$CBHH@std@@@std@@@std@@@0@AEBV10@@Z 0000000180033110 f i priorityqueue_api.obj
 0001:00032120       ??$forward@AEBV?$_List_unchecked_iterator@V?$_List_val@U?$_List_simple_types@U?$pair@$$CBHV?$vector@NV?$allocator@N@std@@@std@@@std@@@std@@@std@@@std@@@std@@YAAEBV?$_List_unchecked_iterator@V?$_List_val@U?$_List_simple_types@U?$pair@$$CBHV?$vector@NV?$allocator@N@std@@@std@@@std@@@std@@@std@@@0@AEBV10@@Z 0000000180033120 f i priorityqueue_api.obj
 0001:00032130       ??$forward@AEBV?$allocator@N@std@@@std@@YAAEBV?$allocator@N@0@AEBV10@@Z 0000000180033130 f i priorityqueue_api.obj
 0001:00032140       ??$forward@AEBV?$allocator@U?$pair@$$CBHH@std@@@std@@@std@@YAAEBV?$allocator@U?$pair@$$CBHH@std@@@0@AEBV10@@Z 0000000180033140 f i priorityqueue_api.obj
 0001:00032150       ??$forward@AEBV?$allocator@U?$pair@$$CBHV?$vector@NV?$allocator@N@std@@@std@@@std@@@std@@@std@@YAAEBV?$allocator@U?$pair@$$CBHV?$vector@NV?$allocator@N@std@@@std@@@std@@@0@AEBV10@@Z 0000000180033150 f i priorityqueue_api.obj
 0001:00032160       ??$forward@AEBV?$vector@NV?$allocator@N@std@@@std@@@std@@YAAEBV?$vector@NV?$allocator@N@std@@@0@AEBV10@@Z 0000000180033160 f i priorityqueue_api.obj
 0001:00032170       ??$forward@H@std@@YA$$QEAHAEAH@Z 0000000180033170 f i priorityqueue_api.obj
 0001:00032180       ??$forward@M@std@@YA$$QEAMAEAM@Z 0000000180033180 f i priorityqueue_api.obj
 0001:00032190       ??$forward@N@std@@YA$$QEANAEAN@Z 0000000180033190 f i priorityqueue_api.obj
 0001:000321a0       ??$forward@PEAN@std@@YA$$QEAPEANAEAPEAN@Z 00000001800331a0 f i priorityqueue_api.obj
 0001:000321b0       ??$forward@PEAU?$_List_node@U?$pair@$$CBHH@std@@PEAX@std@@@std@@YA$$QEAPEAU?$_List_node@U?$pair@$$CBHH@std@@PEAX@0@AEAPEAU10@@Z 00000001800331b0 f i priorityqueue_api.obj
 0001:000321c0       ??$forward@PEAU?$_List_node@U?$pair@$$CBHV?$vector@NV?$allocator@N@std@@@std@@@std@@PEAX@std@@@std@@YA$$QEAPEAU?$_List_node@U?$pair@$$CBHV?$vector@NV?$allocator@N@std@@@std@@@std@@PEAX@0@AEAPEAU10@@Z 00000001800331c0 f i priorityqueue_api.obj
 0001:000321d0       ??$forward@PEAV?$vector@NV?$allocator@N@std@@@std@@@std@@YA$$QEAPEAV?$vector@NV?$allocator@N@std@@@0@AEAPEAV10@@Z 00000001800331d0 f i priorityqueue_api.obj
 0001:000321e0       ??$forward@PEBN@std@@YA$$QEAPEBNAEAPEBN@Z 00000001800331e0 f i priorityqueue_api.obj
 0001:000321f0       ??$forward@U?$pair@HV?$vector@NV?$allocator@N@std@@@std@@@std@@@std@@YA$$QEAU?$pair@HV?$vector@NV?$allocator@N@std@@@std@@@0@AEAU10@@Z 00000001800331f0 f i priorityqueue_api.obj
 0001:00032200       ??$forward@U_Zero_then_variadic_args_t@std@@@std@@YA$$QEAU_Zero_then_variadic_args_t@0@AEAU10@@Z 0000000180033200 f i priorityqueue_api.obj
 0001:00032210       ??$forward@V?$allocator@N@std@@@std@@YA$$QEAV?$allocator@N@0@AEAV10@@Z 0000000180033210 f i priorityqueue_api.obj
 0001:00032220       ??$forward@V?$allocator@V?$vector@NV?$allocator@N@std@@@std@@@std@@@std@@YA$$QEAV?$allocator@V?$vector@NV?$allocator@N@std@@@std@@@0@AEAV10@@Z 0000000180033220 f i priorityqueue_api.obj
 0001:00032230       ??$forward@V?$tuple@$$V@std@@@std@@YA$$QEAV?$tuple@$$V@0@AEAV10@@Z 0000000180033230 f i priorityqueue_api.obj
 0001:00032240       ??$forward@V?$tuple@AEBH@std@@@std@@YA$$QEAV?$tuple@AEBH@0@AEAV10@@Z 0000000180033240 f i priorityqueue_api.obj
 0001:00032250       ??$forward@V?$vector@NV?$allocator@N@std@@@std@@@std@@YA$$QEAV?$vector@NV?$allocator@N@std@@@0@AEAV10@@Z 0000000180033250 f i priorityqueue_api.obj
 0001:00032260       ??$forward@_N@std@@YA$$QEA_NAEA_N@Z 0000000180033260 f i priorityqueue_api.obj
 0001:00032270       ??$forward_as_tuple@$$V@std@@YA?AV?$tuple@$$V@0@XZ 0000000180033270 f i priorityqueue_api.obj
 0001:00032280       ??$forward_as_tuple@AEBH@std@@YA?AV?$tuple@AEBH@0@AEBH@Z 0000000180033280 f i priorityqueue_api.obj
 0001:000322b0       ??$make_pair@HV?$vector@NV?$allocator@N@std@@@std@@@std@@YA?AU?$pair@HV?$vector@NV?$allocator@N@std@@@std@@@0@$$QEAH$$QEAV?$vector@NV?$allocator@N@std@@@0@@Z 00000001800332b0 f i priorityqueue_api.obj
 0001:00032300       ??$max@_K@std@@YAAEB_KAEB_K0@Z 0000000180033300 f i priorityqueue_api.obj
 0001:00032350       ??$min@_K@std@@YAAEB_KAEB_K0@Z 0000000180033350 f i priorityqueue_api.obj
 0001:000323a0       ??$move@AEAPEAN@std@@YA$$QEAPEANAEAPEAN@Z 00000001800333a0 f i priorityqueue_api.obj
 0001:000323b0       ??$move@AEAPEAU?$_List_node@U?$pair@$$CBHH@std@@PEAX@std@@@std@@YA$$QEAPEAU?$_List_node@U?$pair@$$CBHH@std@@PEAX@0@AEAPEAU10@@Z 00000001800333b0 f i priorityqueue_api.obj
 0001:000323c0       ??$move@AEAPEAU?$_List_node@U?$pair@$$CBHV?$vector@NV?$allocator@N@std@@@std@@@std@@PEAX@std@@@std@@YA$$QEAPEAU?$_List_node@U?$pair@$$CBHV?$vector@NV?$allocator@N@std@@@std@@@std@@PEAX@0@AEAPEAU10@@Z 00000001800333c0 f i priorityqueue_api.obj
 0001:000323d0       ??$move@AEAPEAV?$_List_unchecked_iterator@V?$_List_val@U?$_List_simple_types@U?$pair@$$CBHH@std@@@std@@@std@@@std@@@std@@YA$$QEAPEAV?$_List_unchecked_iterator@V?$_List_val@U?$_List_simple_types@U?$pair@$$CBHH@std@@@std@@@std@@@0@AEAPEAV10@@Z 00000001800333d0 f i priorityqueue_api.obj
 0001:000323e0       ??$move@AEAPEAV?$_List_unchecked_iterator@V?$_List_val@U?$_List_simple_types@U?$pair@$$CBHV?$vector@NV?$allocator@N@std@@@std@@@std@@@std@@@std@@@std@@@std@@YA$$QEAPEAV?$_List_unchecked_iterator@V?$_List_val@U?$_List_simple_types@U?$pair@$$CBHV?$vector@NV?$allocator@N@std@@@std@@@std@@@std@@@std@@@0@AEAPEAV10@@Z 00000001800333e0 f i priorityqueue_api.obj
 0001:000323f0       ??$move@AEAPEBN@std@@YA$$QEAPEBNAEAPEBN@Z 00000001800333f0 f i priorityqueue_api.obj
 0001:00032400       ??$move@AEAU?$pair@HV?$vector@NV?$allocator@N@std@@@std@@@std@@@std@@YA$$QEAU?$pair@HV?$vector@NV?$allocator@N@std@@@std@@@0@AEAU10@@Z 0000000180033400 f i priorityqueue_api.obj
 0001:00032410       ??$move@AEAV?$allocator@N@std@@@std@@YA$$QEAV?$allocator@N@0@AEAV10@@Z 0000000180033410 f i priorityqueue_api.obj
 0001:00032420       ??$move@AEAV?$allocator@U?$_List_node@U?$pair@$$CBHH@std@@PEAX@std@@@std@@@std@@YA$$QEAV?$allocator@U?$_List_node@U?$pair@$$CBHH@std@@PEAX@std@@@0@AEAV10@@Z 0000000180033420 f i priorityqueue_api.obj
 0001:00032430       ??$move@AEAV?$allocator@U?$_List_node@U?$pair@$$CBHV?$vector@NV?$allocator@N@std@@@std@@@std@@PEAX@std@@@std@@@std@@YA$$QEAV?$allocator@U?$_List_node@U?$pair@$$CBHV?$vector@NV?$allocator@N@std@@@std@@@std@@PEAX@std@@@0@AEAV10@@Z 0000000180033430 f i priorityqueue_api.obj
 0001:00032440       ??$move@AEAV?$allocator@U?$pair@HV?$vector@NV?$allocator@N@std@@@std@@@std@@@std@@@std@@YA$$QEAV?$allocator@U?$pair@HV?$vector@NV?$allocator@N@std@@@std@@@std@@@0@AEAV10@@Z 0000000180033440 f i priorityqueue_api.obj
 0001:00032450       ??$move@AEAV?$allocator@V?$_List_unchecked_iterator@V?$_List_val@U?$_List_simple_types@U?$pair@$$CBHH@std@@@std@@@std@@@std@@@std@@@std@@YA$$QEAV?$allocator@V?$_List_unchecked_iterator@V?$_List_val@U?$_List_simple_types@U?$pair@$$CBHH@std@@@std@@@std@@@std@@@0@AEAV10@@Z 0000000180033450 f i priorityqueue_api.obj
 0001:00032460       ??$move@AEAV?$allocator@V?$_List_unchecked_iterator@V?$_List_val@U?$_List_simple_types@U?$pair@$$CBHV?$vector@NV?$allocator@N@std@@@std@@@std@@@std@@@std@@@std@@@std@@@std@@YA$$QEAV?$allocator@V?$_List_unchecked_iterator@V?$_List_val@U?$_List_simple_types@U?$pair@$$CBHV?$vector@NV?$allocator@N@std@@@std@@@std@@@std@@@std@@@std@@@0@AEAV10@@Z 0000000180033460 f i priorityqueue_api.obj
 0001:00032470       ??$move@AEAV?$allocator@V?$vector@NV?$allocator@N@std@@@std@@@std@@@std@@YA$$QEAV?$allocator@V?$vector@NV?$allocator@N@std@@@std@@@0@AEAV10@@Z 0000000180033470 f i priorityqueue_api.obj
 0001:00032480       ??$move@AEAV?$tuple@AEBH@std@@@std@@YA$$QEAV?$tuple@AEBH@0@AEAV10@@Z 0000000180033480 f i priorityqueue_api.obj
 0001:00032490       ??$move@AEAV?$unordered_map@HHU?$hash@H@std@@U?$equal_to@H@2@V?$allocator@U?$pair@$$CBHH@std@@@2@@std@@@std@@YA$$QEAV?$unordered_map@HHU?$hash@H@std@@U?$equal_to@H@2@V?$allocator@U?$pair@$$CBHH@std@@@2@@0@AEAV10@@Z 0000000180033490 f i priorityqueue_api.obj
 0001:000324a0       ??$move@AEAV?$unordered_map@HV?$vector@NV?$allocator@N@std@@@std@@U?$hash@H@2@U?$equal_to@H@2@V?$allocator@U?$pair@$$CBHV?$vector@NV?$allocator@N@std@@@std@@@std@@@2@@std@@@std@@YA$$QEAV?$unordered_map@HV?$vector@NV?$allocator@N@std@@@std@@U?$hash@H@2@U?$equal_to@H@2@V?$allocator@U?$pair@$$CBHV?$vector@NV?$allocator@N@std@@@std@@@std@@@2@@0@AEAV10@@Z 00000001800334a0 f i priorityqueue_api.obj
 0001:000324b0       ??$move@AEAV?$vector@NV?$allocator@N@std@@@std@@@std@@YA$$QEAV?$vector@NV?$allocator@N@std@@@0@AEAV10@@Z 00000001800334b0 f i priorityqueue_api.obj
 0001:000324c0       ??$move@AEA_K@std@@YA$$QEA_KAEA_K@Z 00000001800334c0 f i priorityqueue_api.obj
 0001:000324d0       ??$pop_heap@V?$_Vector_iterator@V?$_Vector_val@U?$_Simple_types@U?$pair@HV?$vector@NV?$allocator@N@std@@@std@@@std@@@std@@@std@@@std@@Ucomparator@PriorityQueueImpl@nav@@@std@@YAXV?$_Vector_iterator@V?$_Vector_val@U?$_Simple_types@U?$pair@HV?$vector@NV?$allocator@N@std@@@std@@@std@@@std@@@std@@@0@0Ucomparator@PriorityQueueImpl@nav@@@Z 00000001800334d0 f i priorityqueue_api.obj
[...]
 0003:00014960       $SG22940                   0000000180056960     sl_groundvehicleDynamics_sfun_registry.obj
 0003:000149f0       $SG22944                   00000001800569f0     sl_groundvehicleDynamics_sfun_registry.obj
 0003:00014a10       $SG22945                   0000000180056a10     sl_groundvehicleDynamics_sfun_registry.obj
 0003:00014aa0       $SG22949                   0000000180056aa0     sl_groundvehicleDynamics_sfun_registry.obj
 0003:00014ac0       $SG22950                   0000000180056ac0     sl_groundvehicleDynamics_sfun_registry.obj
 0003:00014b50       $SG22954                   0000000180056b50     sl_groundvehicleDynamics_sfun_registry.obj
 0003:00014b70       $SG22955                   0000000180056b70     sl_groundvehicleDynamics_sfun_registry.obj
 0003:00014c00       $SG22959                   0000000180056c00     sl_groundvehicleDynamics_sfun_registry.obj
 0003:00014c20       $SG22960                   0000000180056c20     sl_groundvehicleDynamics_sfun_registry.obj
 0003:00014cb0       $SG22964                   0000000180056cb0     sl_groundvehicleDynamics_sfun_registry.obj
 0003:00014cd0       $SG22965                   0000000180056cd0     sl_groundvehicleDynamics_sfun_registry.obj
 0003:00014d60       $SG22969                   0000000180056d60     sl_groundvehicleDynamics_sfun_registry.obj
 0003:00014d80       $SG22970                   0000000180056d80     sl_groundvehicleDynamics_sfun_registry.obj
 0003:00014e10       $SG22974                   0000000180056e10     sl_groundvehicleDynamics_sfun_registry.obj
 0003:00014e30       $SG22975                   0000000180056e30     sl_groundvehicleDynamics_sfun_registry.obj
 0003:00014ec0       $SG22979                   0000000180056ec0     sl_groundvehicleDynamics_sfun_registry.obj
 0003:00014ee0       $SG22980                   0000000180056ee0     sl_groundvehicleDynamics_sfun_registry.obj
 0003:00014f70       $SG22984                   0000000180056f70     sl_groundvehicleDynamics_sfun_registry.obj
 0003:00014f90       $SG22985                   0000000180056f90     sl_groundvehicleDynamics_sfun_registry.obj
 0003:00015020       $SG22990                   0000000180057020     sl_groundvehicleDynamics_sfun_registry.obj
 0003:00015040       $SG22991                   0000000180057040     sl_groundvehicleDynamics_sfun_registry.obj
 0003:000150d0       $SG22996                   00000001800570d0     sl_groundvehicleDynamics_sfun_registry.obj
 0003:000150e0       $SG22997                   00000001800570e0     sl_groundvehicleDynamics_sfun_registry.obj
 0003:00015170       $SG23001                   0000000180057170     sl_groundvehicleDynamics_sfun_registry.obj
 0003:00015190       $SG23002                   0000000180057190     sl_groundvehicleDynamics_sfun_registry.obj
 0003:00015220       $SG23006                   0000000180057220     sl_groundvehicleDynamics_sfun_registry.obj
 0003:00015230       $SG23007                   0000000180057230     sl_groundvehicleDynamics_sfun_registry.obj
 0003:000152c0       $SG23011                   00000001800572c0     sl_groundvehicleDynamics_sfun_registry.obj
 0003:000152e0       $SG23012                   00000001800572e0     sl_groundvehicleDynamics_sfun_registry.obj
 0003:00015370       $SG23016                   0000000180057370     sl_groundvehicleDynamics_sfun_registry.obj
 0003:00015390       $SG23017                   0000000180057390     sl_groundvehicleDynamics_sfun_registry.obj
 0003:00015420       $SG23021                   0000000180057420     sl_groundvehicleDynamics_sfun_registry.obj
 0003:00015430       $SG23022                   0000000180057430     sl_groundvehicleDynamics_sfun_registry.obj
 0003:000154c0       $SG23026                   00000001800574c0     sl_groundvehicleDynamics_sfun_registry.obj
 0003:000154d0       $SG23027                   00000001800574d0     sl_groundvehicleDynamics_sfun_registry.obj
 0003:00015560       $SG23031                   0000000180057560     sl_groundvehicleDynamics_sfun_registry.obj
 0003:00015580       $SG23032                   0000000180057580     sl_groundvehicleDynamics_sfun_registry.obj
 0003:00015610       $SG23036                   0000000180057610     sl_groundvehicleDynamics_sfun_registry.obj
 0003:00015630       $SG23037                   0000000180057630     sl_groundvehicleDynamics_sfun_registry.obj
 0003:000156c0       $SG23041                   00000001800576c0     sl_groundvehicleDynamics_sfun_registry.obj
 0003:000156d0       $SG23042                   00000001800576d0     sl_groundvehicleDynamics_sfun_registry.obj
 0003:00015760       $SG23050                   0000000180057760     sl_groundvehicleDynamics_sfun_registry.obj
 0003:00015770       $SG23051                   0000000180057770     sl_groundvehicleDynamics_sfun_registry.obj
 0003:00015800       $SG23057                   0000000180057800     sl_groundvehicleDynamics_sfun_registry.obj
 0003:00015810       $SG23058                   0000000180057810     sl_groundvehicleDynamics_sfun_registry.obj
 0003:000158a0       $SG23062                   00000001800578a0     sl_groundvehicleDynamics_sfun_registry.obj
 0003:000158b0       $SG23063                   00000001800578b0     sl_groundvehicleDynamics_sfun_registry.obj
 0003:00015940       $SG23068                   0000000180057940     sl_groundvehicleDynamics_sfun_registry.obj
 0003:00015950       $SG23069                   0000000180057950     sl_groundvehicleDynamics_sfun_registry.obj
 0003:000159e0       $SG23073                   00000001800579e0     sl_groundvehicleDynamics_sfun_registry.obj
 0003:00015a60       $SG23096                   0000000180057a60     sl_groundvehicleDynamics_sfun_registry.obj
 0003:00015b78       $SG23104                   0000000180057b78     sl_groundvehicleDynamics_sfun_registry.obj
 0003:00015b88       $SG23111                   0000000180057b88     sl_groundvehicleDynamics_sfun_registry.obj
 0003:00015b98       $SG23119                   0000000180057b98     sl_groundvehicleDynamics_sfun_registry.obj
 0003:00015ba8       $SG23126                   0000000180057ba8     sl_groundvehicleDynamics_sfun_registry.obj
 0003:00015bb8       $SG23134                   0000000180057bb8     sl_groundvehicleDynamics_sfun_registry.obj
 0003:00015bc8       $SG23141                   0000000180057bc8     sl_groundvehicleDynamics_sfun_registry.obj
 0003:00015bd8       $SG23147                   0000000180057bd8     sl_groundvehicleDynamics_sfun_registry.obj
 0003:00015bf8       $SG23157                   0000000180057bf8     sl_groundvehicleDynamics_sfun_registry.obj
 0003:00015c28       $SG23158                   0000000180057c28     sl_groundvehicleDynamics_sfun_registry.obj
 0003:00015c30       $SG23159                   0000000180057c30     sl_groundvehicleDynamics_sfun_registry.obj
 0003:00015c38       $SG23169                   0000000180057c38     sl_groundvehicleDynamics_sfun_registry.obj
 0003:00015c70       $SG23170                   0000000180057c70     sl_groundvehicleDynamics_sfun_registry.obj
 0003:00015c78       $SG23171                   0000000180057c78     sl_groundvehicleDynamics_sfun_registry.obj
 0003:00015da0       sRtwOptimizationInfoStruct 0000000180057da0     sl_groundvehicleDynamics_sfun.obj
 0003:00015da8       sOptimizationInfoFlags     0000000180057da8     sl_groundvehicleDynamics_sfun.obj
 0003:00015db0       $SG22262                   0000000180057db0     c5_sl_groundvehicleDynamics.obj
 0003:00015db1       $SG22266                   0000000180057db1     c5_sl_groundvehicleDynamics.obj
 0003:00015db2       $SG22270                   0000000180057db2     c5_sl_groundvehicleDynamics.obj
 0003:00015db3       $SG22277                   0000000180057db3     c5_sl_groundvehicleDynamics.obj
 0003:00015db4       $SG22284                   0000000180057db4     c5_sl_groundvehicleDynamics.obj
 0003:00015db5       $SG22291                   0000000180057db5     c5_sl_groundvehicleDynamics.obj
 0003:00015db6       $SG22298                   0000000180057db6     c5_sl_groundvehicleDynamics.obj
 0003:00015db7       $SG22305                   0000000180057db7     c5_sl_groundvehicleDynamics.obj
 0003:00015db8       $SG22309                   0000000180057db8     c5_sl_groundvehicleDynamics.obj
 0003:00015db9       $SG22313                   0000000180057db9     c5_sl_groundvehicleDynamics.obj
 0003:00015dba       $SG22317                   0000000180057dba     c5_sl_groundvehicleDynamics.obj
 0003:00015dbb       $SG22324                   0000000180057dbb     c5_sl_groundvehicleDynamics.obj
 0003:00015dbc       $SG22331                   0000000180057dbc     c5_sl_groundvehicleDynamics.obj
 0003:00015dbd       $SG22335                   0000000180057dbd     c5_sl_groundvehicleDynamics.obj
 0003:00015dbe       $SG22339                   0000000180057dbe     c5_sl_groundvehicleDynamics.obj
 0003:00015dbf       $SG22343                   0000000180057dbf     c5_sl_groundvehicleDynamics.obj
 0003:00015dc0       $SG22347                   0000000180057dc0     c5_sl_groundvehicleDynamics.obj
 0003:00015dc1       $SG22351                   0000000180057dc1     c5_sl_groundvehicleDynamics.obj
 0003:00015dc2       $SG22355                   0000000180057dc2     c5_sl_groundvehicleDynamics.obj
 0003:00015dc3       $SG22359                   0000000180057dc3     c5_sl_groundvehicleDynamics.obj
 0003:00015dc4       $SG22363                   0000000180057dc4     c5_sl_groundvehicleDynamics.obj
 0003:00015dc5       $SG22367                   0000000180057dc5     c5_sl_groundvehicleDynamics.obj
 0003:00015dc6       $SG22371                   0000000180057dc6     c5_sl_groundvehicleDynamics.obj
 0003:00015dc7       $SG22375                   0000000180057dc7     c5_sl_groundvehicleDynamics.obj
 0003:00015dc8       $SG22379                   0000000180057dc8     c5_sl_groundvehicleDynamics.obj
 0003:00015dc9       $SG22383                   0000000180057dc9     c5_sl_groundvehicleDynamics.obj
 0003:00015dca       $SG22387                   0000000180057dca     c5_sl_groundvehicleDynamics.obj
 0003:00015dcb       $SG22391                   0000000180057dcb     c5_sl_groundvehicleDynamics.obj
 0003:00015dcc       $SG22395                   0000000180057dcc     c5_sl_groundvehicleDynamics.obj
 0003:00015dcd       $SG22402                   0000000180057dcd     c5_sl_groundvehicleDynamics.obj
 0003:00015dce       $SG22412                   0000000180057dce     c5_sl_groundvehicleDynamics.obj
 0003:00015dcf       $SG22422                   0000000180057dcf     c5_sl_groundvehicleDynamics.obj
 0003:00015dd0       $SG22429                   0000000180057dd0     c5_sl_groundvehicleDynamics.obj
 0003:00015dd1       $SG22433                   0000000180057dd1     c5_sl_groundvehicleDynamics.obj
 0003:00015dd2       $SG22440                   0000000180057dd2     c5_sl_groundvehicleDynamics.obj
 0003:00015dd3       $SG22447                   0000000180057dd3     c5_sl_groundvehicleDynamics.obj
 0003:00015dd4       $SG22454                   0000000180057dd4     c5_sl_groundvehicleDynamics.obj
 0003:00015dd5       $SG22461                   0000000180057dd5     c5_sl_groundvehicleDynamics.obj
 0003:00015dd6       $SG22468                   0000000180057dd6     c5_sl_groundvehicleDynamics.obj
 0003:00015dd7       $SG22472                   0000000180057dd7     c5_sl_groundvehicleDynamics.obj
 0003:00015dd8       $SG22479                   0000000180057dd8     c5_sl_groundvehicleDynamics.obj
 0003:00015dd9       $SG22483                   0000000180057dd9     c5_sl_groundvehicleDynamics.obj
 0003:00015dda       $SG22490                   0000000180057dda     c5_sl_groundvehicleDynamics.obj
 0003:00015ddb       $SG22494                   0000000180057ddb     c5_sl_groundvehicleDynamics.obj
 0003:00015ddc       $SG22501                   0000000180057ddc     c5_sl_groundvehicleDynamics.obj
 0003:00015ddd       $SG22505                   0000000180057ddd     c5_sl_groundvehicleDynamics.obj
 0003:00015dde       $SG22512                   0000000180057dde     c5_sl_groundvehicleDynamics.obj
 0003:00015ddf       $SG22519                   0000000180057ddf     c5_sl_groundvehicleDynamics.obj
 0003:00015de0       $SG22526                   0000000180057de0     c5_sl_groundvehicleDynamics.obj
 0003:00015de1       $SG22539                   0000000180057de1     c5_sl_groundvehicleDynamics.obj
 0003:00015de2       $SG22546                   0000000180057de2     c5_sl_groundvehicleDynamics.obj
 0003:00015de3       $SG22553                   0000000180057de3     c5_sl_groundvehicleDynamics.obj
 0003:00015de4       $SG22560                   0000000180057de4     c5_sl_groundvehicleDynamics.obj
 0003:00015de5       $SG22567                   0000000180057de5     c5_sl_groundvehicleDynamics.obj
 0003:00015de6       $SG22574                   0000000180057de6     c5_sl_groundvehicleDynamics.obj
 0003:00015de7       $SG22581                   0000000180057de7     c5_sl_groundvehicleDynamics.obj
 0003:00015de8       $SG22588                   0000000180057de8     c5_sl_groundvehicleDynamics.obj
 0003:00015de9       $SG22595                   0000000180057de9     c5_sl_groundvehicleDynamics.obj
 0003:00015dea       $SG22602                   0000000180057dea     c5_sl_groundvehicleDynamics.obj
 0003:00015deb       $SG22609                   0000000180057deb     c5_sl_groundvehicleDynamics.obj
 0003:00015dec       $SG22613                   0000000180057dec     c5_sl_groundvehicleDynamics.obj
 0003:00015ded       $SG22617                   0000000180057ded     c5_sl_groundvehicleDynamics.obj
 0003:00015dee       $SG22621                   0000000180057dee     c5_sl_groundvehicleDynamics.obj
 0003:00015def       $SG22625                   0000000180057def     c5_sl_groundvehicleDynamics.obj
 0003:00015df0       $SG22632                   0000000180057df0     c5_sl_groundvehicleDynamics.obj
 0003:00015df1       $SG22636                   0000000180057df1     c5_sl_groundvehicleDynamics.obj
 0003:00015df2       $SG22640                   0000000180057df2     c5_sl_groundvehicleDynamics.obj
 0003:00015df3       $SG22644                   0000000180057df3     c5_sl_groundvehicleDynamics.obj
 0003:00015df4       $SG22648                   0000000180057df4     c5_sl_groundvehicleDynamics.obj
 0003:00015df5       $SG22652                   0000000180057df5     c5_sl_groundvehicleDynamics.obj
 0003:00015df6       $SG22656                   0000000180057df6     c5_sl_groundvehicleDynamics.obj
 0003:00015df7       $SG22660                   0000000180057df7     c5_sl_groundvehicleDynamics.obj
 0003:00015df8       $SG22664                   0000000180057df8     c5_sl_groundvehicleDynamics.obj
 0003:00015df9       $SG22668                   0000000180057df9     c5_sl_groundvehicleDynamics.obj
 0003:00015dfa       $SG22672                   0000000180057dfa     c5_sl_groundvehicleDynamics.obj
 0003:00015dfb       $SG22676                   0000000180057dfb     c5_sl_groundvehicleDynamics.obj
 0003:00015dfc       $SG22680                   0000000180057dfc     c5_sl_groundvehicleDynamics.obj
 0003:00015dfd       $SG22684                   0000000180057dfd     c5_sl_groundvehicleDynamics.obj
 0003:00015dfe       $SG22688                   0000000180057dfe     c5_sl_groundvehicleDynamics.obj
 0003:00015dff       $SG22692                   0000000180057dff     c5_sl_groundvehicleDynamics.obj
 0003:00015e00       $SG22696                   0000000180057e00     c5_sl_groundvehicleDynamics.obj
 0003:00015e01       $SG22700                   0000000180057e01     c5_sl_groundvehicleDynamics.obj
 0003:00015e02       $SG22704                   0000000180057e02     c5_sl_groundvehicleDynamics.obj
 0003:00015e03       $SG22708                   0000000180057e03     c5_sl_groundvehicleDynamics.obj
 0003:00015e04       $SG22712                   0000000180057e04     c5_sl_groundvehicleDynamics.obj
 0003:00015e05       $SG22716                   0000000180057e05     c5_sl_groundvehicleDynamics.obj
 0003:00015e06       $SG22720                   0000000180057e06     c5_sl_groundvehicleDynamics.obj
 0003:00015e07       $SG22727                   0000000180057e07     c5_sl_groundvehicleDynamics.obj
 0003:00015e08       $SG22746                   0000000180057e08     c5_sl_groundvehicleDynamics.obj
 0003:00015e09       $SG22753                   0000000180057e09     c5_sl_groundvehicleDynamics.obj
 0003:00015e0a       $SG22760                   0000000180057e0a     c5_sl_groundvehicleDynamics.obj
 0003:00015e0b       $SG22767                   0000000180057e0b     c5_sl_groundvehicleDynamics.obj
 0003:00015e0c       $SG22777                   0000000180057e0c     c5_sl_groundvehicleDynamics.obj
 0003:00015e0d       $SG22787                   0000000180057e0d     c5_sl_groundvehicleDynamics.obj
 0003:00015e0e       $SG22794                   0000000180057e0e     c5_sl_groundvehicleDynamics.obj
 0003:00015e0f       $SG22801                   0000000180057e0f     c5_sl_groundvehicleDynamics.obj
 0003:00015e10       $SG22808                   0000000180057e10     c5_sl_groundvehicleDynamics.obj
 0003:00015e11       $SG22815                   0000000180057e11     c5_sl_groundvehicleDynamics.obj
 0003:00015e12       $SG22825                   0000000180057e12     c5_sl_groundvehicleDynamics.obj
 0003:00015e13       $SG22835                   0000000180057e13     c5_sl_groundvehicleDynamics.obj
 0003:00015e14       $SG22842                   0000000180057e14     c5_sl_groundvehicleDynamics.obj
 0003:00015e15       $SG22849                   0000000180057e15     c5_sl_groundvehicleDynamics.obj
 0003:00015e16       $SG22853                   0000000180057e16     c5_sl_groundvehicleDynamics.obj
 0003:00015e17       $SG22860                   0000000180057e17     c5_sl_groundvehicleDynamics.obj
 0003:00015e18       $SG22864                   0000000180057e18     c5_sl_groundvehicleDynamics.obj
 0003:00015e19       $SG23342                   0000000180057e19     c5_sl_groundvehicleDynamics.obj
 0003:00015e1a       $SG28407                   0000000180057e1a     c5_sl_groundvehicleDynamics.obj
 0003:00015e1b       $SG28955                   0000000180057e1b     c5_sl_groundvehicleDynamics.obj
 0003:00015e1c       $SG28956                   0000000180057e1c     c5_sl_groundvehicleDynamics.obj
 0003:00015e1d       $SG29102                   0000000180057e1d     c5_sl_groundvehicleDynamics.obj
 0003:00015e20       _sfTime_                   0000000180057e20     c5_sl_groundvehicleDynamics.obj
 0003:00015e30       ?newstr@?1??sf_c5_sl_groundvehicleDynamics_get_post_codegen_info@@9@9 0000000180057e30     c5_sl_groundvehicleDynamics.obj
 0003:00016658       sfGlobalMdlStartCallCounts 0000000180058658     sl_groundvehicleDynamics_sfun_registry.obj
 0003:0001665c       $SG22560                   000000018005865c     sl_groundvehicleDynamics_sfun_registry.obj
 0003:0001665e       ?warningGuard@?1??ssGetRootSS@@9@9 000000018005865e     sl_groundvehicleDynamics_sfun_registry.obj
 0003:0001665f       ?warningGuard@?1??ssGetParentSS@@9@9 000000018005865f     sl_groundvehicleDynamics_sfun_registry.obj
 0003:00016660       GS_ExceptionRecord         0000000180058660     MSVCRT:gs_report.obj
 0003:00016700       GS_ContextRecord           0000000180058700     MSVCRT:gs_report.obj
 0003:00016bd0       ?__proc_attached@@3HA      0000000180058bd0     MSVCRT:dll_dllmain.obj
 0003:00016c10       ?is_initialized_as_dll@@3_NA 0000000180058c10     MSVCRT:utility.obj
 0003:00016c11       ?module_local_atexit_table_initialized@@3_NA 0000000180058c11     MSVCRT:utility.obj
 0003:00016c18       ?module_local_atexit_table@@3U_onexit_table_t@@A 0000000180058c18     MSVCRT:utility.obj
 0003:00016c30       ?module_local_at_quick_exit_table@@3U_onexit_table_t@@A 0000000180058c30     MSVCRT:utility.obj
