 sl_groundvehicleDynamics_sfun

 Timestamp is 670cfcc9 (Mon Oct 14 21:13:13 2024)

 Preferred load address is 0000000180000000

 Start         Length     Name                   Class
 0001:00000000 00042ff0H .text$mn                CODE
 0001:00042ff0 00000040H .text$mn$00             CODE
 0001:00043030 0000057aH .text$x                 CODE
 0002:00000000 00000638H .idata$5                DATA
 0002:00000638 00000038H .00cfg                  DATA
 0002:00000670 00000008H .CRT$XCA                DATA
 0002:00000678 00000008H .CRT$XCZ                DATA
 0002:00000680 00000008H .CRT$XIA                DATA
 0002:00000688 00000008H .CRT$XIZ                DATA
 0002:00000690 00000008H .CRT$XPA                DATA
 0002:00000698 00000008H .CRT$XPZ                DATA
 0002:000006a0 00000008H .CRT$XTA                DATA
 0002:000006a8 00000008H .CRT$XTZ                DATA
 0002:000006b0 00000000H .gehcont$y              DATA
 0002:000006b0 00000000H .gfids$y                DATA
 0002:000006b0 000005d0H .rdata                  DATA
 0002:00000c80 00000080H .rdata$CastGuardVftablesA DATA
 0002:00000d00 00000080H .rdata$CastGuardVftablesC DATA
 0002:00000d80 000001f4H .rdata$r                DATA
 0002:00000f74 0000029cH .rdata$voltmd           DATA
 0002:00001210 000002c8H .rdata$zzzdbg           DATA
 0002:000014d8 00000008H .rtc$IAA                DATA
 0002:000014e0 00000008H .rtc$IZZ                DATA
 0002:000014e8 00000008H .rtc$TAA                DATA
 0002:000014f0 00000008H .rtc$TZZ                DATA
 0002:000014f8 00002298H .xdata                  DATA
 0002:00003790 000000f0H .xdata$x                DATA
 0002:00003880 00000088H .edata                  DATA
 0002:00003908 00000140H .idata$2                DATA
 0002:00003a48 00000018H .idata$3                DATA
 0002:00003a60 00000638H .idata$4                DATA
 0002:00004098 000011f8H .idata$6                DATA
 0003:00000000 00016a38H .data                   DATA
 0003:00016a38 00000080H .data$r                 DATA
 0003:00016ab8 00000028H .data$rs                DATA
 0003:00016ae0 00000ee0H .bss                    DATA
 0004:00000000 0000267cH .pdata                  DATA

  Address         Publics by Value              Rva+Base               Lib:Object

 0000:00000000       __AbsoluteZero             0000000000000000     <absolute>
 0000:00000000       ___safe_se_handler_count   0000000000000000     <absolute>
 0000:00000000       ___safe_se_handler_table   0000000000000000     <absolute>
 0000:00000000       __arm64x_extra_rfe_table   0000000000000000     <absolute>
 0000:00000000       __arm64x_extra_rfe_table_size 0000000000000000     <absolute>
 0000:00000000       __arm64x_native_entrypoint 0000000000000000     <absolute>
 0000:00000000       __arm64x_redirection_metadata 0000000000000000     <absolute>
 0000:00000000       __arm64x_redirection_metadata_count 0000000000000000     <absolute>
 0000:00000000       __dynamic_value_reloc_table 0000000000000000     <absolute>
 0000:00000000       __enclave_config           0000000000000000     <absolute>
 0000:00000000       __guard_check_icall_a64n_fptr 0000000000000000     <absolute>
 0000:00000000       __guard_eh_cont_count      0000000000000000     <absolute>
 0000:00000000       __guard_eh_cont_table      0000000000000000     <absolute>
 0000:00000000       __guard_fids_count         0000000000000000     <absolute>
 0000:00000000       __guard_fids_table         0000000000000000     <absolute>
 0000:00000000       __guard_iat_count          0000000000000000     <absolute>
 0000:00000000       __guard_iat_table          0000000000000000     <absolute>
 0000:00000000       __guard_longjmp_count      0000000000000000     <absolute>
 0000:00000000       __guard_longjmp_table      0000000000000000     <absolute>
 0000:00000000       __hybrid_auxiliary_delayload_iat 0000000000000000     <absolute>
 0000:00000000       __hybrid_auxiliary_delayload_iat_copy 0000000000000000     <absolute>
 0000:00000000       __hybrid_auxiliary_iat     0000000000000000     <absolute>
 0000:00000000       __hybrid_auxiliary_iat_copy 0000000000000000     <absolute>
 0000:00000000       __hybrid_code_map          0000000000000000     <absolute>
 0000:00000000       __hybrid_code_map_count    0000000000000000     <absolute>
 0000:00000000       __hybrid_image_info_bitfield 0000000000000000     <absolute>
 0000:00000000       __x64_code_ranges_to_entry_points 0000000000000000     <absolute>
 0000:00000000       __x64_code_ranges_to_entry_points_count 0000000000000000     <absolute>
 0000:00000100       __guard_flags              0000000000000100     <absolute>
 0000:00000000       __ImageBase                0000000180000000     <linker-defined>
 0001:00000000       sl_groundvehicleDynamics_initializer 0000000180001000 f   sl_groundvehicleDynamics_sfun.obj
 0001:00000010       sl_groundvehicleDynamics_terminator 0000000180001010 f   sl_groundvehicleDynamics_sfun.obj
 0001:00000020       load_sl_groundvehicleDynamics_optimization_info 0000000180001020 f   sl_groundvehicleDynamics_sfun.obj
 0001:000000d0       unload_sl_groundvehicleDynamics_optimization_info 00000001800010d0 f   sl_groundvehicleDynamics_sfun.obj
 0001:00000100       sf_sl_groundvehicleDynamics_method_dispatcher 0000000180001100 f   sl_groundvehicleDynamics_sfun.obj
 0001:00000150       sf_sl_groundvehicleDynamics_process_check_sum_call 0000000180001150 f   sl_groundvehicleDynamics_sfun.obj
 0001:00000640       sf_sl_groundvehicleDynamics_get_eml_resolved_functions_info 0000000180001640 f   sl_groundvehicleDynamics_sfun.obj
 0001:00000820       sf_sl_groundvehicleDynamics_third_party_uses_info 0000000180001820 f   sl_groundvehicleDynamics_sfun.obj
 0001:000009f0       sf_sl_groundvehicleDynamics_jit_fallback_info 00000001800019f0 f   sl_groundvehicleDynamics_sfun.obj
 0001:00000bc0       sf_sl_groundvehicleDynamics_get_post_codegen_info 0000000180001bc0 f   sl_groundvehicleDynamics_sfun.obj
 0001:00000da0       sf_sl_groundvehicleDynamics_updateBuildInfo_args_info 0000000180001da0 f   sl_groundvehicleDynamics_sfun.obj
 0001:00000f60       sf_c5_sl_groundvehicleDynamics_get_eml_resolved_functions_info 0000000180001f60 f   c5_sl_groundvehicleDynamics.obj
 0001:00001000       sf_c5_sl_groundvehicleDynamics_get_check_sum 0000000180002000 f   c5_sl_groundvehicleDynamics.obj
 0001:000010d0       c5_sl_groundvehicleDynamics_method_dispatcher 00000001800020d0 f   c5_sl_groundvehicleDynamics.obj
 0001:00029f10       sf_c5_sl_groundvehicleDynamics_third_party_uses_info 000000018002af10 f   c5_sl_groundvehicleDynamics.obj
 0001:00029f60       sf_c5_sl_groundvehicleDynamics_jit_fallback_info 000000018002af60 f   c5_sl_groundvehicleDynamics.obj
 0001:0002a0f0       sf_c5_sl_groundvehicleDynamics_updateBuildInfo_args_info 000000018002b0f0 f   c5_sl_groundvehicleDynamics.obj
 0001:0002a410       sf_c5_sl_groundvehicleDynamics_get_post_codegen_info 000000018002b410 f   c5_sl_groundvehicleDynamics.obj
 0001:0002a9e0       mexFunction                000000018002b9e0 f   sl_groundvehicleDynamics_sfun_registry.obj
 0001:0002d2b0       _ssSetInputPortDirectFeedThroughFcn 000000018002e2b0 f   sl_groundvehicleDynamics_sfun_registry.obj
 0001:0002d420       _ssSetRWorkValueFcn        000000018002e420 f   sl_groundvehicleDynamics_sfun_registry.obj
 0001:0002d4a0       _ssGetRWorkValueFcn        000000018002e4a0 f   sl_groundvehicleDynamics_sfun_registry.obj
 0001:0002d510       _ssSetIWorkValueFcn        000000018002e510 f   sl_groundvehicleDynamics_sfun_registry.obj
 0001:0002d590       _ssGetIWorkValueFcn        000000018002e590 f   sl_groundvehicleDynamics_sfun_registry.obj
 0001:0002d600       _ssSetPWorkValueFcn        000000018002e600 f   sl_groundvehicleDynamics_sfun_registry.obj
 0001:0002d680       _ssGetPWorkValueFcn        000000018002e680 f   sl_groundvehicleDynamics_sfun_registry.obj
 0001:0002d6f0       _ssGetInputPortSignalFcn   000000018002e6f0 f   sl_groundvehicleDynamics_sfun_registry.obj
 0001:0002da80       _ssGetInputPortBufferDstPortFcn 000000018002ea80 f   sl_groundvehicleDynamics_sfun_registry.obj
 0001:0002db00       _ssGetInputPortSignalPtrsFcn 000000018002eb00 f   sl_groundvehicleDynamics_sfun_registry.obj
 0001:0002de90       ssGetParameterTuningCompliance 000000018002ee90 f   sl_groundvehicleDynamics_sfun_registry.obj
 0001:0002df00       _ssReadInputStringFcn      000000018002ef00 f   sl_groundvehicleDynamics_sfun_registry.obj
 0001:0002df70       ssGetDTypeIdFromMxArray    000000018002ef70 f   sl_groundvehicleDynamics_sfun_registry.obj
 0001:0002e090       ssWriteRTWMx2dMatParam     000000018002f090 f   sl_groundvehicleDynamics_sfun_registry.obj
 0001:0002e120       ssWriteRTWMxVectParam      000000018002f120 f   sl_groundvehicleDynamics_sfun_registry.obj
 0001:0002e1a0       ssWriteRTWParameters       000000018002f1a0 f   sl_groundvehicleDynamics_sfun_registry.obj
 0001:0002e760       ssWriteRTWParamSettings    000000018002f760 f   sl_groundvehicleDynamics_sfun_registry.obj
 0001:0002ee50       ssWriteRTWStr              000000018002fe50 f   sl_groundvehicleDynamics_sfun_registry.obj
 0001:0002eeb0       ssWriteRTWWorkVect         000000018002feb0 f   sl_groundvehicleDynamics_sfun_registry.obj
 0001:0002f410       ssWarning                  0000000180030410 f   sl_groundvehicleDynamics_sfun_registry.obj
 0001:0002f500       ssGetRootSS                0000000180030500 f   sl_groundvehicleDynamics_sfun_registry.obj
 0001:0002f5c0       ssGetParentSS              00000001800305c0 f   sl_groundvehicleDynamics_sfun_registry.obj
 0001:0002f680       ssWriteRTWNameValuePair    0000000180030680 f   sl_groundvehicleDynamics_sfun_registry.obj
 0001:0002fb80       _ssSetInputPortMatrixDimensions 0000000180030b80 f   sl_groundvehicleDynamics_sfun_registry.obj
 0001:0002fcd0       _ssSetOutputPortMatrixDimensions 0000000180030cd0 f   sl_groundvehicleDynamics_sfun_registry.obj
 0001:0002fe20       _ssSetInputPortVectorDimension 0000000180030e20 f   sl_groundvehicleDynamics_sfun_registry.obj
 0001:0002fed0       _ssSetOutputPortVectorDimension 0000000180030ed0 f   sl_groundvehicleDynamics_sfun_registry.obj
 0001:0002ff80       ssIsRunTimeParamTunable    0000000180030f80 f   sl_groundvehicleDynamics_sfun_registry.obj
 0001:0002fff0       ssGetSFuncBlockHandle      0000000180030ff0 f   sl_groundvehicleDynamics_sfun_registry.obj
 0001:00030060       _ssGetCallSystemNumFcnCallDestinations 0000000180031060 f   sl_groundvehicleDynamics_sfun_registry.obj
 0001:000300d0       _ssGetCurrentInputPortWidth 00000001800310d0 f   sl_groundvehicleDynamics_sfun_registry.obj
 0001:00030210       _ssGetCurrentOutputPortWidth 0000000180031210 f   sl_groundvehicleDynamics_sfun_registry.obj
 0001:00030350       ssGetIsZeroCrossControlDisabled 0000000180031350 f   sl_groundvehicleDynamics_sfun_registry.obj
 0001:000303c0       ssSetIsInputPortUsedForContZcSignal 00000001800313c0 f   sl_groundvehicleDynamics_sfun_registry.obj
 0001:00030430       ssSetZcSignalIsZcElementDisc 0000000180031430 f   sl_groundvehicleDynamics_sfun_registry.obj
 0001:000304e0       ssSetZcSignalName          00000001800314e0 f   sl_groundvehicleDynamics_sfun_registry.obj
 0001:00030550       ssSetZcSignalWidth         0000000180031550 f   sl_groundvehicleDynamics_sfun_registry.obj
 0001:000305c0       ssSetZcSignalZcEventType   00000001800315c0 f   sl_groundvehicleDynamics_sfun_registry.obj
 0001:00030630       ssSetZcSignalType          0000000180031630 f   sl_groundvehicleDynamics_sfun_registry.obj
 0001:000306a0       ssSetZcSignalZcTol         00000001800316a0 f   sl_groundvehicleDynamics_sfun_registry.obj
 0001:00030710       ssSetZcSignalNeedsEventNotification 0000000180031710 f   sl_groundvehicleDynamics_sfun_registry.obj
 0001:00030780       ssCreateAndAddZcSignalInfo 0000000180031780 f   sl_groundvehicleDynamics_sfun_registry.obj
 0001:000307f0       ssCloneAndAddZcSignalInfo  00000001800317f0 f   sl_groundvehicleDynamics_sfun_registry.obj
 0001:00030860       ssGetNumZcSignals          0000000180031860 f   sl_groundvehicleDynamics_sfun_registry.obj
 0001:000308d0       ssGetZcSignalVector        00000001800318d0 f   sl_groundvehicleDynamics_sfun_registry.obj
 0001:00030940       ssGetZcSignalName          0000000180031940 f   sl_groundvehicleDynamics_sfun_registry.obj
 0001:000309b0       ssGetZcSignalWidth         00000001800319b0 f   sl_groundvehicleDynamics_sfun_registry.obj
 0001:00030a20       ssGetZcSignalZcEventType   0000000180031a20 f   sl_groundvehicleDynamics_sfun_registry.obj
 0001:00030a90       ssGetZcSignalZcEvents      0000000180031a90 f   sl_groundvehicleDynamics_sfun_registry.obj
 0001:00030b00       ssGetZcSignalType          0000000180031b00 f   sl_groundvehicleDynamics_sfun_registry.obj
 0001:00030b70       ssGetZcSignalZcTol         0000000180031b70 f   sl_groundvehicleDynamics_sfun_registry.obj
 0001:00030bf0       ssGetZcSignalNeedsEventNotification 0000000180031bf0 f   sl_groundvehicleDynamics_sfun_registry.obj
 0001:00030c60       ssGetZcSignalIsZcElementDisc 0000000180031c60 f   sl_groundvehicleDynamics_sfun_registry.obj
 0001:00030d00       ssGetIsInputPortElementContinuous 0000000180031d00 f   sl_groundvehicleDynamics_sfun_registry.obj
 0001:00030da0       _ssGetAbsTol               0000000180031da0 f   sl_groundvehicleDynamics_sfun_registry.obj
 0001:00030e10       _ssSetStateAbsTol          0000000180031e10 f   sl_groundvehicleDynamics_sfun_registry.obj
 0001:00030ef0       _ssSetInputPortReusableFcn 0000000180031ef0 f   sl_groundvehicleDynamics_sfun_registry.obj
 0001:00030ff0       _ssSetOutputPortReusableFcn 0000000180031ff0 f   sl_groundvehicleDynamics_sfun_registry.obj
 0001:000310f0       _ssSetSymbolicDimsSupport  00000001800320f0 f   sl_groundvehicleDynamics_sfun_registry.obj
 0001:00031160       _ssRegisterSymbolicDimsExpr 0000000180032160 f   sl_groundvehicleDynamics_sfun_registry.obj
 0001:000311e0       _ssRegisterSymbolicDimsMATLABExpr 00000001800321e0 f   sl_groundvehicleDynamics_sfun_registry.obj
 0001:00031270       _ssRegisterSymbolicDims    0000000180032270 f   sl_groundvehicleDynamics_sfun_registry.obj
 0001:00031310       _ssRegisterSymbolicDimsString 0000000180032310 f   sl_groundvehicleDynamics_sfun_registry.obj
 0001:00031390       _ssRegisterSymbolicDimsIntValue 0000000180032390 f   sl_groundvehicleDynamics_sfun_registry.obj
 0001:00031400       _ssRegisterSymbolicEqualRelation 0000000180032400 f   sl_groundvehicleDynamics_sfun_registry.obj
 0001:00031470       _ssRegisterSymbolicEqualValue 0000000180032470 f   sl_groundvehicleDynamics_sfun_registry.obj
 0001:000314e0       _ssAmendLeadingSymbolicDims 00000001800324e0 f   sl_groundvehicleDynamics_sfun_registry.obj
 0001:00031560       _ssAmendTrailingSymbolicDims 0000000180032560 f   sl_groundvehicleDynamics_sfun_registry.obj
 0001:000315e0       _ssRegisterSymbolicDimsPlus 00000001800325e0 f   sl_groundvehicleDynamics_sfun_registry.obj
 0001:00031660       _ssRegisterSymbolicDimsMinus 0000000180032660 f   sl_groundvehicleDynamics_sfun_registry.obj
 0001:000316e0       _ssRegisterSymbolicDimsMultiply 00000001800326e0 f   sl_groundvehicleDynamics_sfun_registry.obj
 0001:00031760       _ssRegisterSymbolicDimsDivide 0000000180032760 f   sl_groundvehicleDynamics_sfun_registry.obj
 0001:000317e0       _ssGetNumSymbolicDims      00000001800327e0 f   sl_groundvehicleDynamics_sfun_registry.obj
 0001:00031850       _ssGetSymbolicDim          0000000180032850 f   sl_groundvehicleDynamics_sfun_registry.obj
 0001:000318d0       _ssSetInputPortSymbolicDimsId 00000001800328d0 f   sl_groundvehicleDynamics_sfun_registry.obj
 0001:00031940       _ssGetCompInputPortSymbolicDimsId 0000000180032940 f   sl_groundvehicleDynamics_sfun_registry.obj
 0001:000319b0       _ssSetCompInputPortSymbolicDimsId 00000001800329b0 f   sl_groundvehicleDynamics_sfun_registry.obj
 0001:00031a20       _ssSetOutputPortSymbolicDimsId 0000000180032a20 f   sl_groundvehicleDynamics_sfun_registry.obj
 0001:00031a90       _ssGetCompOutputPortSymbolicDimsId 0000000180032a90 f   sl_groundvehicleDynamics_sfun_registry.obj
 0001:00031b00       _ssSetCompOutputPortSymbolicDimsId 0000000180032b00 f   sl_groundvehicleDynamics_sfun_registry.obj
 0001:00031b70       _ssGetDWorkSymbolicDimsId  0000000180032b70 f   sl_groundvehicleDynamics_sfun_registry.obj
 0001:00031be0       _ssSetDWorkSymbolicDimsId  0000000180032be0 f   sl_groundvehicleDynamics_sfun_registry.obj
 0001:00031c50       _ssGetCompDWorkSymbolicDimsId 0000000180032c50 f   sl_groundvehicleDynamics_sfun_registry.obj
 0001:00031cc0       _ssSetCompDWorkSymbolicDimsId 0000000180032cc0 f   sl_groundvehicleDynamics_sfun_registry.obj
 0001:00031d30       _ssCreateSLCGStringBuffer  0000000180032d30 f   sl_groundvehicleDynamics_sfun_registry.obj
 0001:00031da0       _ssAddToSLCGStringBuffer   0000000180032da0 f   sl_groundvehicleDynamics_sfun_registry.obj
 0001:00031e10       _ssGetPointerContainedData 0000000180032e10 f   sl_groundvehicleDynamics_sfun_registry.obj
 0001:00031ea0       _ssGetPointerContainedDataWidth 0000000180032ea0 f   sl_groundvehicleDynamics_sfun_registry.obj
 0001:00031f30       _ssRegisterDynamicArrayDataTypeFcn 0000000180032f30 f   sl_groundvehicleDynamics_sfun_registry.obj
 0001:00031fd0       _ssGetDynamicArrayContainedDataCurrentWidthFcn 0000000180032fd0 f   sl_groundvehicleDynamics_sfun_registry.obj
 0001:000320a0       _ssGetDynamicArrayContainedDataFcn 00000001800330a0 f   sl_groundvehicleDynamics_sfun_registry.obj
 0001:00032170       _ssGetInputPortDynamicArrayDataFcn 0000000180033170 f   sl_groundvehicleDynamics_sfun_registry.obj
 0001:00032230       _ssGetOutputPortDynamicArrayDataFcn 0000000180033230 f   sl_groundvehicleDynamics_sfun_registry.obj
 0001:000322f0       _ssGetInputPortDynamicArrayContainedDataFcn 00000001800332f0 f   sl_groundvehicleDynamics_sfun_registry.obj
 0001:000323b0       _ssGetOutputPortDynamicArrayContainedDataFcn 00000001800333b0 f   sl_groundvehicleDynamics_sfun_registry.obj
 0001:00032470       _ssGetDynamicArrayDWorkContainedDataFcn 0000000180033470 f   sl_groundvehicleDynamics_sfun_registry.obj
 0001:00032530       sf_process_check_sum_call  0000000180033530 f   sl_groundvehicleDynamics_sfun_registry.obj
 0001:00032580       sf_process_get_third_party_uses_info_call 0000000180033580 f   sl_groundvehicleDynamics_sfun_registry.obj
 0001:000327b0       sf_process_get_jit_fallback_info_call 00000001800337b0 f   sl_groundvehicleDynamics_sfun_registry.obj
 0001:000329e0       sf_process_get_post_codegen_info_call 00000001800339e0 f   sl_groundvehicleDynamics_sfun_registry.obj
 0001:00032c10       sf_process_get_updateBuildInfo_args_info_call 0000000180033c10 f   sl_groundvehicleDynamics_sfun_registry.obj
 0001:00032e40       sf_process_get_eml_resolved_functions_info_call 0000000180033e40 f   sl_groundvehicleDynamics_sfun_registry.obj
 0001:00033070       sf_mex_unlock_call         0000000180034070 f   sl_groundvehicleDynamics_sfun_registry.obj
 0001:00033290       sf_machine_global_initializer_called 0000000180034290 f   sl_groundvehicleDynamics_sfun_registry.obj
 0001:000332c0       sf_machine_global_method_dispatcher 00000001800342c0 f   sl_groundvehicleDynamics_sfun_registry.obj
 0001:00033320       sf_machine_global_terminator 0000000180034320 f   sl_groundvehicleDynamics_sfun_registry.obj
 0001:00033350       callCustomFcn              0000000180034350 f   sl_groundvehicleDynamics_sfun_registry.obj
 0001:00033360       sf_machine_global_initializer 0000000180034360 f   sl_groundvehicleDynamics_sfun_registry.obj
 0001:00033390       mdlGetSimState             0000000180034390 f   sl_groundvehicleDynamics_sfun_registry.obj
 0001:000333d0       mdlSetSimState             00000001800343d0 f   sl_groundvehicleDynamics_sfun_registry.obj
 0001:00033d40       ProcessMexSfunctionEveryCall 0000000180034d40 f   sl_groundvehicleDynamics_sfun_registry.obj
 0001:00034ec0       __local_stdio_printf_options 0000000180035ec0 f i sl_groundvehicleDynamics_sfun_registry.obj
 0001:00034ed0       _vsnprintf_l               0000000180035ed0 f i sl_groundvehicleDynamics_sfun_registry.obj
 0001:00034f50       _vsprintf_l                0000000180035f50 f i sl_groundvehicleDynamics_sfun_registry.obj
 0001:00034fa0       sprintf                    0000000180035fa0 f i sl_groundvehicleDynamics_sfun_registry.obj
 0001:00034ff0       mexfilerequiredapiversion  0000000180035ff0 f   c_mexapi_version.obj
 0001:00035020       priorityqueuecodegen_constructPQ 0000000180036020 f   priorityqueue_api.obj
 0001:000350a0       priorityqueuecodegen_destructPQ 00000001800360a0 f   priorityqueue_api.obj
 0001:00035100       priorityqueuecodegen_push  0000000180036100 f   priorityqueue_api.obj
 0001:00035140       priorityqueuecodegen_top   0000000180036140 f   priorityqueue_api.obj
 0001:000351e0       priorityqueuecodegen_pop   00000001800361e0 f   priorityqueue_api.obj
 0001:00035210       priorityqueuecodegen_size  0000000180036210 f   priorityqueue_api.obj
 0001:00035240       priorityqueuecodegen_isEmpty 0000000180036240 f   priorityqueue_api.obj
 0001:00035270       priorityqueuecodegen_getDataDim 0000000180036270 f   priorityqueue_api.obj
 0001:000352a0       priorityqueuecodegen_constructNodeMap 00000001800362a0 f   priorityqueue_api.obj
 0001:00035310       priorityqueuecodegen_destructNodeMap 0000000180036310 f   priorityqueue_api.obj
 0001:00035370       priorityqueuecodegen_nodemap_getDataDim 0000000180036370 f   priorityqueue_api.obj
 0001:000353a0       priorityqueuecodegen_nodemap_getNumNodes 00000001800363a0 f   priorityqueue_api.obj
 0001:000353f0       priorityqueuecodegen_nodemap_traceBack 00000001800363f0 f   priorityqueue_api.obj
 0001:00035540       priorityqueuecodegen_nodemap_insertNode 0000000180036540 f   priorityqueue_api.obj
 0001:00035590       priorityqueuecodegen_nodemap_getNodeData 0000000180036590 f   priorityqueue_api.obj
 0001:00035690       priorityqueuecodegen_constructSimpleMap 0000000180036690 f   priorityqueue_api.obj
 0001:00035700       priorityqueuecodegen_destructSimpleMap 0000000180036700 f   priorityqueue_api.obj
 0001:00035760       priorityqueuecodegen_simplemap_getDataDim 0000000180036760 f   priorityqueue_api.obj
 0001:00035790       priorityqueuecodegen_simplemap_getSize 0000000180036790 f   priorityqueue_api.obj
 0001:000357e0       priorityqueuecodegen_simplemap_insertData 00000001800367e0 f   priorityqueue_api.obj
 0001:00035830       priorityqueuecodegen_simplemap_getData 0000000180036830 f   priorityqueue_api.obj
 0001:00035910       ??$?0$$V@?$_Compressed_pair@V?$allocator@N@std@@V?$_Vector_val@U?$_Simple_types@N@std@@@2@$00@std@@QEAA@U_Zero_then_variadic_args_t@1@@Z 0000000180036910 f i priorityqueue_api.obj
 0001:00035940       ??$?0$$V@?$_Compressed_pair@V?$allocator@U?$pair@HV?$vector@NV?$allocator@N@std@@@std@@@std@@@std@@V?$_Vector_val@U?$_Simple_types@U?$pair@HV?$vector@NV?$allocator@N@std@@@std@@@std@@@std@@@2@$00@std@@QEAA@U_Zero_then_variadic_args_t@1@@Z 0000000180036940 f i priorityqueue_api.obj
 0001:00035970       ??$?0$$V@?$_Compressed_pair@V?$allocator@V?$vector@NV?$allocator@N@std@@@std@@@std@@V?$_Vector_val@U?$_Simple_types@V?$vector@NV?$allocator@N@std@@@std@@@std@@@2@$00@std@@QEAA@U_Zero_then_variadic_args_t@1@@Z 0000000180036970 f i priorityqueue_api.obj
 0001:000359a0       ??$?0AEAHV?$vector@NV?$allocator@N@std@@@std@@$0A@@?$pair@HV?$vector@NV?$allocator@N@std@@@std@@@std@@QEAA@AEAH$$QEAV?$vector@NV?$allocator@N@std@@@1@@Z 00000001800369a0 f i priorityqueue_api.obj
 0001:000359f0       ??$?0AEAPEAU?$_List_node@U?$pair@$$CBHH@std@@PEAX@std@@_N$0A@@?$pair@PEAU?$_List_node@U?$pair@$$CBHH@std@@PEAX@std@@_N@std@@QEAA@AEAPEAU?$_List_node@U?$pair@$$CBHH@std@@PEAX@1@$$QEA_N@Z 00000001800369f0 f i priorityqueue_api.obj
 0001:00035a40       ??$?0AEAPEAU?$_List_node@U?$pair@$$CBHV?$vector@NV?$allocator@N@std@@@std@@@std@@PEAX@std@@_N$0A@@?$pair@PEAU?$_List_node@U?$pair@$$CBHV?$vector@NV?$allocator@N@std@@@std@@@std@@PEAX@std@@_N@std@@QEAA@AEAPEAU?$_List_node@U?$pair@$$CBHV?$vector@NV?$allocator@N@std@@@std@@@std@@PEAX@1@$$QEA_N@Z 0000000180036a40 f i priorityqueue_api.obj
 0001:00035a90       ??$?0AEBH$$Z$$V@?$pair@$$CBHH@std@@QEAA@Upiecewise_construct_t@1@V?$tuple@AEBH@1@V?$tuple@$$V@1@@Z 0000000180036a90 f i priorityqueue_api.obj
 0001:00035b00       ??$?0AEBH$$Z$$V@?$pair@$$CBHV?$vector@NV?$allocator@N@std@@@std@@@std@@QEAA@Upiecewise_construct_t@1@V?$tuple@AEBH@1@V?$tuple@$$V@1@@Z 0000000180036b00 f i priorityqueue_api.obj
 0001:00035b70       ??$?0AEBH$0A@@?$tuple@AEBH@std@@QEAA@AEBH@Z 0000000180036b70 f i priorityqueue_api.obj
 0001:00035ba0       ??$?0AEBH@?$_Tuple_val@AEBH@std@@QEAA@AEBH@Z 0000000180036ba0 f i priorityqueue_api.obj
 0001:00035bd0       ??$?0AEBUpiecewise_construct_t@std@@V?$tuple@AEBH@1@V?$tuple@$$V@1@@?$_List_node_emplace_op2@V?$allocator@U?$_List_node@U?$pair@$$CBHH@std@@PEAX@std@@@std@@@std@@QEAA@AEAV?$allocator@U?$_List_node@U?$pair@$$CBHH@std@@PEAX@std@@@1@AEBUpiecewise_construct_t@1@$$QEAV?$tuple@AEBH@1@$$QEAV?$tuple@$$V@1@@Z 0000000180036bd0 f i priorityqueue_api.obj
 0001:00035c80       ??$?0AEBUpiecewise_construct_t@std@@V?$tuple@AEBH@1@V?$tuple@$$V@1@@?$_List_node_emplace_op2@V?$allocator@U?$_List_node@U?$pair@$$CBHV?$vector@NV?$allocator@N@std@@@std@@@std@@PEAX@std@@@std@@@std@@QEAA@AEAV?$allocator@U?$_List_node@U?$pair@$$CBHV?$vector@NV?$allocator@N@std@@@std@@@std@@PEAX@std@@@1@AEBUpiecewise_construct_t@1@$$QEAV?$tuple@AEBH@1@$$QEAV?$tuple@$$V@1@@Z 0000000180036c80 f i priorityqueue_api.obj
 0001:00035d30       ??$?0AEBV?$allocator@N@std@@$$V@?$_Compressed_pair@V?$allocator@N@std@@V?$_Vector_val@U?$_Simple_types@N@std@@@2@$00@std@@QEAA@U_One_then_variadic_args_t@1@AEBV?$allocator@N@1@@Z 0000000180036d30 f i priorityqueue_api.obj
 0001:00035d70       ??$?0AEBV?$allocator@U?$pair@$$CBHH@std@@@std@@$$V@?$_Compressed_pair@V?$allocator@U?$_List_node@U?$pair@$$CBHH@std@@PEAX@std@@@std@@V?$_List_val@U?$_List_simple_types@U?$pair@$$CBHH@std@@@std@@@2@$00@std@@QEAA@U_One_then_variadic_args_t@1@AEBV?$allocator@U?$pair@$$CBHH@std@@@1@@Z 0000000180036d70 f i priorityqueue_api.obj
 0001:00035db0       ??$?0AEBV?$allocator@U?$pair@$$CBHH@std@@@std@@$$V@?$_Compressed_pair@V?$allocator@V?$_List_unchecked_iterator@V?$_List_val@U?$_List_simple_types@U?$pair@$$CBHH@std@@@std@@@std@@@std@@@std@@V?$_Vector_val@U?$_Simple_types@V?$_List_unchecked_iterator@V?$_List_val@U?$_List_simple_types@U?$pair@$$CBHH@std@@@std@@@std@@@std@@@std@@@2@$00@std@@QEAA@U_One_then_variadic_args_t@1@AEBV?$allocator@U?$pair@$$CBHH@std@@@1@@Z 0000000180036db0 f i priorityqueue_api.obj
 0001:00035df0       ??$?0AEBV?$allocator@U?$pair@$$CBHH@std@@@std@@$0A@@?$_Hash_vec@V?$allocator@V?$_List_unchecked_iterator@V?$_List_val@U?$_List_simple_types@U?$pair@$$CBHH@std@@@std@@@std@@@std@@@std@@@std@@QEAA@AEBV?$allocator@U?$pair@$$CBHH@std@@@1@@Z 0000000180036df0 f i priorityqueue_api.obj
 0001:00035e40       ??$?0AEBV?$allocator@U?$pair@$$CBHV?$vector@NV?$allocator@N@std@@@std@@@std@@@std@@$$V@?$_Compressed_pair@V?$allocator@U?$_List_node@U?$pair@$$CBHV?$vector@NV?$allocator@N@std@@@std@@@std@@PEAX@std@@@std@@V?$_List_val@U?$_List_simple_types@U?$pair@$$CBHV?$vector@NV?$allocator@N@std@@@std@@@std@@@std@@@2@$00@std@@QEAA@U_One_then_variadic_args_t@1@AEBV?$allocator@U?$pair@$$CBHV?$vector@NV?$allocator@N@std@@@std@@@std@@@1@@Z 0000000180036e40 f i priorityqueue_api.obj
 0001:00035e80       ??$?0AEBV?$allocator@U?$pair@$$CBHV?$vector@NV?$allocator@N@std@@@std@@@std@@@std@@$$V@?$_Compressed_pair@V?$allocator@V?$_List_unchecked_iterator@V?$_List_val@U?$_List_simple_types@U?$pair@$$CBHV?$vector@NV?$allocator@N@std@@@std@@@std@@@std@@@std@@@std@@@std@@V?$_Vector_val@U?$_Simple_types@V?$_List_unchecked_iterator@V?$_List_val@U?$_List_simple_types@U?$pair@$$CBHV?$vector@NV?$allocator@N@std@@@std@@@std@@@std@@@std@@@std@@@std@@@2@$00@std@@QEAA@U_One_then_variadic_args_t@1@AEBV?$allocator@U?$pair@$$CBHV?$vector@NV?$allocator@N@std@@@std@@@std@@@1@@Z 0000000180036e80 f i priorityqueue_api.obj
 0001:00035ec0       ??$?0AEBV?$allocator@U?$pair@$$CBHV?$vector@NV?$allocator@N@std@@@std@@@std@@@std@@$0A@@?$_Hash_vec@V?$allocator@V?$_List_unchecked_iterator@V?$_List_val@U?$_List_simple_types@U?$pair@$$CBHV?$vector@NV?$allocator@N@std@@@std@@@std@@@std@@@std@@@std@@@std@@@std@@QEAA@AEBV?$allocator@U?$pair@$$CBHV?$vector@NV?$allocator@N@std@@@std@@@std@@@1@@Z 0000000180036ec0 f i priorityqueue_api.obj
 0001:00035f10       ??$?0HV?$vector@NV?$allocator@N@std@@@std@@$0A@@?$pair@HV?$vector@NV?$allocator@N@std@@@std@@@std@@QEAA@$$QEAH$$QEAV?$vector@NV?$allocator@N@std@@@1@@Z 0000000180036f10 f i priorityqueue_api.obj
 0001:00035f60       ??$?0M@?$_Compressed_pair@U?$equal_to@H@std@@M$00@std@@QEAA@U_Zero_then_variadic_args_t@1@$$QEAM@Z 0000000180036f60 f i priorityqueue_api.obj
 0001:00035fa0       ??$?0PEAU?$_List_node@U?$pair@$$CBHH@std@@PEAX@std@@_N$0A@@?$pair@PEAU?$_List_node@U?$pair@$$CBHH@std@@PEAX@std@@_N@std@@QEAA@$$QEAPEAU?$_List_node@U?$pair@$$CBHH@std@@PEAX@1@$$QEA_N@Z 0000000180036fa0 f i priorityqueue_api.obj
 0001:00035ff0       ??$?0PEAU?$_List_node@U?$pair@$$CBHV?$vector@NV?$allocator@N@std@@@std@@@std@@PEAX@std@@_N$0A@@?$pair@PEAU?$_List_node@U?$pair@$$CBHV?$vector@NV?$allocator@N@std@@@std@@@std@@PEAX@std@@_N@std@@QEAA@$$QEAPEAU?$_List_node@U?$pair@$$CBHV?$vector@NV?$allocator@N@std@@@std@@@std@@PEAX@1@$$QEA_N@Z 0000000180036ff0 f i priorityqueue_api.obj
 0001:00036040       ??$?0PEBN$0A@@?$vector@NV?$allocator@N@std@@@std@@QEAA@PEBN0AEBV?$allocator@N@1@@Z 0000000180037040 f i priorityqueue_api.obj
 0001:00036100       ??$?0U?$pair@$$CBHH@std@@@?$allocator@U?$_List_node@U?$pair@$$CBHH@std@@PEAX@std@@@std@@QEAA@AEBV?$allocator@U?$pair@$$CBHH@std@@@1@@Z 0000000180037100 f i priorityqueue_api.obj
 0001:00036110       ??$?0U?$pair@$$CBHH@std@@@?$allocator@V?$_List_unchecked_iterator@V?$_List_val@U?$_List_simple_types@U?$pair@$$CBHH@std@@@std@@@std@@@std@@@std@@QEAA@AEBV?$allocator@U?$pair@$$CBHH@std@@@1@@Z 0000000180037110 f i priorityqueue_api.obj
 0001:00036120       ??$?0U?$pair@$$CBHV?$vector@NV?$allocator@N@std@@@std@@@std@@@?$allocator@U?$_List_node@U?$pair@$$CBHV?$vector@NV?$allocator@N@std@@@std@@@std@@PEAX@std@@@std@@QEAA@AEBV?$allocator@U?$pair@$$CBHV?$vector@NV?$allocator@N@std@@@std@@@std@@@1@@Z 0000000180037120 f i priorityqueue_api.obj
 0001:00036130       ??$?0U?$pair@$$CBHV?$vector@NV?$allocator@N@std@@@std@@@std@@@?$allocator@V?$_List_unchecked_iterator@V?$_List_val@U?$_List_simple_types@U?$pair@$$CBHV?$vector@NV?$allocator@N@std@@@std@@@std@@@std@@@std@@@std@@@std@@QEAA@AEBV?$allocator@U?$pair@$$CBHV?$vector@NV?$allocator@N@std@@@std@@@std@@@1@@Z 0000000180037130 f i priorityqueue_api.obj
 0001:00036140       ??$?0U_Exact_args_t@std@@$0A@@?$tuple@$$V@std@@QEAA@U_Exact_args_t@1@@Z 0000000180037140 f i priorityqueue_api.obj
 0001:00036150       ??$?0U_Exact_args_t@std@@AEBH$$V$0A@@?$tuple@AEBH@std@@QEAA@U_Exact_args_t@1@AEBH@Z 0000000180037150 f i priorityqueue_api.obj
 0001:000361a0       ??$?0U_Zero_then_variadic_args_t@std@@M@?$_Compressed_pair@U?$hash@H@std@@V?$_Compressed_pair@U?$equal_to@H@std@@M$00@2@$00@std@@QEAA@U_Zero_then_variadic_args_t@1@$$QEAU21@$$QEAM@Z 00000001800371a0 f i priorityqueue_api.obj
 0001:000361f0       ??$?0V?$allocator@N@std@@$$V@?$_Compressed_pair@V?$allocator@N@std@@V?$_Vector_val@U?$_Simple_types@N@std@@@2@$00@std@@QEAA@U_One_then_variadic_args_t@1@$$QEAV?$allocator@N@1@@Z 00000001800371f0 f i priorityqueue_api.obj
 0001:00036230       ??$?0V?$allocator@N@std@@PEANPEANPEAN@?$_Compressed_pair@V?$allocator@N@std@@V?$_Vector_val@U?$_Simple_types@N@std@@@2@$00@std@@QEAA@U_One_then_variadic_args_t@1@$$QEAV?$allocator@N@1@$$QEAPEAN22@Z 0000000180037230 f i priorityqueue_api.obj
 0001:000362a0       ??$?0V?$allocator@V?$vector@NV?$allocator@N@std@@@std@@@std@@PEAV?$vector@NV?$allocator@N@std@@@1@PEAV21@PEAV21@@?$_Compressed_pair@V?$allocator@V?$vector@NV?$allocator@N@std@@@std@@@std@@V?$_Vector_val@U?$_Simple_types@V?$vector@NV?$allocator@N@std@@@std@@@std@@@2@$00@std@@QEAA@U_One_then_variadic_args_t@1@$$QEAV?$allocator@V?$vector@NV?$allocator@N@std@@@std@@@1@$$QEAPEAV?$vector@NV?$allocator@N@std@@@1@22@Z 00000001800372a0 f i priorityqueue_api.obj
 0001:00036310       ??$?0V?$tuple@AEBH@std@@V?$tuple@$$V@1@$0A@$$Z$S@?$pair@$$CBHH@std@@QEAA@AEAV?$tuple@AEBH@1@AEAV?$tuple@$$V@1@U?$integer_sequence@_K$0A@@1@U?$integer_sequence@_K$S@1@@Z 0000000180037310 f i priorityqueue_api.obj
 0001:00036360       ??$?0V?$tuple@AEBH@std@@V?$tuple@$$V@1@$0A@$$Z$S@?$pair@$$CBHV?$vector@NV?$allocator@N@std@@@std@@@std@@QEAA@AEAV?$tuple@AEBH@1@AEAV?$tuple@$$V@1@U?$integer_sequence@_K$0A@@1@U?$integer_sequence@_K$S@1@@Z 0000000180037360 f i priorityqueue_api.obj
 0001:000363b0       ??$?4U?$pair@HV?$vector@NV?$allocator@N@std@@@std@@@std@@$0A@@?$pair@HV?$vector@NV?$allocator@N@std@@@std@@@std@@QEAAAEAU01@$$QEAU01@@Z 00000001800373b0 f i priorityqueue_api.obj
 0001:00036400       ??$?RH@?$_Uhash_compare@HU?$hash@H@std@@U?$equal_to@H@2@@std@@QEBA_KAEBH@Z 0000000180037400 f i priorityqueue_api.obj
 0001:00036430       ??$?RHH@?$_Uhash_compare@HU?$hash@H@std@@U?$equal_to@H@2@@std@@QEBA_NAEBH0@Z 0000000180037430 f i priorityqueue_api.obj
 0001:00036490       ??$_Adl_verify_range@PEAV?$_List_unchecked_iterator@V?$_List_val@U?$_List_simple_types@U?$pair@$$CBHH@std@@@std@@@std@@@std@@PEAV12@@std@@YAXAEBQEAV?$_List_unchecked_iterator@V?$_List_val@U?$_List_simple_types@U?$pair@$$CBHH@std@@@std@@@std@@@0@0@Z 0000000180037490 f i priorityqueue_api.obj
 0001:000364a0       ??$_Adl_verify_range@PEAV?$_List_unchecked_iterator@V?$_List_val@U?$_List_simple_types@U?$pair@$$CBHV?$vector@NV?$allocator@N@std@@@std@@@std@@@std@@@std@@@std@@PEAV12@@std@@YAXAEBQEAV?$_List_unchecked_iterator@V?$_List_val@U?$_List_simple_types@U?$pair@$$CBHV?$vector@NV?$allocator@N@std@@@std@@@std@@@std@@@std@@@0@0@Z 00000001800374a0 f i priorityqueue_api.obj
 0001:000364b0       ??$_Adl_verify_range@PEBNPEBN@std@@YAXAEBQEBN0@Z 00000001800374b0 f i priorityqueue_api.obj
 0001:000364c0       ??$_Adl_verify_range@V?$_Vector_iterator@V?$_Vector_val@U?$_Simple_types@U?$pair@HV?$vector@NV?$allocator@N@std@@@std@@@std@@@std@@@std@@@std@@V12@@std@@YAXAEBV?$_Vector_iterator@V?$_Vector_val@U?$_Simple_types@U?$pair@HV?$vector@NV?$allocator@N@std@@@std@@@std@@@std@@@std@@@0@0@Z 00000001800374c0 f i priorityqueue_api.obj
 0001:000364d0       ??$_Allocate@$0BA@U_Default_allocate_traits@std@@$0A@@std@@YAPEAX_K@Z 00000001800374d0 f i priorityqueue_api.obj
 0001:00036510       ??$_Allocate_at_least_helper@V?$allocator@N@std@@@std@@YAPEANAEAV?$allocator@N@0@AEA_K@Z 0000000180037510 f i priorityqueue_api.obj
 0001:00036540       ??$_Allocate_at_least_helper@V?$allocator@U?$pair@HV?$vector@NV?$allocator@N@std@@@std@@@std@@@std@@@std@@YAPEAU?$pair@HV?$vector@NV?$allocator@N@std@@@std@@@0@AEAV?$allocator@U?$pair@HV?$vector@NV?$allocator@N@std@@@std@@@std@@@0@AEA_K@Z 0000000180037540 f i priorityqueue_api.obj
 0001:00036570       ??$_Allocate_at_least_helper@V?$allocator@V?$vector@NV?$allocator@N@std@@@std@@@std@@@std@@YAPEAV?$vector@NV?$allocator@N@std@@@0@AEAV?$allocator@V?$vector@NV?$allocator@N@std@@@std@@@0@AEA_K@Z 0000000180037570 f i priorityqueue_api.obj
 0001:000365a0       ??$_Allocate_manually_vector_aligned@U_Default_allocate_traits@std@@@std@@YAPEAX_K@Z 00000001800375a0 f i priorityqueue_api.obj
 0001:00036630       ??$_Construct_in_place@PEAU?$_List_node@U?$pair@$$CBHH@std@@PEAX@std@@AEAPEAU12@@std@@YAXAEAPEAU?$_List_node@U?$pair@$$CBHH@std@@PEAX@0@0@Z 0000000180037630 f i priorityqueue_api.obj
 0001:00036680       ??$_Construct_in_place@PEAU?$_List_node@U?$pair@$$CBHH@std@@PEAX@std@@AEBQEAU12@@std@@YAXAEAPEAU?$_List_node@U?$pair@$$CBHH@std@@PEAX@0@AEBQEAU10@@Z 0000000180037680 f i priorityqueue_api.obj
 0001:000366d0       ??$_Construct_in_place@PEAU?$_List_node@U?$pair@$$CBHV?$vector@NV?$allocator@N@std@@@std@@@std@@PEAX@std@@AEAPEAU12@@std@@YAXAEAPEAU?$_List_node@U?$pair@$$CBHV?$vector@NV?$allocator@N@std@@@std@@@std@@PEAX@0@0@Z 00000001800376d0 f i priorityqueue_api.obj
 0001:00036720       ??$_Construct_in_place@PEAU?$_List_node@U?$pair@$$CBHV?$vector@NV?$allocator@N@std@@@std@@@std@@PEAX@std@@AEBQEAU12@@std@@YAXAEAPEAU?$_List_node@U?$pair@$$CBHV?$vector@NV?$allocator@N@std@@@std@@@std@@PEAX@0@AEBQEAU10@@Z 0000000180037720 f i priorityqueue_api.obj
 0001:00036770       ??$_Construct_in_place@U?$pair@HV?$vector@NV?$allocator@N@std@@@std@@@std@@AEAHV?$vector@NV?$allocator@N@std@@@2@@std@@YAXAEAU?$pair@HV?$vector@NV?$allocator@N@std@@@std@@@0@AEAH$$QEAV?$vector@NV?$allocator@N@std@@@0@@Z 0000000180037770 f i priorityqueue_api.obj
 0001:000367e0       ??$_Construct_in_place@V?$_List_unchecked_iterator@V?$_List_val@U?$_List_simple_types@U?$pair@$$CBHH@std@@@std@@@std@@@std@@AEBV12@@std@@YAXAEAV?$_List_unchecked_iterator@V?$_List_val@U?$_List_simple_types@U?$pair@$$CBHH@std@@@std@@@std@@@0@AEBV10@@Z 00000001800377e0 f i priorityqueue_api.obj
 0001:00036830       ??$_Construct_in_place@V?$_List_unchecked_iterator@V?$_List_val@U?$_List_simple_types@U?$pair@$$CBHV?$vector@NV?$allocator@N@std@@@std@@@std@@@std@@@std@@@std@@AEBV12@@std@@YAXAEAV?$_List_unchecked_iterator@V?$_List_val@U?$_List_simple_types@U?$pair@$$CBHV?$vector@NV?$allocator@N@std@@@std@@@std@@@std@@@std@@@0@AEBV10@@Z 0000000180037830 f i priorityqueue_api.obj
 0001:00036880       ??$_Construct_n@AEBN@?$vector@NV?$allocator@N@std@@@std@@AEAAX_KAEBN@Z 0000000180037880 f i priorityqueue_api.obj
 0001:00036940       ??$_Construct_n@AEBQEANAEBQEAN@?$vector@NV?$allocator@N@std@@@std@@AEAAX_KAEBQEAN1@Z 0000000180037940 f i priorityqueue_api.obj
 0001:00036a20       ??$_Construct_n@PEBNPEBN@?$vector@NV?$allocator@N@std@@@std@@AEAAX_K$$QEAPEBN1@Z 0000000180037a20 f i priorityqueue_api.obj
 0001:00036b00       ??$_Convert_size@_K_K@std@@YA_K_K@Z 0000000180037b00 f i priorityqueue_api.obj
 0001:00036b10       ??$_Copy_memmove@PEANPEAN@std@@YAPEANPEAN00@Z 0000000180037b10 f i priorityqueue_api.obj
 0001:00036bb0       ??$_Copy_memmove@PEBNPEAN@std@@YAPEANPEBN0PEAN@Z 0000000180037bb0 f i priorityqueue_api.obj
 0001:00036c50       ??$_Deallocate@$0BA@$0A@@std@@YAXPEAX_K@Z 0000000180037c50 f i priorityqueue_api.obj
 0001:00036c90       ??$_Destroy_in_place@PEAU?$_List_node@U?$pair@$$CBHH@std@@PEAX@std@@@std@@YAXAEAPEAU?$_List_node@U?$pair@$$CBHH@std@@PEAX@0@@Z 0000000180037c90 f i priorityqueue_api.obj
 0001:00036ca0       ??$_Destroy_in_place@PEAU?$_List_node@U?$pair@$$CBHV?$vector@NV?$allocator@N@std@@@std@@@std@@PEAX@std@@@std@@YAXAEAPEAU?$_List_node@U?$pair@$$CBHV?$vector@NV?$allocator@N@std@@@std@@@std@@PEAX@0@@Z 0000000180037ca0 f i priorityqueue_api.obj
 0001:00036cb0       ??$_Destroy_range@PEAV?$_List_unchecked_iterator@V?$_List_val@U?$_List_simple_types@U?$pair@$$CBHH@std@@@std@@@std@@@std@@PEAV12@@std@@YAXPEAV?$_List_unchecked_iterator@V?$_List_val@U?$_List_simple_types@U?$pair@$$CBHH@std@@@std@@@std@@@0@QEAV10@@Z 0000000180037cb0 f i priorityqueue_api.obj
 0001:00036cc0       ??$_Destroy_range@PEAV?$_List_unchecked_iterator@V?$_List_val@U?$_List_simple_types@U?$pair@$$CBHV?$vector@NV?$allocator@N@std@@@std@@@std@@@std@@@std@@@std@@PEAV12@@std@@YAXPEAV?$_List_unchecked_iterator@V?$_List_val@U?$_List_simple_types@U?$pair@$$CBHV?$vector@NV?$allocator@N@std@@@std@@@std@@@std@@@std@@@0@QEAV10@@Z 0000000180037cc0 f i priorityqueue_api.obj
 0001:00036cd0       ??$_Destroy_range@V?$allocator@N@std@@@std@@YAXPEANQEANAEAV?$allocator@N@0@@Z 0000000180037cd0 f i priorityqueue_api.obj
 0001:00036ce0       ??$_Destroy_range@V?$allocator@U?$pair@HV?$vector@NV?$allocator@N@std@@@std@@@std@@@std@@@std@@YAXPEAU?$pair@HV?$vector@NV?$allocator@N@std@@@std@@@0@QEAU10@AEAV?$allocator@U?$pair@HV?$vector@NV?$allocator@N@std@@@std@@@std@@@0@@Z 0000000180037ce0 f i priorityqueue_api.obj
 0001:00036d30       ??$_Destroy_range@V?$allocator@V?$vector@NV?$allocator@N@std@@@std@@@std@@@std@@YAXPEAV?$vector@NV?$allocator@N@std@@@0@QEAV10@AEAV?$allocator@V?$vector@NV?$allocator@N@std@@@std@@@0@@Z 0000000180037d30 f i priorityqueue_api.obj
 0001:00036d80       ??$_Emplace_back@AEAN@?$_Uninitialized_backout_al@V?$allocator@N@std@@@std@@QEAAXAEAN@Z 0000000180037d80 f i priorityqueue_api.obj
 0001:00036de0       ??$_Emplace_back@AEBN@?$_Uninitialized_backout_al@V?$allocator@N@std@@@std@@QEAAXAEBN@Z 0000000180037de0 f i priorityqueue_api.obj
 0001:00036e40       ??$_Emplace_back@AEBV?$_List_unchecked_iterator@V?$_List_val@U?$_List_simple_types@U?$pair@$$CBHH@std@@@std@@@std@@@std@@@?$_Uninitialized_backout@PEAV?$_List_unchecked_iterator@V?$_List_val@U?$_List_simple_types@U?$pair@$$CBHH@std@@@std@@@std@@@std@@@std@@QEAAXAEBV?$_List_unchecked_iterator@V?$_List_val@U?$_List_simple_types@U?$pair@$$CBHH@std@@@std@@@std@@@1@@Z 0000000180037e40 f i priorityqueue_api.obj
 0001:00036e90       ??$_Emplace_back@AEBV?$_List_unchecked_iterator@V?$_List_val@U?$_List_simple_types@U?$pair@$$CBHV?$vector@NV?$allocator@N@std@@@std@@@std@@@std@@@std@@@std@@@?$_Uninitialized_backout@PEAV?$_List_unchecked_iterator@V?$_List_val@U?$_List_simple_types@U?$pair@$$CBHV?$vector@NV?$allocator@N@std@@@std@@@std@@@std@@@std@@@std@@@std@@QEAAXAEBV?$_List_unchecked_iterator@V?$_List_val@U?$_List_simple_types@U?$pair@$$CBHV?$vector@NV?$allocator@N@std@@@std@@@std@@@std@@@std@@@1@@Z 0000000180037e90 f i priorityqueue_api.obj
 0001:00036ee0       ??$_Emplace_back@U?$pair@HV?$vector@NV?$allocator@N@std@@@std@@@std@@@?$_Uninitialized_backout_al@V?$allocator@U?$pair@HV?$vector@NV?$allocator@N@std@@@std@@@std@@@std@@@std@@QEAAX$$QEAU?$pair@HV?$vector@NV?$allocator@N@std@@@std@@@1@@Z 0000000180037ee0 f i priorityqueue_api.obj
 0001:00036f40       ??$_Emplace_back@V?$vector@NV?$allocator@N@std@@@std@@@?$_Uninitialized_backout_al@V?$allocator@V?$vector@NV?$allocator@N@std@@@std@@@std@@@std@@QEAAX$$QEAV?$vector@NV?$allocator@N@std@@@1@@Z 0000000180037f40 f i priorityqueue_api.obj
 0001:00036fa0       ??$_Emplace_back_with_unused_capacity@AEAHV?$vector@NV?$allocator@N@std@@@std@@@?$vector@U?$pair@HV?$vector@NV?$allocator@N@std@@@std@@@std@@V?$allocator@U?$pair@HV?$vector@NV?$allocator@N@std@@@std@@@std@@@2@@std@@AEAAAEAU?$pair@HV?$vector@NV?$allocator@N@std@@@std@@@1@AEAH$$QEAV?$vector@NV?$allocator@N@std@@@1@@Z 0000000180037fa0 f i priorityqueue_api.obj
 0001:00037050       ??$_Emplace_back_with_unused_capacity@AEBHN@?$vector@V?$vector@NV?$allocator@N@std@@@std@@V?$allocator@V?$vector@NV?$allocator@N@std@@@std@@@2@@std@@AEAAAEAV?$vector@NV?$allocator@N@std@@@1@AEBH$$QEAN@Z 0000000180038050 f i priorityqueue_api.obj
 0001:00037120       ??$_Emplace_back_with_unused_capacity@AEBV?$vector@NV?$allocator@N@std@@@std@@@?$vector@V?$vector@NV?$allocator@N@std@@@std@@V?$allocator@V?$vector@NV?$allocator@N@std@@@std@@@2@@std@@AEAAAEAV?$vector@NV?$allocator@N@std@@@1@AEBV21@@Z 0000000180038120 f i priorityqueue_api.obj
 0001:000371d0       ??$_Emplace_one_at_back@AEAHV?$vector@NV?$allocator@N@std@@@std@@@?$vector@U?$pair@HV?$vector@NV?$allocator@N@std@@@std@@@std@@V?$allocator@U?$pair@HV?$vector@NV?$allocator@N@std@@@std@@@std@@@2@@std@@AEAAAEAU?$pair@HV?$vector@NV?$allocator@N@std@@@std@@@1@AEAH$$QEAV?$vector@NV?$allocator@N@std@@@1@@Z 00000001800381d0 f i priorityqueue_api.obj
 0001:00037280       ??$_Emplace_one_at_back@AEBHN@?$vector@V?$vector@NV?$allocator@N@std@@@std@@V?$allocator@V?$vector@NV?$allocator@N@std@@@std@@@2@@std@@AEAAAEAV?$vector@NV?$allocator@N@std@@@1@AEBH$$QEAN@Z 0000000180038280 f i priorityqueue_api.obj
 0001:00037330       ??$_Emplace_one_at_back@AEBV?$vector@NV?$allocator@N@std@@@std@@@?$vector@V?$vector@NV?$allocator@N@std@@@std@@V?$allocator@V?$vector@NV?$allocator@N@std@@@std@@@2@@std@@AEAAAEAV?$vector@NV?$allocator@N@std@@@1@AEBV21@@Z 0000000180038330 f i priorityqueue_api.obj
 0001:000373b0       ??$_Emplace_reallocate@AEAHV?$vector@NV?$allocator@N@std@@@std@@@?$vector@U?$pair@HV?$vector@NV?$allocator@N@std@@@std@@@std@@V?$allocator@U?$pair@HV?$vector@NV?$allocator@N@std@@@std@@@std@@@2@@std@@AEAAPEAU?$pair@HV?$vector@NV?$allocator@N@std@@@std@@@1@QEAU21@AEAH$$QEAV?$vector@NV?$allocator@N@std@@@1@@Z 00000001800383b0 f i priorityqueue_api.obj
 0001:000375f0       ??$_Emplace_reallocate@AEBHN@?$vector@V?$vector@NV?$allocator@N@std@@@std@@V?$allocator@V?$vector@NV?$allocator@N@std@@@std@@@2@@std@@AEAAPEAV?$vector@NV?$allocator@N@std@@@1@QEAV21@AEBH$$QEAN@Z 00000001800385f0 f i priorityqueue_api.obj
 0001:00037830       ??$_Emplace_reallocate@AEBV?$vector@NV?$allocator@N@std@@@std@@@?$vector@V?$vector@NV?$allocator@N@std@@@std@@V?$allocator@V?$vector@NV?$allocator@N@std@@@std@@@2@@std@@AEAAPEAV?$vector@NV?$allocator@N@std@@@1@QEAV21@AEBV21@@Z 0000000180038830 f i priorityqueue_api.obj
 0001:00037a50       ??$_Fill_zero_memset@PEAN@std@@YAXPEAN_K@Z 0000000180038a50 f i priorityqueue_api.obj
 0001:00037a90       ??$_Find@H@?$_Hash@V?$_Umap_traits@HHV?$_Uhash_compare@HU?$hash@H@std@@U?$equal_to@H@2@@std@@V?$allocator@U?$pair@$$CBHH@std@@@2@$0A@@std@@@std@@AEBAPEAU?$_List_node@U?$pair@$$CBHH@std@@PEAX@1@AEBH_K@Z 0000000180038a90 f i priorityqueue_api.obj
 0001:00037af0       ??$_Find@H@?$_Hash@V?$_Umap_traits@HV?$vector@NV?$allocator@N@std@@@std@@V?$_Uhash_compare@HU?$hash@H@std@@U?$equal_to@H@2@@2@V?$allocator@U?$pair@$$CBHV?$vector@NV?$allocator@N@std@@@std@@@std@@@2@$0A@@std@@@std@@AEBAPEAU?$_List_node@U?$pair@$$CBHV?$vector@NV?$allocator@N@std@@@std@@@std@@PEAX@1@AEBH_K@Z 0000000180038af0 f i priorityqueue_api.obj
 0001:00037b50       ??$_Find_last@H@?$_Hash@V?$_Umap_traits@HHV?$_Uhash_compare@HU?$hash@H@std@@U?$equal_to@H@2@@std@@V?$allocator@U?$pair@$$CBHH@std@@@2@$0A@@std@@@std@@IEBA?AU?$_Hash_find_last_result@PEAU?$_List_node@U?$pair@$$CBHH@std@@PEAX@std@@@1@AEBH_K@Z 0000000180038b50 f i priorityqueue_api.obj
 0001:00037c90       ??$_Find_last@H@?$_Hash@V?$_Umap_traits@HV?$vector@NV?$allocator@N@std@@@std@@V?$_Uhash_compare@HU?$hash@H@std@@U?$equal_to@H@2@@2@V?$allocator@U?$pair@$$CBHV?$vector@NV?$allocator@N@std@@@std@@@std@@@2@$0A@@std@@@std@@IEBA?AU?$_Hash_find_last_result@PEAU?$_List_node@U?$pair@$$CBHV?$vector@NV?$allocator@N@std@@@std@@@std@@PEAX@std@@@1@AEBH_K@Z 0000000180038c90 f i priorityqueue_api.obj
 0001:00037dd0       ??$_Fnv1a_append_value@H@std@@YA_K_KAEBH@Z 0000000180038dd0 f i priorityqueue_api.obj
 0001:00037e00       ??$_Free_non_head@V?$allocator@U?$_List_node@U?$pair@$$CBHH@std@@PEAX@std@@@std@@@?$_List_node@U?$pair@$$CBHH@std@@PEAX@std@@SAXAEAV?$allocator@U?$_List_node@U?$pair@$$CBHH@std@@PEAX@std@@@1@PEAU01@@Z 0000000180038e00 f i priorityqueue_api.obj
 0001:00037e70       ??$_Free_non_head@V?$allocator@U?$_List_node@U?$pair@$$CBHV?$vector@NV?$allocator@N@std@@@std@@@std@@PEAX@std@@@std@@@?$_List_node@U?$pair@$$CBHV?$vector@NV?$allocator@N@std@@@std@@@std@@PEAX@std@@SAXAEAV?$allocator@U?$_List_node@U?$pair@$$CBHV?$vector@NV?$allocator@N@std@@@std@@@std@@PEAX@std@@@1@PEAU01@@Z 0000000180038e70 f i priorityqueue_api.obj
 0001:00037ee0       ??$_Freenode0@V?$allocator@U?$_List_node@U?$pair@$$CBHH@std@@PEAX@std@@@std@@@?$_List_node@U?$pair@$$CBHH@std@@PEAX@std@@SAXAEAV?$allocator@U?$_List_node@U?$pair@$$CBHH@std@@PEAX@std@@@1@PEAU01@@Z 0000000180038ee0 f i priorityqueue_api.obj
 0001:00037f30       ??$_Freenode0@V?$allocator@U?$_List_node@U?$pair@$$CBHV?$vector@NV?$allocator@N@std@@@std@@@std@@PEAX@std@@@std@@@?$_List_node@U?$pair@$$CBHV?$vector@NV?$allocator@N@std@@@std@@@std@@PEAX@std@@SAXAEAV?$allocator@U?$_List_node@U?$pair@$$CBHV?$vector@NV?$allocator@N@std@@@std@@@std@@PEAX@std@@@1@PEAU01@@Z 0000000180038f30 f i priorityqueue_api.obj
 0001:00037f80       ??$_Freenode@V?$allocator@U?$_List_node@U?$pair@$$CBHH@std@@PEAX@std@@@std@@@?$_List_node@U?$pair@$$CBHH@std@@PEAX@std@@SAXAEAV?$allocator@U?$_List_node@U?$pair@$$CBHH@std@@PEAX@std@@@1@PEAU01@@Z 0000000180038f80 f i priorityqueue_api.obj
 0001:00037fd0       ??$_Freenode@V?$allocator@U?$_List_node@U?$pair@$$CBHV?$vector@NV?$allocator@N@std@@@std@@@std@@PEAX@std@@@std@@@?$_List_node@U?$pair@$$CBHV?$vector@NV?$allocator@N@std@@@std@@@std@@PEAX@std@@SAXAEAV?$allocator@U?$_List_node@U?$pair@$$CBHV?$vector@NV?$allocator@N@std@@@std@@@std@@PEAX@std@@@1@PEAU01@@Z 0000000180038fd0 f i priorityqueue_api.obj
 0001:00038020       ??$_Get_size_of_n@$07@std@@YA_K_K@Z 0000000180039020 f i priorityqueue_api.obj
 0001:00038070       ??$_Get_size_of_n@$0BI@@std@@YA_K_K@Z 0000000180039070 f i priorityqueue_api.obj
 0001:000380b0       ??$_Get_size_of_n@$0CA@@std@@YA_K_K@Z 00000001800390b0 f i priorityqueue_api.obj
 0001:000380f0       ??$_Get_size_of_n@$0DA@@std@@YA_K_K@Z 00000001800390f0 f i priorityqueue_api.obj
 0001:00038130       ??$_Get_unwrapped@AEAPEBN@std@@YA?A_TAEAPEBN@Z 0000000180039130 f i priorityqueue_api.obj
 0001:00038140       ??$_Get_unwrapped@AEAV?$_Vector_iterator@V?$_Vector_val@U?$_Simple_types@U?$pair@HV?$vector@NV?$allocator@N@std@@@std@@@std@@@std@@@std@@@std@@@std@@YA?A_TAEAV?$_Vector_iterator@V?$_Vector_val@U?$_Simple_types@U?$pair@HV?$vector@NV?$allocator@N@std@@@std@@@std@@@std@@@std@@@0@@Z 0000000180039140 f i priorityqueue_api.obj
 0001:00038160       ??$_Get_unwrapped@AEBQEAU?$pair@HV?$vector@NV?$allocator@N@std@@@std@@@std@@@std@@YA?A_TAEBQEAU?$pair@HV?$vector@NV?$allocator@N@std@@@std@@@0@@Z 0000000180039160 f i priorityqueue_api.obj
 0001:00038170       ??$_Get_unwrapped@AEBQEAV?$_List_unchecked_iterator@V?$_List_val@U?$_List_simple_types@U?$pair@$$CBHH@std@@@std@@@std@@@std@@@std@@YA?A_TAEBQEAV?$_List_unchecked_iterator@V?$_List_val@U?$_List_simple_types@U?$pair@$$CBHH@std@@@std@@@std@@@0@@Z 0000000180039170 f i priorityqueue_api.obj
 0001:00038180       ??$_Get_unwrapped@AEBQEAV?$_List_unchecked_iterator@V?$_List_val@U?$_List_simple_types@U?$pair@$$CBHV?$vector@NV?$allocator@N@std@@@std@@@std@@@std@@@std@@@std@@@std@@YA?A_TAEBQEAV?$_List_unchecked_iterator@V?$_List_val@U?$_List_simple_types@U?$pair@$$CBHV?$vector@NV?$allocator@N@std@@@std@@@std@@@std@@@std@@@0@@Z 0000000180039180 f i priorityqueue_api.obj
 0001:00038190       ??$_Get_unwrapped@AEBQEAV?$vector@NV?$allocator@N@std@@@std@@@std@@YA?A_TAEBQEAV?$vector@NV?$allocator@N@std@@@0@@Z 0000000180039190 f i priorityqueue_api.obj
 0001:000381a0       ??$_Get_unwrapped@PEAN@std@@YA?A_T$$QEAPEAN@Z 00000001800391a0 f i priorityqueue_api.obj
 0001:000381b0       ??$_Get_unwrapped@PEBN@std@@YA?A_T$$QEAPEBN@Z 00000001800391b0 f i priorityqueue_api.obj
 0001:000381c0       ??$_Hash_representation@H@std@@YA_KAEBH@Z 00000001800391c0 f i priorityqueue_api.obj
 0001:000381f0       ??$_Is_all_bits_zero@N@std@@YA_NAEBN@Z 00000001800391f0 f i priorityqueue_api.obj
 0001:00038240       ??$_Kfn@$$CBHH@?$_Umap_traits@HHV?$_Uhash_compare@HU?$hash@H@std@@U?$equal_to@H@2@@std@@V?$allocator@U?$pair@$$CBHH@std@@@2@$0A@@std@@SAAEBHAEBU?$pair@$$CBHH@1@@Z 0000000180039240 f i priorityqueue_api.obj
 0001:00038250       ??$_Kfn@$$CBHV?$vector@NV?$allocator@N@std@@@std@@@?$_Umap_traits@HV?$vector@NV?$allocator@N@std@@@std@@V?$_Uhash_compare@HU?$hash@H@std@@U?$equal_to@H@2@@2@V?$allocator@U?$pair@$$CBHV?$vector@NV?$allocator@N@std@@@std@@@std@@@2@$0A@@std@@SAAEBHAEBU?$pair@$$CBHV?$vector@NV?$allocator@N@std@@@std@@@1@@Z 0000000180039250 f i priorityqueue_api.obj
 0001:00038260       ??$_Pass_fn@Ucomparator@PriorityQueueImpl@nav@@@std@@YA?A_PAEAUcomparator@PriorityQueueImpl@nav@@@Z 0000000180039260 f i priorityqueue_api.obj
 0001:00038290       ??$_Pocma@V?$allocator@N@std@@@std@@YAXAEAV?$allocator@N@0@0@Z 0000000180039290 f i priorityqueue_api.obj
 0001:000382b0       ??$_Pocma@V?$allocator@U?$_List_node@U?$pair@$$CBHH@std@@PEAX@std@@@std@@@std@@YAXAEAV?$allocator@U?$_List_node@U?$pair@$$CBHH@std@@PEAX@std@@@0@0@Z 00000001800392b0 f i priorityqueue_api.obj
 0001:000382d0       ??$_Pocma@V?$allocator@U?$_List_node@U?$pair@$$CBHV?$vector@NV?$allocator@N@std@@@std@@@std@@PEAX@std@@@std@@@std@@YAXAEAV?$allocator@U?$_List_node@U?$pair@$$CBHV?$vector@NV?$allocator@N@std@@@std@@@std@@PEAX@std@@@0@0@Z 00000001800392d0 f i priorityqueue_api.obj
 0001:000382f0       ??$_Pocma@V?$allocator@U?$pair@HV?$vector@NV?$allocator@N@std@@@std@@@std@@@std@@@std@@YAXAEAV?$allocator@U?$pair@HV?$vector@NV?$allocator@N@std@@@std@@@std@@@0@0@Z 00000001800392f0 f i priorityqueue_api.obj
 0001:00038310       ??$_Pocma@V?$allocator@V?$_List_unchecked_iterator@V?$_List_val@U?$_List_simple_types@U?$pair@$$CBHH@std@@@std@@@std@@@std@@@std@@@std@@YAXAEAV?$allocator@V?$_List_unchecked_iterator@V?$_List_val@U?$_List_simple_types@U?$pair@$$CBHH@std@@@std@@@std@@@std@@@0@0@Z 0000000180039310 f i priorityqueue_api.obj
 0001:00038330       ??$_Pocma@V?$allocator@V?$_List_unchecked_iterator@V?$_List_val@U?$_List_simple_types@U?$pair@$$CBHV?$vector@NV?$allocator@N@std@@@std@@@std@@@std@@@std@@@std@@@std@@@std@@YAXAEAV?$allocator@V?$_List_unchecked_iterator@V?$_List_val@U?$_List_simple_types@U?$pair@$$CBHV?$vector@NV?$allocator@N@std@@@std@@@std@@@std@@@std@@@std@@@0@0@Z 0000000180039330 f i priorityqueue_api.obj
 0001:00038350       ??$_Pop_heap_hole_by_index@PEAU?$pair@HV?$vector@NV?$allocator@N@std@@@std@@@std@@U12@Ucomparator@PriorityQueueImpl@nav@@@std@@YAXPEAU?$pair@HV?$vector@NV?$allocator@N@std@@@std@@@0@_J1$$QEAU10@Ucomparator@PriorityQueueImpl@nav@@@Z 0000000180039350 f i priorityqueue_api.obj
 0001:000384e0       ??$_Pop_heap_hole_unchecked@PEAU?$pair@HV?$vector@NV?$allocator@N@std@@@std@@@std@@U12@Ucomparator@PriorityQueueImpl@nav@@@std@@YAXPEAU?$pair@HV?$vector@NV?$allocator@N@std@@@std@@@0@00$$QEAU10@Ucomparator@PriorityQueueImpl@nav@@@Z 00000001800394e0 f i priorityqueue_api.obj
 0001:00038550       ??$_Pop_heap_unchecked@PEAU?$pair@HV?$vector@NV?$allocator@N@std@@@std@@@std@@Ucomparator@PriorityQueueImpl@nav@@@std@@YAXPEAU?$pair@HV?$vector@NV?$allocator@N@std@@@std@@@0@0Ucomparator@PriorityQueueImpl@nav@@@Z 0000000180039550 f i priorityqueue_api.obj
 0001:000385e0       ??$_Push_heap_by_index@PEAU?$pair@HV?$vector@NV?$allocator@N@std@@@std@@@std@@U12@Ucomparator@PriorityQueueImpl@nav@@@std@@YAXPEAU?$pair@HV?$vector@NV?$allocator@N@std@@@std@@@0@_J1$$QEAU10@Ucomparator@PriorityQueueImpl@nav@@@Z 00000001800395e0 f i priorityqueue_api.obj
 0001:000386c0       ??$_To_address@PEAN@std@@YA?A_PAEBQEAN@Z 00000001800396c0 f i priorityqueue_api.obj
 0001:000386d0       ??$_To_address@PEBN@std@@YA?A_PAEBQEBN@Z 00000001800396d0 f i priorityqueue_api.obj
 0001:000386e0       ??$_Try_emplace@AEBH$$V@?$_Hash@V?$_Umap_traits@HHV?$_Uhash_compare@HU?$hash@H@std@@U?$equal_to@H@2@@std@@V?$allocator@U?$pair@$$CBHH@std@@@2@$0A@@std@@@std@@IEAA?AU?$pair@PEAU?$_List_node@U?$pair@$$CBHH@std@@PEAX@std@@_N@1@AEBH@Z 00000001800396e0 f i priorityqueue_api.obj
 0001:000388b0       ??$_Try_emplace@AEBH$$V@?$_Hash@V?$_Umap_traits@HV?$vector@NV?$allocator@N@std@@@std@@V?$_Uhash_compare@HU?$hash@H@std@@U?$equal_to@H@2@@2@V?$allocator@U?$pair@$$CBHV?$vector@NV?$allocator@N@std@@@std@@@std@@@2@$0A@@std@@@std@@IEAA?AU?$pair@PEAU?$_List_node@U?$pair@$$CBHV?$vector@NV?$allocator@N@std@@@std@@@std@@PEAX@std@@_N@1@AEBH@Z 00000001800398b0 f i priorityqueue_api.obj
 0001:00038a80       ??$_Tuple_get@$0A@AEBH@std@@YA$$QEA_P$$QEAV?$tuple@AEBH@0@@Z 0000000180039a80 f i priorityqueue_api.obj
 0001:00038a90       ??$_Unfancy@N@std@@YAPEANPEAN@Z 0000000180039a90 f i priorityqueue_api.obj
 0001:00038aa0       ??$_Unfancy@U?$pair@HV?$vector@NV?$allocator@N@std@@@std@@@std@@@std@@YAPEAU?$pair@HV?$vector@NV?$allocator@N@std@@@std@@@0@PEAU10@@Z 0000000180039aa0 f i priorityqueue_api.obj
 0001:00038ab0       ??$_Unfancy@V?$vector@NV?$allocator@N@std@@@std@@@std@@YAPEAV?$vector@NV?$allocator@N@std@@@0@PEAV10@@Z 0000000180039ab0 f i priorityqueue_api.obj
 0001:00038ac0       ??$_Uninitialized_copy@PEANPEANV?$allocator@N@std@@@std@@YAPEANPEAN00AEAV?$allocator@N@0@@Z 0000000180039ac0 f i priorityqueue_api.obj
 0001:00038bf0       ??$_Uninitialized_copy@PEBNPEBNV?$allocator@N@std@@@std@@YAPEANPEBN0PEANAEAV?$allocator@N@0@@Z 0000000180039bf0 f i priorityqueue_api.obj
 0001:00038d20       ??$_Uninitialized_fill_n@V?$allocator@N@std@@@std@@YAPEANPEAN_KAEBNAEAV?$allocator@N@0@@Z 0000000180039d20 f i priorityqueue_api.obj
 0001:00038dd0       ??$_Uninitialized_move@PEAU?$pair@HV?$vector@NV?$allocator@N@std@@@std@@@std@@V?$allocator@U?$pair@HV?$vector@NV?$allocator@N@std@@@std@@@std@@@2@@std@@YAPEAU?$pair@HV?$vector@NV?$allocator@N@std@@@std@@@0@QEAU10@0PEAU10@AEAV?$allocator@U?$pair@HV?$vector@NV?$allocator@N@std@@@std@@@std@@@0@@Z 0000000180039dd0 f i priorityqueue_api.obj
 0001:00038e80       ??$_Uninitialized_move@PEAV?$vector@NV?$allocator@N@std@@@std@@V?$allocator@V?$vector@NV?$allocator@N@std@@@std@@@2@@std@@YAPEAV?$vector@NV?$allocator@N@std@@@0@QEAV10@0PEAV10@AEAV?$allocator@V?$vector@NV?$allocator@N@std@@@std@@@0@@Z 0000000180039e80 f i priorityqueue_api.obj
 0001:00038f30       ??$addressof@$$CBV?$_List_val@U?$_List_simple_types@U?$pair@$$CBHH@std@@@std@@@std@@@std@@YAPEBV?$_List_val@U?$_List_simple_types@U?$pair@$$CBHH@std@@@std@@@0@AEBV10@@Z 0000000180039f30 f i priorityqueue_api.obj
 0001:00038f40       ??$addressof@$$CBV?$_List_val@U?$_List_simple_types@U?$pair@$$CBHV?$vector@NV?$allocator@N@std@@@std@@@std@@@std@@@std@@@std@@YAPEBV?$_List_val@U?$_List_simple_types@U?$pair@$$CBHV?$vector@NV?$allocator@N@std@@@std@@@std@@@std@@@0@AEBV10@@Z 0000000180039f40 f i priorityqueue_api.obj
 0001:00038f50       ??$addressof@PEAU?$_List_node@U?$pair@$$CBHH@std@@PEAX@std@@@std@@YAPEAPEAU?$_List_node@U?$pair@$$CBHH@std@@PEAX@0@AEAPEAU10@@Z 0000000180039f50 f i priorityqueue_api.obj
 0001:00038f60       ??$addressof@PEAU?$_List_node@U?$pair@$$CBHV?$vector@NV?$allocator@N@std@@@std@@@std@@PEAX@std@@@std@@YAPEAPEAU?$_List_node@U?$pair@$$CBHV?$vector@NV?$allocator@N@std@@@std@@@std@@PEAX@0@AEAPEAU10@@Z 0000000180039f60 f i priorityqueue_api.obj
 0001:00038f70       ??$addressof@U?$pair@$$CBHH@std@@@std@@YAPEAU?$pair@$$CBHH@0@AEAU10@@Z 0000000180039f70 f i priorityqueue_api.obj
 0001:00038f80       ??$addressof@U?$pair@$$CBHV?$vector@NV?$allocator@N@std@@@std@@@std@@@std@@YAPEAU?$pair@$$CBHV?$vector@NV?$allocator@N@std@@@std@@@0@AEAU10@@Z 0000000180039f80 f i priorityqueue_api.obj
 0001:00038f90       ??$addressof@U?$pair@HV?$vector@NV?$allocator@N@std@@@std@@@std@@@std@@YAPEAU?$pair@HV?$vector@NV?$allocator@N@std@@@std@@@0@AEAU10@@Z 0000000180039f90 f i priorityqueue_api.obj
 0001:00038fa0       ??$addressof@V?$_Hash@V?$_Umap_traits@HHV?$_Uhash_compare@HU?$hash@H@std@@U?$equal_to@H@2@@std@@V?$allocator@U?$pair@$$CBHH@std@@@2@$0A@@std@@@std@@@std@@YAPEAV?$_Hash@V?$_Umap_traits@HHV?$_Uhash_compare@HU?$hash@H@std@@U?$equal_to@H@2@@std@@V?$allocator@U?$pair@$$CBHH@std@@@2@$0A@@std@@@0@AEAV10@@Z 0000000180039fa0 f i priorityqueue_api.obj
 0001:00038fb0       ??$addressof@V?$_Hash@V?$_Umap_traits@HV?$vector@NV?$allocator@N@std@@@std@@V?$_Uhash_compare@HU?$hash@H@std@@U?$equal_to@H@2@@2@V?$allocator@U?$pair@$$CBHV?$vector@NV?$allocator@N@std@@@std@@@std@@@2@$0A@@std@@@std@@@std@@YAPEAV?$_Hash@V?$_Umap_traits@HV?$vector@NV?$allocator@N@std@@@std@@V?$_Uhash_compare@HU?$hash@H@std@@U?$equal_to@H@2@@2@V?$allocator@U?$pair@$$CBHV?$vector@NV?$allocator@N@std@@@std@@@std@@@2@$0A@@std@@@0@AEAV10@@Z 0000000180039fb0 f i priorityqueue_api.obj
 0001:00038fc0       ??$addressof@V?$_List_unchecked_iterator@V?$_List_val@U?$_List_simple_types@U?$pair@$$CBHH@std@@@std@@@std@@@std@@@std@@YAPEAV?$_List_unchecked_iterator@V?$_List_val@U?$_List_simple_types@U?$pair@$$CBHH@std@@@std@@@std@@@0@AEAV10@@Z 0000000180039fc0 f i priorityqueue_api.obj
 0001:00038fd0       ??$addressof@V?$_List_unchecked_iterator@V?$_List_val@U?$_List_simple_types@U?$pair@$$CBHV?$vector@NV?$allocator@N@std@@@std@@@std@@@std@@@std@@@std@@@std@@YAPEAV?$_List_unchecked_iterator@V?$_List_val@U?$_List_simple_types@U?$pair@$$CBHV?$vector@NV?$allocator@N@std@@@std@@@std@@@std@@@std@@@0@AEAV10@@Z 0000000180039fd0 f i priorityqueue_api.obj
 0001:00038fe0       ??$addressof@V?$_List_val@U?$_List_simple_types@U?$pair@$$CBHH@std@@@std@@@std@@@std@@YAPEAV?$_List_val@U?$_List_simple_types@U?$pair@$$CBHH@std@@@std@@@0@AEAV10@@Z 0000000180039fe0 f i priorityqueue_api.obj
 0001:00038ff0       ??$addressof@V?$_List_val@U?$_List_simple_types@U?$pair@$$CBHV?$vector@NV?$allocator@N@std@@@std@@@std@@@std@@@std@@@std@@YAPEAV?$_List_val@U?$_List_simple_types@U?$pair@$$CBHV?$vector@NV?$allocator@N@std@@@std@@@std@@@std@@@0@AEAV10@@Z 0000000180039ff0 f i priorityqueue_api.obj
 0001:00039000       ??$addressof@V?$_Vector_val@U?$_Simple_types@U?$pair@HV?$vector@NV?$allocator@N@std@@@std@@@std@@@std@@@std@@@std@@YAPEAV?$_Vector_val@U?$_Simple_types@U?$pair@HV?$vector@NV?$allocator@N@std@@@std@@@std@@@std@@@0@AEAV10@@Z 000000018003a000 f i priorityqueue_api.obj
 0001:00039010       ??$addressof@V?$_Vector_val@U?$_Simple_types@V?$vector@NV?$allocator@N@std@@@std@@@std@@@std@@@std@@YAPEAV?$_Vector_val@U?$_Simple_types@V?$vector@NV?$allocator@N@std@@@std@@@std@@@0@AEAV10@@Z 000000018003a010 f i priorityqueue_api.obj
 0001:00039020       ??$addressof@V?$vector@NV?$allocator@N@std@@@std@@@std@@YAPEAV?$vector@NV?$allocator@N@std@@@0@AEAV10@@Z 000000018003a020 f i priorityqueue_api.obj
 0001:00039030       ??$addressof@V?$vector@U?$pair@HV?$vector@NV?$allocator@N@std@@@std@@@std@@V?$allocator@U?$pair@HV?$vector@NV?$allocator@N@std@@@std@@@std@@@2@@std@@@std@@YAPEAV?$vector@U?$pair@HV?$vector@NV?$allocator@N@std@@@std@@@std@@V?$allocator@U?$pair@HV?$vector@NV?$allocator@N@std@@@std@@@std@@@2@@0@AEAV10@@Z 000000018003a030 f i priorityqueue_api.obj
 0001:00039040       ??$construct@NAEAN@?$_Default_allocator_traits@V?$allocator@N@std@@@std@@SAXAEAV?$allocator@N@1@QEANAEAN@Z 000000018003a040 f i priorityqueue_api.obj
 0001:00039090       ??$construct@NAEBN@?$_Default_allocator_traits@V?$allocator@N@std@@@std@@SAXAEAV?$allocator@N@1@QEANAEBN@Z 000000018003a090 f i priorityqueue_api.obj
 0001:000390e0       ??$construct@U?$pair@$$CBHH@std@@AEBUpiecewise_construct_t@2@V?$tuple@AEBH@2@V?$tuple@$$V@2@@?$_Default_allocator_traits@V?$allocator@U?$_List_node@U?$pair@$$CBHH@std@@PEAX@std@@@std@@@std@@SAXAEAV?$allocator@U?$_List_node@U?$pair@$$CBHH@std@@PEAX@std@@@1@QEAU?$pair@$$CBHH@1@AEBUpiecewise_construct_t@1@$$QEAV?$tuple@AEBH@1@$$QEAV?$tuple@$$V@1@@Z 000000018003a0e0 f i priorityqueue_api.obj
 0001:00039190       ??$construct@U?$pair@$$CBHV?$vector@NV?$allocator@N@std@@@std@@@std@@AEBUpiecewise_construct_t@2@V?$tuple@AEBH@2@V?$tuple@$$V@2@@?$_Default_allocator_traits@V?$allocator@U?$_List_node@U?$pair@$$CBHV?$vector@NV?$allocator@N@std@@@std@@@std@@PEAX@std@@@std@@@std@@SAXAEAV?$allocator@U?$_List_node@U?$pair@$$CBHV?$vector@NV?$allocator@N@std@@@std@@@std@@PEAX@std@@@1@QEAU?$pair@$$CBHV?$vector@NV?$allocator@N@std@@@std@@@1@AEBUpiecewise_construct_t@1@$$QEAV?$tuple@AEBH@1@$$QEAV?$tuple@$$V@1@@Z 000000018003a190 f i priorityqueue_api.obj
 0001:00039240       ??$construct@U?$pair@HV?$vector@NV?$allocator@N@std@@@std@@@std@@AEAHV?$vector@NV?$allocator@N@std@@@2@@?$_Default_allocator_traits@V?$allocator@U?$pair@HV?$vector@NV?$allocator@N@std@@@std@@@std@@@std@@@std@@SAXAEAV?$allocator@U?$pair@HV?$vector@NV?$allocator@N@std@@@std@@@std@@@1@QEAU?$pair@HV?$vector@NV?$allocator@N@std@@@std@@@1@AEAH$$QEAV?$vector@NV?$allocator@N@std@@@1@@Z 000000018003a240 f i priorityqueue_api.obj
 0001:000392a0       ??$construct@U?$pair@HV?$vector@NV?$allocator@N@std@@@std@@@std@@U12@@?$_Default_allocator_traits@V?$allocator@U?$pair@HV?$vector@NV?$allocator@N@std@@@std@@@std@@@std@@@std@@SAXAEAV?$allocator@U?$pair@HV?$vector@NV?$allocator@N@std@@@std@@@std@@@1@QEAU?$pair@HV?$vector@NV?$allocator@N@std@@@std@@@1@$$QEAU31@@Z 000000018003a2a0 f i priorityqueue_api.obj
 0001:000392f0       ??$construct@V?$vector@NV?$allocator@N@std@@@std@@AEBHN@?$_Default_allocator_traits@V?$allocator@V?$vector@NV?$allocator@N@std@@@std@@@std@@@std@@SAXAEAV?$allocator@V?$vector@NV?$allocator@N@std@@@std@@@1@QEAV?$vector@NV?$allocator@N@std@@@1@AEBH$$QEAN@Z 000000018003a2f0 f i priorityqueue_api.obj
 0001:00039370       ??$construct@V?$vector@NV?$allocator@N@std@@@std@@AEBV12@@?$_Default_allocator_traits@V?$allocator@V?$vector@NV?$allocator@N@std@@@std@@@std@@@std@@SAXAEAV?$allocator@V?$vector@NV?$allocator@N@std@@@std@@@1@QEAV?$vector@NV?$allocator@N@std@@@1@AEBV31@@Z 000000018003a370 f i priorityqueue_api.obj
 0001:000393c0       ??$construct@V?$vector@NV?$allocator@N@std@@@std@@V12@@?$_Default_allocator_traits@V?$allocator@V?$vector@NV?$allocator@N@std@@@std@@@std@@@std@@SAXAEAV?$allocator@V?$vector@NV?$allocator@N@std@@@std@@@1@QEAV?$vector@NV?$allocator@N@std@@@1@$$QEAV31@@Z 000000018003a3c0 f i priorityqueue_api.obj
 0001:00039410       ??$destroy@U?$pair@$$CBHH@std@@@?$_Default_allocator_traits@V?$allocator@U?$_List_node@U?$pair@$$CBHH@std@@PEAX@std@@@std@@@std@@SAXAEAV?$allocator@U?$_List_node@U?$pair@$$CBHH@std@@PEAX@std@@@1@QEAU?$pair@$$CBHH@1@@Z 000000018003a410 f i priorityqueue_api.obj
 0001:00039420       ??$destroy@U?$pair@$$CBHV?$vector@NV?$allocator@N@std@@@std@@@std@@@?$_Default_allocator_traits@V?$allocator@U?$_List_node@U?$pair@$$CBHV?$vector@NV?$allocator@N@std@@@std@@@std@@PEAX@std@@@std@@@std@@SAXAEAV?$allocator@U?$_List_node@U?$pair@$$CBHV?$vector@NV?$allocator@N@std@@@std@@@std@@PEAX@std@@@1@QEAU?$pair@$$CBHV?$vector@NV?$allocator@N@std@@@std@@@1@@Z 000000018003a420 f i priorityqueue_api.obj
 0001:00039440       ??$destroy@U?$pair@HV?$vector@NV?$allocator@N@std@@@std@@@std@@@?$_Default_allocator_traits@V?$allocator@U?$pair@HV?$vector@NV?$allocator@N@std@@@std@@@std@@@std@@@std@@SAXAEAV?$allocator@U?$pair@HV?$vector@NV?$allocator@N@std@@@std@@@std@@@1@QEAU?$pair@HV?$vector@NV?$allocator@N@std@@@std@@@1@@Z 000000018003a440 f i priorityqueue_api.obj
 0001:00039460       ??$destroy@V?$vector@NV?$allocator@N@std@@@std@@@?$_Default_allocator_traits@V?$allocator@V?$vector@NV?$allocator@N@std@@@std@@@std@@@std@@SAXAEAV?$allocator@V?$vector@NV?$allocator@N@std@@@std@@@1@QEAV?$vector@NV?$allocator@N@std@@@1@@Z 000000018003a460 f i priorityqueue_api.obj
 0001:00039480       ??$distance@PEBN@std@@YA_JPEBN0@Z 000000018003a480 f i priorityqueue_api.obj
 0001:000394a0       ??$emplace@AEAHV?$vector@NV?$allocator@N@std@@@std@@@?$priority_queue@U?$pair@HV?$vector@NV?$allocator@N@std@@@std@@@std@@V?$vector@U?$pair@HV?$vector@NV?$allocator@N@std@@@std@@@std@@V?$allocator@U?$pair@HV?$vector@NV?$allocator@N@std@@@std@@@std@@@2@@2@Ucomparator@PriorityQueueImpl@nav@@@std@@QEAAXAEAH$$QEAV?$vector@NV?$allocator@N@std@@@1@@Z 000000018003a4a0 f i priorityqueue_api.obj
 0001:00039540       ??$emplace_back@AEAHV?$vector@NV?$allocator@N@std@@@std@@@?$vector@U?$pair@HV?$vector@NV?$allocator@N@std@@@std@@@std@@V?$allocator@U?$pair@HV?$vector@NV?$allocator@N@std@@@std@@@std@@@2@@std@@QEAA?A_TAEAH$$QEAV?$vector@NV?$allocator@N@std@@@1@@Z 000000018003a540 f i priorityqueue_api.obj
 0001:00039590       ??$emplace_back@AEBHN@?$vector@V?$vector@NV?$allocator@N@std@@@std@@V?$allocator@V?$vector@NV?$allocator@N@std@@@std@@@2@@std@@QEAA?A_TAEBH$$QEAN@Z 000000018003a590 f i priorityqueue_api.obj
 0001:000395e0       ??$exchange@PEAN$$T@std@@YAPEANAEAPEAN$$QEA$$T@Z 000000018003a5e0 f i priorityqueue_api.obj
 0001:00039620       ??$exchange@PEAU?$_List_node@U?$pair@$$CBHH@std@@PEAX@std@@$$T@std@@YAPEAU?$_List_node@U?$pair@$$CBHH@std@@PEAX@0@AEAPEAU10@$$QEA$$T@Z 000000018003a620 f i priorityqueue_api.obj
 0001:00039660       ??$exchange@PEAU?$_List_node@U?$pair@$$CBHV?$vector@NV?$allocator@N@std@@@std@@@std@@PEAX@std@@$$T@std@@YAPEAU?$_List_node@U?$pair@$$CBHV?$vector@NV?$allocator@N@std@@@std@@@std@@PEAX@0@AEAPEAU10@$$QEA$$T@Z 000000018003a660 f i priorityqueue_api.obj
 0001:000396a0       ??$exchange@PEAV?$vector@NV?$allocator@N@std@@@std@@$$T@std@@YAPEAV?$vector@NV?$allocator@N@std@@@0@AEAPEAV10@$$QEA$$T@Z 000000018003a6a0 f i priorityqueue_api.obj
 0001:000396e0       ??$fill@PEAV?$_List_unchecked_iterator@V?$_List_val@U?$_List_simple_types@U?$pair@$$CBHH@std@@@std@@@std@@@std@@V12@@std@@YAXQEAV?$_List_unchecked_iterator@V?$_List_val@U?$_List_simple_types@U?$pair@$$CBHH@std@@@std@@@std@@@0@0AEBV10@@Z 000000018003a6e0 f i priorityqueue_api.obj
 0001:00039760       ??$fill@PEAV?$_List_unchecked_iterator@V?$_List_val@U?$_List_simple_types@U?$pair@$$CBHV?$vector@NV?$allocator@N@std@@@std@@@std@@@std@@@std@@@std@@V12@@std@@YAXQEAV?$_List_unchecked_iterator@V?$_List_val@U?$_List_simple_types@U?$pair@$$CBHV?$vector@NV?$allocator@N@std@@@std@@@std@@@std@@@std@@@0@0AEBV10@@Z 000000018003a760 f i priorityqueue_api.obj
 0001:000397e0       ??$find@X@?$_Hash@V?$_Umap_traits@HHV?$_Uhash_compare@HU?$hash@H@std@@U?$equal_to@H@2@@std@@V?$allocator@U?$pair@$$CBHH@std@@@2@$0A@@std@@@std@@QEAA?AV?$_List_iterator@V?$_List_val@U?$_List_simple_types@U?$pair@$$CBHH@std@@@std@@@std@@@1@AEBH@Z 000000018003a7e0 f i priorityqueue_api.obj
 0001:00039840       ??$find@X@?$_Hash@V?$_Umap_traits@HV?$vector@NV?$allocator@N@std@@@std@@V?$_Uhash_compare@HU?$hash@H@std@@U?$equal_to@H@2@@2@V?$allocator@U?$pair@$$CBHV?$vector@NV?$allocator@N@std@@@std@@@std@@@2@$0A@@std@@@std@@QEAA?AV?$_List_iterator@V?$_List_val@U?$_List_simple_types@U?$pair@$$CBHV?$vector@NV?$allocator@N@std@@@std@@@std@@@std@@@std@@@1@AEBH@Z 000000018003a840 f i priorityqueue_api.obj
 0001:000398a0       ??$forward@AEAH@std@@YAAEAHAEAH@Z 000000018003a8a0 f i priorityqueue_api.obj
 0001:000398b0       ??$forward@AEAN@std@@YAAEANAEAN@Z 000000018003a8b0 f i priorityqueue_api.obj
 0001:000398c0       ??$forward@AEAPEAU?$_List_node@U?$pair@$$CBHH@std@@PEAX@std@@@std@@YAAEAPEAU?$_List_node@U?$pair@$$CBHH@std@@PEAX@0@AEAPEAU10@@Z 000000018003a8c0 f i priorityqueue_api.obj
 0001:000398d0       ??$forward@AEAPEAU?$_List_node@U?$pair@$$CBHV?$vector@NV?$allocator@N@std@@@std@@@std@@PEAX@std@@@std@@YAAEAPEAU?$_List_node@U?$pair@$$CBHV?$vector@NV?$allocator@N@std@@@std@@@std@@PEAX@0@AEAPEAU10@@Z 000000018003a8d0 f i priorityqueue_api.obj
 0001:000398e0       ??$forward@AEBH@std@@YAAEBHAEBH@Z 000000018003a8e0 f i priorityqueue_api.obj
 0001:000398f0       ??$forward@AEBN@std@@YAAEBNAEBN@Z 000000018003a8f0 f i priorityqueue_api.obj
 0001:00039900       ??$forward@AEBQEAN@std@@YAAEBQEANAEBQEAN@Z 000000018003a900 f i priorityqueue_api.obj
 0001:00039910       ??$forward@AEBQEAU?$_List_node@U?$pair@$$CBHH@std@@PEAX@std@@@std@@YAAEBQEAU?$_List_node@U?$pair@$$CBHH@std@@PEAX@0@AEBQEAU10@@Z 000000018003a910 f i priorityqueue_api.obj
 0001:00039920       ??$forward@AEBQEAU?$_List_node@U?$pair@$$CBHV?$vector@NV?$allocator@N@std@@@std@@@std@@PEAX@std@@@std@@YAAEBQEAU?$_List_node@U?$pair@$$CBHV?$vector@NV?$allocator@N@std@@@std@@@std@@PEAX@0@AEBQEAU10@@Z 000000018003a920 f i priorityqueue_api.obj
 0001:00039930       ??$forward@AEBUpiecewise_construct_t@std@@@std@@YAAEBUpiecewise_construct_t@0@AEBU10@@Z 000000018003a930 f i priorityqueue_api.obj
 0001:00039940       ??$forward@AEBV?$_List_unchecked_iterator@V?$_List_val@U?$_List_simple_types@U?$pair@$$CBHH@std@@@std@@@std@@@std@@@std@@YAAEBV?$_List_unchecked_iterator@V?$_List_val@U?$_List_simple_types@U?$pair@$$CBHH@std@@@std@@@std@@@0@AEBV10@@Z 000000018003a940 f i priorityqueue_api.obj
 0001:00039950       ??$forward@AEBV?$_List_unchecked_iterator@V?$_List_val@U?$_List_simple_types@U?$pair@$$CBHV?$vector@NV?$allocator@N@std@@@std@@@std@@@std@@@std@@@std@@@std@@YAAEBV?$_List_unchecked_iterator@V?$_List_val@U?$_List_simple_types@U?$pair@$$CBHV?$vector@NV?$allocator@N@std@@@std@@@std@@@std@@@std@@@0@AEBV10@@Z 000000018003a950 f i priorityqueue_api.obj
 0001:00039960       ??$forward@AEBV?$allocator@N@std@@@std@@YAAEBV?$allocator@N@0@AEBV10@@Z 000000018003a960 f i priorityqueue_api.obj
 0001:00039970       ??$forward@AEBV?$allocator@U?$pair@$$CBHH@std@@@std@@@std@@YAAEBV?$allocator@U?$pair@$$CBHH@std@@@0@AEBV10@@Z 000000018003a970 f i priorityqueue_api.obj
 0001:00039980       ??$forward@AEBV?$allocator@U?$pair@$$CBHV?$vector@NV?$allocator@N@std@@@std@@@std@@@std@@@std@@YAAEBV?$allocator@U?$pair@$$CBHV?$vector@NV?$allocator@N@std@@@std@@@std@@@0@AEBV10@@Z 000000018003a980 f i priorityqueue_api.obj
 0001:00039990       ??$forward@AEBV?$vector@NV?$allocator@N@std@@@std@@@std@@YAAEBV?$vector@NV?$allocator@N@std@@@0@AEBV10@@Z 000000018003a990 f i priorityqueue_api.obj
 0001:000399a0       ??$forward@H@std@@YA$$QEAHAEAH@Z 000000018003a9a0 f i priorityqueue_api.obj
 0001:000399b0       ??$forward@M@std@@YA$$QEAMAEAM@Z 000000018003a9b0 f i priorityqueue_api.obj
 0001:000399c0       ??$forward@N@std@@YA$$QEANAEAN@Z 000000018003a9c0 f i priorityqueue_api.obj
 0001:000399d0       ??$forward@PEAN@std@@YA$$QEAPEANAEAPEAN@Z 000000018003a9d0 f i priorityqueue_api.obj
 0001:000399e0       ??$forward@PEAU?$_List_node@U?$pair@$$CBHH@std@@PEAX@std@@@std@@YA$$QEAPEAU?$_List_node@U?$pair@$$CBHH@std@@PEAX@0@AEAPEAU10@@Z 000000018003a9e0 f i priorityqueue_api.obj
 0001:000399f0       ??$forward@PEAU?$_List_node@U?$pair@$$CBHV?$vector@NV?$allocator@N@std@@@std@@@std@@PEAX@std@@@std@@YA$$QEAPEAU?$_List_node@U?$pair@$$CBHV?$vector@NV?$allocator@N@std@@@std@@@std@@PEAX@0@AEAPEAU10@@Z 000000018003a9f0 f i priorityqueue_api.obj
 0001:00039a00       ??$forward@PEAV?$vector@NV?$allocator@N@std@@@std@@@std@@YA$$QEAPEAV?$vector@NV?$allocator@N@std@@@0@AEAPEAV10@@Z 000000018003aa00 f i priorityqueue_api.obj
 0001:00039a10       ??$forward@PEBN@std@@YA$$QEAPEBNAEAPEBN@Z 000000018003aa10 f i priorityqueue_api.obj
 0001:00039a20       ??$forward@U?$pair@HV?$vector@NV?$allocator@N@std@@@std@@@std@@@std@@YA$$QEAU?$pair@HV?$vector@NV?$allocator@N@std@@@std@@@0@AEAU10@@Z 000000018003aa20 f i priorityqueue_api.obj
 0001:00039a30       ??$forward@U_Zero_then_variadic_args_t@std@@@std@@YA$$QEAU_Zero_then_variadic_args_t@0@AEAU10@@Z 000000018003aa30 f i priorityqueue_api.obj
 0001:00039a40       ??$forward@V?$allocator@N@std@@@std@@YA$$QEAV?$allocator@N@0@AEAV10@@Z 000000018003aa40 f i priorityqueue_api.obj
 0001:00039a50       ??$forward@V?$allocator@V?$vector@NV?$allocator@N@std@@@std@@@std@@@std@@YA$$QEAV?$allocator@V?$vector@NV?$allocator@N@std@@@std@@@0@AEAV10@@Z 000000018003aa50 f i priorityqueue_api.obj
 0001:00039a60       ??$forward@V?$tuple@$$V@std@@@std@@YA$$QEAV?$tuple@$$V@0@AEAV10@@Z 000000018003aa60 f i priorityqueue_api.obj
 0001:00039a70       ??$forward@V?$tuple@AEBH@std@@@std@@YA$$QEAV?$tuple@AEBH@0@AEAV10@@Z 000000018003aa70 f i priorityqueue_api.obj
 0001:00039a80       ??$forward@V?$vector@NV?$allocator@N@std@@@std@@@std@@YA$$QEAV?$vector@NV?$allocator@N@std@@@0@AEAV10@@Z 000000018003aa80 f i priorityqueue_api.obj
 0001:00039a90       ??$forward@_N@std@@YA$$QEA_NAEA_N@Z 000000018003aa90 f i priorityqueue_api.obj
 0001:00039aa0       ??$forward_as_tuple@$$V@std@@YA?AV?$tuple@$$V@0@XZ 000000018003aaa0 f i priorityqueue_api.obj
 0001:00039ab0       ??$forward_as_tuple@AEBH@std@@YA?AV?$tuple@AEBH@0@AEBH@Z 000000018003aab0 f i priorityqueue_api.obj
 0001:00039ae0       ??$make_pair@HV?$vector@NV?$allocator@N@std@@@std@@@std@@YA?AU?$pair@HV?$vector@NV?$allocator@N@std@@@std@@@0@$$QEAH$$QEAV?$vector@NV?$allocator@N@std@@@0@@Z 000000018003aae0 f i priorityqueue_api.obj
 0001:00039b30       ??$max@_K@std@@YAAEB_KAEB_K0@Z 000000018003ab30 f i priorityqueue_api.obj
 0001:00039b80       ??$min@_K@std@@YAAEB_KAEB_K0@Z 000000018003ab80 f i priorityqueue_api.obj
 0001:00039bd0       ??$move@AEAPEAN@std@@YA$$QEAPEANAEAPEAN@Z 000000018003abd0 f i priorityqueue_api.obj
 0001:00039be0       ??$move@AEAPEAU?$_List_node@U?$pair@$$CBHH@std@@PEAX@std@@@std@@YA$$QEAPEAU?$_List_node@U?$pair@$$CBHH@std@@PEAX@0@AEAPEAU10@@Z 000000018003abe0 f i priorityqueue_api.obj
 0001:00039bf0       ??$move@AEAPEAU?$_List_node@U?$pair@$$CBHV?$vector@NV?$allocator@N@std@@@std@@@std@@PEAX@std@@@std@@YA$$QEAPEAU?$_List_node@U?$pair@$$CBHV?$vector@NV?$allocator@N@std@@@std@@@std@@PEAX@0@AEAPEAU10@@Z 000000018003abf0 f i priorityqueue_api.obj
 0001:00039c00       ??$move@AEAPEAV?$_List_unchecked_iterator@V?$_List_val@U?$_List_simple_types@U?$pair@$$CBHH@std@@@std@@@std@@@std@@@std@@YA$$QEAPEAV?$_List_unchecked_iterator@V?$_List_val@U?$_List_simple_types@U?$pair@$$CBHH@std@@@std@@@std@@@0@AEAPEAV10@@Z 000000018003ac00 f i priorityqueue_api.obj
 0001:00039c10       ??$move@AEAPEAV?$_List_unchecked_iterator@V?$_List_val@U?$_List_simple_types@U?$pair@$$CBHV?$vector@NV?$allocator@N@std@@@std@@@std@@@std@@@std@@@std@@@std@@YA$$QEAPEAV?$_List_unchecked_iterator@V?$_List_val@U?$_List_simple_types@U?$pair@$$CBHV?$vector@NV?$allocator@N@std@@@std@@@std@@@std@@@std@@@0@AEAPEAV10@@Z 000000018003ac10 f i priorityqueue_api.obj
 0001:00039c20       ??$move@AEAPEBN@std@@YA$$QEAPEBNAEAPEBN@Z 000000018003ac20 f i priorityqueue_api.obj
 0001:00039c30       ??$move@AEAU?$pair@HV?$vector@NV?$allocator@N@std@@@std@@@std@@@std@@YA$$QEAU?$pair@HV?$vector@NV?$allocator@N@std@@@std@@@0@AEAU10@@Z 000000018003ac30 f i priorityqueue_api.obj
 0001:00039c40       ??$move@AEAV?$allocator@N@std@@@std@@YA$$QEAV?$allocator@N@0@AEAV10@@Z 000000018003ac40 f i priorityqueue_api.obj
 0001:00039c50       ??$move@AEAV?$allocator@U?$_List_node@U?$pair@$$CBHH@std@@PEAX@std@@@std@@@std@@YA$$QEAV?$allocator@U?$_List_node@U?$pair@$$CBHH@std@@PEAX@std@@@0@AEAV10@@Z 000000018003ac50 f i priorityqueue_api.obj
 0001:00039c60       ??$move@AEAV?$allocator@U?$_List_node@U?$pair@$$CBHV?$vector@NV?$allocator@N@std@@@std@@@std@@PEAX@std@@@std@@@std@@YA$$QEAV?$allocator@U?$_List_node@U?$pair@$$CBHV?$vector@NV?$allocator@N@std@@@std@@@std@@PEAX@std@@@0@AEAV10@@Z 000000018003ac60 f i priorityqueue_api.obj
 0001:00039c70       ??$move@AEAV?$allocator@U?$pair@HV?$vector@NV?$allocator@N@std@@@std@@@std@@@std@@@std@@YA$$QEAV?$allocator@U?$pair@HV?$vector@NV?$allocator@N@std@@@std@@@std@@@0@AEAV10@@Z 000000018003ac70 f i priorityqueue_api.obj
 0001:00039c80       ??$move@AEAV?$allocator@V?$_List_unchecked_iterator@V?$_List_val@U?$_List_simple_types@U?$pair@$$CBHH@std@@@std@@@std@@@std@@@std@@@std@@YA$$QEAV?$allocator@V?$_List_unchecked_iterator@V?$_List_val@U?$_List_simple_types@U?$pair@$$CBHH@std@@@std@@@std@@@std@@@0@AEAV10@@Z 000000018003ac80 f i priorityqueue_api.obj
 0001:00039c90       ??$move@AEAV?$allocator@V?$_List_unchecked_iterator@V?$_List_val@U?$_List_simple_types@U?$pair@$$CBHV?$vector@NV?$allocator@N@std@@@std@@@std@@@std@@@std@@@std@@@std@@@std@@YA$$QEAV?$allocator@V?$_List_unchecked_iterator@V?$_List_val@U?$_List_simple_types@U?$pair@$$CBHV?$vector@NV?$allocator@N@std@@@std@@@std@@@std@@@std@@@std@@@0@AEAV10@@Z 000000018003ac90 f i priorityqueue_api.obj
 0001:00039ca0       ??$move@AEAV?$allocator@V?$vector@NV?$allocator@N@std@@@std@@@std@@@std@@YA$$QEAV?$allocator@V?$vector@NV?$allocator@N@std@@@std@@@0@AEAV10@@Z 000000018003aca0 f i priorityqueue_api.obj
 0001:00039cb0       ??$move@AEAV?$tuple@AEBH@std@@@std@@YA$$QEAV?$tuple@AEBH@0@AEAV10@@Z 000000018003acb0 f i priorityqueue_api.obj
 0001:00039cc0       ??$move@AEAV?$unordered_map@HHU?$hash@H@std@@U?$equal_to@H@2@V?$allocator@U?$pair@$$CBHH@std@@@2@@std@@@std@@YA$$QEAV?$unordered_map@HHU?$hash@H@std@@U?$equal_to@H@2@V?$allocator@U?$pair@$$CBHH@std@@@2@@0@AEAV10@@Z 000000018003acc0 f i priorityqueue_api.obj
 0001:00039cd0       ??$move@AEAV?$unordered_map@HV?$vector@NV?$allocator@N@std@@@std@@U?$hash@H@2@U?$equal_to@H@2@V?$allocator@U?$pair@$$CBHV?$vector@NV?$allocator@N@std@@@std@@@std@@@2@@std@@@std@@YA$$QEAV?$unordered_map@HV?$vector@NV?$allocator@N@std@@@std@@U?$hash@H@2@U?$equal_to@H@2@V?$allocator@U?$pair@$$CBHV?$vector@NV?$allocator@N@std@@@std@@@std@@@2@@0@AEAV10@@Z 000000018003acd0 f i priorityqueue_api.obj
 0001:00039ce0       ??$move@AEAV?$vector@NV?$allocator@N@std@@@std@@@std@@YA$$QEAV?$vector@NV?$allocator@N@std@@@0@AEAV10@@Z 000000018003ace0 f i priorityqueue_api.obj
 0001:00039cf0       ??$move@AEA_K@std@@YA$$QEA_KAEA_K@Z 000000018003acf0 f i priorityqueue_api.obj
 0001:00039d00       ??$pop_heap@V?$_Vector_iterator@V?$_Vector_val@U?$_Simple_types@U?$pair@HV?$vector@NV?$allocator@N@std@@@std@@@std@@@std@@@std@@@std@@Ucomparator@PriorityQueueImpl@nav@@@std@@YAXV?$_Vector_iterator@V?$_Vector_val@U?$_Simple_types@U?$pair@HV?$vector@NV?$allocator@N@std@@@std@@@std@@@std@@@std@@@0@0Ucomparator@PriorityQueueImpl@nav@@@Z 000000018003ad00 f i priorityqueue_api.obj
[...]
 0003:00015730       $SG22944                   0000000180060730     sl_groundvehicleDynamics_sfun_registry.obj
 0003:00015750       $SG22945                   0000000180060750     sl_groundvehicleDynamics_sfun_registry.obj
 0003:000157e0       $SG22949                   00000001800607e0     sl_groundvehicleDynamics_sfun_registry.obj
 0003:00015800       $SG22950                   0000000180060800     sl_groundvehicleDynamics_sfun_registry.obj
 0003:00015890       $SG22954                   0000000180060890     sl_groundvehicleDynamics_sfun_registry.obj
 0003:000158b0       $SG22955                   00000001800608b0     sl_groundvehicleDynamics_sfun_registry.obj
 0003:00015940       $SG22959                   0000000180060940     sl_groundvehicleDynamics_sfun_registry.obj
 0003:00015960       $SG22960                   0000000180060960     sl_groundvehicleDynamics_sfun_registry.obj
 0003:000159f0       $SG22964                   00000001800609f0     sl_groundvehicleDynamics_sfun_registry.obj
 0003:00015a10       $SG22965                   0000000180060a10     sl_groundvehicleDynamics_sfun_registry.obj
 0003:00015aa0       $SG22969                   0000000180060aa0     sl_groundvehicleDynamics_sfun_registry.obj
 0003:00015ac0       $SG22970                   0000000180060ac0     sl_groundvehicleDynamics_sfun_registry.obj
 0003:00015b50       $SG22974                   0000000180060b50     sl_groundvehicleDynamics_sfun_registry.obj
 0003:00015b70       $SG22975                   0000000180060b70     sl_groundvehicleDynamics_sfun_registry.obj
 0003:00015c00       $SG22979                   0000000180060c00     sl_groundvehicleDynamics_sfun_registry.obj
 0003:00015c20       $SG22980                   0000000180060c20     sl_groundvehicleDynamics_sfun_registry.obj
 0003:00015cb0       $SG22984                   0000000180060cb0     sl_groundvehicleDynamics_sfun_registry.obj
 0003:00015cd0       $SG22985                   0000000180060cd0     sl_groundvehicleDynamics_sfun_registry.obj
 0003:00015d60       $SG22990                   0000000180060d60     sl_groundvehicleDynamics_sfun_registry.obj
 0003:00015d80       $SG22991                   0000000180060d80     sl_groundvehicleDynamics_sfun_registry.obj
 0003:00015e10       $SG22996                   0000000180060e10     sl_groundvehicleDynamics_sfun_registry.obj
 0003:00015e20       $SG22997                   0000000180060e20     sl_groundvehicleDynamics_sfun_registry.obj
 0003:00015eb0       $SG23001                   0000000180060eb0     sl_groundvehicleDynamics_sfun_registry.obj
 0003:00015ed0       $SG23002                   0000000180060ed0     sl_groundvehicleDynamics_sfun_registry.obj
 0003:00015f60       $SG23006                   0000000180060f60     sl_groundvehicleDynamics_sfun_registry.obj
 0003:00015f70       $SG23007                   0000000180060f70     sl_groundvehicleDynamics_sfun_registry.obj
 0003:00016000       $SG23011                   0000000180061000     sl_groundvehicleDynamics_sfun_registry.obj
 0003:00016020       $SG23012                   0000000180061020     sl_groundvehicleDynamics_sfun_registry.obj
 0003:000160b0       $SG23016                   00000001800610b0     sl_groundvehicleDynamics_sfun_registry.obj
 0003:000160d0       $SG23017                   00000001800610d0     sl_groundvehicleDynamics_sfun_registry.obj
 0003:00016160       $SG23021                   0000000180061160     sl_groundvehicleDynamics_sfun_registry.obj
 0003:00016170       $SG23022                   0000000180061170     sl_groundvehicleDynamics_sfun_registry.obj
 0003:00016200       $SG23026                   0000000180061200     sl_groundvehicleDynamics_sfun_registry.obj
 0003:00016210       $SG23027                   0000000180061210     sl_groundvehicleDynamics_sfun_registry.obj
 0003:000162a0       $SG23031                   00000001800612a0     sl_groundvehicleDynamics_sfun_registry.obj
 0003:000162c0       $SG23032                   00000001800612c0     sl_groundvehicleDynamics_sfun_registry.obj
 0003:00016350       $SG23036                   0000000180061350     sl_groundvehicleDynamics_sfun_registry.obj
 0003:00016370       $SG23037                   0000000180061370     sl_groundvehicleDynamics_sfun_registry.obj
 0003:00016400       $SG23041                   0000000180061400     sl_groundvehicleDynamics_sfun_registry.obj
 0003:00016410       $SG23042                   0000000180061410     sl_groundvehicleDynamics_sfun_registry.obj
 0003:000164a0       $SG23050                   00000001800614a0     sl_groundvehicleDynamics_sfun_registry.obj
 0003:000164b0       $SG23051                   00000001800614b0     sl_groundvehicleDynamics_sfun_registry.obj
 0003:00016540       $SG23057                   0000000180061540     sl_groundvehicleDynamics_sfun_registry.obj
 0003:00016550       $SG23058                   0000000180061550     sl_groundvehicleDynamics_sfun_registry.obj
 0003:000165e0       $SG23062                   00000001800615e0     sl_groundvehicleDynamics_sfun_registry.obj
 0003:000165f0       $SG23063                   00000001800615f0     sl_groundvehicleDynamics_sfun_registry.obj
 0003:00016680       $SG23068                   0000000180061680     sl_groundvehicleDynamics_sfun_registry.obj
 0003:00016690       $SG23069                   0000000180061690     sl_groundvehicleDynamics_sfun_registry.obj
 0003:00016720       $SG23073                   0000000180061720     sl_groundvehicleDynamics_sfun_registry.obj
 0003:000167a0       $SG23096                   00000001800617a0     sl_groundvehicleDynamics_sfun_registry.obj
 0003:000168b8       $SG23104                   00000001800618b8     sl_groundvehicleDynamics_sfun_registry.obj
 0003:000168c8       $SG23111                   00000001800618c8     sl_groundvehicleDynamics_sfun_registry.obj
 0003:000168d8       $SG23119                   00000001800618d8     sl_groundvehicleDynamics_sfun_registry.obj
 0003:000168e8       $SG23126                   00000001800618e8     sl_groundvehicleDynamics_sfun_registry.obj
 0003:000168f8       $SG23134                   00000001800618f8     sl_groundvehicleDynamics_sfun_registry.obj
 0003:00016908       $SG23141                   0000000180061908     sl_groundvehicleDynamics_sfun_registry.obj
 0003:00016918       $SG23147                   0000000180061918     sl_groundvehicleDynamics_sfun_registry.obj
 0003:00016938       $SG23157                   0000000180061938     sl_groundvehicleDynamics_sfun_registry.obj
 0003:00016968       $SG23158                   0000000180061968     sl_groundvehicleDynamics_sfun_registry.obj
 0003:00016970       $SG23159                   0000000180061970     sl_groundvehicleDynamics_sfun_registry.obj
 0003:00016978       $SG23169                   0000000180061978     sl_groundvehicleDynamics_sfun_registry.obj
 0003:000169b0       $SG23170                   00000001800619b0     sl_groundvehicleDynamics_sfun_registry.obj
 0003:000169b8       $SG23171                   00000001800619b8     sl_groundvehicleDynamics_sfun_registry.obj
 0003:00016ae0       sRtwOptimizationInfoStruct 0000000180061ae0     sl_groundvehicleDynamics_sfun.obj
 0003:00016ae8       sOptimizationInfoFlags     0000000180061ae8     sl_groundvehicleDynamics_sfun.obj
 0003:00016af0       $SG22275                   0000000180061af0     c5_sl_groundvehicleDynamics.obj
 0003:00016af1       $SG22279                   0000000180061af1     c5_sl_groundvehicleDynamics.obj
 0003:00016af2       $SG22283                   0000000180061af2     c5_sl_groundvehicleDynamics.obj
 0003:00016af3       $SG22290                   0000000180061af3     c5_sl_groundvehicleDynamics.obj
 0003:00016af4       $SG22297                   0000000180061af4     c5_sl_groundvehicleDynamics.obj
 0003:00016af5       $SG22304                   0000000180061af5     c5_sl_groundvehicleDynamics.obj
 0003:00016af6       $SG22311                   0000000180061af6     c5_sl_groundvehicleDynamics.obj
 0003:00016af7       $SG22318                   0000000180061af7     c5_sl_groundvehicleDynamics.obj
 0003:00016af8       $SG22322                   0000000180061af8     c5_sl_groundvehicleDynamics.obj
 0003:00016af9       $SG22326                   0000000180061af9     c5_sl_groundvehicleDynamics.obj
 0003:00016afa       $SG22330                   0000000180061afa     c5_sl_groundvehicleDynamics.obj
 0003:00016afb       $SG22337                   0000000180061afb     c5_sl_groundvehicleDynamics.obj
 0003:00016afc       $SG22344                   0000000180061afc     c5_sl_groundvehicleDynamics.obj
 0003:00016afd       $SG22348                   0000000180061afd     c5_sl_groundvehicleDynamics.obj
 0003:00016afe       $SG22352                   0000000180061afe     c5_sl_groundvehicleDynamics.obj
 0003:00016aff       $SG22356                   0000000180061aff     c5_sl_groundvehicleDynamics.obj
 0003:00016b00       $SG22360                   0000000180061b00     c5_sl_groundvehicleDynamics.obj
 0003:00016b01       $SG22364                   0000000180061b01     c5_sl_groundvehicleDynamics.obj
 0003:00016b02       $SG22368                   0000000180061b02     c5_sl_groundvehicleDynamics.obj
 0003:00016b03       $SG22372                   0000000180061b03     c5_sl_groundvehicleDynamics.obj
 0003:00016b04       $SG22376                   0000000180061b04     c5_sl_groundvehicleDynamics.obj
 0003:00016b05       $SG22380                   0000000180061b05     c5_sl_groundvehicleDynamics.obj
 0003:00016b06       $SG22384                   0000000180061b06     c5_sl_groundvehicleDynamics.obj
 0003:00016b07       $SG22388                   0000000180061b07     c5_sl_groundvehicleDynamics.obj
 0003:00016b08       $SG22392                   0000000180061b08     c5_sl_groundvehicleDynamics.obj
 0003:00016b09       $SG22396                   0000000180061b09     c5_sl_groundvehicleDynamics.obj
 0003:00016b0a       $SG22400                   0000000180061b0a     c5_sl_groundvehicleDynamics.obj
 0003:00016b0b       $SG22404                   0000000180061b0b     c5_sl_groundvehicleDynamics.obj
 0003:00016b0c       $SG22408                   0000000180061b0c     c5_sl_groundvehicleDynamics.obj
 0003:00016b0d       $SG22415                   0000000180061b0d     c5_sl_groundvehicleDynamics.obj
 0003:00016b0e       $SG22425                   0000000180061b0e     c5_sl_groundvehicleDynamics.obj
 0003:00016b0f       $SG22435                   0000000180061b0f     c5_sl_groundvehicleDynamics.obj
 0003:00016b10       $SG22442                   0000000180061b10     c5_sl_groundvehicleDynamics.obj
 0003:00016b11       $SG22446                   0000000180061b11     c5_sl_groundvehicleDynamics.obj
 0003:00016b12       $SG22453                   0000000180061b12     c5_sl_groundvehicleDynamics.obj
 0003:00016b13       $SG22460                   0000000180061b13     c5_sl_groundvehicleDynamics.obj
 0003:00016b14       $SG22467                   0000000180061b14     c5_sl_groundvehicleDynamics.obj
 0003:00016b15       $SG22474                   0000000180061b15     c5_sl_groundvehicleDynamics.obj
 0003:00016b16       $SG22481                   0000000180061b16     c5_sl_groundvehicleDynamics.obj
 0003:00016b17       $SG22485                   0000000180061b17     c5_sl_groundvehicleDynamics.obj
 0003:00016b18       $SG22492                   0000000180061b18     c5_sl_groundvehicleDynamics.obj
 0003:00016b19       $SG22496                   0000000180061b19     c5_sl_groundvehicleDynamics.obj
 0003:00016b1a       $SG22503                   0000000180061b1a     c5_sl_groundvehicleDynamics.obj
 0003:00016b1b       $SG22507                   0000000180061b1b     c5_sl_groundvehicleDynamics.obj
 0003:00016b1c       $SG22514                   0000000180061b1c     c5_sl_groundvehicleDynamics.obj
 0003:00016b1d       $SG22518                   0000000180061b1d     c5_sl_groundvehicleDynamics.obj
 0003:00016b1e       $SG22525                   0000000180061b1e     c5_sl_groundvehicleDynamics.obj
 0003:00016b1f       $SG22532                   0000000180061b1f     c5_sl_groundvehicleDynamics.obj
 0003:00016b20       $SG22539                   0000000180061b20     c5_sl_groundvehicleDynamics.obj
 0003:00016b21       $SG22552                   0000000180061b21     c5_sl_groundvehicleDynamics.obj
 0003:00016b22       $SG22559                   0000000180061b22     c5_sl_groundvehicleDynamics.obj
 0003:00016b23       $SG22566                   0000000180061b23     c5_sl_groundvehicleDynamics.obj
 0003:00016b24       $SG22573                   0000000180061b24     c5_sl_groundvehicleDynamics.obj
 0003:00016b25       $SG22580                   0000000180061b25     c5_sl_groundvehicleDynamics.obj
 0003:00016b26       $SG22587                   0000000180061b26     c5_sl_groundvehicleDynamics.obj
 0003:00016b27       $SG22594                   0000000180061b27     c5_sl_groundvehicleDynamics.obj
 0003:00016b28       $SG22601                   0000000180061b28     c5_sl_groundvehicleDynamics.obj
 0003:00016b29       $SG22608                   0000000180061b29     c5_sl_groundvehicleDynamics.obj
 0003:00016b2a       $SG22615                   0000000180061b2a     c5_sl_groundvehicleDynamics.obj
 0003:00016b2b       $SG22622                   0000000180061b2b     c5_sl_groundvehicleDynamics.obj
 0003:00016b2c       $SG22626                   0000000180061b2c     c5_sl_groundvehicleDynamics.obj
 0003:00016b2d       $SG22630                   0000000180061b2d     c5_sl_groundvehicleDynamics.obj
 0003:00016b2e       $SG22634                   0000000180061b2e     c5_sl_groundvehicleDynamics.obj
 0003:00016b2f       $SG22638                   0000000180061b2f     c5_sl_groundvehicleDynamics.obj
 0003:00016b30       $SG22645                   0000000180061b30     c5_sl_groundvehicleDynamics.obj
 0003:00016b31       $SG22649                   0000000180061b31     c5_sl_groundvehicleDynamics.obj
 0003:00016b32       $SG22653                   0000000180061b32     c5_sl_groundvehicleDynamics.obj
 0003:00016b33       $SG22657                   0000000180061b33     c5_sl_groundvehicleDynamics.obj
 0003:00016b34       $SG22661                   0000000180061b34     c5_sl_groundvehicleDynamics.obj
 0003:00016b35       $SG22665                   0000000180061b35     c5_sl_groundvehicleDynamics.obj
 0003:00016b36       $SG22669                   0000000180061b36     c5_sl_groundvehicleDynamics.obj
 0003:00016b37       $SG22673                   0000000180061b37     c5_sl_groundvehicleDynamics.obj
 0003:00016b38       $SG22677                   0000000180061b38     c5_sl_groundvehicleDynamics.obj
 0003:00016b39       $SG22681                   0000000180061b39     c5_sl_groundvehicleDynamics.obj
 0003:00016b3a       $SG22685                   0000000180061b3a     c5_sl_groundvehicleDynamics.obj
 0003:00016b3b       $SG22689                   0000000180061b3b     c5_sl_groundvehicleDynamics.obj
 0003:00016b3c       $SG22693                   0000000180061b3c     c5_sl_groundvehicleDynamics.obj
 0003:00016b3d       $SG22697                   0000000180061b3d     c5_sl_groundvehicleDynamics.obj
 0003:00016b3e       $SG22701                   0000000180061b3e     c5_sl_groundvehicleDynamics.obj
 0003:00016b3f       $SG22705                   0000000180061b3f     c5_sl_groundvehicleDynamics.obj
 0003:00016b40       $SG22709                   0000000180061b40     c5_sl_groundvehicleDynamics.obj
 0003:00016b41       $SG22713                   0000000180061b41     c5_sl_groundvehicleDynamics.obj
 0003:00016b42       $SG22717                   0000000180061b42     c5_sl_groundvehicleDynamics.obj
 0003:00016b43       $SG22721                   0000000180061b43     c5_sl_groundvehicleDynamics.obj
 0003:00016b44       $SG22725                   0000000180061b44     c5_sl_groundvehicleDynamics.obj
 0003:00016b45       $SG22729                   0000000180061b45     c5_sl_groundvehicleDynamics.obj
 0003:00016b46       $SG22733                   0000000180061b46     c5_sl_groundvehicleDynamics.obj
 0003:00016b47       $SG22740                   0000000180061b47     c5_sl_groundvehicleDynamics.obj
 0003:00016b48       $SG22759                   0000000180061b48     c5_sl_groundvehicleDynamics.obj
 0003:00016b49       $SG22766                   0000000180061b49     c5_sl_groundvehicleDynamics.obj
 0003:00016b4a       $SG22773                   0000000180061b4a     c5_sl_groundvehicleDynamics.obj
 0003:00016b4b       $SG22780                   0000000180061b4b     c5_sl_groundvehicleDynamics.obj
 0003:00016b4c       $SG22790                   0000000180061b4c     c5_sl_groundvehicleDynamics.obj
 0003:00016b4d       $SG22800                   0000000180061b4d     c5_sl_groundvehicleDynamics.obj
 0003:00016b4e       $SG22807                   0000000180061b4e     c5_sl_groundvehicleDynamics.obj
 0003:00016b4f       $SG22814                   0000000180061b4f     c5_sl_groundvehicleDynamics.obj
 0003:00016b50       $SG22821                   0000000180061b50     c5_sl_groundvehicleDynamics.obj
 0003:00016b51       $SG22828                   0000000180061b51     c5_sl_groundvehicleDynamics.obj
 0003:00016b52       $SG22838                   0000000180061b52     c5_sl_groundvehicleDynamics.obj
 0003:00016b53       $SG22848                   0000000180061b53     c5_sl_groundvehicleDynamics.obj
 0003:00016b54       $SG22855                   0000000180061b54     c5_sl_groundvehicleDynamics.obj
 0003:00016b55       $SG22862                   0000000180061b55     c5_sl_groundvehicleDynamics.obj
 0003:00016b56       $SG22866                   0000000180061b56     c5_sl_groundvehicleDynamics.obj
 0003:00016b57       $SG22873                   0000000180061b57     c5_sl_groundvehicleDynamics.obj
 0003:00016b58       $SG22877                   0000000180061b58     c5_sl_groundvehicleDynamics.obj
 0003:00016b59       $SG23492                   0000000180061b59     c5_sl_groundvehicleDynamics.obj
 0003:00016b5a       $SG24333                   0000000180061b5a     c5_sl_groundvehicleDynamics.obj
 0003:00016b5b       $SG29020                   0000000180061b5b     c5_sl_groundvehicleDynamics.obj
 0003:00016b5c       $SG29133                   0000000180061b5c     c5_sl_groundvehicleDynamics.obj
 0003:00016b5d       $SG30216                   0000000180061b5d     c5_sl_groundvehicleDynamics.obj
 0003:00016b5e       $SG30217                   0000000180061b5e     c5_sl_groundvehicleDynamics.obj
 0003:00016b5f       $SG30363                   0000000180061b5f     c5_sl_groundvehicleDynamics.obj
 0003:00016b60       _sfTime_                   0000000180061b60     c5_sl_groundvehicleDynamics.obj
 0003:00016b70       ?newstr@?1??sf_c5_sl_groundvehicleDynamics_get_post_codegen_info@@9@9 0000000180061b70     c5_sl_groundvehicleDynamics.obj
 0003:0001739c       sfGlobalMdlStartCallCounts 000000018006239c     sl_groundvehicleDynamics_sfun_registry.obj
 0003:000173a0       $SG22560                   00000001800623a0     sl_groundvehicleDynamics_sfun_registry.obj
 0003:000173a2       ?warningGuard@?1??ssGetRootSS@@9@9 00000001800623a2     sl_groundvehicleDynamics_sfun_registry.obj
 0003:000173a3       ?warningGuard@?1??ssGetParentSS@@9@9 00000001800623a3     sl_groundvehicleDynamics_sfun_registry.obj
 0003:000173b0       GS_ExceptionRecord         00000001800623b0     MSVCRT:gs_report.obj
 0003:00017450       GS_ContextRecord           0000000180062450     MSVCRT:gs_report.obj
 0003:00017920       ?__proc_attached@@3HA      0000000180062920     MSVCRT:dll_dllmain.obj
 0003:00017960       ?is_initialized_as_dll@@3_NA 0000000180062960     MSVCRT:utility.obj
 0003:00017961       ?module_local_atexit_table_initialized@@3_NA 0000000180062961     MSVCRT:utility.obj
 0003:00017968       ?module_local_atexit_table@@3U_onexit_table_t@@A 0000000180062968     MSVCRT:utility.obj
 0003:00017980       ?module_local_at_quick_exit_table@@3U_onexit_table_t@@A 0000000180062980     MSVCRT:utility.obj
