 sl_groundvehicleDynamics_sfun

 Timestamp is 670c2998 (Mon Oct 14 06:12:08 2024)

 Preferred load address is 0000000180000000

 Start         Length     Name                   Class
 0001:00000000 0003baf0H .text$mn                CODE
 0001:0003baf0 00000040H .text$mn$00             CODE
 0001:0003bb30 0000057aH .text$x                 CODE
 0002:00000000 000005d0H .idata$5                DATA
 0002:000005d0 00000038H .00cfg                  DATA
 0002:00000608 00000008H .CRT$XCA                DATA
 0002:00000610 00000008H .CRT$XCZ                DATA
 0002:00000618 00000008H .CRT$XIA                DATA
 0002:00000620 00000008H .CRT$XIZ                DATA
 0002:00000628 00000008H .CRT$XPA                DATA
 0002:00000630 00000008H .CRT$XPZ                DATA
 0002:00000638 00000008H .CRT$XTA                DATA
 0002:00000640 00000010H .CRT$XTZ                DATA
 0002:00000648 00000000H .gehcont$y              DATA
 0002:00000648 00000000H .gfids$y                DATA
 0002:00000650 000005b0H .rdata                  DATA
 0002:00000c00 00000080H .rdata$CastGuardVftablesA DATA
 0002:00000c80 00000080H .rdata$CastGuardVftablesC DATA
 0002:00000d00 000001f4H .rdata$r                DATA
 0002:00000ef4 00000224H .rdata$voltmd           DATA
 0002:00001118 000002c8H .rdata$zzzdbg           DATA
 0002:000013e0 00000008H .rtc$IAA                DATA
 0002:000013e8 00000008H .rtc$IZZ                DATA
 0002:000013f0 00000008H .rtc$TAA                DATA
 0002:000013f8 00000008H .rtc$TZZ                DATA
 0002:00001400 00002120H .xdata                  DATA
 0002:00003520 000000f0H .xdata$x                DATA
 0002:00003610 00000088H .edata                  DATA
 0002:00003698 00000140H .idata$2                DATA
 0002:000037d8 00000018H .idata$3                DATA
 0002:000037f0 000005d0H .idata$4                DATA
 0002:00003dc0 00001050H .idata$6                DATA
 0003:00000000 00015cf8H .data                   DATA
 0003:00015cf8 00000080H .data$r                 DATA
 0003:00015d78 00000028H .data$rs                DATA
 0003:00015da0 00000ed0H .bss                    DATA
 0004:00000000 000024fcH .pdata                  DATA

  Address         Publics by Value              Rva+Base               Lib:Object

 0000:00000000       __AbsoluteZero             0000000000000000     <absolute>
 0000:00000000       ___safe_se_handler_count   0000000000000000     <absolute>
 0000:00000000       ___safe_se_handler_table   0000000000000000     <absolute>
 0000:00000000       __arm64x_extra_rfe_table   0000000000000000     <absolute>
 0000:00000000       __arm64x_extra_rfe_table_size 0000000000000000     <absolute>
 0000:00000000       __arm64x_native_entrypoint 0000000000000000     <absolute>
 0000:00000000       __arm64x_redirection_metadata 0000000000000000     <absolute>
 0000:00000000       __arm64x_redirection_metadata_count 0000000000000000     <absolute>
 0000:00000000       __dynamic_value_reloc_table 0000000000000000     <absolute>
 0000:00000000       __enclave_config           0000000000000000     <absolute>
 0000:00000000       __guard_check_icall_a64n_fptr 0000000000000000     <absolute>
 0000:00000000       __guard_eh_cont_count      0000000000000000     <absolute>
 0000:00000000       __guard_eh_cont_table      0000000000000000     <absolute>
 0000:00000000       __guard_fids_count         0000000000000000     <absolute>
 0000:00000000       __guard_fids_table         0000000000000000     <absolute>
 0000:00000000       __guard_iat_count          0000000000000000     <absolute>
 0000:00000000       __guard_iat_table          0000000000000000     <absolute>
 0000:00000000       __guard_longjmp_count      0000000000000000     <absolute>
 0000:00000000       __guard_longjmp_table      0000000000000000     <absolute>
 0000:00000000       __hybrid_auxiliary_delayload_iat 0000000000000000     <absolute>
 0000:00000000       __hybrid_auxiliary_delayload_iat_copy 0000000000000000     <absolute>
 0000:00000000       __hybrid_auxiliary_iat     0000000000000000     <absolute>
 0000:00000000       __hybrid_auxiliary_iat_copy 0000000000000000     <absolute>
 0000:00000000       __hybrid_code_map          0000000000000000     <absolute>
 0000:00000000       __hybrid_code_map_count    0000000000000000     <absolute>
 0000:00000000       __hybrid_image_info_bitfield 0000000000000000     <absolute>
 0000:00000000       __x64_code_ranges_to_entry_points 0000000000000000     <absolute>
 0000:00000000       __x64_code_ranges_to_entry_points_count 0000000000000000     <absolute>
 0000:00000100       __guard_flags              0000000000000100     <absolute>
 0000:00000000       __ImageBase                0000000180000000     <linker-defined>
 0001:00000000       sl_groundvehicleDynamics_initializer 0000000180001000 f   sl_groundvehicleDynamics_sfun.obj
 0001:00000010       sl_groundvehicleDynamics_terminator 0000000180001010 f   sl_groundvehicleDynamics_sfun.obj
 0001:00000020       load_sl_groundvehicleDynamics_optimization_info 0000000180001020 f   sl_groundvehicleDynamics_sfun.obj
 0001:000000d0       unload_sl_groundvehicleDynamics_optimization_info 00000001800010d0 f   sl_groundvehicleDynamics_sfun.obj
 0001:00000100       sf_sl_groundvehicleDynamics_method_dispatcher 0000000180001100 f   sl_groundvehicleDynamics_sfun.obj
 0001:00000150       sf_sl_groundvehicleDynamics_process_check_sum_call 0000000180001150 f   sl_groundvehicleDynamics_sfun.obj
 0001:00000640       sf_sl_groundvehicleDynamics_get_eml_resolved_functions_info 0000000180001640 f   sl_groundvehicleDynamics_sfun.obj
 0001:00000820       sf_sl_groundvehicleDynamics_third_party_uses_info 0000000180001820 f   sl_groundvehicleDynamics_sfun.obj
 0001:000009f0       sf_sl_groundvehicleDynamics_jit_fallback_info 00000001800019f0 f   sl_groundvehicleDynamics_sfun.obj
 0001:00000bc0       sf_sl_groundvehicleDynamics_get_post_codegen_info 0000000180001bc0 f   sl_groundvehicleDynamics_sfun.obj
 0001:00000da0       sf_sl_groundvehicleDynamics_updateBuildInfo_args_info 0000000180001da0 f   sl_groundvehicleDynamics_sfun.obj
 0001:00000f60       sf_c5_sl_groundvehicleDynamics_get_eml_resolved_functions_info 0000000180001f60 f   c5_sl_groundvehicleDynamics.obj
 0001:00001000       sf_c5_sl_groundvehicleDynamics_get_check_sum 0000000180002000 f   c5_sl_groundvehicleDynamics.obj
 0001:000010d0       c5_sl_groundvehicleDynamics_method_dispatcher 00000001800020d0 f   c5_sl_groundvehicleDynamics.obj
 0001:00022a60       sf_c5_sl_groundvehicleDynamics_third_party_uses_info 0000000180023a60 f   c5_sl_groundvehicleDynamics.obj
 0001:00022ab0       sf_c5_sl_groundvehicleDynamics_jit_fallback_info 0000000180023ab0 f   c5_sl_groundvehicleDynamics.obj
 0001:00022c40       sf_c5_sl_groundvehicleDynamics_updateBuildInfo_args_info 0000000180023c40 f   c5_sl_groundvehicleDynamics.obj
 0001:00022f60       sf_c5_sl_groundvehicleDynamics_get_post_codegen_info 0000000180023f60 f   c5_sl_groundvehicleDynamics.obj
 0001:00023530       mexFunction                0000000180024530 f   sl_groundvehicleDynamics_sfun_registry.obj
 0001:00025e00       _ssSetInputPortDirectFeedThroughFcn 0000000180026e00 f   sl_groundvehicleDynamics_sfun_registry.obj
 0001:00025f70       _ssSetRWorkValueFcn        0000000180026f70 f   sl_groundvehicleDynamics_sfun_registry.obj
 0001:00025ff0       _ssGetRWorkValueFcn        0000000180026ff0 f   sl_groundvehicleDynamics_sfun_registry.obj
 0001:00026060       _ssSetIWorkValueFcn        0000000180027060 f   sl_groundvehicleDynamics_sfun_registry.obj
 0001:000260e0       _ssGetIWorkValueFcn        00000001800270e0 f   sl_groundvehicleDynamics_sfun_registry.obj
 0001:00026150       _ssSetPWorkValueFcn        0000000180027150 f   sl_groundvehicleDynamics_sfun_registry.obj
 0001:000261d0       _ssGetPWorkValueFcn        00000001800271d0 f   sl_groundvehicleDynamics_sfun_registry.obj
 0001:00026240       _ssGetInputPortSignalFcn   0000000180027240 f   sl_groundvehicleDynamics_sfun_registry.obj
 0001:000265d0       _ssGetInputPortBufferDstPortFcn 00000001800275d0 f   sl_groundvehicleDynamics_sfun_registry.obj
 0001:00026650       _ssGetInputPortSignalPtrsFcn 0000000180027650 f   sl_groundvehicleDynamics_sfun_registry.obj
 0001:000269e0       ssGetParameterTuningCompliance 00000001800279e0 f   sl_groundvehicleDynamics_sfun_registry.obj
 0001:00026a50       _ssReadInputStringFcn      0000000180027a50 f   sl_groundvehicleDynamics_sfun_registry.obj
 0001:00026ac0       ssGetDTypeIdFromMxArray    0000000180027ac0 f   sl_groundvehicleDynamics_sfun_registry.obj
 0001:00026be0       ssWriteRTWMx2dMatParam     0000000180027be0 f   sl_groundvehicleDynamics_sfun_registry.obj
 0001:00026c70       ssWriteRTWMxVectParam      0000000180027c70 f   sl_groundvehicleDynamics_sfun_registry.obj
 0001:00026cf0       ssWriteRTWParameters       0000000180027cf0 f   sl_groundvehicleDynamics_sfun_registry.obj
 0001:000272b0       ssWriteRTWParamSettings    00000001800282b0 f   sl_groundvehicleDynamics_sfun_registry.obj
 0001:000279a0       ssWriteRTWStr              00000001800289a0 f   sl_groundvehicleDynamics_sfun_registry.obj
 0001:00027a00       ssWriteRTWWorkVect         0000000180028a00 f   sl_groundvehicleDynamics_sfun_registry.obj
 0001:00027f60       ssWarning                  0000000180028f60 f   sl_groundvehicleDynamics_sfun_registry.obj
 0001:00028050       ssGetRootSS                0000000180029050 f   sl_groundvehicleDynamics_sfun_registry.obj
 0001:00028110       ssGetParentSS              0000000180029110 f   sl_groundvehicleDynamics_sfun_registry.obj
 0001:000281d0       ssWriteRTWNameValuePair    00000001800291d0 f   sl_groundvehicleDynamics_sfun_registry.obj
 0001:000286d0       _ssSetInputPortMatrixDimensions 00000001800296d0 f   sl_groundvehicleDynamics_sfun_registry.obj
 0001:00028820       _ssSetOutputPortMatrixDimensions 0000000180029820 f   sl_groundvehicleDynamics_sfun_registry.obj
 0001:00028970       _ssSetInputPortVectorDimension 0000000180029970 f   sl_groundvehicleDynamics_sfun_registry.obj
 0001:00028a20       _ssSetOutputPortVectorDimension 0000000180029a20 f   sl_groundvehicleDynamics_sfun_registry.obj
 0001:00028ad0       ssIsRunTimeParamTunable    0000000180029ad0 f   sl_groundvehicleDynamics_sfun_registry.obj
 0001:00028b40       ssGetSFuncBlockHandle      0000000180029b40 f   sl_groundvehicleDynamics_sfun_registry.obj
 0001:00028bb0       _ssGetCallSystemNumFcnCallDestinations 0000000180029bb0 f   sl_groundvehicleDynamics_sfun_registry.obj
 0001:00028c20       _ssGetCurrentInputPortWidth 0000000180029c20 f   sl_groundvehicleDynamics_sfun_registry.obj
 0001:00028d60       _ssGetCurrentOutputPortWidth 0000000180029d60 f   sl_groundvehicleDynamics_sfun_registry.obj
 0001:00028ea0       ssGetIsZeroCrossControlDisabled 0000000180029ea0 f   sl_groundvehicleDynamics_sfun_registry.obj
 0001:00028f10       ssSetIsInputPortUsedForContZcSignal 0000000180029f10 f   sl_groundvehicleDynamics_sfun_registry.obj
 0001:00028f80       ssSetZcSignalIsZcElementDisc 0000000180029f80 f   sl_groundvehicleDynamics_sfun_registry.obj
 0001:00029030       ssSetZcSignalName          000000018002a030 f   sl_groundvehicleDynamics_sfun_registry.obj
 0001:000290a0       ssSetZcSignalWidth         000000018002a0a0 f   sl_groundvehicleDynamics_sfun_registry.obj
 0001:00029110       ssSetZcSignalZcEventType   000000018002a110 f   sl_groundvehicleDynamics_sfun_registry.obj
 0001:00029180       ssSetZcSignalType          000000018002a180 f   sl_groundvehicleDynamics_sfun_registry.obj
 0001:000291f0       ssSetZcSignalZcTol         000000018002a1f0 f   sl_groundvehicleDynamics_sfun_registry.obj
 0001:00029260       ssSetZcSignalNeedsEventNotification 000000018002a260 f   sl_groundvehicleDynamics_sfun_registry.obj
 0001:000292d0       ssCreateAndAddZcSignalInfo 000000018002a2d0 f   sl_groundvehicleDynamics_sfun_registry.obj
 0001:00029340       ssCloneAndAddZcSignalInfo  000000018002a340 f   sl_groundvehicleDynamics_sfun_registry.obj
 0001:000293b0       ssGetNumZcSignals          000000018002a3b0 f   sl_groundvehicleDynamics_sfun_registry.obj
 0001:00029420       ssGetZcSignalVector        000000018002a420 f   sl_groundvehicleDynamics_sfun_registry.obj
 0001:00029490       ssGetZcSignalName          000000018002a490 f   sl_groundvehicleDynamics_sfun_registry.obj
 0001:00029500       ssGetZcSignalWidth         000000018002a500 f   sl_groundvehicleDynamics_sfun_registry.obj
 0001:00029570       ssGetZcSignalZcEventType   000000018002a570 f   sl_groundvehicleDynamics_sfun_registry.obj
 0001:000295e0       ssGetZcSignalZcEvents      000000018002a5e0 f   sl_groundvehicleDynamics_sfun_registry.obj
 0001:00029650       ssGetZcSignalType          000000018002a650 f   sl_groundvehicleDynamics_sfun_registry.obj
 0001:000296c0       ssGetZcSignalZcTol         000000018002a6c0 f   sl_groundvehicleDynamics_sfun_registry.obj
 0001:00029740       ssGetZcSignalNeedsEventNotification 000000018002a740 f   sl_groundvehicleDynamics_sfun_registry.obj
 0001:000297b0       ssGetZcSignalIsZcElementDisc 000000018002a7b0 f   sl_groundvehicleDynamics_sfun_registry.obj
 0001:00029850       ssGetIsInputPortElementContinuous 000000018002a850 f   sl_groundvehicleDynamics_sfun_registry.obj
 0001:000298f0       _ssGetAbsTol               000000018002a8f0 f   sl_groundvehicleDynamics_sfun_registry.obj
 0001:00029960       _ssSetStateAbsTol          000000018002a960 f   sl_groundvehicleDynamics_sfun_registry.obj
 0001:00029a40       _ssSetInputPortReusableFcn 000000018002aa40 f   sl_groundvehicleDynamics_sfun_registry.obj
 0001:00029b40       _ssSetOutputPortReusableFcn 000000018002ab40 f   sl_groundvehicleDynamics_sfun_registry.obj
 0001:00029c40       _ssSetSymbolicDimsSupport  000000018002ac40 f   sl_groundvehicleDynamics_sfun_registry.obj
 0001:00029cb0       _ssRegisterSymbolicDimsExpr 000000018002acb0 f   sl_groundvehicleDynamics_sfun_registry.obj
 0001:00029d30       _ssRegisterSymbolicDimsMATLABExpr 000000018002ad30 f   sl_groundvehicleDynamics_sfun_registry.obj
 0001:00029dc0       _ssRegisterSymbolicDims    000000018002adc0 f   sl_groundvehicleDynamics_sfun_registry.obj
 0001:00029e60       _ssRegisterSymbolicDimsString 000000018002ae60 f   sl_groundvehicleDynamics_sfun_registry.obj
 0001:00029ee0       _ssRegisterSymbolicDimsIntValue 000000018002aee0 f   sl_groundvehicleDynamics_sfun_registry.obj
 0001:00029f50       _ssRegisterSymbolicEqualRelation 000000018002af50 f   sl_groundvehicleDynamics_sfun_registry.obj
 0001:00029fc0       _ssRegisterSymbolicEqualValue 000000018002afc0 f   sl_groundvehicleDynamics_sfun_registry.obj
 0001:0002a030       _ssAmendLeadingSymbolicDims 000000018002b030 f   sl_groundvehicleDynamics_sfun_registry.obj
 0001:0002a0b0       _ssAmendTrailingSymbolicDims 000000018002b0b0 f   sl_groundvehicleDynamics_sfun_registry.obj
 0001:0002a130       _ssRegisterSymbolicDimsPlus 000000018002b130 f   sl_groundvehicleDynamics_sfun_registry.obj
 0001:0002a1b0       _ssRegisterSymbolicDimsMinus 000000018002b1b0 f   sl_groundvehicleDynamics_sfun_registry.obj
 0001:0002a230       _ssRegisterSymbolicDimsMultiply 000000018002b230 f   sl_groundvehicleDynamics_sfun_registry.obj
 0001:0002a2b0       _ssRegisterSymbolicDimsDivide 000000018002b2b0 f   sl_groundvehicleDynamics_sfun_registry.obj
 0001:0002a330       _ssGetNumSymbolicDims      000000018002b330 f   sl_groundvehicleDynamics_sfun_registry.obj
 0001:0002a3a0       _ssGetSymbolicDim          000000018002b3a0 f   sl_groundvehicleDynamics_sfun_registry.obj
 0001:0002a420       _ssSetInputPortSymbolicDimsId 000000018002b420 f   sl_groundvehicleDynamics_sfun_registry.obj
 0001:0002a490       _ssGetCompInputPortSymbolicDimsId 000000018002b490 f   sl_groundvehicleDynamics_sfun_registry.obj
 0001:0002a500       _ssSetCompInputPortSymbolicDimsId 000000018002b500 f   sl_groundvehicleDynamics_sfun_registry.obj
 0001:0002a570       _ssSetOutputPortSymbolicDimsId 000000018002b570 f   sl_groundvehicleDynamics_sfun_registry.obj
 0001:0002a5e0       _ssGetCompOutputPortSymbolicDimsId 000000018002b5e0 f   sl_groundvehicleDynamics_sfun_registry.obj
 0001:0002a650       _ssSetCompOutputPortSymbolicDimsId 000000018002b650 f   sl_groundvehicleDynamics_sfun_registry.obj
 0001:0002a6c0       _ssGetDWorkSymbolicDimsId  000000018002b6c0 f   sl_groundvehicleDynamics_sfun_registry.obj
 0001:0002a730       _ssSetDWorkSymbolicDimsId  000000018002b730 f   sl_groundvehicleDynamics_sfun_registry.obj
 0001:0002a7a0       _ssGetCompDWorkSymbolicDimsId 000000018002b7a0 f   sl_groundvehicleDynamics_sfun_registry.obj
 0001:0002a810       _ssSetCompDWorkSymbolicDimsId 000000018002b810 f   sl_groundvehicleDynamics_sfun_registry.obj
 0001:0002a880       _ssCreateSLCGStringBuffer  000000018002b880 f   sl_groundvehicleDynamics_sfun_registry.obj
 0001:0002a8f0       _ssAddToSLCGStringBuffer   000000018002b8f0 f   sl_groundvehicleDynamics_sfun_registry.obj
 0001:0002a960       _ssGetPointerContainedData 000000018002b960 f   sl_groundvehicleDynamics_sfun_registry.obj
 0001:0002a9f0       _ssGetPointerContainedDataWidth 000000018002b9f0 f   sl_groundvehicleDynamics_sfun_registry.obj
 0001:0002aa80       _ssRegisterDynamicArrayDataTypeFcn 000000018002ba80 f   sl_groundvehicleDynamics_sfun_registry.obj
 0001:0002ab20       _ssGetDynamicArrayContainedDataCurrentWidthFcn 000000018002bb20 f   sl_groundvehicleDynamics_sfun_registry.obj
 0001:0002abf0       _ssGetDynamicArrayContainedDataFcn 000000018002bbf0 f   sl_groundvehicleDynamics_sfun_registry.obj
 0001:0002acc0       _ssGetInputPortDynamicArrayDataFcn 000000018002bcc0 f   sl_groundvehicleDynamics_sfun_registry.obj
 0001:0002ad80       _ssGetOutputPortDynamicArrayDataFcn 000000018002bd80 f   sl_groundvehicleDynamics_sfun_registry.obj
 0001:0002ae40       _ssGetInputPortDynamicArrayContainedDataFcn 000000018002be40 f   sl_groundvehicleDynamics_sfun_registry.obj
 0001:0002af00       _ssGetOutputPortDynamicArrayContainedDataFcn 000000018002bf00 f   sl_groundvehicleDynamics_sfun_registry.obj
 0001:0002afc0       _ssGetDynamicArrayDWorkContainedDataFcn 000000018002bfc0 f   sl_groundvehicleDynamics_sfun_registry.obj
 0001:0002b080       sf_process_check_sum_call  000000018002c080 f   sl_groundvehicleDynamics_sfun_registry.obj
 0001:0002b0d0       sf_process_get_third_party_uses_info_call 000000018002c0d0 f   sl_groundvehicleDynamics_sfun_registry.obj
 0001:0002b300       sf_process_get_jit_fallback_info_call 000000018002c300 f   sl_groundvehicleDynamics_sfun_registry.obj
 0001:0002b530       sf_process_get_post_codegen_info_call 000000018002c530 f   sl_groundvehicleDynamics_sfun_registry.obj
 0001:0002b760       sf_process_get_updateBuildInfo_args_info_call 000000018002c760 f   sl_groundvehicleDynamics_sfun_registry.obj
 0001:0002b990       sf_process_get_eml_resolved_functions_info_call 000000018002c990 f   sl_groundvehicleDynamics_sfun_registry.obj
 0001:0002bbc0       sf_mex_unlock_call         000000018002cbc0 f   sl_groundvehicleDynamics_sfun_registry.obj
 0001:0002bde0       sf_machine_global_initializer_called 000000018002cde0 f   sl_groundvehicleDynamics_sfun_registry.obj
 0001:0002be10       sf_machine_global_method_dispatcher 000000018002ce10 f   sl_groundvehicleDynamics_sfun_registry.obj
 0001:0002be70       sf_machine_global_terminator 000000018002ce70 f   sl_groundvehicleDynamics_sfun_registry.obj
 0001:0002bea0       callCustomFcn              000000018002cea0 f   sl_groundvehicleDynamics_sfun_registry.obj
 0001:0002beb0       sf_machine_global_initializer 000000018002ceb0 f   sl_groundvehicleDynamics_sfun_registry.obj
 0001:0002bee0       mdlGetSimState             000000018002cee0 f   sl_groundvehicleDynamics_sfun_registry.obj
 0001:0002bf20       mdlSetSimState             000000018002cf20 f   sl_groundvehicleDynamics_sfun_registry.obj
 0001:0002c890       ProcessMexSfunctionEveryCall 000000018002d890 f   sl_groundvehicleDynamics_sfun_registry.obj
 0001:0002da10       __local_stdio_printf_options 000000018002ea10 f i sl_groundvehicleDynamics_sfun_registry.obj
 0001:0002da20       _vsnprintf_l               000000018002ea20 f i sl_groundvehicleDynamics_sfun_registry.obj
 0001:0002daa0       _vsprintf_l                000000018002eaa0 f i sl_groundvehicleDynamics_sfun_registry.obj
 0001:0002daf0       sprintf                    000000018002eaf0 f i sl_groundvehicleDynamics_sfun_registry.obj
 0001:0002db40       mexfilerequiredapiversion  000000018002eb40 f   c_mexapi_version.obj
 0001:0002db70       priorityqueuecodegen_constructPQ 000000018002eb70 f   priorityqueue_api.obj
 0001:0002dbf0       priorityqueuecodegen_destructPQ 000000018002ebf0 f   priorityqueue_api.obj
 0001:0002dc50       priorityqueuecodegen_push  000000018002ec50 f   priorityqueue_api.obj
 0001:0002dc90       priorityqueuecodegen_top   000000018002ec90 f   priorityqueue_api.obj
 0001:0002dd30       priorityqueuecodegen_pop   000000018002ed30 f   priorityqueue_api.obj
 0001:0002dd60       priorityqueuecodegen_size  000000018002ed60 f   priorityqueue_api.obj
 0001:0002dd90       priorityqueuecodegen_isEmpty 000000018002ed90 f   priorityqueue_api.obj
 0001:0002ddc0       priorityqueuecodegen_getDataDim 000000018002edc0 f   priorityqueue_api.obj
 0001:0002ddf0       priorityqueuecodegen_constructNodeMap 000000018002edf0 f   priorityqueue_api.obj
 0001:0002de60       priorityqueuecodegen_destructNodeMap 000000018002ee60 f   priorityqueue_api.obj
 0001:0002dec0       priorityqueuecodegen_nodemap_getDataDim 000000018002eec0 f   priorityqueue_api.obj
 0001:0002def0       priorityqueuecodegen_nodemap_getNumNodes 000000018002eef0 f   priorityqueue_api.obj
 0001:0002df40       priorityqueuecodegen_nodemap_traceBack 000000018002ef40 f   priorityqueue_api.obj
 0001:0002e090       priorityqueuecodegen_nodemap_insertNode 000000018002f090 f   priorityqueue_api.obj
 0001:0002e0e0       priorityqueuecodegen_nodemap_getNodeData 000000018002f0e0 f   priorityqueue_api.obj
 0001:0002e1e0       priorityqueuecodegen_constructSimpleMap 000000018002f1e0 f   priorityqueue_api.obj
 0001:0002e250       priorityqueuecodegen_destructSimpleMap 000000018002f250 f   priorityqueue_api.obj
 0001:0002e2b0       priorityqueuecodegen_simplemap_getDataDim 000000018002f2b0 f   priorityqueue_api.obj
 0001:0002e2e0       priorityqueuecodegen_simplemap_getSize 000000018002f2e0 f   priorityqueue_api.obj
 0001:0002e330       priorityqueuecodegen_simplemap_insertData 000000018002f330 f   priorityqueue_api.obj
 0001:0002e380       priorityqueuecodegen_simplemap_getData 000000018002f380 f   priorityqueue_api.obj
 0001:0002e460       ??$?0$$V@?$_Compressed_pair@V?$allocator@N@std@@V?$_Vector_val@U?$_Simple_types@N@std@@@2@$00@std@@QEAA@U_Zero_then_variadic_args_t@1@@Z 000000018002f460 f i priorityqueue_api.obj
 0001:0002e490       ??$?0$$V@?$_Compressed_pair@V?$allocator@U?$pair@HV?$vector@NV?$allocator@N@std@@@std@@@std@@@std@@V?$_Vector_val@U?$_Simple_types@U?$pair@HV?$vector@NV?$allocator@N@std@@@std@@@std@@@std@@@2@$00@std@@QEAA@U_Zero_then_variadic_args_t@1@@Z 000000018002f490 f i priorityqueue_api.obj
 0001:0002e4c0       ??$?0$$V@?$_Compressed_pair@V?$allocator@V?$vector@NV?$allocator@N@std@@@std@@@std@@V?$_Vector_val@U?$_Simple_types@V?$vector@NV?$allocator@N@std@@@std@@@std@@@2@$00@std@@QEAA@U_Zero_then_variadic_args_t@1@@Z 000000018002f4c0 f i priorityqueue_api.obj
 0001:0002e4f0       ??$?0AEAHV?$vector@NV?$allocator@N@std@@@std@@$0A@@?$pair@HV?$vector@NV?$allocator@N@std@@@std@@@std@@QEAA@AEAH$$QEAV?$vector@NV?$allocator@N@std@@@1@@Z 000000018002f4f0 f i priorityqueue_api.obj
 0001:0002e540       ??$?0AEAPEAU?$_List_node@U?$pair@$$CBHH@std@@PEAX@std@@_N$0A@@?$pair@PEAU?$_List_node@U?$pair@$$CBHH@std@@PEAX@std@@_N@std@@QEAA@AEAPEAU?$_List_node@U?$pair@$$CBHH@std@@PEAX@1@$$QEA_N@Z 000000018002f540 f i priorityqueue_api.obj
 0001:0002e590       ??$?0AEAPEAU?$_List_node@U?$pair@$$CBHV?$vector@NV?$allocator@N@std@@@std@@@std@@PEAX@std@@_N$0A@@?$pair@PEAU?$_List_node@U?$pair@$$CBHV?$vector@NV?$allocator@N@std@@@std@@@std@@PEAX@std@@_N@std@@QEAA@AEAPEAU?$_List_node@U?$pair@$$CBHV?$vector@NV?$allocator@N@std@@@std@@@std@@PEAX@1@$$QEA_N@Z 000000018002f590 f i priorityqueue_api.obj
 0001:0002e5e0       ??$?0AEBH$$Z$$V@?$pair@$$CBHH@std@@QEAA@Upiecewise_construct_t@1@V?$tuple@AEBH@1@V?$tuple@$$V@1@@Z 000000018002f5e0 f i priorityqueue_api.obj
 0001:0002e650       ??$?0AEBH$$Z$$V@?$pair@$$CBHV?$vector@NV?$allocator@N@std@@@std@@@std@@QEAA@Upiecewise_construct_t@1@V?$tuple@AEBH@1@V?$tuple@$$V@1@@Z 000000018002f650 f i priorityqueue_api.obj
 0001:0002e6c0       ??$?0AEBH$0A@@?$tuple@AEBH@std@@QEAA@AEBH@Z 000000018002f6c0 f i priorityqueue_api.obj
 0001:0002e6f0       ??$?0AEBH@?$_Tuple_val@AEBH@std@@QEAA@AEBH@Z 000000018002f6f0 f i priorityqueue_api.obj
 0001:0002e720       ??$?0AEBUpiecewise_construct_t@std@@V?$tuple@AEBH@1@V?$tuple@$$V@1@@?$_List_node_emplace_op2@V?$allocator@U?$_List_node@U?$pair@$$CBHH@std@@PEAX@std@@@std@@@std@@QEAA@AEAV?$allocator@U?$_List_node@U?$pair@$$CBHH@std@@PEAX@std@@@1@AEBUpiecewise_construct_t@1@$$QEAV?$tuple@AEBH@1@$$QEAV?$tuple@$$V@1@@Z 000000018002f720 f i priorityqueue_api.obj
 0001:0002e7d0       ??$?0AEBUpiecewise_construct_t@std@@V?$tuple@AEBH@1@V?$tuple@$$V@1@@?$_List_node_emplace_op2@V?$allocator@U?$_List_node@U?$pair@$$CBHV?$vector@NV?$allocator@N@std@@@std@@@std@@PEAX@std@@@std@@@std@@QEAA@AEAV?$allocator@U?$_List_node@U?$pair@$$CBHV?$vector@NV?$allocator@N@std@@@std@@@std@@PEAX@std@@@1@AEBUpiecewise_construct_t@1@$$QEAV?$tuple@AEBH@1@$$QEAV?$tuple@$$V@1@@Z 000000018002f7d0 f i priorityqueue_api.obj
 0001:0002e880       ??$?0AEBV?$allocator@N@std@@$$V@?$_Compressed_pair@V?$allocator@N@std@@V?$_Vector_val@U?$_Simple_types@N@std@@@2@$00@std@@QEAA@U_One_then_variadic_args_t@1@AEBV?$allocator@N@1@@Z 000000018002f880 f i priorityqueue_api.obj
 0001:0002e8c0       ??$?0AEBV?$allocator@U?$pair@$$CBHH@std@@@std@@$$V@?$_Compressed_pair@V?$allocator@U?$_List_node@U?$pair@$$CBHH@std@@PEAX@std@@@std@@V?$_List_val@U?$_List_simple_types@U?$pair@$$CBHH@std@@@std@@@2@$00@std@@QEAA@U_One_then_variadic_args_t@1@AEBV?$allocator@U?$pair@$$CBHH@std@@@1@@Z 000000018002f8c0 f i priorityqueue_api.obj
 0001:0002e900       ??$?0AEBV?$allocator@U?$pair@$$CBHH@std@@@std@@$$V@?$_Compressed_pair@V?$allocator@V?$_List_unchecked_iterator@V?$_List_val@U?$_List_simple_types@U?$pair@$$CBHH@std@@@std@@@std@@@std@@@std@@V?$_Vector_val@U?$_Simple_types@V?$_List_unchecked_iterator@V?$_List_val@U?$_List_simple_types@U?$pair@$$CBHH@std@@@std@@@std@@@std@@@std@@@2@$00@std@@QEAA@U_One_then_variadic_args_t@1@AEBV?$allocator@U?$pair@$$CBHH@std@@@1@@Z 000000018002f900 f i priorityqueue_api.obj
 0001:0002e940       ??$?0AEBV?$allocator@U?$pair@$$CBHH@std@@@std@@$0A@@?$_Hash_vec@V?$allocator@V?$_List_unchecked_iterator@V?$_List_val@U?$_List_simple_types@U?$pair@$$CBHH@std@@@std@@@std@@@std@@@std@@@std@@QEAA@AEBV?$allocator@U?$pair@$$CBHH@std@@@1@@Z 000000018002f940 f i priorityqueue_api.obj
 0001:0002e990       ??$?0AEBV?$allocator@U?$pair@$$CBHV?$vector@NV?$allocator@N@std@@@std@@@std@@@std@@$$V@?$_Compressed_pair@V?$allocator@U?$_List_node@U?$pair@$$CBHV?$vector@NV?$allocator@N@std@@@std@@@std@@PEAX@std@@@std@@V?$_List_val@U?$_List_simple_types@U?$pair@$$CBHV?$vector@NV?$allocator@N@std@@@std@@@std@@@std@@@2@$00@std@@QEAA@U_One_then_variadic_args_t@1@AEBV?$allocator@U?$pair@$$CBHV?$vector@NV?$allocator@N@std@@@std@@@std@@@1@@Z 000000018002f990 f i priorityqueue_api.obj
 0001:0002e9d0       ??$?0AEBV?$allocator@U?$pair@$$CBHV?$vector@NV?$allocator@N@std@@@std@@@std@@@std@@$$V@?$_Compressed_pair@V?$allocator@V?$_List_unchecked_iterator@V?$_List_val@U?$_List_simple_types@U?$pair@$$CBHV?$vector@NV?$allocator@N@std@@@std@@@std@@@std@@@std@@@std@@@std@@V?$_Vector_val@U?$_Simple_types@V?$_List_unchecked_iterator@V?$_List_val@U?$_List_simple_types@U?$pair@$$CBHV?$vector@NV?$allocator@N@std@@@std@@@std@@@std@@@std@@@std@@@std@@@2@$00@std@@QEAA@U_One_then_variadic_args_t@1@AEBV?$allocator@U?$pair@$$CBHV?$vector@NV?$allocator@N@std@@@std@@@std@@@1@@Z 000000018002f9d0 f i priorityqueue_api.obj
 0001:0002ea10       ??$?0AEBV?$allocator@U?$pair@$$CBHV?$vector@NV?$allocator@N@std@@@std@@@std@@@std@@$0A@@?$_Hash_vec@V?$allocator@V?$_List_unchecked_iterator@V?$_List_val@U?$_List_simple_types@U?$pair@$$CBHV?$vector@NV?$allocator@N@std@@@std@@@std@@@std@@@std@@@std@@@std@@@std@@QEAA@AEBV?$allocator@U?$pair@$$CBHV?$vector@NV?$allocator@N@std@@@std@@@std@@@1@@Z 000000018002fa10 f i priorityqueue_api.obj
 0001:0002ea60       ??$?0HV?$vector@NV?$allocator@N@std@@@std@@$0A@@?$pair@HV?$vector@NV?$allocator@N@std@@@std@@@std@@QEAA@$$QEAH$$QEAV?$vector@NV?$allocator@N@std@@@1@@Z 000000018002fa60 f i priorityqueue_api.obj
 0001:0002eab0       ??$?0M@?$_Compressed_pair@U?$equal_to@H@std@@M$00@std@@QEAA@U_Zero_then_variadic_args_t@1@$$QEAM@Z 000000018002fab0 f i priorityqueue_api.obj
 0001:0002eaf0       ??$?0PEAU?$_List_node@U?$pair@$$CBHH@std@@PEAX@std@@_N$0A@@?$pair@PEAU?$_List_node@U?$pair@$$CBHH@std@@PEAX@std@@_N@std@@QEAA@$$QEAPEAU?$_List_node@U?$pair@$$CBHH@std@@PEAX@1@$$QEA_N@Z 000000018002faf0 f i priorityqueue_api.obj
 0001:0002eb40       ??$?0PEAU?$_List_node@U?$pair@$$CBHV?$vector@NV?$allocator@N@std@@@std@@@std@@PEAX@std@@_N$0A@@?$pair@PEAU?$_List_node@U?$pair@$$CBHV?$vector@NV?$allocator@N@std@@@std@@@std@@PEAX@std@@_N@std@@QEAA@$$QEAPEAU?$_List_node@U?$pair@$$CBHV?$vector@NV?$allocator@N@std@@@std@@@std@@PEAX@1@$$QEA_N@Z 000000018002fb40 f i priorityqueue_api.obj
 0001:0002eb90       ??$?0PEBN$0A@@?$vector@NV?$allocator@N@std@@@std@@QEAA@PEBN0AEBV?$allocator@N@1@@Z 000000018002fb90 f i priorityqueue_api.obj
 0001:0002ec50       ??$?0U?$pair@$$CBHH@std@@@?$allocator@U?$_List_node@U?$pair@$$CBHH@std@@PEAX@std@@@std@@QEAA@AEBV?$allocator@U?$pair@$$CBHH@std@@@1@@Z 000000018002fc50 f i priorityqueue_api.obj
 0001:0002ec60       ??$?0U?$pair@$$CBHH@std@@@?$allocator@V?$_List_unchecked_iterator@V?$_List_val@U?$_List_simple_types@U?$pair@$$CBHH@std@@@std@@@std@@@std@@@std@@QEAA@AEBV?$allocator@U?$pair@$$CBHH@std@@@1@@Z 000000018002fc60 f i priorityqueue_api.obj
 0001:0002ec70       ??$?0U?$pair@$$CBHV?$vector@NV?$allocator@N@std@@@std@@@std@@@?$allocator@U?$_List_node@U?$pair@$$CBHV?$vector@NV?$allocator@N@std@@@std@@@std@@PEAX@std@@@std@@QEAA@AEBV?$allocator@U?$pair@$$CBHV?$vector@NV?$allocator@N@std@@@std@@@std@@@1@@Z 000000018002fc70 f i priorityqueue_api.obj
 0001:0002ec80       ??$?0U?$pair@$$CBHV?$vector@NV?$allocator@N@std@@@std@@@std@@@?$allocator@V?$_List_unchecked_iterator@V?$_List_val@U?$_List_simple_types@U?$pair@$$CBHV?$vector@NV?$allocator@N@std@@@std@@@std@@@std@@@std@@@std@@@std@@QEAA@AEBV?$allocator@U?$pair@$$CBHV?$vector@NV?$allocator@N@std@@@std@@@std@@@1@@Z 000000018002fc80 f i priorityqueue_api.obj
 0001:0002ec90       ??$?0U_Exact_args_t@std@@$0A@@?$tuple@$$V@std@@QEAA@U_Exact_args_t@1@@Z 000000018002fc90 f i priorityqueue_api.obj
 0001:0002eca0       ??$?0U_Exact_args_t@std@@AEBH$$V$0A@@?$tuple@AEBH@std@@QEAA@U_Exact_args_t@1@AEBH@Z 000000018002fca0 f i priorityqueue_api.obj
 0001:0002ecf0       ??$?0U_Zero_then_variadic_args_t@std@@M@?$_Compressed_pair@U?$hash@H@std@@V?$_Compressed_pair@U?$equal_to@H@std@@M$00@2@$00@std@@QEAA@U_Zero_then_variadic_args_t@1@$$QEAU21@$$QEAM@Z 000000018002fcf0 f i priorityqueue_api.obj
 0001:0002ed40       ??$?0V?$allocator@N@std@@$$V@?$_Compressed_pair@V?$allocator@N@std@@V?$_Vector_val@U?$_Simple_types@N@std@@@2@$00@std@@QEAA@U_One_then_variadic_args_t@1@$$QEAV?$allocator@N@1@@Z 000000018002fd40 f i priorityqueue_api.obj
 0001:0002ed80       ??$?0V?$allocator@N@std@@PEANPEANPEAN@?$_Compressed_pair@V?$allocator@N@std@@V?$_Vector_val@U?$_Simple_types@N@std@@@2@$00@std@@QEAA@U_One_then_variadic_args_t@1@$$QEAV?$allocator@N@1@$$QEAPEAN22@Z 000000018002fd80 f i priorityqueue_api.obj
 0001:0002edf0       ??$?0V?$allocator@V?$vector@NV?$allocator@N@std@@@std@@@std@@PEAV?$vector@NV?$allocator@N@std@@@1@PEAV21@PEAV21@@?$_Compressed_pair@V?$allocator@V?$vector@NV?$allocator@N@std@@@std@@@std@@V?$_Vector_val@U?$_Simple_types@V?$vector@NV?$allocator@N@std@@@std@@@std@@@2@$00@std@@QEAA@U_One_then_variadic_args_t@1@$$QEAV?$allocator@V?$vector@NV?$allocator@N@std@@@std@@@1@$$QEAPEAV?$vector@NV?$allocator@N@std@@@1@22@Z 000000018002fdf0 f i priorityqueue_api.obj
 0001:0002ee60       ??$?0V?$tuple@AEBH@std@@V?$tuple@$$V@1@$0A@$$Z$S@?$pair@$$CBHH@std@@QEAA@AEAV?$tuple@AEBH@1@AEAV?$tuple@$$V@1@U?$integer_sequence@_K$0A@@1@U?$integer_sequence@_K$S@1@@Z 000000018002fe60 f i priorityqueue_api.obj
 0001:0002eeb0       ??$?0V?$tuple@AEBH@std@@V?$tuple@$$V@1@$0A@$$Z$S@?$pair@$$CBHV?$vector@NV?$allocator@N@std@@@std@@@std@@QEAA@AEAV?$tuple@AEBH@1@AEAV?$tuple@$$V@1@U?$integer_sequence@_K$0A@@1@U?$integer_sequence@_K$S@1@@Z 000000018002feb0 f i priorityqueue_api.obj
 0001:0002ef00       ??$?4U?$pair@HV?$vector@NV?$allocator@N@std@@@std@@@std@@$0A@@?$pair@HV?$vector@NV?$allocator@N@std@@@std@@@std@@QEAAAEAU01@$$QEAU01@@Z 000000018002ff00 f i priorityqueue_api.obj
 0001:0002ef50       ??$?RH@?$_Uhash_compare@HU?$hash@H@std@@U?$equal_to@H@2@@std@@QEBA_KAEBH@Z 000000018002ff50 f i priorityqueue_api.obj
 0001:0002ef80       ??$?RHH@?$_Uhash_compare@HU?$hash@H@std@@U?$equal_to@H@2@@std@@QEBA_NAEBH0@Z 000000018002ff80 f i priorityqueue_api.obj
 0001:0002efe0       ??$_Adl_verify_range@PEAV?$_List_unchecked_iterator@V?$_List_val@U?$_List_simple_types@U?$pair@$$CBHH@std@@@std@@@std@@@std@@PEAV12@@std@@YAXAEBQEAV?$_List_unchecked_iterator@V?$_List_val@U?$_List_simple_types@U?$pair@$$CBHH@std@@@std@@@std@@@0@0@Z 000000018002ffe0 f i priorityqueue_api.obj
 0001:0002eff0       ??$_Adl_verify_range@PEAV?$_List_unchecked_iterator@V?$_List_val@U?$_List_simple_types@U?$pair@$$CBHV?$vector@NV?$allocator@N@std@@@std@@@std@@@std@@@std@@@std@@PEAV12@@std@@YAXAEBQEAV?$_List_unchecked_iterator@V?$_List_val@U?$_List_simple_types@U?$pair@$$CBHV?$vector@NV?$allocator@N@std@@@std@@@std@@@std@@@std@@@0@0@Z 000000018002fff0 f i priorityqueue_api.obj
 0001:0002f000       ??$_Adl_verify_range@PEBNPEBN@std@@YAXAEBQEBN0@Z 0000000180030000 f i priorityqueue_api.obj
 0001:0002f010       ??$_Adl_verify_range@V?$_Vector_iterator@V?$_Vector_val@U?$_Simple_types@U?$pair@HV?$vector@NV?$allocator@N@std@@@std@@@std@@@std@@@std@@@std@@V12@@std@@YAXAEBV?$_Vector_iterator@V?$_Vector_val@U?$_Simple_types@U?$pair@HV?$vector@NV?$allocator@N@std@@@std@@@std@@@std@@@std@@@0@0@Z 0000000180030010 f i priorityqueue_api.obj
 0001:0002f020       ??$_Allocate@$0BA@U_Default_allocate_traits@std@@$0A@@std@@YAPEAX_K@Z 0000000180030020 f i priorityqueue_api.obj
 0001:0002f060       ??$_Allocate_at_least_helper@V?$allocator@N@std@@@std@@YAPEANAEAV?$allocator@N@0@AEA_K@Z 0000000180030060 f i priorityqueue_api.obj
 0001:0002f090       ??$_Allocate_at_least_helper@V?$allocator@U?$pair@HV?$vector@NV?$allocator@N@std@@@std@@@std@@@std@@@std@@YAPEAU?$pair@HV?$vector@NV?$allocator@N@std@@@std@@@0@AEAV?$allocator@U?$pair@HV?$vector@NV?$allocator@N@std@@@std@@@std@@@0@AEA_K@Z 0000000180030090 f i priorityqueue_api.obj
 0001:0002f0c0       ??$_Allocate_at_least_helper@V?$allocator@V?$vector@NV?$allocator@N@std@@@std@@@std@@@std@@YAPEAV?$vector@NV?$allocator@N@std@@@0@AEAV?$allocator@V?$vector@NV?$allocator@N@std@@@std@@@0@AEA_K@Z 00000001800300c0 f i priorityqueue_api.obj
 0001:0002f0f0       ??$_Allocate_manually_vector_aligned@U_Default_allocate_traits@std@@@std@@YAPEAX_K@Z 00000001800300f0 f i priorityqueue_api.obj
 0001:0002f180       ??$_Construct_in_place@PEAU?$_List_node@U?$pair@$$CBHH@std@@PEAX@std@@AEAPEAU12@@std@@YAXAEAPEAU?$_List_node@U?$pair@$$CBHH@std@@PEAX@0@0@Z 0000000180030180 f i priorityqueue_api.obj
 0001:0002f1d0       ??$_Construct_in_place@PEAU?$_List_node@U?$pair@$$CBHH@std@@PEAX@std@@AEBQEAU12@@std@@YAXAEAPEAU?$_List_node@U?$pair@$$CBHH@std@@PEAX@0@AEBQEAU10@@Z 00000001800301d0 f i priorityqueue_api.obj
 0001:0002f220       ??$_Construct_in_place@PEAU?$_List_node@U?$pair@$$CBHV?$vector@NV?$allocator@N@std@@@std@@@std@@PEAX@std@@AEAPEAU12@@std@@YAXAEAPEAU?$_List_node@U?$pair@$$CBHV?$vector@NV?$allocator@N@std@@@std@@@std@@PEAX@0@0@Z 0000000180030220 f i priorityqueue_api.obj
 0001:0002f270       ??$_Construct_in_place@PEAU?$_List_node@U?$pair@$$CBHV?$vector@NV?$allocator@N@std@@@std@@@std@@PEAX@std@@AEBQEAU12@@std@@YAXAEAPEAU?$_List_node@U?$pair@$$CBHV?$vector@NV?$allocator@N@std@@@std@@@std@@PEAX@0@AEBQEAU10@@Z 0000000180030270 f i priorityqueue_api.obj
 0001:0002f2c0       ??$_Construct_in_place@U?$pair@HV?$vector@NV?$allocator@N@std@@@std@@@std@@AEAHV?$vector@NV?$allocator@N@std@@@2@@std@@YAXAEAU?$pair@HV?$vector@NV?$allocator@N@std@@@std@@@0@AEAH$$QEAV?$vector@NV?$allocator@N@std@@@0@@Z 00000001800302c0 f i priorityqueue_api.obj
 0001:0002f330       ??$_Construct_in_place@V?$_List_unchecked_iterator@V?$_List_val@U?$_List_simple_types@U?$pair@$$CBHH@std@@@std@@@std@@@std@@AEBV12@@std@@YAXAEAV?$_List_unchecked_iterator@V?$_List_val@U?$_List_simple_types@U?$pair@$$CBHH@std@@@std@@@std@@@0@AEBV10@@Z 0000000180030330 f i priorityqueue_api.obj
 0001:0002f380       ??$_Construct_in_place@V?$_List_unchecked_iterator@V?$_List_val@U?$_List_simple_types@U?$pair@$$CBHV?$vector@NV?$allocator@N@std@@@std@@@std@@@std@@@std@@@std@@AEBV12@@std@@YAXAEAV?$_List_unchecked_iterator@V?$_List_val@U?$_List_simple_types@U?$pair@$$CBHV?$vector@NV?$allocator@N@std@@@std@@@std@@@std@@@std@@@0@AEBV10@@Z 0000000180030380 f i priorityqueue_api.obj
 0001:0002f3d0       ??$_Construct_n@AEBN@?$vector@NV?$allocator@N@std@@@std@@AEAAX_KAEBN@Z 00000001800303d0 f i priorityqueue_api.obj
 0001:0002f490       ??$_Construct_n@AEBQEANAEBQEAN@?$vector@NV?$allocator@N@std@@@std@@AEAAX_KAEBQEAN1@Z 0000000180030490 f i priorityqueue_api.obj
 0001:0002f570       ??$_Construct_n@PEBNPEBN@?$vector@NV?$allocator@N@std@@@std@@AEAAX_K$$QEAPEBN1@Z 0000000180030570 f i priorityqueue_api.obj
 0001:0002f650       ??$_Convert_size@_K_K@std@@YA_K_K@Z 0000000180030650 f i priorityqueue_api.obj
 0001:0002f660       ??$_Copy_memmove@PEANPEAN@std@@YAPEANPEAN00@Z 0000000180030660 f i priorityqueue_api.obj
 0001:0002f700       ??$_Copy_memmove@PEBNPEAN@std@@YAPEANPEBN0PEAN@Z 0000000180030700 f i priorityqueue_api.obj
 0001:0002f7a0       ??$_Deallocate@$0BA@$0A@@std@@YAXPEAX_K@Z 00000001800307a0 f i priorityqueue_api.obj
 0001:0002f7e0       ??$_Destroy_in_place@PEAU?$_List_node@U?$pair@$$CBHH@std@@PEAX@std@@@std@@YAXAEAPEAU?$_List_node@U?$pair@$$CBHH@std@@PEAX@0@@Z 00000001800307e0 f i priorityqueue_api.obj
 0001:0002f7f0       ??$_Destroy_in_place@PEAU?$_List_node@U?$pair@$$CBHV?$vector@NV?$allocator@N@std@@@std@@@std@@PEAX@std@@@std@@YAXAEAPEAU?$_List_node@U?$pair@$$CBHV?$vector@NV?$allocator@N@std@@@std@@@std@@PEAX@0@@Z 00000001800307f0 f i priorityqueue_api.obj
 0001:0002f800       ??$_Destroy_range@PEAV?$_List_unchecked_iterator@V?$_List_val@U?$_List_simple_types@U?$pair@$$CBHH@std@@@std@@@std@@@std@@PEAV12@@std@@YAXPEAV?$_List_unchecked_iterator@V?$_List_val@U?$_List_simple_types@U?$pair@$$CBHH@std@@@std@@@std@@@0@QEAV10@@Z 0000000180030800 f i priorityqueue_api.obj
 0001:0002f810       ??$_Destroy_range@PEAV?$_List_unchecked_iterator@V?$_List_val@U?$_List_simple_types@U?$pair@$$CBHV?$vector@NV?$allocator@N@std@@@std@@@std@@@std@@@std@@@std@@PEAV12@@std@@YAXPEAV?$_List_unchecked_iterator@V?$_List_val@U?$_List_simple_types@U?$pair@$$CBHV?$vector@NV?$allocator@N@std@@@std@@@std@@@std@@@std@@@0@QEAV10@@Z 0000000180030810 f i priorityqueue_api.obj
 0001:0002f820       ??$_Destroy_range@V?$allocator@N@std@@@std@@YAXPEANQEANAEAV?$allocator@N@0@@Z 0000000180030820 f i priorityqueue_api.obj
 0001:0002f830       ??$_Destroy_range@V?$allocator@U?$pair@HV?$vector@NV?$allocator@N@std@@@std@@@std@@@std@@@std@@YAXPEAU?$pair@HV?$vector@NV?$allocator@N@std@@@std@@@0@QEAU10@AEAV?$allocator@U?$pair@HV?$vector@NV?$allocator@N@std@@@std@@@std@@@0@@Z 0000000180030830 f i priorityqueue_api.obj
 0001:0002f880       ??$_Destroy_range@V?$allocator@V?$vector@NV?$allocator@N@std@@@std@@@std@@@std@@YAXPEAV?$vector@NV?$allocator@N@std@@@0@QEAV10@AEAV?$allocator@V?$vector@NV?$allocator@N@std@@@std@@@0@@Z 0000000180030880 f i priorityqueue_api.obj
 0001:0002f8d0       ??$_Emplace_back@AEAN@?$_Uninitialized_backout_al@V?$allocator@N@std@@@std@@QEAAXAEAN@Z 00000001800308d0 f i priorityqueue_api.obj
 0001:0002f930       ??$_Emplace_back@AEBN@?$_Uninitialized_backout_al@V?$allocator@N@std@@@std@@QEAAXAEBN@Z 0000000180030930 f i priorityqueue_api.obj
 0001:0002f990       ??$_Emplace_back@AEBV?$_List_unchecked_iterator@V?$_List_val@U?$_List_simple_types@U?$pair@$$CBHH@std@@@std@@@std@@@std@@@?$_Uninitialized_backout@PEAV?$_List_unchecked_iterator@V?$_List_val@U?$_List_simple_types@U?$pair@$$CBHH@std@@@std@@@std@@@std@@@std@@QEAAXAEBV?$_List_unchecked_iterator@V?$_List_val@U?$_List_simple_types@U?$pair@$$CBHH@std@@@std@@@std@@@1@@Z 0000000180030990 f i priorityqueue_api.obj
 0001:0002f9e0       ??$_Emplace_back@AEBV?$_List_unchecked_iterator@V?$_List_val@U?$_List_simple_types@U?$pair@$$CBHV?$vector@NV?$allocator@N@std@@@std@@@std@@@std@@@std@@@std@@@?$_Uninitialized_backout@PEAV?$_List_unchecked_iterator@V?$_List_val@U?$_List_simple_types@U?$pair@$$CBHV?$vector@NV?$allocator@N@std@@@std@@@std@@@std@@@std@@@std@@@std@@QEAAXAEBV?$_List_unchecked_iterator@V?$_List_val@U?$_List_simple_types@U?$pair@$$CBHV?$vector@NV?$allocator@N@std@@@std@@@std@@@std@@@std@@@1@@Z 00000001800309e0 f i priorityqueue_api.obj
 0001:0002fa30       ??$_Emplace_back@U?$pair@HV?$vector@NV?$allocator@N@std@@@std@@@std@@@?$_Uninitialized_backout_al@V?$allocator@U?$pair@HV?$vector@NV?$allocator@N@std@@@std@@@std@@@std@@@std@@QEAAX$$QEAU?$pair@HV?$vector@NV?$allocator@N@std@@@std@@@1@@Z 0000000180030a30 f i priorityqueue_api.obj
 0001:0002fa90       ??$_Emplace_back@V?$vector@NV?$allocator@N@std@@@std@@@?$_Uninitialized_backout_al@V?$allocator@V?$vector@NV?$allocator@N@std@@@std@@@std@@@std@@QEAAX$$QEAV?$vector@NV?$allocator@N@std@@@1@@Z 0000000180030a90 f i priorityqueue_api.obj
 0001:0002faf0       ??$_Emplace_back_with_unused_capacity@AEAHV?$vector@NV?$allocator@N@std@@@std@@@?$vector@U?$pair@HV?$vector@NV?$allocator@N@std@@@std@@@std@@V?$allocator@U?$pair@HV?$vector@NV?$allocator@N@std@@@std@@@std@@@2@@std@@AEAAAEAU?$pair@HV?$vector@NV?$allocator@N@std@@@std@@@1@AEAH$$QEAV?$vector@NV?$allocator@N@std@@@1@@Z 0000000180030af0 f i priorityqueue_api.obj
 0001:0002fba0       ??$_Emplace_back_with_unused_capacity@AEBHN@?$vector@V?$vector@NV?$allocator@N@std@@@std@@V?$allocator@V?$vector@NV?$allocator@N@std@@@std@@@2@@std@@AEAAAEAV?$vector@NV?$allocator@N@std@@@1@AEBH$$QEAN@Z 0000000180030ba0 f i priorityqueue_api.obj
 0001:0002fc70       ??$_Emplace_back_with_unused_capacity@AEBV?$vector@NV?$allocator@N@std@@@std@@@?$vector@V?$vector@NV?$allocator@N@std@@@std@@V?$allocator@V?$vector@NV?$allocator@N@std@@@std@@@2@@std@@AEAAAEAV?$vector@NV?$allocator@N@std@@@1@AEBV21@@Z 0000000180030c70 f i priorityqueue_api.obj
 0001:0002fd20       ??$_Emplace_one_at_back@AEAHV?$vector@NV?$allocator@N@std@@@std@@@?$vector@U?$pair@HV?$vector@NV?$allocator@N@std@@@std@@@std@@V?$allocator@U?$pair@HV?$vector@NV?$allocator@N@std@@@std@@@std@@@2@@std@@AEAAAEAU?$pair@HV?$vector@NV?$allocator@N@std@@@std@@@1@AEAH$$QEAV?$vector@NV?$allocator@N@std@@@1@@Z 0000000180030d20 f i priorityqueue_api.obj
 0001:0002fdd0       ??$_Emplace_one_at_back@AEBHN@?$vector@V?$vector@NV?$allocator@N@std@@@std@@V?$allocator@V?$vector@NV?$allocator@N@std@@@std@@@2@@std@@AEAAAEAV?$vector@NV?$allocator@N@std@@@1@AEBH$$QEAN@Z 0000000180030dd0 f i priorityqueue_api.obj
 0001:0002fe80       ??$_Emplace_one_at_back@AEBV?$vector@NV?$allocator@N@std@@@std@@@?$vector@V?$vector@NV?$allocator@N@std@@@std@@V?$allocator@V?$vector@NV?$allocator@N@std@@@std@@@2@@std@@AEAAAEAV?$vector@NV?$allocator@N@std@@@1@AEBV21@@Z 0000000180030e80 f i priorityqueue_api.obj
 0001:0002ff00       ??$_Emplace_reallocate@AEAHV?$vector@NV?$allocator@N@std@@@std@@@?$vector@U?$pair@HV?$vector@NV?$allocator@N@std@@@std@@@std@@V?$allocator@U?$pair@HV?$vector@NV?$allocator@N@std@@@std@@@std@@@2@@std@@AEAAPEAU?$pair@HV?$vector@NV?$allocator@N@std@@@std@@@1@QEAU21@AEAH$$QEAV?$vector@NV?$allocator@N@std@@@1@@Z 0000000180030f00 f i priorityqueue_api.obj
 0001:00030140       ??$_Emplace_reallocate@AEBHN@?$vector@V?$vector@NV?$allocator@N@std@@@std@@V?$allocator@V?$vector@NV?$allocator@N@std@@@std@@@2@@std@@AEAAPEAV?$vector@NV?$allocator@N@std@@@1@QEAV21@AEBH$$QEAN@Z 0000000180031140 f i priorityqueue_api.obj
 0001:00030380       ??$_Emplace_reallocate@AEBV?$vector@NV?$allocator@N@std@@@std@@@?$vector@V?$vector@NV?$allocator@N@std@@@std@@V?$allocator@V?$vector@NV?$allocator@N@std@@@std@@@2@@std@@AEAAPEAV?$vector@NV?$allocator@N@std@@@1@QEAV21@AEBV21@@Z 0000000180031380 f i priorityqueue_api.obj
 0001:000305a0       ??$_Fill_zero_memset@PEAN@std@@YAXPEAN_K@Z 00000001800315a0 f i priorityqueue_api.obj
 0001:000305e0       ??$_Find@H@?$_Hash@V?$_Umap_traits@HHV?$_Uhash_compare@HU?$hash@H@std@@U?$equal_to@H@2@@std@@V?$allocator@U?$pair@$$CBHH@std@@@2@$0A@@std@@@std@@AEBAPEAU?$_List_node@U?$pair@$$CBHH@std@@PEAX@1@AEBH_K@Z 00000001800315e0 f i priorityqueue_api.obj
 0001:00030640       ??$_Find@H@?$_Hash@V?$_Umap_traits@HV?$vector@NV?$allocator@N@std@@@std@@V?$_Uhash_compare@HU?$hash@H@std@@U?$equal_to@H@2@@2@V?$allocator@U?$pair@$$CBHV?$vector@NV?$allocator@N@std@@@std@@@std@@@2@$0A@@std@@@std@@AEBAPEAU?$_List_node@U?$pair@$$CBHV?$vector@NV?$allocator@N@std@@@std@@@std@@PEAX@1@AEBH_K@Z 0000000180031640 f i priorityqueue_api.obj
 0001:000306a0       ??$_Find_last@H@?$_Hash@V?$_Umap_traits@HHV?$_Uhash_compare@HU?$hash@H@std@@U?$equal_to@H@2@@std@@V?$allocator@U?$pair@$$CBHH@std@@@2@$0A@@std@@@std@@IEBA?AU?$_Hash_find_last_result@PEAU?$_List_node@U?$pair@$$CBHH@std@@PEAX@std@@@1@AEBH_K@Z 00000001800316a0 f i priorityqueue_api.obj
 0001:000307e0       ??$_Find_last@H@?$_Hash@V?$_Umap_traits@HV?$vector@NV?$allocator@N@std@@@std@@V?$_Uhash_compare@HU?$hash@H@std@@U?$equal_to@H@2@@2@V?$allocator@U?$pair@$$CBHV?$vector@NV?$allocator@N@std@@@std@@@std@@@2@$0A@@std@@@std@@IEBA?AU?$_Hash_find_last_result@PEAU?$_List_node@U?$pair@$$CBHV?$vector@NV?$allocator@N@std@@@std@@@std@@PEAX@std@@@1@AEBH_K@Z 00000001800317e0 f i priorityqueue_api.obj
 0001:00030920       ??$_Fnv1a_append_value@H@std@@YA_K_KAEBH@Z 0000000180031920 f i priorityqueue_api.obj
 0001:00030950       ??$_Free_non_head@V?$allocator@U?$_List_node@U?$pair@$$CBHH@std@@PEAX@std@@@std@@@?$_List_node@U?$pair@$$CBHH@std@@PEAX@std@@SAXAEAV?$allocator@U?$_List_node@U?$pair@$$CBHH@std@@PEAX@std@@@1@PEAU01@@Z 0000000180031950 f i priorityqueue_api.obj
 0001:000309c0       ??$_Free_non_head@V?$allocator@U?$_List_node@U?$pair@$$CBHV?$vector@NV?$allocator@N@std@@@std@@@std@@PEAX@std@@@std@@@?$_List_node@U?$pair@$$CBHV?$vector@NV?$allocator@N@std@@@std@@@std@@PEAX@std@@SAXAEAV?$allocator@U?$_List_node@U?$pair@$$CBHV?$vector@NV?$allocator@N@std@@@std@@@std@@PEAX@std@@@1@PEAU01@@Z 00000001800319c0 f i priorityqueue_api.obj
 0001:00030a30       ??$_Freenode0@V?$allocator@U?$_List_node@U?$pair@$$CBHH@std@@PEAX@std@@@std@@@?$_List_node@U?$pair@$$CBHH@std@@PEAX@std@@SAXAEAV?$allocator@U?$_List_node@U?$pair@$$CBHH@std@@PEAX@std@@@1@PEAU01@@Z 0000000180031a30 f i priorityqueue_api.obj
 0001:00030a80       ??$_Freenode0@V?$allocator@U?$_List_node@U?$pair@$$CBHV?$vector@NV?$allocator@N@std@@@std@@@std@@PEAX@std@@@std@@@?$_List_node@U?$pair@$$CBHV?$vector@NV?$allocator@N@std@@@std@@@std@@PEAX@std@@SAXAEAV?$allocator@U?$_List_node@U?$pair@$$CBHV?$vector@NV?$allocator@N@std@@@std@@@std@@PEAX@std@@@1@PEAU01@@Z 0000000180031a80 f i priorityqueue_api.obj
 0001:00030ad0       ??$_Freenode@V?$allocator@U?$_List_node@U?$pair@$$CBHH@std@@PEAX@std@@@std@@@?$_List_node@U?$pair@$$CBHH@std@@PEAX@std@@SAXAEAV?$allocator@U?$_List_node@U?$pair@$$CBHH@std@@PEAX@std@@@1@PEAU01@@Z 0000000180031ad0 f i priorityqueue_api.obj
 0001:00030b20       ??$_Freenode@V?$allocator@U?$_List_node@U?$pair@$$CBHV?$vector@NV?$allocator@N@std@@@std@@@std@@PEAX@std@@@std@@@?$_List_node@U?$pair@$$CBHV?$vector@NV?$allocator@N@std@@@std@@@std@@PEAX@std@@SAXAEAV?$allocator@U?$_List_node@U?$pair@$$CBHV?$vector@NV?$allocator@N@std@@@std@@@std@@PEAX@std@@@1@PEAU01@@Z 0000000180031b20 f i priorityqueue_api.obj
 0001:00030b70       ??$_Get_size_of_n@$07@std@@YA_K_K@Z 0000000180031b70 f i priorityqueue_api.obj
 0001:00030bc0       ??$_Get_size_of_n@$0BI@@std@@YA_K_K@Z 0000000180031bc0 f i priorityqueue_api.obj
 0001:00030c00       ??$_Get_size_of_n@$0CA@@std@@YA_K_K@Z 0000000180031c00 f i priorityqueue_api.obj
 0001:00030c40       ??$_Get_size_of_n@$0DA@@std@@YA_K_K@Z 0000000180031c40 f i priorityqueue_api.obj
 0001:00030c80       ??$_Get_unwrapped@AEAPEBN@std@@YA?A_TAEAPEBN@Z 0000000180031c80 f i priorityqueue_api.obj
 0001:00030c90       ??$_Get_unwrapped@AEAV?$_Vector_iterator@V?$_Vector_val@U?$_Simple_types@U?$pair@HV?$vector@NV?$allocator@N@std@@@std@@@std@@@std@@@std@@@std@@@std@@YA?A_TAEAV?$_Vector_iterator@V?$_Vector_val@U?$_Simple_types@U?$pair@HV?$vector@NV?$allocator@N@std@@@std@@@std@@@std@@@std@@@0@@Z 0000000180031c90 f i priorityqueue_api.obj
 0001:00030cb0       ??$_Get_unwrapped@AEBQEAU?$pair@HV?$vector@NV?$allocator@N@std@@@std@@@std@@@std@@YA?A_TAEBQEAU?$pair@HV?$vector@NV?$allocator@N@std@@@std@@@0@@Z 0000000180031cb0 f i priorityqueue_api.obj
 0001:00030cc0       ??$_Get_unwrapped@AEBQEAV?$_List_unchecked_iterator@V?$_List_val@U?$_List_simple_types@U?$pair@$$CBHH@std@@@std@@@std@@@std@@@std@@YA?A_TAEBQEAV?$_List_unchecked_iterator@V?$_List_val@U?$_List_simple_types@U?$pair@$$CBHH@std@@@std@@@std@@@0@@Z 0000000180031cc0 f i priorityqueue_api.obj
 0001:00030cd0       ??$_Get_unwrapped@AEBQEAV?$_List_unchecked_iterator@V?$_List_val@U?$_List_simple_types@U?$pair@$$CBHV?$vector@NV?$allocator@N@std@@@std@@@std@@@std@@@std@@@std@@@std@@YA?A_TAEBQEAV?$_List_unchecked_iterator@V?$_List_val@U?$_List_simple_types@U?$pair@$$CBHV?$vector@NV?$allocator@N@std@@@std@@@std@@@std@@@std@@@0@@Z 0000000180031cd0 f i priorityqueue_api.obj
 0001:00030ce0       ??$_Get_unwrapped@AEBQEAV?$vector@NV?$allocator@N@std@@@std@@@std@@YA?A_TAEBQEAV?$vector@NV?$allocator@N@std@@@0@@Z 0000000180031ce0 f i priorityqueue_api.obj
 0001:00030cf0       ??$_Get_unwrapped@PEAN@std@@YA?A_T$$QEAPEAN@Z 0000000180031cf0 f i priorityqueue_api.obj
 0001:00030d00       ??$_Get_unwrapped@PEBN@std@@YA?A_T$$QEAPEBN@Z 0000000180031d00 f i priorityqueue_api.obj
 0001:00030d10       ??$_Hash_representation@H@std@@YA_KAEBH@Z 0000000180031d10 f i priorityqueue_api.obj
 0001:00030d40       ??$_Is_all_bits_zero@N@std@@YA_NAEBN@Z 0000000180031d40 f i priorityqueue_api.obj
 0001:00030d90       ??$_Kfn@$$CBHH@?$_Umap_traits@HHV?$_Uhash_compare@HU?$hash@H@std@@U?$equal_to@H@2@@std@@V?$allocator@U?$pair@$$CBHH@std@@@2@$0A@@std@@SAAEBHAEBU?$pair@$$CBHH@1@@Z 0000000180031d90 f i priorityqueue_api.obj
 0001:00030da0       ??$_Kfn@$$CBHV?$vector@NV?$allocator@N@std@@@std@@@?$_Umap_traits@HV?$vector@NV?$allocator@N@std@@@std@@V?$_Uhash_compare@HU?$hash@H@std@@U?$equal_to@H@2@@2@V?$allocator@U?$pair@$$CBHV?$vector@NV?$allocator@N@std@@@std@@@std@@@2@$0A@@std@@SAAEBHAEBU?$pair@$$CBHV?$vector@NV?$allocator@N@std@@@std@@@1@@Z 0000000180031da0 f i priorityqueue_api.obj
 0001:00030db0       ??$_Pass_fn@Ucomparator@PriorityQueueImpl@nav@@@std@@YA?A_PAEAUcomparator@PriorityQueueImpl@nav@@@Z 0000000180031db0 f i priorityqueue_api.obj
 0001:00030de0       ??$_Pocma@V?$allocator@N@std@@@std@@YAXAEAV?$allocator@N@0@0@Z 0000000180031de0 f i priorityqueue_api.obj
 0001:00030e00       ??$_Pocma@V?$allocator@U?$_List_node@U?$pair@$$CBHH@std@@PEAX@std@@@std@@@std@@YAXAEAV?$allocator@U?$_List_node@U?$pair@$$CBHH@std@@PEAX@std@@@0@0@Z 0000000180031e00 f i priorityqueue_api.obj
 0001:00030e20       ??$_Pocma@V?$allocator@U?$_List_node@U?$pair@$$CBHV?$vector@NV?$allocator@N@std@@@std@@@std@@PEAX@std@@@std@@@std@@YAXAEAV?$allocator@U?$_List_node@U?$pair@$$CBHV?$vector@NV?$allocator@N@std@@@std@@@std@@PEAX@std@@@0@0@Z 0000000180031e20 f i priorityqueue_api.obj
 0001:00030e40       ??$_Pocma@V?$allocator@U?$pair@HV?$vector@NV?$allocator@N@std@@@std@@@std@@@std@@@std@@YAXAEAV?$allocator@U?$pair@HV?$vector@NV?$allocator@N@std@@@std@@@std@@@0@0@Z 0000000180031e40 f i priorityqueue_api.obj
 0001:00030e60       ??$_Pocma@V?$allocator@V?$_List_unchecked_iterator@V?$_List_val@U?$_List_simple_types@U?$pair@$$CBHH@std@@@std@@@std@@@std@@@std@@@std@@YAXAEAV?$allocator@V?$_List_unchecked_iterator@V?$_List_val@U?$_List_simple_types@U?$pair@$$CBHH@std@@@std@@@std@@@std@@@0@0@Z 0000000180031e60 f i priorityqueue_api.obj
 0001:00030e80       ??$_Pocma@V?$allocator@V?$_List_unchecked_iterator@V?$_List_val@U?$_List_simple_types@U?$pair@$$CBHV?$vector@NV?$allocator@N@std@@@std@@@std@@@std@@@std@@@std@@@std@@@std@@YAXAEAV?$allocator@V?$_List_unchecked_iterator@V?$_List_val@U?$_List_simple_types@U?$pair@$$CBHV?$vector@NV?$allocator@N@std@@@std@@@std@@@std@@@std@@@std@@@0@0@Z 0000000180031e80 f i priorityqueue_api.obj
 0001:00030ea0       ??$_Pop_heap_hole_by_index@PEAU?$pair@HV?$vector@NV?$allocator@N@std@@@std@@@std@@U12@Ucomparator@PriorityQueueImpl@nav@@@std@@YAXPEAU?$pair@HV?$vector@NV?$allocator@N@std@@@std@@@0@_J1$$QEAU10@Ucomparator@PriorityQueueImpl@nav@@@Z 0000000180031ea0 f i priorityqueue_api.obj
 0001:00031030       ??$_Pop_heap_hole_unchecked@PEAU?$pair@HV?$vector@NV?$allocator@N@std@@@std@@@std@@U12@Ucomparator@PriorityQueueImpl@nav@@@std@@YAXPEAU?$pair@HV?$vector@NV?$allocator@N@std@@@std@@@0@00$$QEAU10@Ucomparator@PriorityQueueImpl@nav@@@Z 0000000180032030 f i priorityqueue_api.obj
 0001:000310a0       ??$_Pop_heap_unchecked@PEAU?$pair@HV?$vector@NV?$allocator@N@std@@@std@@@std@@Ucomparator@PriorityQueueImpl@nav@@@std@@YAXPEAU?$pair@HV?$vector@NV?$allocator@N@std@@@std@@@0@0Ucomparator@PriorityQueueImpl@nav@@@Z 00000001800320a0 f i priorityqueue_api.obj
 0001:00031130       ??$_Push_heap_by_index@PEAU?$pair@HV?$vector@NV?$allocator@N@std@@@std@@@std@@U12@Ucomparator@PriorityQueueImpl@nav@@@std@@YAXPEAU?$pair@HV?$vector@NV?$allocator@N@std@@@std@@@0@_J1$$QEAU10@Ucomparator@PriorityQueueImpl@nav@@@Z 0000000180032130 f i priorityqueue_api.obj
 0001:00031210       ??$_To_address@PEAN@std@@YA?A_PAEBQEAN@Z 0000000180032210 f i priorityqueue_api.obj
 0001:00031220       ??$_To_address@PEBN@std@@YA?A_PAEBQEBN@Z 0000000180032220 f i priorityqueue_api.obj
 0001:00031230       ??$_Try_emplace@AEBH$$V@?$_Hash@V?$_Umap_traits@HHV?$_Uhash_compare@HU?$hash@H@std@@U?$equal_to@H@2@@std@@V?$allocator@U?$pair@$$CBHH@std@@@2@$0A@@std@@@std@@IEAA?AU?$pair@PEAU?$_List_node@U?$pair@$$CBHH@std@@PEAX@std@@_N@1@AEBH@Z 0000000180032230 f i priorityqueue_api.obj
 0001:00031400       ??$_Try_emplace@AEBH$$V@?$_Hash@V?$_Umap_traits@HV?$vector@NV?$allocator@N@std@@@std@@V?$_Uhash_compare@HU?$hash@H@std@@U?$equal_to@H@2@@2@V?$allocator@U?$pair@$$CBHV?$vector@NV?$allocator@N@std@@@std@@@std@@@2@$0A@@std@@@std@@IEAA?AU?$pair@PEAU?$_List_node@U?$pair@$$CBHV?$vector@NV?$allocator@N@std@@@std@@@std@@PEAX@std@@_N@1@AEBH@Z 0000000180032400 f i priorityqueue_api.obj
 0001:000315d0       ??$_Tuple_get@$0A@AEBH@std@@YA$$QEA_P$$QEAV?$tuple@AEBH@0@@Z 00000001800325d0 f i priorityqueue_api.obj
 0001:000315e0       ??$_Unfancy@N@std@@YAPEANPEAN@Z 00000001800325e0 f i priorityqueue_api.obj
 0001:000315f0       ??$_Unfancy@U?$pair@HV?$vector@NV?$allocator@N@std@@@std@@@std@@@std@@YAPEAU?$pair@HV?$vector@NV?$allocator@N@std@@@std@@@0@PEAU10@@Z 00000001800325f0 f i priorityqueue_api.obj
 0001:00031600       ??$_Unfancy@V?$vector@NV?$allocator@N@std@@@std@@@std@@YAPEAV?$vector@NV?$allocator@N@std@@@0@PEAV10@@Z 0000000180032600 f i priorityqueue_api.obj
 0001:00031610       ??$_Uninitialized_copy@PEANPEANV?$allocator@N@std@@@std@@YAPEANPEAN00AEAV?$allocator@N@0@@Z 0000000180032610 f i priorityqueue_api.obj
 0001:00031740       ??$_Uninitialized_copy@PEBNPEBNV?$allocator@N@std@@@std@@YAPEANPEBN0PEANAEAV?$allocator@N@0@@Z 0000000180032740 f i priorityqueue_api.obj
 0001:00031870       ??$_Uninitialized_fill_n@V?$allocator@N@std@@@std@@YAPEANPEAN_KAEBNAEAV?$allocator@N@0@@Z 0000000180032870 f i priorityqueue_api.obj
 0001:00031920       ??$_Uninitialized_move@PEAU?$pair@HV?$vector@NV?$allocator@N@std@@@std@@@std@@V?$allocator@U?$pair@HV?$vector@NV?$allocator@N@std@@@std@@@std@@@2@@std@@YAPEAU?$pair@HV?$vector@NV?$allocator@N@std@@@std@@@0@QEAU10@0PEAU10@AEAV?$allocator@U?$pair@HV?$vector@NV?$allocator@N@std@@@std@@@std@@@0@@Z 0000000180032920 f i priorityqueue_api.obj
 0001:000319d0       ??$_Uninitialized_move@PEAV?$vector@NV?$allocator@N@std@@@std@@V?$allocator@V?$vector@NV?$allocator@N@std@@@std@@@2@@std@@YAPEAV?$vector@NV?$allocator@N@std@@@0@QEAV10@0PEAV10@AEAV?$allocator@V?$vector@NV?$allocator@N@std@@@std@@@0@@Z 00000001800329d0 f i priorityqueue_api.obj
 0001:00031a80       ??$addressof@$$CBV?$_List_val@U?$_List_simple_types@U?$pair@$$CBHH@std@@@std@@@std@@@std@@YAPEBV?$_List_val@U?$_List_simple_types@U?$pair@$$CBHH@std@@@std@@@0@AEBV10@@Z 0000000180032a80 f i priorityqueue_api.obj
 0001:00031a90       ??$addressof@$$CBV?$_List_val@U?$_List_simple_types@U?$pair@$$CBHV?$vector@NV?$allocator@N@std@@@std@@@std@@@std@@@std@@@std@@YAPEBV?$_List_val@U?$_List_simple_types@U?$pair@$$CBHV?$vector@NV?$allocator@N@std@@@std@@@std@@@std@@@0@AEBV10@@Z 0000000180032a90 f i priorityqueue_api.obj
 0001:00031aa0       ??$addressof@PEAU?$_List_node@U?$pair@$$CBHH@std@@PEAX@std@@@std@@YAPEAPEAU?$_List_node@U?$pair@$$CBHH@std@@PEAX@0@AEAPEAU10@@Z 0000000180032aa0 f i priorityqueue_api.obj
 0001:00031ab0       ??$addressof@PEAU?$_List_node@U?$pair@$$CBHV?$vector@NV?$allocator@N@std@@@std@@@std@@PEAX@std@@@std@@YAPEAPEAU?$_List_node@U?$pair@$$CBHV?$vector@NV?$allocator@N@std@@@std@@@std@@PEAX@0@AEAPEAU10@@Z 0000000180032ab0 f i priorityqueue_api.obj
 0001:00031ac0       ??$addressof@U?$pair@$$CBHH@std@@@std@@YAPEAU?$pair@$$CBHH@0@AEAU10@@Z 0000000180032ac0 f i priorityqueue_api.obj
 0001:00031ad0       ??$addressof@U?$pair@$$CBHV?$vector@NV?$allocator@N@std@@@std@@@std@@@std@@YAPEAU?$pair@$$CBHV?$vector@NV?$allocator@N@std@@@std@@@0@AEAU10@@Z 0000000180032ad0 f i priorityqueue_api.obj
 0001:00031ae0       ??$addressof@U?$pair@HV?$vector@NV?$allocator@N@std@@@std@@@std@@@std@@YAPEAU?$pair@HV?$vector@NV?$allocator@N@std@@@std@@@0@AEAU10@@Z 0000000180032ae0 f i priorityqueue_api.obj
 0001:00031af0       ??$addressof@V?$_Hash@V?$_Umap_traits@HHV?$_Uhash_compare@HU?$hash@H@std@@U?$equal_to@H@2@@std@@V?$allocator@U?$pair@$$CBHH@std@@@2@$0A@@std@@@std@@@std@@YAPEAV?$_Hash@V?$_Umap_traits@HHV?$_Uhash_compare@HU?$hash@H@std@@U?$equal_to@H@2@@std@@V?$allocator@U?$pair@$$CBHH@std@@@2@$0A@@std@@@0@AEAV10@@Z 0000000180032af0 f i priorityqueue_api.obj
 0001:00031b00       ??$addressof@V?$_Hash@V?$_Umap_traits@HV?$vector@NV?$allocator@N@std@@@std@@V?$_Uhash_compare@HU?$hash@H@std@@U?$equal_to@H@2@@2@V?$allocator@U?$pair@$$CBHV?$vector@NV?$allocator@N@std@@@std@@@std@@@2@$0A@@std@@@std@@@std@@YAPEAV?$_Hash@V?$_Umap_traits@HV?$vector@NV?$allocator@N@std@@@std@@V?$_Uhash_compare@HU?$hash@H@std@@U?$equal_to@H@2@@2@V?$allocator@U?$pair@$$CBHV?$vector@NV?$allocator@N@std@@@std@@@std@@@2@$0A@@std@@@0@AEAV10@@Z 0000000180032b00 f i priorityqueue_api.obj
 0001:00031b10       ??$addressof@V?$_List_unchecked_iterator@V?$_List_val@U?$_List_simple_types@U?$pair@$$CBHH@std@@@std@@@std@@@std@@@std@@YAPEAV?$_List_unchecked_iterator@V?$_List_val@U?$_List_simple_types@U?$pair@$$CBHH@std@@@std@@@std@@@0@AEAV10@@Z 0000000180032b10 f i priorityqueue_api.obj
 0001:00031b20       ??$addressof@V?$_List_unchecked_iterator@V?$_List_val@U?$_List_simple_types@U?$pair@$$CBHV?$vector@NV?$allocator@N@std@@@std@@@std@@@std@@@std@@@std@@@std@@YAPEAV?$_List_unchecked_iterator@V?$_List_val@U?$_List_simple_types@U?$pair@$$CBHV?$vector@NV?$allocator@N@std@@@std@@@std@@@std@@@std@@@0@AEAV10@@Z 0000000180032b20 f i priorityqueue_api.obj
 0001:00031b30       ??$addressof@V?$_List_val@U?$_List_simple_types@U?$pair@$$CBHH@std@@@std@@@std@@@std@@YAPEAV?$_List_val@U?$_List_simple_types@U?$pair@$$CBHH@std@@@std@@@0@AEAV10@@Z 0000000180032b30 f i priorityqueue_api.obj
 0001:00031b40       ??$addressof@V?$_List_val@U?$_List_simple_types@U?$pair@$$CBHV?$vector@NV?$allocator@N@std@@@std@@@std@@@std@@@std@@@std@@YAPEAV?$_List_val@U?$_List_simple_types@U?$pair@$$CBHV?$vector@NV?$allocator@N@std@@@std@@@std@@@std@@@0@AEAV10@@Z 0000000180032b40 f i priorityqueue_api.obj
 0001:00031b50       ??$addressof@V?$_Vector_val@U?$_Simple_types@U?$pair@HV?$vector@NV?$allocator@N@std@@@std@@@std@@@std@@@std@@@std@@YAPEAV?$_Vector_val@U?$_Simple_types@U?$pair@HV?$vector@NV?$allocator@N@std@@@std@@@std@@@std@@@0@AEAV10@@Z 0000000180032b50 f i priorityqueue_api.obj
 0001:00031b60       ??$addressof@V?$_Vector_val@U?$_Simple_types@V?$vector@NV?$allocator@N@std@@@std@@@std@@@std@@@std@@YAPEAV?$_Vector_val@U?$_Simple_types@V?$vector@NV?$allocator@N@std@@@std@@@std@@@0@AEAV10@@Z 0000000180032b60 f i priorityqueue_api.obj
 0001:00031b70       ??$addressof@V?$vector@NV?$allocator@N@std@@@std@@@std@@YAPEAV?$vector@NV?$allocator@N@std@@@0@AEAV10@@Z 0000000180032b70 f i priorityqueue_api.obj
 0001:00031b80       ??$addressof@V?$vector@U?$pair@HV?$vector@NV?$allocator@N@std@@@std@@@std@@V?$allocator@U?$pair@HV?$vector@NV?$allocator@N@std@@@std@@@std@@@2@@std@@@std@@YAPEAV?$vector@U?$pair@HV?$vector@NV?$allocator@N@std@@@std@@@std@@V?$allocator@U?$pair@HV?$vector@NV?$allocator@N@std@@@std@@@std@@@2@@0@AEAV10@@Z 0000000180032b80 f i priorityqueue_api.obj
 0001:00031b90       ??$construct@NAEAN@?$_Default_allocator_traits@V?$allocator@N@std@@@std@@SAXAEAV?$allocator@N@1@QEANAEAN@Z 0000000180032b90 f i priorityqueue_api.obj
 0001:00031be0       ??$construct@NAEBN@?$_Default_allocator_traits@V?$allocator@N@std@@@std@@SAXAEAV?$allocator@N@1@QEANAEBN@Z 0000000180032be0 f i priorityqueue_api.obj
 0001:00031c30       ??$construct@U?$pair@$$CBHH@std@@AEBUpiecewise_construct_t@2@V?$tuple@AEBH@2@V?$tuple@$$V@2@@?$_Default_allocator_traits@V?$allocator@U?$_List_node@U?$pair@$$CBHH@std@@PEAX@std@@@std@@@std@@SAXAEAV?$allocator@U?$_List_node@U?$pair@$$CBHH@std@@PEAX@std@@@1@QEAU?$pair@$$CBHH@1@AEBUpiecewise_construct_t@1@$$QEAV?$tuple@AEBH@1@$$QEAV?$tuple@$$V@1@@Z 0000000180032c30 f i priorityqueue_api.obj
 0001:00031ce0       ??$construct@U?$pair@$$CBHV?$vector@NV?$allocator@N@std@@@std@@@std@@AEBUpiecewise_construct_t@2@V?$tuple@AEBH@2@V?$tuple@$$V@2@@?$_Default_allocator_traits@V?$allocator@U?$_List_node@U?$pair@$$CBHV?$vector@NV?$allocator@N@std@@@std@@@std@@PEAX@std@@@std@@@std@@SAXAEAV?$allocator@U?$_List_node@U?$pair@$$CBHV?$vector@NV?$allocator@N@std@@@std@@@std@@PEAX@std@@@1@QEAU?$pair@$$CBHV?$vector@NV?$allocator@N@std@@@std@@@1@AEBUpiecewise_construct_t@1@$$QEAV?$tuple@AEBH@1@$$QEAV?$tuple@$$V@1@@Z 0000000180032ce0 f i priorityqueue_api.obj
 0001:00031d90       ??$construct@U?$pair@HV?$vector@NV?$allocator@N@std@@@std@@@std@@AEAHV?$vector@NV?$allocator@N@std@@@2@@?$_Default_allocator_traits@V?$allocator@U?$pair@HV?$vector@NV?$allocator@N@std@@@std@@@std@@@std@@@std@@SAXAEAV?$allocator@U?$pair@HV?$vector@NV?$allocator@N@std@@@std@@@std@@@1@QEAU?$pair@HV?$vector@NV?$allocator@N@std@@@std@@@1@AEAH$$QEAV?$vector@NV?$allocator@N@std@@@1@@Z 0000000180032d90 f i priorityqueue_api.obj
 0001:00031df0       ??$construct@U?$pair@HV?$vector@NV?$allocator@N@std@@@std@@@std@@U12@@?$_Default_allocator_traits@V?$allocator@U?$pair@HV?$vector@NV?$allocator@N@std@@@std@@@std@@@std@@@std@@SAXAEAV?$allocator@U?$pair@HV?$vector@NV?$allocator@N@std@@@std@@@std@@@1@QEAU?$pair@HV?$vector@NV?$allocator@N@std@@@std@@@1@$$QEAU31@@Z 0000000180032df0 f i priorityqueue_api.obj
 0001:00031e40       ??$construct@V?$vector@NV?$allocator@N@std@@@std@@AEBHN@?$_Default_allocator_traits@V?$allocator@V?$vector@NV?$allocator@N@std@@@std@@@std@@@std@@SAXAEAV?$allocator@V?$vector@NV?$allocator@N@std@@@std@@@1@QEAV?$vector@NV?$allocator@N@std@@@1@AEBH$$QEAN@Z 0000000180032e40 f i priorityqueue_api.obj
 0001:00031ec0       ??$construct@V?$vector@NV?$allocator@N@std@@@std@@AEBV12@@?$_Default_allocator_traits@V?$allocator@V?$vector@NV?$allocator@N@std@@@std@@@std@@@std@@SAXAEAV?$allocator@V?$vector@NV?$allocator@N@std@@@std@@@1@QEAV?$vector@NV?$allocator@N@std@@@1@AEBV31@@Z 0000000180032ec0 f i priorityqueue_api.obj
 0001:00031f10       ??$construct@V?$vector@NV?$allocator@N@std@@@std@@V12@@?$_Default_allocator_traits@V?$allocator@V?$vector@NV?$allocator@N@std@@@std@@@std@@@std@@SAXAEAV?$allocator@V?$vector@NV?$allocator@N@std@@@std@@@1@QEAV?$vector@NV?$allocator@N@std@@@1@$$QEAV31@@Z 0000000180032f10 f i priorityqueue_api.obj
 0001:00031f60       ??$destroy@U?$pair@$$CBHH@std@@@?$_Default_allocator_traits@V?$allocator@U?$_List_node@U?$pair@$$CBHH@std@@PEAX@std@@@std@@@std@@SAXAEAV?$allocator@U?$_List_node@U?$pair@$$CBHH@std@@PEAX@std@@@1@QEAU?$pair@$$CBHH@1@@Z 0000000180032f60 f i priorityqueue_api.obj
 0001:00031f70       ??$destroy@U?$pair@$$CBHV?$vector@NV?$allocator@N@std@@@std@@@std@@@?$_Default_allocator_traits@V?$allocator@U?$_List_node@U?$pair@$$CBHV?$vector@NV?$allocator@N@std@@@std@@@std@@PEAX@std@@@std@@@std@@SAXAEAV?$allocator@U?$_List_node@U?$pair@$$CBHV?$vector@NV?$allocator@N@std@@@std@@@std@@PEAX@std@@@1@QEAU?$pair@$$CBHV?$vector@NV?$allocator@N@std@@@std@@@1@@Z 0000000180032f70 f i priorityqueue_api.obj
 0001:00031f90       ??$destroy@U?$pair@HV?$vector@NV?$allocator@N@std@@@std@@@std@@@?$_Default_allocator_traits@V?$allocator@U?$pair@HV?$vector@NV?$allocator@N@std@@@std@@@std@@@std@@@std@@SAXAEAV?$allocator@U?$pair@HV?$vector@NV?$allocator@N@std@@@std@@@std@@@1@QEAU?$pair@HV?$vector@NV?$allocator@N@std@@@std@@@1@@Z 0000000180032f90 f i priorityqueue_api.obj
 0001:00031fb0       ??$destroy@V?$vector@NV?$allocator@N@std@@@std@@@?$_Default_allocator_traits@V?$allocator@V?$vector@NV?$allocator@N@std@@@std@@@std@@@std@@SAXAEAV?$allocator@V?$vector@NV?$allocator@N@std@@@std@@@1@QEAV?$vector@NV?$allocator@N@std@@@1@@Z 0000000180032fb0 f i priorityqueue_api.obj
 0001:00031fd0       ??$distance@PEBN@std@@YA_JPEBN0@Z 0000000180032fd0 f i priorityqueue_api.obj
 0001:00031ff0       ??$emplace@AEAHV?$vector@NV?$allocator@N@std@@@std@@@?$priority_queue@U?$pair@HV?$vector@NV?$allocator@N@std@@@std@@@std@@V?$vector@U?$pair@HV?$vector@NV?$allocator@N@std@@@std@@@std@@V?$allocator@U?$pair@HV?$vector@NV?$allocator@N@std@@@std@@@std@@@2@@2@Ucomparator@PriorityQueueImpl@nav@@@std@@QEAAXAEAH$$QEAV?$vector@NV?$allocator@N@std@@@1@@Z 0000000180032ff0 f i priorityqueue_api.obj
 0001:00032090       ??$emplace_back@AEAHV?$vector@NV?$allocator@N@std@@@std@@@?$vector@U?$pair@HV?$vector@NV?$allocator@N@std@@@std@@@std@@V?$allocator@U?$pair@HV?$vector@NV?$allocator@N@std@@@std@@@std@@@2@@std@@QEAA?A_TAEAH$$QEAV?$vector@NV?$allocator@N@std@@@1@@Z 0000000180033090 f i priorityqueue_api.obj
 0001:000320e0       ??$emplace_back@AEBHN@?$vector@V?$vector@NV?$allocator@N@std@@@std@@V?$allocator@V?$vector@NV?$allocator@N@std@@@std@@@2@@std@@QEAA?A_TAEBH$$QEAN@Z 00000001800330e0 f i priorityqueue_api.obj
 0001:00032130       ??$exchange@PEAN$$T@std@@YAPEANAEAPEAN$$QEA$$T@Z 0000000180033130 f i priorityqueue_api.obj
 0001:00032170       ??$exchange@PEAU?$_List_node@U?$pair@$$CBHH@std@@PEAX@std@@$$T@std@@YAPEAU?$_List_node@U?$pair@$$CBHH@std@@PEAX@0@AEAPEAU10@$$QEA$$T@Z 0000000180033170 f i priorityqueue_api.obj
 0001:000321b0       ??$exchange@PEAU?$_List_node@U?$pair@$$CBHV?$vector@NV?$allocator@N@std@@@std@@@std@@PEAX@std@@$$T@std@@YAPEAU?$_List_node@U?$pair@$$CBHV?$vector@NV?$allocator@N@std@@@std@@@std@@PEAX@0@AEAPEAU10@$$QEA$$T@Z 00000001800331b0 f i priorityqueue_api.obj
 0001:000321f0       ??$exchange@PEAV?$vector@NV?$allocator@N@std@@@std@@$$T@std@@YAPEAV?$vector@NV?$allocator@N@std@@@0@AEAPEAV10@$$QEA$$T@Z 00000001800331f0 f i priorityqueue_api.obj
 0001:00032230       ??$fill@PEAV?$_List_unchecked_iterator@V?$_List_val@U?$_List_simple_types@U?$pair@$$CBHH@std@@@std@@@std@@@std@@V12@@std@@YAXQEAV?$_List_unchecked_iterator@V?$_List_val@U?$_List_simple_types@U?$pair@$$CBHH@std@@@std@@@std@@@0@0AEBV10@@Z 0000000180033230 f i priorityqueue_api.obj
 0001:000322b0       ??$fill@PEAV?$_List_unchecked_iterator@V?$_List_val@U?$_List_simple_types@U?$pair@$$CBHV?$vector@NV?$allocator@N@std@@@std@@@std@@@std@@@std@@@std@@V12@@std@@YAXQEAV?$_List_unchecked_iterator@V?$_List_val@U?$_List_simple_types@U?$pair@$$CBHV?$vector@NV?$allocator@N@std@@@std@@@std@@@std@@@std@@@0@0AEBV10@@Z 00000001800332b0 f i priorityqueue_api.obj
 0001:00032330       ??$find@X@?$_Hash@V?$_Umap_traits@HHV?$_Uhash_compare@HU?$hash@H@std@@U?$equal_to@H@2@@std@@V?$allocator@U?$pair@$$CBHH@std@@@2@$0A@@std@@@std@@QEAA?AV?$_List_iterator@V?$_List_val@U?$_List_simple_types@U?$pair@$$CBHH@std@@@std@@@std@@@1@AEBH@Z 0000000180033330 f i priorityqueue_api.obj
 0001:00032390       ??$find@X@?$_Hash@V?$_Umap_traits@HV?$vector@NV?$allocator@N@std@@@std@@V?$_Uhash_compare@HU?$hash@H@std@@U?$equal_to@H@2@@2@V?$allocator@U?$pair@$$CBHV?$vector@NV?$allocator@N@std@@@std@@@std@@@2@$0A@@std@@@std@@QEAA?AV?$_List_iterator@V?$_List_val@U?$_List_simple_types@U?$pair@$$CBHV?$vector@NV?$allocator@N@std@@@std@@@std@@@std@@@std@@@1@AEBH@Z 0000000180033390 f i priorityqueue_api.obj
 0001:000323f0       ??$forward@AEAH@std@@YAAEAHAEAH@Z 00000001800333f0 f i priorityqueue_api.obj
 0001:00032400       ??$forward@AEAN@std@@YAAEANAEAN@Z 0000000180033400 f i priorityqueue_api.obj
 0001:00032410       ??$forward@AEAPEAU?$_List_node@U?$pair@$$CBHH@std@@PEAX@std@@@std@@YAAEAPEAU?$_List_node@U?$pair@$$CBHH@std@@PEAX@0@AEAPEAU10@@Z 0000000180033410 f i priorityqueue_api.obj
 0001:00032420       ??$forward@AEAPEAU?$_List_node@U?$pair@$$CBHV?$vector@NV?$allocator@N@std@@@std@@@std@@PEAX@std@@@std@@YAAEAPEAU?$_List_node@U?$pair@$$CBHV?$vector@NV?$allocator@N@std@@@std@@@std@@PEAX@0@AEAPEAU10@@Z 0000000180033420 f i priorityqueue_api.obj
 0001:00032430       ??$forward@AEBH@std@@YAAEBHAEBH@Z 0000000180033430 f i priorityqueue_api.obj
 0001:00032440       ??$forward@AEBN@std@@YAAEBNAEBN@Z 0000000180033440 f i priorityqueue_api.obj
 0001:00032450       ??$forward@AEBQEAN@std@@YAAEBQEANAEBQEAN@Z 0000000180033450 f i priorityqueue_api.obj
 0001:00032460       ??$forward@AEBQEAU?$_List_node@U?$pair@$$CBHH@std@@PEAX@std@@@std@@YAAEBQEAU?$_List_node@U?$pair@$$CBHH@std@@PEAX@0@AEBQEAU10@@Z 0000000180033460 f i priorityqueue_api.obj
 0001:00032470       ??$forward@AEBQEAU?$_List_node@U?$pair@$$CBHV?$vector@NV?$allocator@N@std@@@std@@@std@@PEAX@std@@@std@@YAAEBQEAU?$_List_node@U?$pair@$$CBHV?$vector@NV?$allocator@N@std@@@std@@@std@@PEAX@0@AEBQEAU10@@Z 0000000180033470 f i priorityqueue_api.obj
 0001:00032480       ??$forward@AEBUpiecewise_construct_t@std@@@std@@YAAEBUpiecewise_construct_t@0@AEBU10@@Z 0000000180033480 f i priorityqueue_api.obj
 0001:00032490       ??$forward@AEBV?$_List_unchecked_iterator@V?$_List_val@U?$_List_simple_types@U?$pair@$$CBHH@std@@@std@@@std@@@std@@@std@@YAAEBV?$_List_unchecked_iterator@V?$_List_val@U?$_List_simple_types@U?$pair@$$CBHH@std@@@std@@@std@@@0@AEBV10@@Z 0000000180033490 f i priorityqueue_api.obj
 0001:000324a0       ??$forward@AEBV?$_List_unchecked_iterator@V?$_List_val@U?$_List_simple_types@U?$pair@$$CBHV?$vector@NV?$allocator@N@std@@@std@@@std@@@std@@@std@@@std@@@std@@YAAEBV?$_List_unchecked_iterator@V?$_List_val@U?$_List_simple_types@U?$pair@$$CBHV?$vector@NV?$allocator@N@std@@@std@@@std@@@std@@@std@@@0@AEBV10@@Z 00000001800334a0 f i priorityqueue_api.obj
 0001:000324b0       ??$forward@AEBV?$allocator@N@std@@@std@@YAAEBV?$allocator@N@0@AEBV10@@Z 00000001800334b0 f i priorityqueue_api.obj
 0001:000324c0       ??$forward@AEBV?$allocator@U?$pair@$$CBHH@std@@@std@@@std@@YAAEBV?$allocator@U?$pair@$$CBHH@std@@@0@AEBV10@@Z 00000001800334c0 f i priorityqueue_api.obj
 0001:000324d0       ??$forward@AEBV?$allocator@U?$pair@$$CBHV?$vector@NV?$allocator@N@std@@@std@@@std@@@std@@@std@@YAAEBV?$allocator@U?$pair@$$CBHV?$vector@NV?$allocator@N@std@@@std@@@std@@@0@AEBV10@@Z 00000001800334d0 f i priorityqueue_api.obj
 0001:000324e0       ??$forward@AEBV?$vector@NV?$allocator@N@std@@@std@@@std@@YAAEBV?$vector@NV?$allocator@N@std@@@0@AEBV10@@Z 00000001800334e0 f i priorityqueue_api.obj
 0001:000324f0       ??$forward@H@std@@YA$$QEAHAEAH@Z 00000001800334f0 f i priorityqueue_api.obj
 0001:00032500       ??$forward@M@std@@YA$$QEAMAEAM@Z 0000000180033500 f i priorityqueue_api.obj
 0001:00032510       ??$forward@N@std@@YA$$QEANAEAN@Z 0000000180033510 f i priorityqueue_api.obj
 0001:00032520       ??$forward@PEAN@std@@YA$$QEAPEANAEAPEAN@Z 0000000180033520 f i priorityqueue_api.obj
 0001:00032530       ??$forward@PEAU?$_List_node@U?$pair@$$CBHH@std@@PEAX@std@@@std@@YA$$QEAPEAU?$_List_node@U?$pair@$$CBHH@std@@PEAX@0@AEAPEAU10@@Z 0000000180033530 f i priorityqueue_api.obj
 0001:00032540       ??$forward@PEAU?$_List_node@U?$pair@$$CBHV?$vector@NV?$allocator@N@std@@@std@@@std@@PEAX@std@@@std@@YA$$QEAPEAU?$_List_node@U?$pair@$$CBHV?$vector@NV?$allocator@N@std@@@std@@@std@@PEAX@0@AEAPEAU10@@Z 0000000180033540 f i priorityqueue_api.obj
 0001:00032550       ??$forward@PEAV?$vector@NV?$allocator@N@std@@@std@@@std@@YA$$QEAPEAV?$vector@NV?$allocator@N@std@@@0@AEAPEAV10@@Z 0000000180033550 f i priorityqueue_api.obj
 0001:00032560       ??$forward@PEBN@std@@YA$$QEAPEBNAEAPEBN@Z 0000000180033560 f i priorityqueue_api.obj
 0001:00032570       ??$forward@U?$pair@HV?$vector@NV?$allocator@N@std@@@std@@@std@@@std@@YA$$QEAU?$pair@HV?$vector@NV?$allocator@N@std@@@std@@@0@AEAU10@@Z 0000000180033570 f i priorityqueue_api.obj
 0001:00032580       ??$forward@U_Zero_then_variadic_args_t@std@@@std@@YA$$QEAU_Zero_then_variadic_args_t@0@AEAU10@@Z 0000000180033580 f i priorityqueue_api.obj
 0001:00032590       ??$forward@V?$allocator@N@std@@@std@@YA$$QEAV?$allocator@N@0@AEAV10@@Z 0000000180033590 f i priorityqueue_api.obj
 0001:000325a0       ??$forward@V?$allocator@V?$vector@NV?$allocator@N@std@@@std@@@std@@@std@@YA$$QEAV?$allocator@V?$vector@NV?$allocator@N@std@@@std@@@0@AEAV10@@Z 00000001800335a0 f i priorityqueue_api.obj
 0001:000325b0       ??$forward@V?$tuple@$$V@std@@@std@@YA$$QEAV?$tuple@$$V@0@AEAV10@@Z 00000001800335b0 f i priorityqueue_api.obj
 0001:000325c0       ??$forward@V?$tuple@AEBH@std@@@std@@YA$$QEAV?$tuple@AEBH@0@AEAV10@@Z 00000001800335c0 f i priorityqueue_api.obj
 0001:000325d0       ??$forward@V?$vector@NV?$allocator@N@std@@@std@@@std@@YA$$QEAV?$vector@NV?$allocator@N@std@@@0@AEAV10@@Z 00000001800335d0 f i priorityqueue_api.obj
 0001:000325e0       ??$forward@_N@std@@YA$$QEA_NAEA_N@Z 00000001800335e0 f i priorityqueue_api.obj
 0001:000325f0       ??$forward_as_tuple@$$V@std@@YA?AV?$tuple@$$V@0@XZ 00000001800335f0 f i priorityqueue_api.obj
 0001:00032600       ??$forward_as_tuple@AEBH@std@@YA?AV?$tuple@AEBH@0@AEBH@Z 0000000180033600 f i priorityqueue_api.obj
 0001:00032630       ??$make_pair@HV?$vector@NV?$allocator@N@std@@@std@@@std@@YA?AU?$pair@HV?$vector@NV?$allocator@N@std@@@std@@@0@$$QEAH$$QEAV?$vector@NV?$allocator@N@std@@@0@@Z 0000000180033630 f i priorityqueue_api.obj
 0001:00032680       ??$max@_K@std@@YAAEB_KAEB_K0@Z 0000000180033680 f i priorityqueue_api.obj
 0001:000326d0       ??$min@_K@std@@YAAEB_KAEB_K0@Z 00000001800336d0 f i priorityqueue_api.obj
 0001:00032720       ??$move@AEAPEAN@std@@YA$$QEAPEANAEAPEAN@Z 0000000180033720 f i priorityqueue_api.obj
 0001:00032730       ??$move@AEAPEAU?$_List_node@U?$pair@$$CBHH@std@@PEAX@std@@@std@@YA$$QEAPEAU?$_List_node@U?$pair@$$CBHH@std@@PEAX@0@AEAPEAU10@@Z 0000000180033730 f i priorityqueue_api.obj
 0001:00032740       ??$move@AEAPEAU?$_List_node@U?$pair@$$CBHV?$vector@NV?$allocator@N@std@@@std@@@std@@PEAX@std@@@std@@YA$$QEAPEAU?$_List_node@U?$pair@$$CBHV?$vector@NV?$allocator@N@std@@@std@@@std@@PEAX@0@AEAPEAU10@@Z 0000000180033740 f i priorityqueue_api.obj
 0001:00032750       ??$move@AEAPEAV?$_List_unchecked_iterator@V?$_List_val@U?$_List_simple_types@U?$pair@$$CBHH@std@@@std@@@std@@@std@@@std@@YA$$QEAPEAV?$_List_unchecked_iterator@V?$_List_val@U?$_List_simple_types@U?$pair@$$CBHH@std@@@std@@@std@@@0@AEAPEAV10@@Z 0000000180033750 f i priorityqueue_api.obj
 0001:00032760       ??$move@AEAPEAV?$_List_unchecked_iterator@V?$_List_val@U?$_List_simple_types@U?$pair@$$CBHV?$vector@NV?$allocator@N@std@@@std@@@std@@@std@@@std@@@std@@@std@@YA$$QEAPEAV?$_List_unchecked_iterator@V?$_List_val@U?$_List_simple_types@U?$pair@$$CBHV?$vector@NV?$allocator@N@std@@@std@@@std@@@std@@@std@@@0@AEAPEAV10@@Z 0000000180033760 f i priorityqueue_api.obj
 0001:00032770       ??$move@AEAPEBN@std@@YA$$QEAPEBNAEAPEBN@Z 0000000180033770 f i priorityqueue_api.obj
 0001:00032780       ??$move@AEAU?$pair@HV?$vector@NV?$allocator@N@std@@@std@@@std@@@std@@YA$$QEAU?$pair@HV?$vector@NV?$allocator@N@std@@@std@@@0@AEAU10@@Z 0000000180033780 f i priorityqueue_api.obj
 0001:00032790       ??$move@AEAV?$allocator@N@std@@@std@@YA$$QEAV?$allocator@N@0@AEAV10@@Z 0000000180033790 f i priorityqueue_api.obj
 0001:000327a0       ??$move@AEAV?$allocator@U?$_List_node@U?$pair@$$CBHH@std@@PEAX@std@@@std@@@std@@YA$$QEAV?$allocator@U?$_List_node@U?$pair@$$CBHH@std@@PEAX@std@@@0@AEAV10@@Z 00000001800337a0 f i priorityqueue_api.obj
 0001:000327b0       ??$move@AEAV?$allocator@U?$_List_node@U?$pair@$$CBHV?$vector@NV?$allocator@N@std@@@std@@@std@@PEAX@std@@@std@@@std@@YA$$QEAV?$allocator@U?$_List_node@U?$pair@$$CBHV?$vector@NV?$allocator@N@std@@@std@@@std@@PEAX@std@@@0@AEAV10@@Z 00000001800337b0 f i priorityqueue_api.obj
 0001:000327c0       ??$move@AEAV?$allocator@U?$pair@HV?$vector@NV?$allocator@N@std@@@std@@@std@@@std@@@std@@YA$$QEAV?$allocator@U?$pair@HV?$vector@NV?$allocator@N@std@@@std@@@std@@@0@AEAV10@@Z 00000001800337c0 f i priorityqueue_api.obj
 0001:000327d0       ??$move@AEAV?$allocator@V?$_List_unchecked_iterator@V?$_List_val@U?$_List_simple_types@U?$pair@$$CBHH@std@@@std@@@std@@@std@@@std@@@std@@YA$$QEAV?$allocator@V?$_List_unchecked_iterator@V?$_List_val@U?$_List_simple_types@U?$pair@$$CBHH@std@@@std@@@std@@@std@@@0@AEAV10@@Z 00000001800337d0 f i priorityqueue_api.obj
 0001:000327e0       ??$move@AEAV?$allocator@V?$_List_unchecked_iterator@V?$_List_val@U?$_List_simple_types@U?$pair@$$CBHV?$vector@NV?$allocator@N@std@@@std@@@std@@@std@@@std@@@std@@@std@@@std@@YA$$QEAV?$allocator@V?$_List_unchecked_iterator@V?$_List_val@U?$_List_simple_types@U?$pair@$$CBHV?$vector@NV?$allocator@N@std@@@std@@@std@@@std@@@std@@@std@@@0@AEAV10@@Z 00000001800337e0 f i priorityqueue_api.obj
 0001:000327f0       ??$move@AEAV?$allocator@V?$vector@NV?$allocator@N@std@@@std@@@std@@@std@@YA$$QEAV?$allocator@V?$vector@NV?$allocator@N@std@@@std@@@0@AEAV10@@Z 00000001800337f0 f i priorityqueue_api.obj
 0001:00032800       ??$move@AEAV?$tuple@AEBH@std@@@std@@YA$$QEAV?$tuple@AEBH@0@AEAV10@@Z 0000000180033800 f i priorityqueue_api.obj
 0001:00032810       ??$move@AEAV?$unordered_map@HHU?$hash@H@std@@U?$equal_to@H@2@V?$allocator@U?$pair@$$CBHH@std@@@2@@std@@@std@@YA$$QEAV?$unordered_map@HHU?$hash@H@std@@U?$equal_to@H@2@V?$allocator@U?$pair@$$CBHH@std@@@2@@0@AEAV10@@Z 0000000180033810 f i priorityqueue_api.obj
 0001:00032820       ??$move@AEAV?$unordered_map@HV?$vector@NV?$allocator@N@std@@@std@@U?$hash@H@2@U?$equal_to@H@2@V?$allocator@U?$pair@$$CBHV?$vector@NV?$allocator@N@std@@@std@@@std@@@2@@std@@@std@@YA$$QEAV?$unordered_map@HV?$vector@NV?$allocator@N@std@@@std@@U?$hash@H@2@U?$equal_to@H@2@V?$allocator@U?$pair@$$CBHV?$vector@NV?$allocator@N@std@@@std@@@std@@@2@@0@AEAV10@@Z 0000000180033820 f i priorityqueue_api.obj
 0001:00032830       ??$move@AEAV?$vector@NV?$allocator@N@std@@@std@@@std@@YA$$QEAV?$vector@NV?$allocator@N@std@@@0@AEAV10@@Z 0000000180033830 f i priorityqueue_api.obj
 0001:00032840       ??$move@AEA_K@std@@YA$$QEA_KAEA_K@Z 0000000180033840 f i priorityqueue_api.obj
 0001:00032850       ??$pop_heap@V?$_Vector_iterator@V?$_Vector_val@U?$_Simple_types@U?$pair@HV?$vector@NV?$allocator@N@std@@@std@@@std@@@std@@@std@@@std@@Ucomparator@PriorityQueueImpl@nav@@@std@@YAXV?$_Vector_iterator@V?$_Vector_val@U?$_Simple_types@U?$pair@HV?$vector@NV?$allocator@N@std@@@std@@@std@@@std@@@std@@@0@0Ucomparator@PriorityQueueImpl@nav@@@Z 0000000180033850 f i priorityqueue_api.obj
[...]
 0003:00014960       $SG22940                   0000000180057960     sl_groundvehicleDynamics_sfun_registry.obj
 0003:000149f0       $SG22944                   00000001800579f0     sl_groundvehicleDynamics_sfun_registry.obj
 0003:00014a10       $SG22945                   0000000180057a10     sl_groundvehicleDynamics_sfun_registry.obj
 0003:00014aa0       $SG22949                   0000000180057aa0     sl_groundvehicleDynamics_sfun_registry.obj
 0003:00014ac0       $SG22950                   0000000180057ac0     sl_groundvehicleDynamics_sfun_registry.obj
 0003:00014b50       $SG22954                   0000000180057b50     sl_groundvehicleDynamics_sfun_registry.obj
 0003:00014b70       $SG22955                   0000000180057b70     sl_groundvehicleDynamics_sfun_registry.obj
 0003:00014c00       $SG22959                   0000000180057c00     sl_groundvehicleDynamics_sfun_registry.obj
 0003:00014c20       $SG22960                   0000000180057c20     sl_groundvehicleDynamics_sfun_registry.obj
 0003:00014cb0       $SG22964                   0000000180057cb0     sl_groundvehicleDynamics_sfun_registry.obj
 0003:00014cd0       $SG22965                   0000000180057cd0     sl_groundvehicleDynamics_sfun_registry.obj
 0003:00014d60       $SG22969                   0000000180057d60     sl_groundvehicleDynamics_sfun_registry.obj
 0003:00014d80       $SG22970                   0000000180057d80     sl_groundvehicleDynamics_sfun_registry.obj
 0003:00014e10       $SG22974                   0000000180057e10     sl_groundvehicleDynamics_sfun_registry.obj
 0003:00014e30       $SG22975                   0000000180057e30     sl_groundvehicleDynamics_sfun_registry.obj
 0003:00014ec0       $SG22979                   0000000180057ec0     sl_groundvehicleDynamics_sfun_registry.obj
 0003:00014ee0       $SG22980                   0000000180057ee0     sl_groundvehicleDynamics_sfun_registry.obj
 0003:00014f70       $SG22984                   0000000180057f70     sl_groundvehicleDynamics_sfun_registry.obj
 0003:00014f90       $SG22985                   0000000180057f90     sl_groundvehicleDynamics_sfun_registry.obj
 0003:00015020       $SG22990                   0000000180058020     sl_groundvehicleDynamics_sfun_registry.obj
 0003:00015040       $SG22991                   0000000180058040     sl_groundvehicleDynamics_sfun_registry.obj
 0003:000150d0       $SG22996                   00000001800580d0     sl_groundvehicleDynamics_sfun_registry.obj
 0003:000150e0       $SG22997                   00000001800580e0     sl_groundvehicleDynamics_sfun_registry.obj
 0003:00015170       $SG23001                   0000000180058170     sl_groundvehicleDynamics_sfun_registry.obj
 0003:00015190       $SG23002                   0000000180058190     sl_groundvehicleDynamics_sfun_registry.obj
 0003:00015220       $SG23006                   0000000180058220     sl_groundvehicleDynamics_sfun_registry.obj
 0003:00015230       $SG23007                   0000000180058230     sl_groundvehicleDynamics_sfun_registry.obj
 0003:000152c0       $SG23011                   00000001800582c0     sl_groundvehicleDynamics_sfun_registry.obj
 0003:000152e0       $SG23012                   00000001800582e0     sl_groundvehicleDynamics_sfun_registry.obj
 0003:00015370       $SG23016                   0000000180058370     sl_groundvehicleDynamics_sfun_registry.obj
 0003:00015390       $SG23017                   0000000180058390     sl_groundvehicleDynamics_sfun_registry.obj
 0003:00015420       $SG23021                   0000000180058420     sl_groundvehicleDynamics_sfun_registry.obj
 0003:00015430       $SG23022                   0000000180058430     sl_groundvehicleDynamics_sfun_registry.obj
 0003:000154c0       $SG23026                   00000001800584c0     sl_groundvehicleDynamics_sfun_registry.obj
 0003:000154d0       $SG23027                   00000001800584d0     sl_groundvehicleDynamics_sfun_registry.obj
 0003:00015560       $SG23031                   0000000180058560     sl_groundvehicleDynamics_sfun_registry.obj
 0003:00015580       $SG23032                   0000000180058580     sl_groundvehicleDynamics_sfun_registry.obj
 0003:00015610       $SG23036                   0000000180058610     sl_groundvehicleDynamics_sfun_registry.obj
 0003:00015630       $SG23037                   0000000180058630     sl_groundvehicleDynamics_sfun_registry.obj
 0003:000156c0       $SG23041                   00000001800586c0     sl_groundvehicleDynamics_sfun_registry.obj
 0003:000156d0       $SG23042                   00000001800586d0     sl_groundvehicleDynamics_sfun_registry.obj
 0003:00015760       $SG23050                   0000000180058760     sl_groundvehicleDynamics_sfun_registry.obj
 0003:00015770       $SG23051                   0000000180058770     sl_groundvehicleDynamics_sfun_registry.obj
 0003:00015800       $SG23057                   0000000180058800     sl_groundvehicleDynamics_sfun_registry.obj
 0003:00015810       $SG23058                   0000000180058810     sl_groundvehicleDynamics_sfun_registry.obj
 0003:000158a0       $SG23062                   00000001800588a0     sl_groundvehicleDynamics_sfun_registry.obj
 0003:000158b0       $SG23063                   00000001800588b0     sl_groundvehicleDynamics_sfun_registry.obj
 0003:00015940       $SG23068                   0000000180058940     sl_groundvehicleDynamics_sfun_registry.obj
 0003:00015950       $SG23069                   0000000180058950     sl_groundvehicleDynamics_sfun_registry.obj
 0003:000159e0       $SG23073                   00000001800589e0     sl_groundvehicleDynamics_sfun_registry.obj
 0003:00015a60       $SG23096                   0000000180058a60     sl_groundvehicleDynamics_sfun_registry.obj
 0003:00015b78       $SG23104                   0000000180058b78     sl_groundvehicleDynamics_sfun_registry.obj
 0003:00015b88       $SG23111                   0000000180058b88     sl_groundvehicleDynamics_sfun_registry.obj
 0003:00015b98       $SG23119                   0000000180058b98     sl_groundvehicleDynamics_sfun_registry.obj
 0003:00015ba8       $SG23126                   0000000180058ba8     sl_groundvehicleDynamics_sfun_registry.obj
 0003:00015bb8       $SG23134                   0000000180058bb8     sl_groundvehicleDynamics_sfun_registry.obj
 0003:00015bc8       $SG23141                   0000000180058bc8     sl_groundvehicleDynamics_sfun_registry.obj
 0003:00015bd8       $SG23147                   0000000180058bd8     sl_groundvehicleDynamics_sfun_registry.obj
 0003:00015bf8       $SG23157                   0000000180058bf8     sl_groundvehicleDynamics_sfun_registry.obj
 0003:00015c28       $SG23158                   0000000180058c28     sl_groundvehicleDynamics_sfun_registry.obj
 0003:00015c30       $SG23159                   0000000180058c30     sl_groundvehicleDynamics_sfun_registry.obj
 0003:00015c38       $SG23169                   0000000180058c38     sl_groundvehicleDynamics_sfun_registry.obj
 0003:00015c70       $SG23170                   0000000180058c70     sl_groundvehicleDynamics_sfun_registry.obj
 0003:00015c78       $SG23171                   0000000180058c78     sl_groundvehicleDynamics_sfun_registry.obj
 0003:00015da0       sRtwOptimizationInfoStruct 0000000180058da0     sl_groundvehicleDynamics_sfun.obj
 0003:00015da8       sOptimizationInfoFlags     0000000180058da8     sl_groundvehicleDynamics_sfun.obj
 0003:00015db0       $SG22261                   0000000180058db0     c5_sl_groundvehicleDynamics.obj
 0003:00015db1       $SG22265                   0000000180058db1     c5_sl_groundvehicleDynamics.obj
 0003:00015db2       $SG22269                   0000000180058db2     c5_sl_groundvehicleDynamics.obj
 0003:00015db3       $SG22276                   0000000180058db3     c5_sl_groundvehicleDynamics.obj
 0003:00015db4       $SG22283                   0000000180058db4     c5_sl_groundvehicleDynamics.obj
 0003:00015db5       $SG22290                   0000000180058db5     c5_sl_groundvehicleDynamics.obj
 0003:00015db6       $SG22297                   0000000180058db6     c5_sl_groundvehicleDynamics.obj
 0003:00015db7       $SG22304                   0000000180058db7     c5_sl_groundvehicleDynamics.obj
 0003:00015db8       $SG22308                   0000000180058db8     c5_sl_groundvehicleDynamics.obj
 0003:00015db9       $SG22312                   0000000180058db9     c5_sl_groundvehicleDynamics.obj
 0003:00015dba       $SG22316                   0000000180058dba     c5_sl_groundvehicleDynamics.obj
 0003:00015dbb       $SG22323                   0000000180058dbb     c5_sl_groundvehicleDynamics.obj
 0003:00015dbc       $SG22330                   0000000180058dbc     c5_sl_groundvehicleDynamics.obj
 0003:00015dbd       $SG22334                   0000000180058dbd     c5_sl_groundvehicleDynamics.obj
 0003:00015dbe       $SG22338                   0000000180058dbe     c5_sl_groundvehicleDynamics.obj
 0003:00015dbf       $SG22342                   0000000180058dbf     c5_sl_groundvehicleDynamics.obj
 0003:00015dc0       $SG22346                   0000000180058dc0     c5_sl_groundvehicleDynamics.obj
 0003:00015dc1       $SG22350                   0000000180058dc1     c5_sl_groundvehicleDynamics.obj
 0003:00015dc2       $SG22354                   0000000180058dc2     c5_sl_groundvehicleDynamics.obj
 0003:00015dc3       $SG22358                   0000000180058dc3     c5_sl_groundvehicleDynamics.obj
 0003:00015dc4       $SG22362                   0000000180058dc4     c5_sl_groundvehicleDynamics.obj
 0003:00015dc5       $SG22366                   0000000180058dc5     c5_sl_groundvehicleDynamics.obj
 0003:00015dc6       $SG22370                   0000000180058dc6     c5_sl_groundvehicleDynamics.obj
 0003:00015dc7       $SG22374                   0000000180058dc7     c5_sl_groundvehicleDynamics.obj
 0003:00015dc8       $SG22378                   0000000180058dc8     c5_sl_groundvehicleDynamics.obj
 0003:00015dc9       $SG22382                   0000000180058dc9     c5_sl_groundvehicleDynamics.obj
 0003:00015dca       $SG22386                   0000000180058dca     c5_sl_groundvehicleDynamics.obj
 0003:00015dcb       $SG22390                   0000000180058dcb     c5_sl_groundvehicleDynamics.obj
 0003:00015dcc       $SG22394                   0000000180058dcc     c5_sl_groundvehicleDynamics.obj
 0003:00015dcd       $SG22401                   0000000180058dcd     c5_sl_groundvehicleDynamics.obj
 0003:00015dce       $SG22411                   0000000180058dce     c5_sl_groundvehicleDynamics.obj
 0003:00015dcf       $SG22421                   0000000180058dcf     c5_sl_groundvehicleDynamics.obj
 0003:00015dd0       $SG22428                   0000000180058dd0     c5_sl_groundvehicleDynamics.obj
 0003:00015dd1       $SG22432                   0000000180058dd1     c5_sl_groundvehicleDynamics.obj
 0003:00015dd2       $SG22439                   0000000180058dd2     c5_sl_groundvehicleDynamics.obj
 0003:00015dd3       $SG22446                   0000000180058dd3     c5_sl_groundvehicleDynamics.obj
 0003:00015dd4       $SG22453                   0000000180058dd4     c5_sl_groundvehicleDynamics.obj
 0003:00015dd5       $SG22460                   0000000180058dd5     c5_sl_groundvehicleDynamics.obj
 0003:00015dd6       $SG22467                   0000000180058dd6     c5_sl_groundvehicleDynamics.obj
 0003:00015dd7       $SG22471                   0000000180058dd7     c5_sl_groundvehicleDynamics.obj
 0003:00015dd8       $SG22478                   0000000180058dd8     c5_sl_groundvehicleDynamics.obj
 0003:00015dd9       $SG22482                   0000000180058dd9     c5_sl_groundvehicleDynamics.obj
 0003:00015dda       $SG22489                   0000000180058dda     c5_sl_groundvehicleDynamics.obj
 0003:00015ddb       $SG22493                   0000000180058ddb     c5_sl_groundvehicleDynamics.obj
 0003:00015ddc       $SG22500                   0000000180058ddc     c5_sl_groundvehicleDynamics.obj
 0003:00015ddd       $SG22504                   0000000180058ddd     c5_sl_groundvehicleDynamics.obj
 0003:00015dde       $SG22511                   0000000180058dde     c5_sl_groundvehicleDynamics.obj
 0003:00015ddf       $SG22518                   0000000180058ddf     c5_sl_groundvehicleDynamics.obj
 0003:00015de0       $SG22525                   0000000180058de0     c5_sl_groundvehicleDynamics.obj
 0003:00015de1       $SG22538                   0000000180058de1     c5_sl_groundvehicleDynamics.obj
 0003:00015de2       $SG22545                   0000000180058de2     c5_sl_groundvehicleDynamics.obj
 0003:00015de3       $SG22552                   0000000180058de3     c5_sl_groundvehicleDynamics.obj
 0003:00015de4       $SG22559                   0000000180058de4     c5_sl_groundvehicleDynamics.obj
 0003:00015de5       $SG22566                   0000000180058de5     c5_sl_groundvehicleDynamics.obj
 0003:00015de6       $SG22573                   0000000180058de6     c5_sl_groundvehicleDynamics.obj
 0003:00015de7       $SG22580                   0000000180058de7     c5_sl_groundvehicleDynamics.obj
 0003:00015de8       $SG22587                   0000000180058de8     c5_sl_groundvehicleDynamics.obj
 0003:00015de9       $SG22594                   0000000180058de9     c5_sl_groundvehicleDynamics.obj
 0003:00015dea       $SG22601                   0000000180058dea     c5_sl_groundvehicleDynamics.obj
 0003:00015deb       $SG22608                   0000000180058deb     c5_sl_groundvehicleDynamics.obj
 0003:00015dec       $SG22612                   0000000180058dec     c5_sl_groundvehicleDynamics.obj
 0003:00015ded       $SG22616                   0000000180058ded     c5_sl_groundvehicleDynamics.obj
 0003:00015dee       $SG22620                   0000000180058dee     c5_sl_groundvehicleDynamics.obj
 0003:00015def       $SG22624                   0000000180058def     c5_sl_groundvehicleDynamics.obj
 0003:00015df0       $SG22631                   0000000180058df0     c5_sl_groundvehicleDynamics.obj
 0003:00015df1       $SG22635                   0000000180058df1     c5_sl_groundvehicleDynamics.obj
 0003:00015df2       $SG22639                   0000000180058df2     c5_sl_groundvehicleDynamics.obj
 0003:00015df3       $SG22643                   0000000180058df3     c5_sl_groundvehicleDynamics.obj
 0003:00015df4       $SG22647                   0000000180058df4     c5_sl_groundvehicleDynamics.obj
 0003:00015df5       $SG22651                   0000000180058df5     c5_sl_groundvehicleDynamics.obj
 0003:00015df6       $SG22655                   0000000180058df6     c5_sl_groundvehicleDynamics.obj
 0003:00015df7       $SG22659                   0000000180058df7     c5_sl_groundvehicleDynamics.obj
 0003:00015df8       $SG22663                   0000000180058df8     c5_sl_groundvehicleDynamics.obj
 0003:00015df9       $SG22667                   0000000180058df9     c5_sl_groundvehicleDynamics.obj
 0003:00015dfa       $SG22671                   0000000180058dfa     c5_sl_groundvehicleDynamics.obj
 0003:00015dfb       $SG22675                   0000000180058dfb     c5_sl_groundvehicleDynamics.obj
 0003:00015dfc       $SG22679                   0000000180058dfc     c5_sl_groundvehicleDynamics.obj
 0003:00015dfd       $SG22683                   0000000180058dfd     c5_sl_groundvehicleDynamics.obj
 0003:00015dfe       $SG22687                   0000000180058dfe     c5_sl_groundvehicleDynamics.obj
 0003:00015dff       $SG22691                   0000000180058dff     c5_sl_groundvehicleDynamics.obj
 0003:00015e00       $SG22695                   0000000180058e00     c5_sl_groundvehicleDynamics.obj
 0003:00015e01       $SG22699                   0000000180058e01     c5_sl_groundvehicleDynamics.obj
 0003:00015e02       $SG22703                   0000000180058e02     c5_sl_groundvehicleDynamics.obj
 0003:00015e03       $SG22707                   0000000180058e03     c5_sl_groundvehicleDynamics.obj
 0003:00015e04       $SG22711                   0000000180058e04     c5_sl_groundvehicleDynamics.obj
 0003:00015e05       $SG22715                   0000000180058e05     c5_sl_groundvehicleDynamics.obj
 0003:00015e06       $SG22719                   0000000180058e06     c5_sl_groundvehicleDynamics.obj
 0003:00015e07       $SG22726                   0000000180058e07     c5_sl_groundvehicleDynamics.obj
 0003:00015e08       $SG22745                   0000000180058e08     c5_sl_groundvehicleDynamics.obj
 0003:00015e09       $SG22752                   0000000180058e09     c5_sl_groundvehicleDynamics.obj
 0003:00015e0a       $SG22759                   0000000180058e0a     c5_sl_groundvehicleDynamics.obj
 0003:00015e0b       $SG22766                   0000000180058e0b     c5_sl_groundvehicleDynamics.obj
 0003:00015e0c       $SG22776                   0000000180058e0c     c5_sl_groundvehicleDynamics.obj
 0003:00015e0d       $SG22786                   0000000180058e0d     c5_sl_groundvehicleDynamics.obj
 0003:00015e0e       $SG22793                   0000000180058e0e     c5_sl_groundvehicleDynamics.obj
 0003:00015e0f       $SG22800                   0000000180058e0f     c5_sl_groundvehicleDynamics.obj
 0003:00015e10       $SG22807                   0000000180058e10     c5_sl_groundvehicleDynamics.obj
 0003:00015e11       $SG22814                   0000000180058e11     c5_sl_groundvehicleDynamics.obj
 0003:00015e12       $SG22824                   0000000180058e12     c5_sl_groundvehicleDynamics.obj
 0003:00015e13       $SG22834                   0000000180058e13     c5_sl_groundvehicleDynamics.obj
 0003:00015e14       $SG22841                   0000000180058e14     c5_sl_groundvehicleDynamics.obj
 0003:00015e15       $SG22848                   0000000180058e15     c5_sl_groundvehicleDynamics.obj
 0003:00015e16       $SG22852                   0000000180058e16     c5_sl_groundvehicleDynamics.obj
 0003:00015e17       $SG22859                   0000000180058e17     c5_sl_groundvehicleDynamics.obj
 0003:00015e18       $SG22863                   0000000180058e18     c5_sl_groundvehicleDynamics.obj
 0003:00015e19       $SG23341                   0000000180058e19     c5_sl_groundvehicleDynamics.obj
 0003:00015e1a       $SG28463                   0000000180058e1a     c5_sl_groundvehicleDynamics.obj
 0003:00015e1b       $SG29007                   0000000180058e1b     c5_sl_groundvehicleDynamics.obj
 0003:00015e1c       $SG29008                   0000000180058e1c     c5_sl_groundvehicleDynamics.obj
 0003:00015e1d       $SG29154                   0000000180058e1d     c5_sl_groundvehicleDynamics.obj
 0003:00015e20       _sfTime_                   0000000180058e20     c5_sl_groundvehicleDynamics.obj
 0003:00015e30       ?newstr@?1??sf_c5_sl_groundvehicleDynamics_get_post_codegen_info@@9@9 0000000180058e30     c5_sl_groundvehicleDynamics.obj
 0003:00016658       sfGlobalMdlStartCallCounts 0000000180059658     sl_groundvehicleDynamics_sfun_registry.obj
 0003:0001665c       $SG22560                   000000018005965c     sl_groundvehicleDynamics_sfun_registry.obj
 0003:0001665e       ?warningGuard@?1??ssGetRootSS@@9@9 000000018005965e     sl_groundvehicleDynamics_sfun_registry.obj
 0003:0001665f       ?warningGuard@?1??ssGetParentSS@@9@9 000000018005965f     sl_groundvehicleDynamics_sfun_registry.obj
 0003:00016660       GS_ExceptionRecord         0000000180059660     MSVCRT:gs_report.obj
 0003:00016700       GS_ContextRecord           0000000180059700     MSVCRT:gs_report.obj
 0003:00016bd0       ?__proc_attached@@3HA      0000000180059bd0     MSVCRT:dll_dllmain.obj
 0003:00016c10       ?is_initialized_as_dll@@3_NA 0000000180059c10     MSVCRT:utility.obj
 0003:00016c11       ?module_local_atexit_table_initialized@@3_NA 0000000180059c11     MSVCRT:utility.obj
 0003:00016c18       ?module_local_atexit_table@@3U_onexit_table_t@@A 0000000180059c18     MSVCRT:utility.obj
 0003:00016c30       ?module_local_at_quick_exit_table@@3U_onexit_table_t@@A 0000000180059c30     MSVCRT:utility.obj
