 sl_groundvehicleDynamics_sfun

 Timestamp is 670e2527 (Tue Oct 15 18:17:43 2024)

 Preferred load address is 0000000180000000

 Start         Length     Name                   Class
 0001:00000000 0003b6b0H .text$mn                CODE
 0001:0003b6b0 00000040H .text$mn$00             CODE
 0001:0003b6f0 0000057aH .text$x                 CODE
 0002:00000000 000005c8H .idata$5                DATA
 0002:000005c8 00000038H .00cfg                  DATA
 0002:00000600 00000008H .CRT$XCA                DATA
 0002:00000608 00000008H .CRT$XCZ                DATA
 0002:00000610 00000008H .CRT$XIA                DATA
 0002:00000618 00000008H .CRT$XIZ                DATA
 0002:00000620 00000008H .CRT$XPA                DATA
 0002:00000628 00000008H .CRT$XPZ                DATA
 0002:00000630 00000008H .CRT$XTA                DATA
 0002:00000638 00000008H .CRT$XTZ                DATA
 0002:00000640 00000000H .gehcont$y              DATA
 0002:00000640 00000000H .gfids$y                DATA
 0002:00000640 000005c0H .rdata                  DATA
 0002:00000c00 00000080H .rdata$CastGuardVftablesA DATA
 0002:00000c80 00000080H .rdata$CastGuardVftablesC DATA
 0002:00000d00 000001f4H .rdata$r                DATA
 0002:00000ef4 00000224H .rdata$voltmd           DATA
 0002:00001118 000002c8H .rdata$zzzdbg           DATA
 0002:000013e0 00000008H .rtc$IAA                DATA
 0002:000013e8 00000008H .rtc$IZZ                DATA
 0002:000013f0 00000008H .rtc$TAA                DATA
 0002:000013f8 00000008H .rtc$TZZ                DATA
 0002:00001400 00002120H .xdata                  DATA
 0002:00003520 000000f0H .xdata$x                DATA
 0002:00003610 00000088H .edata                  DATA
 0002:00003698 00000140H .idata$2                DATA
 0002:000037d8 00000018H .idata$3                DATA
 0002:000037f0 000005c8H .idata$4                DATA
 0002:00003db8 0000103cH .idata$6                DATA
 0003:00000000 00015cf8H .data                   DATA
 0003:00015cf8 00000080H .data$r                 DATA
 0003:00015d78 00000028H .data$rs                DATA
 0003:00015da0 00000ee0H .bss                    DATA
 0004:00000000 000024fcH .pdata                  DATA

  Address         Publics by Value              Rva+Base               Lib:Object

 0000:00000000       __AbsoluteZero             0000000000000000     <absolute>
 0000:00000000       ___safe_se_handler_count   0000000000000000     <absolute>
 0000:00000000       ___safe_se_handler_table   0000000000000000     <absolute>
 0000:00000000       __arm64x_extra_rfe_table   0000000000000000     <absolute>
 0000:00000000       __arm64x_extra_rfe_table_size 0000000000000000     <absolute>
 0000:00000000       __arm64x_native_entrypoint 0000000000000000     <absolute>
 0000:00000000       __arm64x_redirection_metadata 0000000000000000     <absolute>
 0000:00000000       __arm64x_redirection_metadata_count 0000000000000000     <absolute>
 0000:00000000       __dynamic_value_reloc_table 0000000000000000     <absolute>
 0000:00000000       __enclave_config           0000000000000000     <absolute>
 0000:00000000       __guard_check_icall_a64n_fptr 0000000000000000     <absolute>
 0000:00000000       __guard_eh_cont_count      0000000000000000     <absolute>
 0000:00000000       __guard_eh_cont_table      0000000000000000     <absolute>
 0000:00000000       __guard_fids_count         0000000000000000     <absolute>
 0000:00000000       __guard_fids_table         0000000000000000     <absolute>
 0000:00000000       __guard_iat_count          0000000000000000     <absolute>
 0000:00000000       __guard_iat_table          0000000000000000     <absolute>
 0000:00000000       __guard_longjmp_count      0000000000000000     <absolute>
 0000:00000000       __guard_longjmp_table      0000000000000000     <absolute>
 0000:00000000       __hybrid_auxiliary_delayload_iat 0000000000000000     <absolute>
 0000:00000000       __hybrid_auxiliary_delayload_iat_copy 0000000000000000     <absolute>
 0000:00000000       __hybrid_auxiliary_iat     0000000000000000     <absolute>
 0000:00000000       __hybrid_auxiliary_iat_copy 0000000000000000     <absolute>
 0000:00000000       __hybrid_code_map          0000000000000000     <absolute>
 0000:00000000       __hybrid_code_map_count    0000000000000000     <absolute>
 0000:00000000       __hybrid_image_info_bitfield 0000000000000000     <absolute>
 0000:00000000       __x64_code_ranges_to_entry_points 0000000000000000     <absolute>
 0000:00000000       __x64_code_ranges_to_entry_points_count 0000000000000000     <absolute>
 0000:00000100       __guard_flags              0000000000000100     <absolute>
 0000:00000000       __ImageBase                0000000180000000     <linker-defined>
 0001:00000000       sl_groundvehicleDynamics_initializer 0000000180001000 f   sl_groundvehicleDynamics_sfun.obj
 0001:00000010       sl_groundvehicleDynamics_terminator 0000000180001010 f   sl_groundvehicleDynamics_sfun.obj
 0001:00000020       load_sl_groundvehicleDynamics_optimization_info 0000000180001020 f   sl_groundvehicleDynamics_sfun.obj
 0001:000000d0       unload_sl_groundvehicleDynamics_optimization_info 00000001800010d0 f   sl_groundvehicleDynamics_sfun.obj
 0001:00000100       sf_sl_groundvehicleDynamics_method_dispatcher 0000000180001100 f   sl_groundvehicleDynamics_sfun.obj
 0001:00000150       sf_sl_groundvehicleDynamics_process_check_sum_call 0000000180001150 f   sl_groundvehicleDynamics_sfun.obj
 0001:00000640       sf_sl_groundvehicleDynamics_get_eml_resolved_functions_info 0000000180001640 f   sl_groundvehicleDynamics_sfun.obj
 0001:00000820       sf_sl_groundvehicleDynamics_third_party_uses_info 0000000180001820 f   sl_groundvehicleDynamics_sfun.obj
 0001:000009f0       sf_sl_groundvehicleDynamics_jit_fallback_info 00000001800019f0 f   sl_groundvehicleDynamics_sfun.obj
 0001:00000bc0       sf_sl_groundvehicleDynamics_get_post_codegen_info 0000000180001bc0 f   sl_groundvehicleDynamics_sfun.obj
 0001:00000da0       sf_sl_groundvehicleDynamics_updateBuildInfo_args_info 0000000180001da0 f   sl_groundvehicleDynamics_sfun.obj
 0001:00000f60       sf_c5_sl_groundvehicleDynamics_get_eml_resolved_functions_info 0000000180001f60 f   c5_sl_groundvehicleDynamics.obj
 0001:00001000       sf_c5_sl_groundvehicleDynamics_get_check_sum 0000000180002000 f   c5_sl_groundvehicleDynamics.obj
 0001:000010d0       c5_sl_groundvehicleDynamics_method_dispatcher 00000001800020d0 f   c5_sl_groundvehicleDynamics.obj
 0001:00022620       sf_c5_sl_groundvehicleDynamics_third_party_uses_info 0000000180023620 f   c5_sl_groundvehicleDynamics.obj
 0001:00022670       sf_c5_sl_groundvehicleDynamics_jit_fallback_info 0000000180023670 f   c5_sl_groundvehicleDynamics.obj
 0001:00022800       sf_c5_sl_groundvehicleDynamics_updateBuildInfo_args_info 0000000180023800 f   c5_sl_groundvehicleDynamics.obj
 0001:00022b20       sf_c5_sl_groundvehicleDynamics_get_post_codegen_info 0000000180023b20 f   c5_sl_groundvehicleDynamics.obj
 0001:000230f0       mexFunction                00000001800240f0 f   sl_groundvehicleDynamics_sfun_registry.obj
 0001:000259c0       _ssSetInputPortDirectFeedThroughFcn 00000001800269c0 f   sl_groundvehicleDynamics_sfun_registry.obj
 0001:00025b30       _ssSetRWorkValueFcn        0000000180026b30 f   sl_groundvehicleDynamics_sfun_registry.obj
 0001:00025bb0       _ssGetRWorkValueFcn        0000000180026bb0 f   sl_groundvehicleDynamics_sfun_registry.obj
 0001:00025c20       _ssSetIWorkValueFcn        0000000180026c20 f   sl_groundvehicleDynamics_sfun_registry.obj
 0001:00025ca0       _ssGetIWorkValueFcn        0000000180026ca0 f   sl_groundvehicleDynamics_sfun_registry.obj
 0001:00025d10       _ssSetPWorkValueFcn        0000000180026d10 f   sl_groundvehicleDynamics_sfun_registry.obj
 0001:00025d90       _ssGetPWorkValueFcn        0000000180026d90 f   sl_groundvehicleDynamics_sfun_registry.obj
 0001:00025e00       _ssGetInputPortSignalFcn   0000000180026e00 f   sl_groundvehicleDynamics_sfun_registry.obj
 0001:00026190       _ssGetInputPortBufferDstPortFcn 0000000180027190 f   sl_groundvehicleDynamics_sfun_registry.obj
 0001:00026210       _ssGetInputPortSignalPtrsFcn 0000000180027210 f   sl_groundvehicleDynamics_sfun_registry.obj
 0001:000265a0       ssGetParameterTuningCompliance 00000001800275a0 f   sl_groundvehicleDynamics_sfun_registry.obj
 0001:00026610       _ssReadInputStringFcn      0000000180027610 f   sl_groundvehicleDynamics_sfun_registry.obj
 0001:00026680       ssGetDTypeIdFromMxArray    0000000180027680 f   sl_groundvehicleDynamics_sfun_registry.obj
 0001:000267a0       ssWriteRTWMx2dMatParam     00000001800277a0 f   sl_groundvehicleDynamics_sfun_registry.obj
 0001:00026830       ssWriteRTWMxVectParam      0000000180027830 f   sl_groundvehicleDynamics_sfun_registry.obj
 0001:000268b0       ssWriteRTWParameters       00000001800278b0 f   sl_groundvehicleDynamics_sfun_registry.obj
 0001:00026e70       ssWriteRTWParamSettings    0000000180027e70 f   sl_groundvehicleDynamics_sfun_registry.obj
 0001:00027560       ssWriteRTWStr              0000000180028560 f   sl_groundvehicleDynamics_sfun_registry.obj
 0001:000275c0       ssWriteRTWWorkVect         00000001800285c0 f   sl_groundvehicleDynamics_sfun_registry.obj
 0001:00027b20       ssWarning                  0000000180028b20 f   sl_groundvehicleDynamics_sfun_registry.obj
 0001:00027c10       ssGetRootSS                0000000180028c10 f   sl_groundvehicleDynamics_sfun_registry.obj
 0001:00027cd0       ssGetParentSS              0000000180028cd0 f   sl_groundvehicleDynamics_sfun_registry.obj
 0001:00027d90       ssWriteRTWNameValuePair    0000000180028d90 f   sl_groundvehicleDynamics_sfun_registry.obj
 0001:00028290       _ssSetInputPortMatrixDimensions 0000000180029290 f   sl_groundvehicleDynamics_sfun_registry.obj
 0001:000283e0       _ssSetOutputPortMatrixDimensions 00000001800293e0 f   sl_groundvehicleDynamics_sfun_registry.obj
 0001:00028530       _ssSetInputPortVectorDimension 0000000180029530 f   sl_groundvehicleDynamics_sfun_registry.obj
 0001:000285e0       _ssSetOutputPortVectorDimension 00000001800295e0 f   sl_groundvehicleDynamics_sfun_registry.obj
 0001:00028690       ssIsRunTimeParamTunable    0000000180029690 f   sl_groundvehicleDynamics_sfun_registry.obj
 0001:00028700       ssGetSFuncBlockHandle      0000000180029700 f   sl_groundvehicleDynamics_sfun_registry.obj
 0001:00028770       _ssGetCallSystemNumFcnCallDestinations 0000000180029770 f   sl_groundvehicleDynamics_sfun_registry.obj
 0001:000287e0       _ssGetCurrentInputPortWidth 00000001800297e0 f   sl_groundvehicleDynamics_sfun_registry.obj
 0001:00028920       _ssGetCurrentOutputPortWidth 0000000180029920 f   sl_groundvehicleDynamics_sfun_registry.obj
 0001:00028a60       ssGetIsZeroCrossControlDisabled 0000000180029a60 f   sl_groundvehicleDynamics_sfun_registry.obj
 0001:00028ad0       ssSetIsInputPortUsedForContZcSignal 0000000180029ad0 f   sl_groundvehicleDynamics_sfun_registry.obj
 0001:00028b40       ssSetZcSignalIsZcElementDisc 0000000180029b40 f   sl_groundvehicleDynamics_sfun_registry.obj
 0001:00028bf0       ssSetZcSignalName          0000000180029bf0 f   sl_groundvehicleDynamics_sfun_registry.obj
 0001:00028c60       ssSetZcSignalWidth         0000000180029c60 f   sl_groundvehicleDynamics_sfun_registry.obj
 0001:00028cd0       ssSetZcSignalZcEventType   0000000180029cd0 f   sl_groundvehicleDynamics_sfun_registry.obj
 0001:00028d40       ssSetZcSignalType          0000000180029d40 f   sl_groundvehicleDynamics_sfun_registry.obj
 0001:00028db0       ssSetZcSignalZcTol         0000000180029db0 f   sl_groundvehicleDynamics_sfun_registry.obj
 0001:00028e20       ssSetZcSignalNeedsEventNotification 0000000180029e20 f   sl_groundvehicleDynamics_sfun_registry.obj
 0001:00028e90       ssCreateAndAddZcSignalInfo 0000000180029e90 f   sl_groundvehicleDynamics_sfun_registry.obj
 0001:00028f00       ssCloneAndAddZcSignalInfo  0000000180029f00 f   sl_groundvehicleDynamics_sfun_registry.obj
 0001:00028f70       ssGetNumZcSignals          0000000180029f70 f   sl_groundvehicleDynamics_sfun_registry.obj
 0001:00028fe0       ssGetZcSignalVector        0000000180029fe0 f   sl_groundvehicleDynamics_sfun_registry.obj
 0001:00029050       ssGetZcSignalName          000000018002a050 f   sl_groundvehicleDynamics_sfun_registry.obj
 0001:000290c0       ssGetZcSignalWidth         000000018002a0c0 f   sl_groundvehicleDynamics_sfun_registry.obj
 0001:00029130       ssGetZcSignalZcEventType   000000018002a130 f   sl_groundvehicleDynamics_sfun_registry.obj
 0001:000291a0       ssGetZcSignalZcEvents      000000018002a1a0 f   sl_groundvehicleDynamics_sfun_registry.obj
 0001:00029210       ssGetZcSignalType          000000018002a210 f   sl_groundvehicleDynamics_sfun_registry.obj
 0001:00029280       ssGetZcSignalZcTol         000000018002a280 f   sl_groundvehicleDynamics_sfun_registry.obj
 0001:00029300       ssGetZcSignalNeedsEventNotification 000000018002a300 f   sl_groundvehicleDynamics_sfun_registry.obj
 0001:00029370       ssGetZcSignalIsZcElementDisc 000000018002a370 f   sl_groundvehicleDynamics_sfun_registry.obj
 0001:00029410       ssGetIsInputPortElementContinuous 000000018002a410 f   sl_groundvehicleDynamics_sfun_registry.obj
 0001:000294b0       _ssGetAbsTol               000000018002a4b0 f   sl_groundvehicleDynamics_sfun_registry.obj
 0001:00029520       _ssSetStateAbsTol          000000018002a520 f   sl_groundvehicleDynamics_sfun_registry.obj
 0001:00029600       _ssSetInputPortReusableFcn 000000018002a600 f   sl_groundvehicleDynamics_sfun_registry.obj
 0001:00029700       _ssSetOutputPortReusableFcn 000000018002a700 f   sl_groundvehicleDynamics_sfun_registry.obj
 0001:00029800       _ssSetSymbolicDimsSupport  000000018002a800 f   sl_groundvehicleDynamics_sfun_registry.obj
 0001:00029870       _ssRegisterSymbolicDimsExpr 000000018002a870 f   sl_groundvehicleDynamics_sfun_registry.obj
 0001:000298f0       _ssRegisterSymbolicDimsMATLABExpr 000000018002a8f0 f   sl_groundvehicleDynamics_sfun_registry.obj
 0001:00029980       _ssRegisterSymbolicDims    000000018002a980 f   sl_groundvehicleDynamics_sfun_registry.obj
 0001:00029a20       _ssRegisterSymbolicDimsString 000000018002aa20 f   sl_groundvehicleDynamics_sfun_registry.obj
 0001:00029aa0       _ssRegisterSymbolicDimsIntValue 000000018002aaa0 f   sl_groundvehicleDynamics_sfun_registry.obj
 0001:00029b10       _ssRegisterSymbolicEqualRelation 000000018002ab10 f   sl_groundvehicleDynamics_sfun_registry.obj
 0001:00029b80       _ssRegisterSymbolicEqualValue 000000018002ab80 f   sl_groundvehicleDynamics_sfun_registry.obj
 0001:00029bf0       _ssAmendLeadingSymbolicDims 000000018002abf0 f   sl_groundvehicleDynamics_sfun_registry.obj
 0001:00029c70       _ssAmendTrailingSymbolicDims 000000018002ac70 f   sl_groundvehicleDynamics_sfun_registry.obj
 0001:00029cf0       _ssRegisterSymbolicDimsPlus 000000018002acf0 f   sl_groundvehicleDynamics_sfun_registry.obj
 0001:00029d70       _ssRegisterSymbolicDimsMinus 000000018002ad70 f   sl_groundvehicleDynamics_sfun_registry.obj
 0001:00029df0       _ssRegisterSymbolicDimsMultiply 000000018002adf0 f   sl_groundvehicleDynamics_sfun_registry.obj
 0001:00029e70       _ssRegisterSymbolicDimsDivide 000000018002ae70 f   sl_groundvehicleDynamics_sfun_registry.obj
 0001:00029ef0       _ssGetNumSymbolicDims      000000018002aef0 f   sl_groundvehicleDynamics_sfun_registry.obj
 0001:00029f60       _ssGetSymbolicDim          000000018002af60 f   sl_groundvehicleDynamics_sfun_registry.obj
 0001:00029fe0       _ssSetInputPortSymbolicDimsId 000000018002afe0 f   sl_groundvehicleDynamics_sfun_registry.obj
 0001:0002a050       _ssGetCompInputPortSymbolicDimsId 000000018002b050 f   sl_groundvehicleDynamics_sfun_registry.obj
 0001:0002a0c0       _ssSetCompInputPortSymbolicDimsId 000000018002b0c0 f   sl_groundvehicleDynamics_sfun_registry.obj
 0001:0002a130       _ssSetOutputPortSymbolicDimsId 000000018002b130 f   sl_groundvehicleDynamics_sfun_registry.obj
 0001:0002a1a0       _ssGetCompOutputPortSymbolicDimsId 000000018002b1a0 f   sl_groundvehicleDynamics_sfun_registry.obj
 0001:0002a210       _ssSetCompOutputPortSymbolicDimsId 000000018002b210 f   sl_groundvehicleDynamics_sfun_registry.obj
 0001:0002a280       _ssGetDWorkSymbolicDimsId  000000018002b280 f   sl_groundvehicleDynamics_sfun_registry.obj
 0001:0002a2f0       _ssSetDWorkSymbolicDimsId  000000018002b2f0 f   sl_groundvehicleDynamics_sfun_registry.obj
 0001:0002a360       _ssGetCompDWorkSymbolicDimsId 000000018002b360 f   sl_groundvehicleDynamics_sfun_registry.obj
 0001:0002a3d0       _ssSetCompDWorkSymbolicDimsId 000000018002b3d0 f   sl_groundvehicleDynamics_sfun_registry.obj
 0001:0002a440       _ssCreateSLCGStringBuffer  000000018002b440 f   sl_groundvehicleDynamics_sfun_registry.obj
 0001:0002a4b0       _ssAddToSLCGStringBuffer   000000018002b4b0 f   sl_groundvehicleDynamics_sfun_registry.obj
 0001:0002a520       _ssGetPointerContainedData 000000018002b520 f   sl_groundvehicleDynamics_sfun_registry.obj
 0001:0002a5b0       _ssGetPointerContainedDataWidth 000000018002b5b0 f   sl_groundvehicleDynamics_sfun_registry.obj
 0001:0002a640       _ssRegisterDynamicArrayDataTypeFcn 000000018002b640 f   sl_groundvehicleDynamics_sfun_registry.obj
 0001:0002a6e0       _ssGetDynamicArrayContainedDataCurrentWidthFcn 000000018002b6e0 f   sl_groundvehicleDynamics_sfun_registry.obj
 0001:0002a7b0       _ssGetDynamicArrayContainedDataFcn 000000018002b7b0 f   sl_groundvehicleDynamics_sfun_registry.obj
 0001:0002a880       _ssGetInputPortDynamicArrayDataFcn 000000018002b880 f   sl_groundvehicleDynamics_sfun_registry.obj
 0001:0002a940       _ssGetOutputPortDynamicArrayDataFcn 000000018002b940 f   sl_groundvehicleDynamics_sfun_registry.obj
 0001:0002aa00       _ssGetInputPortDynamicArrayContainedDataFcn 000000018002ba00 f   sl_groundvehicleDynamics_sfun_registry.obj
 0001:0002aac0       _ssGetOutputPortDynamicArrayContainedDataFcn 000000018002bac0 f   sl_groundvehicleDynamics_sfun_registry.obj
 0001:0002ab80       _ssGetDynamicArrayDWorkContainedDataFcn 000000018002bb80 f   sl_groundvehicleDynamics_sfun_registry.obj
 0001:0002ac40       sf_process_check_sum_call  000000018002bc40 f   sl_groundvehicleDynamics_sfun_registry.obj
 0001:0002ac90       sf_process_get_third_party_uses_info_call 000000018002bc90 f   sl_groundvehicleDynamics_sfun_registry.obj
 0001:0002aec0       sf_process_get_jit_fallback_info_call 000000018002bec0 f   sl_groundvehicleDynamics_sfun_registry.obj
 0001:0002b0f0       sf_process_get_post_codegen_info_call 000000018002c0f0 f   sl_groundvehicleDynamics_sfun_registry.obj
 0001:0002b320       sf_process_get_updateBuildInfo_args_info_call 000000018002c320 f   sl_groundvehicleDynamics_sfun_registry.obj
 0001:0002b550       sf_process_get_eml_resolved_functions_info_call 000000018002c550 f   sl_groundvehicleDynamics_sfun_registry.obj
 0001:0002b780       sf_mex_unlock_call         000000018002c780 f   sl_groundvehicleDynamics_sfun_registry.obj
 0001:0002b9a0       sf_machine_global_initializer_called 000000018002c9a0 f   sl_groundvehicleDynamics_sfun_registry.obj
 0001:0002b9d0       sf_machine_global_method_dispatcher 000000018002c9d0 f   sl_groundvehicleDynamics_sfun_registry.obj
 0001:0002ba30       sf_machine_global_terminator 000000018002ca30 f   sl_groundvehicleDynamics_sfun_registry.obj
 0001:0002ba60       callCustomFcn              000000018002ca60 f   sl_groundvehicleDynamics_sfun_registry.obj
 0001:0002ba70       sf_machine_global_initializer 000000018002ca70 f   sl_groundvehicleDynamics_sfun_registry.obj
 0001:0002baa0       mdlGetSimState             000000018002caa0 f   sl_groundvehicleDynamics_sfun_registry.obj
 0001:0002bae0       mdlSetSimState             000000018002cae0 f   sl_groundvehicleDynamics_sfun_registry.obj
 0001:0002c450       ProcessMexSfunctionEveryCall 000000018002d450 f   sl_groundvehicleDynamics_sfun_registry.obj
 0001:0002d5d0       __local_stdio_printf_options 000000018002e5d0 f i sl_groundvehicleDynamics_sfun_registry.obj
 0001:0002d5e0       _vsnprintf_l               000000018002e5e0 f i sl_groundvehicleDynamics_sfun_registry.obj
 0001:0002d660       _vsprintf_l                000000018002e660 f i sl_groundvehicleDynamics_sfun_registry.obj
 0001:0002d6b0       sprintf                    000000018002e6b0 f i sl_groundvehicleDynamics_sfun_registry.obj
 0001:0002d700       mexfilerequiredapiversion  000000018002e700 f   c_mexapi_version.obj
 0001:0002d730       priorityqueuecodegen_constructPQ 000000018002e730 f   priorityqueue_api.obj
 0001:0002d7b0       priorityqueuecodegen_destructPQ 000000018002e7b0 f   priorityqueue_api.obj
 0001:0002d810       priorityqueuecodegen_push  000000018002e810 f   priorityqueue_api.obj
 0001:0002d850       priorityqueuecodegen_top   000000018002e850 f   priorityqueue_api.obj
 0001:0002d8f0       priorityqueuecodegen_pop   000000018002e8f0 f   priorityqueue_api.obj
 0001:0002d920       priorityqueuecodegen_size  000000018002e920 f   priorityqueue_api.obj
 0001:0002d950       priorityqueuecodegen_isEmpty 000000018002e950 f   priorityqueue_api.obj
 0001:0002d980       priorityqueuecodegen_getDataDim 000000018002e980 f   priorityqueue_api.obj
 0001:0002d9b0       priorityqueuecodegen_constructNodeMap 000000018002e9b0 f   priorityqueue_api.obj
 0001:0002da20       priorityqueuecodegen_destructNodeMap 000000018002ea20 f   priorityqueue_api.obj
 0001:0002da80       priorityqueuecodegen_nodemap_getDataDim 000000018002ea80 f   priorityqueue_api.obj
 0001:0002dab0       priorityqueuecodegen_nodemap_getNumNodes 000000018002eab0 f   priorityqueue_api.obj
 0001:0002db00       priorityqueuecodegen_nodemap_traceBack 000000018002eb00 f   priorityqueue_api.obj
 0001:0002dc50       priorityqueuecodegen_nodemap_insertNode 000000018002ec50 f   priorityqueue_api.obj
 0001:0002dca0       priorityqueuecodegen_nodemap_getNodeData 000000018002eca0 f   priorityqueue_api.obj
 0001:0002dda0       priorityqueuecodegen_constructSimpleMap 000000018002eda0 f   priorityqueue_api.obj
 0001:0002de10       priorityqueuecodegen_destructSimpleMap 000000018002ee10 f   priorityqueue_api.obj
 0001:0002de70       priorityqueuecodegen_simplemap_getDataDim 000000018002ee70 f   priorityqueue_api.obj
 0001:0002dea0       priorityqueuecodegen_simplemap_getSize 000000018002eea0 f   priorityqueue_api.obj
 0001:0002def0       priorityqueuecodegen_simplemap_insertData 000000018002eef0 f   priorityqueue_api.obj
 0001:0002df40       priorityqueuecodegen_simplemap_getData 000000018002ef40 f   priorityqueue_api.obj
 0001:0002e020       ??$?0$$V@?$_Compressed_pair@V?$allocator@N@std@@V?$_Vector_val@U?$_Simple_types@N@std@@@2@$00@std@@QEAA@U_Zero_then_variadic_args_t@1@@Z 000000018002f020 f i priorityqueue_api.obj
 0001:0002e050       ??$?0$$V@?$_Compressed_pair@V?$allocator@U?$pair@HV?$vector@NV?$allocator@N@std@@@std@@@std@@@std@@V?$_Vector_val@U?$_Simple_types@U?$pair@HV?$vector@NV?$allocator@N@std@@@std@@@std@@@std@@@2@$00@std@@QEAA@U_Zero_then_variadic_args_t@1@@Z 000000018002f050 f i priorityqueue_api.obj
 0001:0002e080       ??$?0$$V@?$_Compressed_pair@V?$allocator@V?$vector@NV?$allocator@N@std@@@std@@@std@@V?$_Vector_val@U?$_Simple_types@V?$vector@NV?$allocator@N@std@@@std@@@std@@@2@$00@std@@QEAA@U_Zero_then_variadic_args_t@1@@Z 000000018002f080 f i priorityqueue_api.obj
 0001:0002e0b0       ??$?0AEAHV?$vector@NV?$allocator@N@std@@@std@@$0A@@?$pair@HV?$vector@NV?$allocator@N@std@@@std@@@std@@QEAA@AEAH$$QEAV?$vector@NV?$allocator@N@std@@@1@@Z 000000018002f0b0 f i priorityqueue_api.obj
 0001:0002e100       ??$?0AEAPEAU?$_List_node@U?$pair@$$CBHH@std@@PEAX@std@@_N$0A@@?$pair@PEAU?$_List_node@U?$pair@$$CBHH@std@@PEAX@std@@_N@std@@QEAA@AEAPEAU?$_List_node@U?$pair@$$CBHH@std@@PEAX@1@$$QEA_N@Z 000000018002f100 f i priorityqueue_api.obj
 0001:0002e150       ??$?0AEAPEAU?$_List_node@U?$pair@$$CBHV?$vector@NV?$allocator@N@std@@@std@@@std@@PEAX@std@@_N$0A@@?$pair@PEAU?$_List_node@U?$pair@$$CBHV?$vector@NV?$allocator@N@std@@@std@@@std@@PEAX@std@@_N@std@@QEAA@AEAPEAU?$_List_node@U?$pair@$$CBHV?$vector@NV?$allocator@N@std@@@std@@@std@@PEAX@1@$$QEA_N@Z 000000018002f150 f i priorityqueue_api.obj
 0001:0002e1a0       ??$?0AEBH$$Z$$V@?$pair@$$CBHH@std@@QEAA@Upiecewise_construct_t@1@V?$tuple@AEBH@1@V?$tuple@$$V@1@@Z 000000018002f1a0 f i priorityqueue_api.obj
 0001:0002e210       ??$?0AEBH$$Z$$V@?$pair@$$CBHV?$vector@NV?$allocator@N@std@@@std@@@std@@QEAA@Upiecewise_construct_t@1@V?$tuple@AEBH@1@V?$tuple@$$V@1@@Z 000000018002f210 f i priorityqueue_api.obj
 0001:0002e280       ??$?0AEBH$0A@@?$tuple@AEBH@std@@QEAA@AEBH@Z 000000018002f280 f i priorityqueue_api.obj
 0001:0002e2b0       ??$?0AEBH@?$_Tuple_val@AEBH@std@@QEAA@AEBH@Z 000000018002f2b0 f i priorityqueue_api.obj
 0001:0002e2e0       ??$?0AEBUpiecewise_construct_t@std@@V?$tuple@AEBH@1@V?$tuple@$$V@1@@?$_List_node_emplace_op2@V?$allocator@U?$_List_node@U?$pair@$$CBHH@std@@PEAX@std@@@std@@@std@@QEAA@AEAV?$allocator@U?$_List_node@U?$pair@$$CBHH@std@@PEAX@std@@@1@AEBUpiecewise_construct_t@1@$$QEAV?$tuple@AEBH@1@$$QEAV?$tuple@$$V@1@@Z 000000018002f2e0 f i priorityqueue_api.obj
 0001:0002e390       ??$?0AEBUpiecewise_construct_t@std@@V?$tuple@AEBH@1@V?$tuple@$$V@1@@?$_List_node_emplace_op2@V?$allocator@U?$_List_node@U?$pair@$$CBHV?$vector@NV?$allocator@N@std@@@std@@@std@@PEAX@std@@@std@@@std@@QEAA@AEAV?$allocator@U?$_List_node@U?$pair@$$CBHV?$vector@NV?$allocator@N@std@@@std@@@std@@PEAX@std@@@1@AEBUpiecewise_construct_t@1@$$QEAV?$tuple@AEBH@1@$$QEAV?$tuple@$$V@1@@Z 000000018002f390 f i priorityqueue_api.obj
 0001:0002e440       ??$?0AEBV?$allocator@N@std@@$$V@?$_Compressed_pair@V?$allocator@N@std@@V?$_Vector_val@U?$_Simple_types@N@std@@@2@$00@std@@QEAA@U_One_then_variadic_args_t@1@AEBV?$allocator@N@1@@Z 000000018002f440 f i priorityqueue_api.obj
 0001:0002e480       ??$?0AEBV?$allocator@U?$pair@$$CBHH@std@@@std@@$$V@?$_Compressed_pair@V?$allocator@U?$_List_node@U?$pair@$$CBHH@std@@PEAX@std@@@std@@V?$_List_val@U?$_List_simple_types@U?$pair@$$CBHH@std@@@std@@@2@$00@std@@QEAA@U_One_then_variadic_args_t@1@AEBV?$allocator@U?$pair@$$CBHH@std@@@1@@Z 000000018002f480 f i priorityqueue_api.obj
 0001:0002e4c0       ??$?0AEBV?$allocator@U?$pair@$$CBHH@std@@@std@@$$V@?$_Compressed_pair@V?$allocator@V?$_List_unchecked_iterator@V?$_List_val@U?$_List_simple_types@U?$pair@$$CBHH@std@@@std@@@std@@@std@@@std@@V?$_Vector_val@U?$_Simple_types@V?$_List_unchecked_iterator@V?$_List_val@U?$_List_simple_types@U?$pair@$$CBHH@std@@@std@@@std@@@std@@@std@@@2@$00@std@@QEAA@U_One_then_variadic_args_t@1@AEBV?$allocator@U?$pair@$$CBHH@std@@@1@@Z 000000018002f4c0 f i priorityqueue_api.obj
 0001:0002e500       ??$?0AEBV?$allocator@U?$pair@$$CBHH@std@@@std@@$0A@@?$_Hash_vec@V?$allocator@V?$_List_unchecked_iterator@V?$_List_val@U?$_List_simple_types@U?$pair@$$CBHH@std@@@std@@@std@@@std@@@std@@@std@@QEAA@AEBV?$allocator@U?$pair@$$CBHH@std@@@1@@Z 000000018002f500 f i priorityqueue_api.obj
 0001:0002e550       ??$?0AEBV?$allocator@U?$pair@$$CBHV?$vector@NV?$allocator@N@std@@@std@@@std@@@std@@$$V@?$_Compressed_pair@V?$allocator@U?$_List_node@U?$pair@$$CBHV?$vector@NV?$allocator@N@std@@@std@@@std@@PEAX@std@@@std@@V?$_List_val@U?$_List_simple_types@U?$pair@$$CBHV?$vector@NV?$allocator@N@std@@@std@@@std@@@std@@@2@$00@std@@QEAA@U_One_then_variadic_args_t@1@AEBV?$allocator@U?$pair@$$CBHV?$vector@NV?$allocator@N@std@@@std@@@std@@@1@@Z 000000018002f550 f i priorityqueue_api.obj
 0001:0002e590       ??$?0AEBV?$allocator@U?$pair@$$CBHV?$vector@NV?$allocator@N@std@@@std@@@std@@@std@@$$V@?$_Compressed_pair@V?$allocator@V?$_List_unchecked_iterator@V?$_List_val@U?$_List_simple_types@U?$pair@$$CBHV?$vector@NV?$allocator@N@std@@@std@@@std@@@std@@@std@@@std@@@std@@V?$_Vector_val@U?$_Simple_types@V?$_List_unchecked_iterator@V?$_List_val@U?$_List_simple_types@U?$pair@$$CBHV?$vector@NV?$allocator@N@std@@@std@@@std@@@std@@@std@@@std@@@std@@@2@$00@std@@QEAA@U_One_then_variadic_args_t@1@AEBV?$allocator@U?$pair@$$CBHV?$vector@NV?$allocator@N@std@@@std@@@std@@@1@@Z 000000018002f590 f i priorityqueue_api.obj
 0001:0002e5d0       ??$?0AEBV?$allocator@U?$pair@$$CBHV?$vector@NV?$allocator@N@std@@@std@@@std@@@std@@$0A@@?$_Hash_vec@V?$allocator@V?$_List_unchecked_iterator@V?$_List_val@U?$_List_simple_types@U?$pair@$$CBHV?$vector@NV?$allocator@N@std@@@std@@@std@@@std@@@std@@@std@@@std@@@std@@QEAA@AEBV?$allocator@U?$pair@$$CBHV?$vector@NV?$allocator@N@std@@@std@@@std@@@1@@Z 000000018002f5d0 f i priorityqueue_api.obj
 0001:0002e620       ??$?0HV?$vector@NV?$allocator@N@std@@@std@@$0A@@?$pair@HV?$vector@NV?$allocator@N@std@@@std@@@std@@QEAA@$$QEAH$$QEAV?$vector@NV?$allocator@N@std@@@1@@Z 000000018002f620 f i priorityqueue_api.obj
 0001:0002e670       ??$?0M@?$_Compressed_pair@U?$equal_to@H@std@@M$00@std@@QEAA@U_Zero_then_variadic_args_t@1@$$QEAM@Z 000000018002f670 f i priorityqueue_api.obj
 0001:0002e6b0       ??$?0PEAU?$_List_node@U?$pair@$$CBHH@std@@PEAX@std@@_N$0A@@?$pair@PEAU?$_List_node@U?$pair@$$CBHH@std@@PEAX@std@@_N@std@@QEAA@$$QEAPEAU?$_List_node@U?$pair@$$CBHH@std@@PEAX@1@$$QEA_N@Z 000000018002f6b0 f i priorityqueue_api.obj
 0001:0002e700       ??$?0PEAU?$_List_node@U?$pair@$$CBHV?$vector@NV?$allocator@N@std@@@std@@@std@@PEAX@std@@_N$0A@@?$pair@PEAU?$_List_node@U?$pair@$$CBHV?$vector@NV?$allocator@N@std@@@std@@@std@@PEAX@std@@_N@std@@QEAA@$$QEAPEAU?$_List_node@U?$pair@$$CBHV?$vector@NV?$allocator@N@std@@@std@@@std@@PEAX@1@$$QEA_N@Z 000000018002f700 f i priorityqueue_api.obj
 0001:0002e750       ??$?0PEBN$0A@@?$vector@NV?$allocator@N@std@@@std@@QEAA@PEBN0AEBV?$allocator@N@1@@Z 000000018002f750 f i priorityqueue_api.obj
 0001:0002e810       ??$?0U?$pair@$$CBHH@std@@@?$allocator@U?$_List_node@U?$pair@$$CBHH@std@@PEAX@std@@@std@@QEAA@AEBV?$allocator@U?$pair@$$CBHH@std@@@1@@Z 000000018002f810 f i priorityqueue_api.obj
 0001:0002e820       ??$?0U?$pair@$$CBHH@std@@@?$allocator@V?$_List_unchecked_iterator@V?$_List_val@U?$_List_simple_types@U?$pair@$$CBHH@std@@@std@@@std@@@std@@@std@@QEAA@AEBV?$allocator@U?$pair@$$CBHH@std@@@1@@Z 000000018002f820 f i priorityqueue_api.obj
 0001:0002e830       ??$?0U?$pair@$$CBHV?$vector@NV?$allocator@N@std@@@std@@@std@@@?$allocator@U?$_List_node@U?$pair@$$CBHV?$vector@NV?$allocator@N@std@@@std@@@std@@PEAX@std@@@std@@QEAA@AEBV?$allocator@U?$pair@$$CBHV?$vector@NV?$allocator@N@std@@@std@@@std@@@1@@Z 000000018002f830 f i priorityqueue_api.obj
 0001:0002e840       ??$?0U?$pair@$$CBHV?$vector@NV?$allocator@N@std@@@std@@@std@@@?$allocator@V?$_List_unchecked_iterator@V?$_List_val@U?$_List_simple_types@U?$pair@$$CBHV?$vector@NV?$allocator@N@std@@@std@@@std@@@std@@@std@@@std@@@std@@QEAA@AEBV?$allocator@U?$pair@$$CBHV?$vector@NV?$allocator@N@std@@@std@@@std@@@1@@Z 000000018002f840 f i priorityqueue_api.obj
 0001:0002e850       ??$?0U_Exact_args_t@std@@$0A@@?$tuple@$$V@std@@QEAA@U_Exact_args_t@1@@Z 000000018002f850 f i priorityqueue_api.obj
 0001:0002e860       ??$?0U_Exact_args_t@std@@AEBH$$V$0A@@?$tuple@AEBH@std@@QEAA@U_Exact_args_t@1@AEBH@Z 000000018002f860 f i priorityqueue_api.obj
 0001:0002e8b0       ??$?0U_Zero_then_variadic_args_t@std@@M@?$_Compressed_pair@U?$hash@H@std@@V?$_Compressed_pair@U?$equal_to@H@std@@M$00@2@$00@std@@QEAA@U_Zero_then_variadic_args_t@1@$$QEAU21@$$QEAM@Z 000000018002f8b0 f i priorityqueue_api.obj
 0001:0002e900       ??$?0V?$allocator@N@std@@$$V@?$_Compressed_pair@V?$allocator@N@std@@V?$_Vector_val@U?$_Simple_types@N@std@@@2@$00@std@@QEAA@U_One_then_variadic_args_t@1@$$QEAV?$allocator@N@1@@Z 000000018002f900 f i priorityqueue_api.obj
 0001:0002e940       ??$?0V?$allocator@N@std@@PEANPEANPEAN@?$_Compressed_pair@V?$allocator@N@std@@V?$_Vector_val@U?$_Simple_types@N@std@@@2@$00@std@@QEAA@U_One_then_variadic_args_t@1@$$QEAV?$allocator@N@1@$$QEAPEAN22@Z 000000018002f940 f i priorityqueue_api.obj
 0001:0002e9b0       ??$?0V?$allocator@V?$vector@NV?$allocator@N@std@@@std@@@std@@PEAV?$vector@NV?$allocator@N@std@@@1@PEAV21@PEAV21@@?$_Compressed_pair@V?$allocator@V?$vector@NV?$allocator@N@std@@@std@@@std@@V?$_Vector_val@U?$_Simple_types@V?$vector@NV?$allocator@N@std@@@std@@@std@@@2@$00@std@@QEAA@U_One_then_variadic_args_t@1@$$QEAV?$allocator@V?$vector@NV?$allocator@N@std@@@std@@@1@$$QEAPEAV?$vector@NV?$allocator@N@std@@@1@22@Z 000000018002f9b0 f i priorityqueue_api.obj
 0001:0002ea20       ??$?0V?$tuple@AEBH@std@@V?$tuple@$$V@1@$0A@$$Z$S@?$pair@$$CBHH@std@@QEAA@AEAV?$tuple@AEBH@1@AEAV?$tuple@$$V@1@U?$integer_sequence@_K$0A@@1@U?$integer_sequence@_K$S@1@@Z 000000018002fa20 f i priorityqueue_api.obj
 0001:0002ea70       ??$?0V?$tuple@AEBH@std@@V?$tuple@$$V@1@$0A@$$Z$S@?$pair@$$CBHV?$vector@NV?$allocator@N@std@@@std@@@std@@QEAA@AEAV?$tuple@AEBH@1@AEAV?$tuple@$$V@1@U?$integer_sequence@_K$0A@@1@U?$integer_sequence@_K$S@1@@Z 000000018002fa70 f i priorityqueue_api.obj
 0001:0002eac0       ??$?4U?$pair@HV?$vector@NV?$allocator@N@std@@@std@@@std@@$0A@@?$pair@HV?$vector@NV?$allocator@N@std@@@std@@@std@@QEAAAEAU01@$$QEAU01@@Z 000000018002fac0 f i priorityqueue_api.obj
 0001:0002eb10       ??$?RH@?$_Uhash_compare@HU?$hash@H@std@@U?$equal_to@H@2@@std@@QEBA_KAEBH@Z 000000018002fb10 f i priorityqueue_api.obj
 0001:0002eb40       ??$?RHH@?$_Uhash_compare@HU?$hash@H@std@@U?$equal_to@H@2@@std@@QEBA_NAEBH0@Z 000000018002fb40 f i priorityqueue_api.obj
 0001:0002eba0       ??$_Adl_verify_range@PEAV?$_List_unchecked_iterator@V?$_List_val@U?$_List_simple_types@U?$pair@$$CBHH@std@@@std@@@std@@@std@@PEAV12@@std@@YAXAEBQEAV?$_List_unchecked_iterator@V?$_List_val@U?$_List_simple_types@U?$pair@$$CBHH@std@@@std@@@std@@@0@0@Z 000000018002fba0 f i priorityqueue_api.obj
 0001:0002ebb0       ??$_Adl_verify_range@PEAV?$_List_unchecked_iterator@V?$_List_val@U?$_List_simple_types@U?$pair@$$CBHV?$vector@NV?$allocator@N@std@@@std@@@std@@@std@@@std@@@std@@PEAV12@@std@@YAXAEBQEAV?$_List_unchecked_iterator@V?$_List_val@U?$_List_simple_types@U?$pair@$$CBHV?$vector@NV?$allocator@N@std@@@std@@@std@@@std@@@std@@@0@0@Z 000000018002fbb0 f i priorityqueue_api.obj
 0001:0002ebc0       ??$_Adl_verify_range@PEBNPEBN@std@@YAXAEBQEBN0@Z 000000018002fbc0 f i priorityqueue_api.obj
 0001:0002ebd0       ??$_Adl_verify_range@V?$_Vector_iterator@V?$_Vector_val@U?$_Simple_types@U?$pair@HV?$vector@NV?$allocator@N@std@@@std@@@std@@@std@@@std@@@std@@V12@@std@@YAXAEBV?$_Vector_iterator@V?$_Vector_val@U?$_Simple_types@U?$pair@HV?$vector@NV?$allocator@N@std@@@std@@@std@@@std@@@std@@@0@0@Z 000000018002fbd0 f i priorityqueue_api.obj
 0001:0002ebe0       ??$_Allocate@$0BA@U_Default_allocate_traits@std@@$0A@@std@@YAPEAX_K@Z 000000018002fbe0 f i priorityqueue_api.obj
 0001:0002ec20       ??$_Allocate_at_least_helper@V?$allocator@N@std@@@std@@YAPEANAEAV?$allocator@N@0@AEA_K@Z 000000018002fc20 f i priorityqueue_api.obj
 0001:0002ec50       ??$_Allocate_at_least_helper@V?$allocator@U?$pair@HV?$vector@NV?$allocator@N@std@@@std@@@std@@@std@@@std@@YAPEAU?$pair@HV?$vector@NV?$allocator@N@std@@@std@@@0@AEAV?$allocator@U?$pair@HV?$vector@NV?$allocator@N@std@@@std@@@std@@@0@AEA_K@Z 000000018002fc50 f i priorityqueue_api.obj
 0001:0002ec80       ??$_Allocate_at_least_helper@V?$allocator@V?$vector@NV?$allocator@N@std@@@std@@@std@@@std@@YAPEAV?$vector@NV?$allocator@N@std@@@0@AEAV?$allocator@V?$vector@NV?$allocator@N@std@@@std@@@0@AEA_K@Z 000000018002fc80 f i priorityqueue_api.obj
 0001:0002ecb0       ??$_Allocate_manually_vector_aligned@U_Default_allocate_traits@std@@@std@@YAPEAX_K@Z 000000018002fcb0 f i priorityqueue_api.obj
 0001:0002ed40       ??$_Construct_in_place@PEAU?$_List_node@U?$pair@$$CBHH@std@@PEAX@std@@AEAPEAU12@@std@@YAXAEAPEAU?$_List_node@U?$pair@$$CBHH@std@@PEAX@0@0@Z 000000018002fd40 f i priorityqueue_api.obj
 0001:0002ed90       ??$_Construct_in_place@PEAU?$_List_node@U?$pair@$$CBHH@std@@PEAX@std@@AEBQEAU12@@std@@YAXAEAPEAU?$_List_node@U?$pair@$$CBHH@std@@PEAX@0@AEBQEAU10@@Z 000000018002fd90 f i priorityqueue_api.obj
 0001:0002ede0       ??$_Construct_in_place@PEAU?$_List_node@U?$pair@$$CBHV?$vector@NV?$allocator@N@std@@@std@@@std@@PEAX@std@@AEAPEAU12@@std@@YAXAEAPEAU?$_List_node@U?$pair@$$CBHV?$vector@NV?$allocator@N@std@@@std@@@std@@PEAX@0@0@Z 000000018002fde0 f i priorityqueue_api.obj
 0001:0002ee30       ??$_Construct_in_place@PEAU?$_List_node@U?$pair@$$CBHV?$vector@NV?$allocator@N@std@@@std@@@std@@PEAX@std@@AEBQEAU12@@std@@YAXAEAPEAU?$_List_node@U?$pair@$$CBHV?$vector@NV?$allocator@N@std@@@std@@@std@@PEAX@0@AEBQEAU10@@Z 000000018002fe30 f i priorityqueue_api.obj
 0001:0002ee80       ??$_Construct_in_place@U?$pair@HV?$vector@NV?$allocator@N@std@@@std@@@std@@AEAHV?$vector@NV?$allocator@N@std@@@2@@std@@YAXAEAU?$pair@HV?$vector@NV?$allocator@N@std@@@std@@@0@AEAH$$QEAV?$vector@NV?$allocator@N@std@@@0@@Z 000000018002fe80 f i priorityqueue_api.obj
 0001:0002eef0       ??$_Construct_in_place@V?$_List_unchecked_iterator@V?$_List_val@U?$_List_simple_types@U?$pair@$$CBHH@std@@@std@@@std@@@std@@AEBV12@@std@@YAXAEAV?$_List_unchecked_iterator@V?$_List_val@U?$_List_simple_types@U?$pair@$$CBHH@std@@@std@@@std@@@0@AEBV10@@Z 000000018002fef0 f i priorityqueue_api.obj
 0001:0002ef40       ??$_Construct_in_place@V?$_List_unchecked_iterator@V?$_List_val@U?$_List_simple_types@U?$pair@$$CBHV?$vector@NV?$allocator@N@std@@@std@@@std@@@std@@@std@@@std@@AEBV12@@std@@YAXAEAV?$_List_unchecked_iterator@V?$_List_val@U?$_List_simple_types@U?$pair@$$CBHV?$vector@NV?$allocator@N@std@@@std@@@std@@@std@@@std@@@0@AEBV10@@Z 000000018002ff40 f i priorityqueue_api.obj
 0001:0002ef90       ??$_Construct_n@AEBN@?$vector@NV?$allocator@N@std@@@std@@AEAAX_KAEBN@Z 000000018002ff90 f i priorityqueue_api.obj
 0001:0002f050       ??$_Construct_n@AEBQEANAEBQEAN@?$vector@NV?$allocator@N@std@@@std@@AEAAX_KAEBQEAN1@Z 0000000180030050 f i priorityqueue_api.obj
 0001:0002f130       ??$_Construct_n@PEBNPEBN@?$vector@NV?$allocator@N@std@@@std@@AEAAX_K$$QEAPEBN1@Z 0000000180030130 f i priorityqueue_api.obj
 0001:0002f210       ??$_Convert_size@_K_K@std@@YA_K_K@Z 0000000180030210 f i priorityqueue_api.obj
 0001:0002f220       ??$_Copy_memmove@PEANPEAN@std@@YAPEANPEAN00@Z 0000000180030220 f i priorityqueue_api.obj
 0001:0002f2c0       ??$_Copy_memmove@PEBNPEAN@std@@YAPEANPEBN0PEAN@Z 00000001800302c0 f i priorityqueue_api.obj
 0001:0002f360       ??$_Deallocate@$0BA@$0A@@std@@YAXPEAX_K@Z 0000000180030360 f i priorityqueue_api.obj
 0001:0002f3a0       ??$_Destroy_in_place@PEAU?$_List_node@U?$pair@$$CBHH@std@@PEAX@std@@@std@@YAXAEAPEAU?$_List_node@U?$pair@$$CBHH@std@@PEAX@0@@Z 00000001800303a0 f i priorityqueue_api.obj
 0001:0002f3b0       ??$_Destroy_in_place@PEAU?$_List_node@U?$pair@$$CBHV?$vector@NV?$allocator@N@std@@@std@@@std@@PEAX@std@@@std@@YAXAEAPEAU?$_List_node@U?$pair@$$CBHV?$vector@NV?$allocator@N@std@@@std@@@std@@PEAX@0@@Z 00000001800303b0 f i priorityqueue_api.obj
 0001:0002f3c0       ??$_Destroy_range@PEAV?$_List_unchecked_iterator@V?$_List_val@U?$_List_simple_types@U?$pair@$$CBHH@std@@@std@@@std@@@std@@PEAV12@@std@@YAXPEAV?$_List_unchecked_iterator@V?$_List_val@U?$_List_simple_types@U?$pair@$$CBHH@std@@@std@@@std@@@0@QEAV10@@Z 00000001800303c0 f i priorityqueue_api.obj
 0001:0002f3d0       ??$_Destroy_range@PEAV?$_List_unchecked_iterator@V?$_List_val@U?$_List_simple_types@U?$pair@$$CBHV?$vector@NV?$allocator@N@std@@@std@@@std@@@std@@@std@@@std@@PEAV12@@std@@YAXPEAV?$_List_unchecked_iterator@V?$_List_val@U?$_List_simple_types@U?$pair@$$CBHV?$vector@NV?$allocator@N@std@@@std@@@std@@@std@@@std@@@0@QEAV10@@Z 00000001800303d0 f i priorityqueue_api.obj
 0001:0002f3e0       ??$_Destroy_range@V?$allocator@N@std@@@std@@YAXPEANQEANAEAV?$allocator@N@0@@Z 00000001800303e0 f i priorityqueue_api.obj
 0001:0002f3f0       ??$_Destroy_range@V?$allocator@U?$pair@HV?$vector@NV?$allocator@N@std@@@std@@@std@@@std@@@std@@YAXPEAU?$pair@HV?$vector@NV?$allocator@N@std@@@std@@@0@QEAU10@AEAV?$allocator@U?$pair@HV?$vector@NV?$allocator@N@std@@@std@@@std@@@0@@Z 00000001800303f0 f i priorityqueue_api.obj
 0001:0002f440       ??$_Destroy_range@V?$allocator@V?$vector@NV?$allocator@N@std@@@std@@@std@@@std@@YAXPEAV?$vector@NV?$allocator@N@std@@@0@QEAV10@AEAV?$allocator@V?$vector@NV?$allocator@N@std@@@std@@@0@@Z 0000000180030440 f i priorityqueue_api.obj
 0001:0002f490       ??$_Emplace_back@AEAN@?$_Uninitialized_backout_al@V?$allocator@N@std@@@std@@QEAAXAEAN@Z 0000000180030490 f i priorityqueue_api.obj
 0001:0002f4f0       ??$_Emplace_back@AEBN@?$_Uninitialized_backout_al@V?$allocator@N@std@@@std@@QEAAXAEBN@Z 00000001800304f0 f i priorityqueue_api.obj
 0001:0002f550       ??$_Emplace_back@AEBV?$_List_unchecked_iterator@V?$_List_val@U?$_List_simple_types@U?$pair@$$CBHH@std@@@std@@@std@@@std@@@?$_Uninitialized_backout@PEAV?$_List_unchecked_iterator@V?$_List_val@U?$_List_simple_types@U?$pair@$$CBHH@std@@@std@@@std@@@std@@@std@@QEAAXAEBV?$_List_unchecked_iterator@V?$_List_val@U?$_List_simple_types@U?$pair@$$CBHH@std@@@std@@@std@@@1@@Z 0000000180030550 f i priorityqueue_api.obj
 0001:0002f5a0       ??$_Emplace_back@AEBV?$_List_unchecked_iterator@V?$_List_val@U?$_List_simple_types@U?$pair@$$CBHV?$vector@NV?$allocator@N@std@@@std@@@std@@@std@@@std@@@std@@@?$_Uninitialized_backout@PEAV?$_List_unchecked_iterator@V?$_List_val@U?$_List_simple_types@U?$pair@$$CBHV?$vector@NV?$allocator@N@std@@@std@@@std@@@std@@@std@@@std@@@std@@QEAAXAEBV?$_List_unchecked_iterator@V?$_List_val@U?$_List_simple_types@U?$pair@$$CBHV?$vector@NV?$allocator@N@std@@@std@@@std@@@std@@@std@@@1@@Z 00000001800305a0 f i priorityqueue_api.obj
 0001:0002f5f0       ??$_Emplace_back@U?$pair@HV?$vector@NV?$allocator@N@std@@@std@@@std@@@?$_Uninitialized_backout_al@V?$allocator@U?$pair@HV?$vector@NV?$allocator@N@std@@@std@@@std@@@std@@@std@@QEAAX$$QEAU?$pair@HV?$vector@NV?$allocator@N@std@@@std@@@1@@Z 00000001800305f0 f i priorityqueue_api.obj
 0001:0002f650       ??$_Emplace_back@V?$vector@NV?$allocator@N@std@@@std@@@?$_Uninitialized_backout_al@V?$allocator@V?$vector@NV?$allocator@N@std@@@std@@@std@@@std@@QEAAX$$QEAV?$vector@NV?$allocator@N@std@@@1@@Z 0000000180030650 f i priorityqueue_api.obj
 0001:0002f6b0       ??$_Emplace_back_with_unused_capacity@AEAHV?$vector@NV?$allocator@N@std@@@std@@@?$vector@U?$pair@HV?$vector@NV?$allocator@N@std@@@std@@@std@@V?$allocator@U?$pair@HV?$vector@NV?$allocator@N@std@@@std@@@std@@@2@@std@@AEAAAEAU?$pair@HV?$vector@NV?$allocator@N@std@@@std@@@1@AEAH$$QEAV?$vector@NV?$allocator@N@std@@@1@@Z 00000001800306b0 f i priorityqueue_api.obj
 0001:0002f760       ??$_Emplace_back_with_unused_capacity@AEBHN@?$vector@V?$vector@NV?$allocator@N@std@@@std@@V?$allocator@V?$vector@NV?$allocator@N@std@@@std@@@2@@std@@AEAAAEAV?$vector@NV?$allocator@N@std@@@1@AEBH$$QEAN@Z 0000000180030760 f i priorityqueue_api.obj
 0001:0002f830       ??$_Emplace_back_with_unused_capacity@AEBV?$vector@NV?$allocator@N@std@@@std@@@?$vector@V?$vector@NV?$allocator@N@std@@@std@@V?$allocator@V?$vector@NV?$allocator@N@std@@@std@@@2@@std@@AEAAAEAV?$vector@NV?$allocator@N@std@@@1@AEBV21@@Z 0000000180030830 f i priorityqueue_api.obj
 0001:0002f8e0       ??$_Emplace_one_at_back@AEAHV?$vector@NV?$allocator@N@std@@@std@@@?$vector@U?$pair@HV?$vector@NV?$allocator@N@std@@@std@@@std@@V?$allocator@U?$pair@HV?$vector@NV?$allocator@N@std@@@std@@@std@@@2@@std@@AEAAAEAU?$pair@HV?$vector@NV?$allocator@N@std@@@std@@@1@AEAH$$QEAV?$vector@NV?$allocator@N@std@@@1@@Z 00000001800308e0 f i priorityqueue_api.obj
 0001:0002f990       ??$_Emplace_one_at_back@AEBHN@?$vector@V?$vector@NV?$allocator@N@std@@@std@@V?$allocator@V?$vector@NV?$allocator@N@std@@@std@@@2@@std@@AEAAAEAV?$vector@NV?$allocator@N@std@@@1@AEBH$$QEAN@Z 0000000180030990 f i priorityqueue_api.obj
 0001:0002fa40       ??$_Emplace_one_at_back@AEBV?$vector@NV?$allocator@N@std@@@std@@@?$vector@V?$vector@NV?$allocator@N@std@@@std@@V?$allocator@V?$vector@NV?$allocator@N@std@@@std@@@2@@std@@AEAAAEAV?$vector@NV?$allocator@N@std@@@1@AEBV21@@Z 0000000180030a40 f i priorityqueue_api.obj
 0001:0002fac0       ??$_Emplace_reallocate@AEAHV?$vector@NV?$allocator@N@std@@@std@@@?$vector@U?$pair@HV?$vector@NV?$allocator@N@std@@@std@@@std@@V?$allocator@U?$pair@HV?$vector@NV?$allocator@N@std@@@std@@@std@@@2@@std@@AEAAPEAU?$pair@HV?$vector@NV?$allocator@N@std@@@std@@@1@QEAU21@AEAH$$QEAV?$vector@NV?$allocator@N@std@@@1@@Z 0000000180030ac0 f i priorityqueue_api.obj
 0001:0002fd00       ??$_Emplace_reallocate@AEBHN@?$vector@V?$vector@NV?$allocator@N@std@@@std@@V?$allocator@V?$vector@NV?$allocator@N@std@@@std@@@2@@std@@AEAAPEAV?$vector@NV?$allocator@N@std@@@1@QEAV21@AEBH$$QEAN@Z 0000000180030d00 f i priorityqueue_api.obj
 0001:0002ff40       ??$_Emplace_reallocate@AEBV?$vector@NV?$allocator@N@std@@@std@@@?$vector@V?$vector@NV?$allocator@N@std@@@std@@V?$allocator@V?$vector@NV?$allocator@N@std@@@std@@@2@@std@@AEAAPEAV?$vector@NV?$allocator@N@std@@@1@QEAV21@AEBV21@@Z 0000000180030f40 f i priorityqueue_api.obj
 0001:00030160       ??$_Fill_zero_memset@PEAN@std@@YAXPEAN_K@Z 0000000180031160 f i priorityqueue_api.obj
 0001:000301a0       ??$_Find@H@?$_Hash@V?$_Umap_traits@HHV?$_Uhash_compare@HU?$hash@H@std@@U?$equal_to@H@2@@std@@V?$allocator@U?$pair@$$CBHH@std@@@2@$0A@@std@@@std@@AEBAPEAU?$_List_node@U?$pair@$$CBHH@std@@PEAX@1@AEBH_K@Z 00000001800311a0 f i priorityqueue_api.obj
 0001:00030200       ??$_Find@H@?$_Hash@V?$_Umap_traits@HV?$vector@NV?$allocator@N@std@@@std@@V?$_Uhash_compare@HU?$hash@H@std@@U?$equal_to@H@2@@2@V?$allocator@U?$pair@$$CBHV?$vector@NV?$allocator@N@std@@@std@@@std@@@2@$0A@@std@@@std@@AEBAPEAU?$_List_node@U?$pair@$$CBHV?$vector@NV?$allocator@N@std@@@std@@@std@@PEAX@1@AEBH_K@Z 0000000180031200 f i priorityqueue_api.obj
 0001:00030260       ??$_Find_last@H@?$_Hash@V?$_Umap_traits@HHV?$_Uhash_compare@HU?$hash@H@std@@U?$equal_to@H@2@@std@@V?$allocator@U?$pair@$$CBHH@std@@@2@$0A@@std@@@std@@IEBA?AU?$_Hash_find_last_result@PEAU?$_List_node@U?$pair@$$CBHH@std@@PEAX@std@@@1@AEBH_K@Z 0000000180031260 f i priorityqueue_api.obj
 0001:000303a0       ??$_Find_last@H@?$_Hash@V?$_Umap_traits@HV?$vector@NV?$allocator@N@std@@@std@@V?$_Uhash_compare@HU?$hash@H@std@@U?$equal_to@H@2@@2@V?$allocator@U?$pair@$$CBHV?$vector@NV?$allocator@N@std@@@std@@@std@@@2@$0A@@std@@@std@@IEBA?AU?$_Hash_find_last_result@PEAU?$_List_node@U?$pair@$$CBHV?$vector@NV?$allocator@N@std@@@std@@@std@@PEAX@std@@@1@AEBH_K@Z 00000001800313a0 f i priorityqueue_api.obj
 0001:000304e0       ??$_Fnv1a_append_value@H@std@@YA_K_KAEBH@Z 00000001800314e0 f i priorityqueue_api.obj
 0001:00030510       ??$_Free_non_head@V?$allocator@U?$_List_node@U?$pair@$$CBHH@std@@PEAX@std@@@std@@@?$_List_node@U?$pair@$$CBHH@std@@PEAX@std@@SAXAEAV?$allocator@U?$_List_node@U?$pair@$$CBHH@std@@PEAX@std@@@1@PEAU01@@Z 0000000180031510 f i priorityqueue_api.obj
 0001:00030580       ??$_Free_non_head@V?$allocator@U?$_List_node@U?$pair@$$CBHV?$vector@NV?$allocator@N@std@@@std@@@std@@PEAX@std@@@std@@@?$_List_node@U?$pair@$$CBHV?$vector@NV?$allocator@N@std@@@std@@@std@@PEAX@std@@SAXAEAV?$allocator@U?$_List_node@U?$pair@$$CBHV?$vector@NV?$allocator@N@std@@@std@@@std@@PEAX@std@@@1@PEAU01@@Z 0000000180031580 f i priorityqueue_api.obj
 0001:000305f0       ??$_Freenode0@V?$allocator@U?$_List_node@U?$pair@$$CBHH@std@@PEAX@std@@@std@@@?$_List_node@U?$pair@$$CBHH@std@@PEAX@std@@SAXAEAV?$allocator@U?$_List_node@U?$pair@$$CBHH@std@@PEAX@std@@@1@PEAU01@@Z 00000001800315f0 f i priorityqueue_api.obj
 0001:00030640       ??$_Freenode0@V?$allocator@U?$_List_node@U?$pair@$$CBHV?$vector@NV?$allocator@N@std@@@std@@@std@@PEAX@std@@@std@@@?$_List_node@U?$pair@$$CBHV?$vector@NV?$allocator@N@std@@@std@@@std@@PEAX@std@@SAXAEAV?$allocator@U?$_List_node@U?$pair@$$CBHV?$vector@NV?$allocator@N@std@@@std@@@std@@PEAX@std@@@1@PEAU01@@Z 0000000180031640 f i priorityqueue_api.obj
 0001:00030690       ??$_Freenode@V?$allocator@U?$_List_node@U?$pair@$$CBHH@std@@PEAX@std@@@std@@@?$_List_node@U?$pair@$$CBHH@std@@PEAX@std@@SAXAEAV?$allocator@U?$_List_node@U?$pair@$$CBHH@std@@PEAX@std@@@1@PEAU01@@Z 0000000180031690 f i priorityqueue_api.obj
 0001:000306e0       ??$_Freenode@V?$allocator@U?$_List_node@U?$pair@$$CBHV?$vector@NV?$allocator@N@std@@@std@@@std@@PEAX@std@@@std@@@?$_List_node@U?$pair@$$CBHV?$vector@NV?$allocator@N@std@@@std@@@std@@PEAX@std@@SAXAEAV?$allocator@U?$_List_node@U?$pair@$$CBHV?$vector@NV?$allocator@N@std@@@std@@@std@@PEAX@std@@@1@PEAU01@@Z 00000001800316e0 f i priorityqueue_api.obj
 0001:00030730       ??$_Get_size_of_n@$07@std@@YA_K_K@Z 0000000180031730 f i priorityqueue_api.obj
 0001:00030780       ??$_Get_size_of_n@$0BI@@std@@YA_K_K@Z 0000000180031780 f i priorityqueue_api.obj
 0001:000307c0       ??$_Get_size_of_n@$0CA@@std@@YA_K_K@Z 00000001800317c0 f i priorityqueue_api.obj
 0001:00030800       ??$_Get_size_of_n@$0DA@@std@@YA_K_K@Z 0000000180031800 f i priorityqueue_api.obj
 0001:00030840       ??$_Get_unwrapped@AEAPEBN@std@@YA?A_TAEAPEBN@Z 0000000180031840 f i priorityqueue_api.obj
 0001:00030850       ??$_Get_unwrapped@AEAV?$_Vector_iterator@V?$_Vector_val@U?$_Simple_types@U?$pair@HV?$vector@NV?$allocator@N@std@@@std@@@std@@@std@@@std@@@std@@@std@@YA?A_TAEAV?$_Vector_iterator@V?$_Vector_val@U?$_Simple_types@U?$pair@HV?$vector@NV?$allocator@N@std@@@std@@@std@@@std@@@std@@@0@@Z 0000000180031850 f i priorityqueue_api.obj
 0001:00030870       ??$_Get_unwrapped@AEBQEAU?$pair@HV?$vector@NV?$allocator@N@std@@@std@@@std@@@std@@YA?A_TAEBQEAU?$pair@HV?$vector@NV?$allocator@N@std@@@std@@@0@@Z 0000000180031870 f i priorityqueue_api.obj
 0001:00030880       ??$_Get_unwrapped@AEBQEAV?$_List_unchecked_iterator@V?$_List_val@U?$_List_simple_types@U?$pair@$$CBHH@std@@@std@@@std@@@std@@@std@@YA?A_TAEBQEAV?$_List_unchecked_iterator@V?$_List_val@U?$_List_simple_types@U?$pair@$$CBHH@std@@@std@@@std@@@0@@Z 0000000180031880 f i priorityqueue_api.obj
 0001:00030890       ??$_Get_unwrapped@AEBQEAV?$_List_unchecked_iterator@V?$_List_val@U?$_List_simple_types@U?$pair@$$CBHV?$vector@NV?$allocator@N@std@@@std@@@std@@@std@@@std@@@std@@@std@@YA?A_TAEBQEAV?$_List_unchecked_iterator@V?$_List_val@U?$_List_simple_types@U?$pair@$$CBHV?$vector@NV?$allocator@N@std@@@std@@@std@@@std@@@std@@@0@@Z 0000000180031890 f i priorityqueue_api.obj
 0001:000308a0       ??$_Get_unwrapped@AEBQEAV?$vector@NV?$allocator@N@std@@@std@@@std@@YA?A_TAEBQEAV?$vector@NV?$allocator@N@std@@@0@@Z 00000001800318a0 f i priorityqueue_api.obj
 0001:000308b0       ??$_Get_unwrapped@PEAN@std@@YA?A_T$$QEAPEAN@Z 00000001800318b0 f i priorityqueue_api.obj
 0001:000308c0       ??$_Get_unwrapped@PEBN@std@@YA?A_T$$QEAPEBN@Z 00000001800318c0 f i priorityqueue_api.obj
 0001:000308d0       ??$_Hash_representation@H@std@@YA_KAEBH@Z 00000001800318d0 f i priorityqueue_api.obj
 0001:00030900       ??$_Is_all_bits_zero@N@std@@YA_NAEBN@Z 0000000180031900 f i priorityqueue_api.obj
 0001:00030950       ??$_Kfn@$$CBHH@?$_Umap_traits@HHV?$_Uhash_compare@HU?$hash@H@std@@U?$equal_to@H@2@@std@@V?$allocator@U?$pair@$$CBHH@std@@@2@$0A@@std@@SAAEBHAEBU?$pair@$$CBHH@1@@Z 0000000180031950 f i priorityqueue_api.obj
 0001:00030960       ??$_Kfn@$$CBHV?$vector@NV?$allocator@N@std@@@std@@@?$_Umap_traits@HV?$vector@NV?$allocator@N@std@@@std@@V?$_Uhash_compare@HU?$hash@H@std@@U?$equal_to@H@2@@2@V?$allocator@U?$pair@$$CBHV?$vector@NV?$allocator@N@std@@@std@@@std@@@2@$0A@@std@@SAAEBHAEBU?$pair@$$CBHV?$vector@NV?$allocator@N@std@@@std@@@1@@Z 0000000180031960 f i priorityqueue_api.obj
 0001:00030970       ??$_Pass_fn@Ucomparator@PriorityQueueImpl@nav@@@std@@YA?A_PAEAUcomparator@PriorityQueueImpl@nav@@@Z 0000000180031970 f i priorityqueue_api.obj
 0001:000309a0       ??$_Pocma@V?$allocator@N@std@@@std@@YAXAEAV?$allocator@N@0@0@Z 00000001800319a0 f i priorityqueue_api.obj
 0001:000309c0       ??$_Pocma@V?$allocator@U?$_List_node@U?$pair@$$CBHH@std@@PEAX@std@@@std@@@std@@YAXAEAV?$allocator@U?$_List_node@U?$pair@$$CBHH@std@@PEAX@std@@@0@0@Z 00000001800319c0 f i priorityqueue_api.obj
 0001:000309e0       ??$_Pocma@V?$allocator@U?$_List_node@U?$pair@$$CBHV?$vector@NV?$allocator@N@std@@@std@@@std@@PEAX@std@@@std@@@std@@YAXAEAV?$allocator@U?$_List_node@U?$pair@$$CBHV?$vector@NV?$allocator@N@std@@@std@@@std@@PEAX@std@@@0@0@Z 00000001800319e0 f i priorityqueue_api.obj
 0001:00030a00       ??$_Pocma@V?$allocator@U?$pair@HV?$vector@NV?$allocator@N@std@@@std@@@std@@@std@@@std@@YAXAEAV?$allocator@U?$pair@HV?$vector@NV?$allocator@N@std@@@std@@@std@@@0@0@Z 0000000180031a00 f i priorityqueue_api.obj
 0001:00030a20       ??$_Pocma@V?$allocator@V?$_List_unchecked_iterator@V?$_List_val@U?$_List_simple_types@U?$pair@$$CBHH@std@@@std@@@std@@@std@@@std@@@std@@YAXAEAV?$allocator@V?$_List_unchecked_iterator@V?$_List_val@U?$_List_simple_types@U?$pair@$$CBHH@std@@@std@@@std@@@std@@@0@0@Z 0000000180031a20 f i priorityqueue_api.obj
 0001:00030a40       ??$_Pocma@V?$allocator@V?$_List_unchecked_iterator@V?$_List_val@U?$_List_simple_types@U?$pair@$$CBHV?$vector@NV?$allocator@N@std@@@std@@@std@@@std@@@std@@@std@@@std@@@std@@YAXAEAV?$allocator@V?$_List_unchecked_iterator@V?$_List_val@U?$_List_simple_types@U?$pair@$$CBHV?$vector@NV?$allocator@N@std@@@std@@@std@@@std@@@std@@@std@@@0@0@Z 0000000180031a40 f i priorityqueue_api.obj
 0001:00030a60       ??$_Pop_heap_hole_by_index@PEAU?$pair@HV?$vector@NV?$allocator@N@std@@@std@@@std@@U12@Ucomparator@PriorityQueueImpl@nav@@@std@@YAXPEAU?$pair@HV?$vector@NV?$allocator@N@std@@@std@@@0@_J1$$QEAU10@Ucomparator@PriorityQueueImpl@nav@@@Z 0000000180031a60 f i priorityqueue_api.obj
 0001:00030bf0       ??$_Pop_heap_hole_unchecked@PEAU?$pair@HV?$vector@NV?$allocator@N@std@@@std@@@std@@U12@Ucomparator@PriorityQueueImpl@nav@@@std@@YAXPEAU?$pair@HV?$vector@NV?$allocator@N@std@@@std@@@0@00$$QEAU10@Ucomparator@PriorityQueueImpl@nav@@@Z 0000000180031bf0 f i priorityqueue_api.obj
 0001:00030c60       ??$_Pop_heap_unchecked@PEAU?$pair@HV?$vector@NV?$allocator@N@std@@@std@@@std@@Ucomparator@PriorityQueueImpl@nav@@@std@@YAXPEAU?$pair@HV?$vector@NV?$allocator@N@std@@@std@@@0@0Ucomparator@PriorityQueueImpl@nav@@@Z 0000000180031c60 f i priorityqueue_api.obj
 0001:00030cf0       ??$_Push_heap_by_index@PEAU?$pair@HV?$vector@NV?$allocator@N@std@@@std@@@std@@U12@Ucomparator@PriorityQueueImpl@nav@@@std@@YAXPEAU?$pair@HV?$vector@NV?$allocator@N@std@@@std@@@0@_J1$$QEAU10@Ucomparator@PriorityQueueImpl@nav@@@Z 0000000180031cf0 f i priorityqueue_api.obj
 0001:00030dd0       ??$_To_address@PEAN@std@@YA?A_PAEBQEAN@Z 0000000180031dd0 f i priorityqueue_api.obj
 0001:00030de0       ??$_To_address@PEBN@std@@YA?A_PAEBQEBN@Z 0000000180031de0 f i priorityqueue_api.obj
 0001:00030df0       ??$_Try_emplace@AEBH$$V@?$_Hash@V?$_Umap_traits@HHV?$_Uhash_compare@HU?$hash@H@std@@U?$equal_to@H@2@@std@@V?$allocator@U?$pair@$$CBHH@std@@@2@$0A@@std@@@std@@IEAA?AU?$pair@PEAU?$_List_node@U?$pair@$$CBHH@std@@PEAX@std@@_N@1@AEBH@Z 0000000180031df0 f i priorityqueue_api.obj
 0001:00030fc0       ??$_Try_emplace@AEBH$$V@?$_Hash@V?$_Umap_traits@HV?$vector@NV?$allocator@N@std@@@std@@V?$_Uhash_compare@HU?$hash@H@std@@U?$equal_to@H@2@@2@V?$allocator@U?$pair@$$CBHV?$vector@NV?$allocator@N@std@@@std@@@std@@@2@$0A@@std@@@std@@IEAA?AU?$pair@PEAU?$_List_node@U?$pair@$$CBHV?$vector@NV?$allocator@N@std@@@std@@@std@@PEAX@std@@_N@1@AEBH@Z 0000000180031fc0 f i priorityqueue_api.obj
 0001:00031190       ??$_Tuple_get@$0A@AEBH@std@@YA$$QEA_P$$QEAV?$tuple@AEBH@0@@Z 0000000180032190 f i priorityqueue_api.obj
 0001:000311a0       ??$_Unfancy@N@std@@YAPEANPEAN@Z 00000001800321a0 f i priorityqueue_api.obj
 0001:000311b0       ??$_Unfancy@U?$pair@HV?$vector@NV?$allocator@N@std@@@std@@@std@@@std@@YAPEAU?$pair@HV?$vector@NV?$allocator@N@std@@@std@@@0@PEAU10@@Z 00000001800321b0 f i priorityqueue_api.obj
 0001:000311c0       ??$_Unfancy@V?$vector@NV?$allocator@N@std@@@std@@@std@@YAPEAV?$vector@NV?$allocator@N@std@@@0@PEAV10@@Z 00000001800321c0 f i priorityqueue_api.obj
 0001:000311d0       ??$_Uninitialized_copy@PEANPEANV?$allocator@N@std@@@std@@YAPEANPEAN00AEAV?$allocator@N@0@@Z 00000001800321d0 f i priorityqueue_api.obj
 0001:00031300       ??$_Uninitialized_copy@PEBNPEBNV?$allocator@N@std@@@std@@YAPEANPEBN0PEANAEAV?$allocator@N@0@@Z 0000000180032300 f i priorityqueue_api.obj
 0001:00031430       ??$_Uninitialized_fill_n@V?$allocator@N@std@@@std@@YAPEANPEAN_KAEBNAEAV?$allocator@N@0@@Z 0000000180032430 f i priorityqueue_api.obj
 0001:000314e0       ??$_Uninitialized_move@PEAU?$pair@HV?$vector@NV?$allocator@N@std@@@std@@@std@@V?$allocator@U?$pair@HV?$vector@NV?$allocator@N@std@@@std@@@std@@@2@@std@@YAPEAU?$pair@HV?$vector@NV?$allocator@N@std@@@std@@@0@QEAU10@0PEAU10@AEAV?$allocator@U?$pair@HV?$vector@NV?$allocator@N@std@@@std@@@std@@@0@@Z 00000001800324e0 f i priorityqueue_api.obj
 0001:00031590       ??$_Uninitialized_move@PEAV?$vector@NV?$allocator@N@std@@@std@@V?$allocator@V?$vector@NV?$allocator@N@std@@@std@@@2@@std@@YAPEAV?$vector@NV?$allocator@N@std@@@0@QEAV10@0PEAV10@AEAV?$allocator@V?$vector@NV?$allocator@N@std@@@std@@@0@@Z 0000000180032590 f i priorityqueue_api.obj
 0001:00031640       ??$addressof@$$CBV?$_List_val@U?$_List_simple_types@U?$pair@$$CBHH@std@@@std@@@std@@@std@@YAPEBV?$_List_val@U?$_List_simple_types@U?$pair@$$CBHH@std@@@std@@@0@AEBV10@@Z 0000000180032640 f i priorityqueue_api.obj
 0001:00031650       ??$addressof@$$CBV?$_List_val@U?$_List_simple_types@U?$pair@$$CBHV?$vector@NV?$allocator@N@std@@@std@@@std@@@std@@@std@@@std@@YAPEBV?$_List_val@U?$_List_simple_types@U?$pair@$$CBHV?$vector@NV?$allocator@N@std@@@std@@@std@@@std@@@0@AEBV10@@Z 0000000180032650 f i priorityqueue_api.obj
 0001:00031660       ??$addressof@PEAU?$_List_node@U?$pair@$$CBHH@std@@PEAX@std@@@std@@YAPEAPEAU?$_List_node@U?$pair@$$CBHH@std@@PEAX@0@AEAPEAU10@@Z 0000000180032660 f i priorityqueue_api.obj
 0001:00031670       ??$addressof@PEAU?$_List_node@U?$pair@$$CBHV?$vector@NV?$allocator@N@std@@@std@@@std@@PEAX@std@@@std@@YAPEAPEAU?$_List_node@U?$pair@$$CBHV?$vector@NV?$allocator@N@std@@@std@@@std@@PEAX@0@AEAPEAU10@@Z 0000000180032670 f i priorityqueue_api.obj
 0001:00031680       ??$addressof@U?$pair@$$CBHH@std@@@std@@YAPEAU?$pair@$$CBHH@0@AEAU10@@Z 0000000180032680 f i priorityqueue_api.obj
 0001:00031690       ??$addressof@U?$pair@$$CBHV?$vector@NV?$allocator@N@std@@@std@@@std@@@std@@YAPEAU?$pair@$$CBHV?$vector@NV?$allocator@N@std@@@std@@@0@AEAU10@@Z 0000000180032690 f i priorityqueue_api.obj
 0001:000316a0       ??$addressof@U?$pair@HV?$vector@NV?$allocator@N@std@@@std@@@std@@@std@@YAPEAU?$pair@HV?$vector@NV?$allocator@N@std@@@std@@@0@AEAU10@@Z 00000001800326a0 f i priorityqueue_api.obj
 0001:000316b0       ??$addressof@V?$_Hash@V?$_Umap_traits@HHV?$_Uhash_compare@HU?$hash@H@std@@U?$equal_to@H@2@@std@@V?$allocator@U?$pair@$$CBHH@std@@@2@$0A@@std@@@std@@@std@@YAPEAV?$_Hash@V?$_Umap_traits@HHV?$_Uhash_compare@HU?$hash@H@std@@U?$equal_to@H@2@@std@@V?$allocator@U?$pair@$$CBHH@std@@@2@$0A@@std@@@0@AEAV10@@Z 00000001800326b0 f i priorityqueue_api.obj
 0001:000316c0       ??$addressof@V?$_Hash@V?$_Umap_traits@HV?$vector@NV?$allocator@N@std@@@std@@V?$_Uhash_compare@HU?$hash@H@std@@U?$equal_to@H@2@@2@V?$allocator@U?$pair@$$CBHV?$vector@NV?$allocator@N@std@@@std@@@std@@@2@$0A@@std@@@std@@@std@@YAPEAV?$_Hash@V?$_Umap_traits@HV?$vector@NV?$allocator@N@std@@@std@@V?$_Uhash_compare@HU?$hash@H@std@@U?$equal_to@H@2@@2@V?$allocator@U?$pair@$$CBHV?$vector@NV?$allocator@N@std@@@std@@@std@@@2@$0A@@std@@@0@AEAV10@@Z 00000001800326c0 f i priorityqueue_api.obj
 0001:000316d0       ??$addressof@V?$_List_unchecked_iterator@V?$_List_val@U?$_List_simple_types@U?$pair@$$CBHH@std@@@std@@@std@@@std@@@std@@YAPEAV?$_List_unchecked_iterator@V?$_List_val@U?$_List_simple_types@U?$pair@$$CBHH@std@@@std@@@std@@@0@AEAV10@@Z 00000001800326d0 f i priorityqueue_api.obj
 0001:000316e0       ??$addressof@V?$_List_unchecked_iterator@V?$_List_val@U?$_List_simple_types@U?$pair@$$CBHV?$vector@NV?$allocator@N@std@@@std@@@std@@@std@@@std@@@std@@@std@@YAPEAV?$_List_unchecked_iterator@V?$_List_val@U?$_List_simple_types@U?$pair@$$CBHV?$vector@NV?$allocator@N@std@@@std@@@std@@@std@@@std@@@0@AEAV10@@Z 00000001800326e0 f i priorityqueue_api.obj
 0001:000316f0       ??$addressof@V?$_List_val@U?$_List_simple_types@U?$pair@$$CBHH@std@@@std@@@std@@@std@@YAPEAV?$_List_val@U?$_List_simple_types@U?$pair@$$CBHH@std@@@std@@@0@AEAV10@@Z 00000001800326f0 f i priorityqueue_api.obj
 0001:00031700       ??$addressof@V?$_List_val@U?$_List_simple_types@U?$pair@$$CBHV?$vector@NV?$allocator@N@std@@@std@@@std@@@std@@@std@@@std@@YAPEAV?$_List_val@U?$_List_simple_types@U?$pair@$$CBHV?$vector@NV?$allocator@N@std@@@std@@@std@@@std@@@0@AEAV10@@Z 0000000180032700 f i priorityqueue_api.obj
 0001:00031710       ??$addressof@V?$_Vector_val@U?$_Simple_types@U?$pair@HV?$vector@NV?$allocator@N@std@@@std@@@std@@@std@@@std@@@std@@YAPEAV?$_Vector_val@U?$_Simple_types@U?$pair@HV?$vector@NV?$allocator@N@std@@@std@@@std@@@std@@@0@AEAV10@@Z 0000000180032710 f i priorityqueue_api.obj
 0001:00031720       ??$addressof@V?$_Vector_val@U?$_Simple_types@V?$vector@NV?$allocator@N@std@@@std@@@std@@@std@@@std@@YAPEAV?$_Vector_val@U?$_Simple_types@V?$vector@NV?$allocator@N@std@@@std@@@std@@@0@AEAV10@@Z 0000000180032720 f i priorityqueue_api.obj
 0001:00031730       ??$addressof@V?$vector@NV?$allocator@N@std@@@std@@@std@@YAPEAV?$vector@NV?$allocator@N@std@@@0@AEAV10@@Z 0000000180032730 f i priorityqueue_api.obj
 0001:00031740       ??$addressof@V?$vector@U?$pair@HV?$vector@NV?$allocator@N@std@@@std@@@std@@V?$allocator@U?$pair@HV?$vector@NV?$allocator@N@std@@@std@@@std@@@2@@std@@@std@@YAPEAV?$vector@U?$pair@HV?$vector@NV?$allocator@N@std@@@std@@@std@@V?$allocator@U?$pair@HV?$vector@NV?$allocator@N@std@@@std@@@std@@@2@@0@AEAV10@@Z 0000000180032740 f i priorityqueue_api.obj
 0001:00031750       ??$construct@NAEAN@?$_Default_allocator_traits@V?$allocator@N@std@@@std@@SAXAEAV?$allocator@N@1@QEANAEAN@Z 0000000180032750 f i priorityqueue_api.obj
 0001:000317a0       ??$construct@NAEBN@?$_Default_allocator_traits@V?$allocator@N@std@@@std@@SAXAEAV?$allocator@N@1@QEANAEBN@Z 00000001800327a0 f i priorityqueue_api.obj
 0001:000317f0       ??$construct@U?$pair@$$CBHH@std@@AEBUpiecewise_construct_t@2@V?$tuple@AEBH@2@V?$tuple@$$V@2@@?$_Default_allocator_traits@V?$allocator@U?$_List_node@U?$pair@$$CBHH@std@@PEAX@std@@@std@@@std@@SAXAEAV?$allocator@U?$_List_node@U?$pair@$$CBHH@std@@PEAX@std@@@1@QEAU?$pair@$$CBHH@1@AEBUpiecewise_construct_t@1@$$QEAV?$tuple@AEBH@1@$$QEAV?$tuple@$$V@1@@Z 00000001800327f0 f i priorityqueue_api.obj
 0001:000318a0       ??$construct@U?$pair@$$CBHV?$vector@NV?$allocator@N@std@@@std@@@std@@AEBUpiecewise_construct_t@2@V?$tuple@AEBH@2@V?$tuple@$$V@2@@?$_Default_allocator_traits@V?$allocator@U?$_List_node@U?$pair@$$CBHV?$vector@NV?$allocator@N@std@@@std@@@std@@PEAX@std@@@std@@@std@@SAXAEAV?$allocator@U?$_List_node@U?$pair@$$CBHV?$vector@NV?$allocator@N@std@@@std@@@std@@PEAX@std@@@1@QEAU?$pair@$$CBHV?$vector@NV?$allocator@N@std@@@std@@@1@AEBUpiecewise_construct_t@1@$$QEAV?$tuple@AEBH@1@$$QEAV?$tuple@$$V@1@@Z 00000001800328a0 f i priorityqueue_api.obj
 0001:00031950       ??$construct@U?$pair@HV?$vector@NV?$allocator@N@std@@@std@@@std@@AEAHV?$vector@NV?$allocator@N@std@@@2@@?$_Default_allocator_traits@V?$allocator@U?$pair@HV?$vector@NV?$allocator@N@std@@@std@@@std@@@std@@@std@@SAXAEAV?$allocator@U?$pair@HV?$vector@NV?$allocator@N@std@@@std@@@std@@@1@QEAU?$pair@HV?$vector@NV?$allocator@N@std@@@std@@@1@AEAH$$QEAV?$vector@NV?$allocator@N@std@@@1@@Z 0000000180032950 f i priorityqueue_api.obj
 0001:000319b0       ??$construct@U?$pair@HV?$vector@NV?$allocator@N@std@@@std@@@std@@U12@@?$_Default_allocator_traits@V?$allocator@U?$pair@HV?$vector@NV?$allocator@N@std@@@std@@@std@@@std@@@std@@SAXAEAV?$allocator@U?$pair@HV?$vector@NV?$allocator@N@std@@@std@@@std@@@1@QEAU?$pair@HV?$vector@NV?$allocator@N@std@@@std@@@1@$$QEAU31@@Z 00000001800329b0 f i priorityqueue_api.obj
 0001:00031a00       ??$construct@V?$vector@NV?$allocator@N@std@@@std@@AEBHN@?$_Default_allocator_traits@V?$allocator@V?$vector@NV?$allocator@N@std@@@std@@@std@@@std@@SAXAEAV?$allocator@V?$vector@NV?$allocator@N@std@@@std@@@1@QEAV?$vector@NV?$allocator@N@std@@@1@AEBH$$QEAN@Z 0000000180032a00 f i priorityqueue_api.obj
 0001:00031a80       ??$construct@V?$vector@NV?$allocator@N@std@@@std@@AEBV12@@?$_Default_allocator_traits@V?$allocator@V?$vector@NV?$allocator@N@std@@@std@@@std@@@std@@SAXAEAV?$allocator@V?$vector@NV?$allocator@N@std@@@std@@@1@QEAV?$vector@NV?$allocator@N@std@@@1@AEBV31@@Z 0000000180032a80 f i priorityqueue_api.obj
 0001:00031ad0       ??$construct@V?$vector@NV?$allocator@N@std@@@std@@V12@@?$_Default_allocator_traits@V?$allocator@V?$vector@NV?$allocator@N@std@@@std@@@std@@@std@@SAXAEAV?$allocator@V?$vector@NV?$allocator@N@std@@@std@@@1@QEAV?$vector@NV?$allocator@N@std@@@1@$$QEAV31@@Z 0000000180032ad0 f i priorityqueue_api.obj
 0001:00031b20       ??$destroy@U?$pair@$$CBHH@std@@@?$_Default_allocator_traits@V?$allocator@U?$_List_node@U?$pair@$$CBHH@std@@PEAX@std@@@std@@@std@@SAXAEAV?$allocator@U?$_List_node@U?$pair@$$CBHH@std@@PEAX@std@@@1@QEAU?$pair@$$CBHH@1@@Z 0000000180032b20 f i priorityqueue_api.obj
 0001:00031b30       ??$destroy@U?$pair@$$CBHV?$vector@NV?$allocator@N@std@@@std@@@std@@@?$_Default_allocator_traits@V?$allocator@U?$_List_node@U?$pair@$$CBHV?$vector@NV?$allocator@N@std@@@std@@@std@@PEAX@std@@@std@@@std@@SAXAEAV?$allocator@U?$_List_node@U?$pair@$$CBHV?$vector@NV?$allocator@N@std@@@std@@@std@@PEAX@std@@@1@QEAU?$pair@$$CBHV?$vector@NV?$allocator@N@std@@@std@@@1@@Z 0000000180032b30 f i priorityqueue_api.obj
 0001:00031b50       ??$destroy@U?$pair@HV?$vector@NV?$allocator@N@std@@@std@@@std@@@?$_Default_allocator_traits@V?$allocator@U?$pair@HV?$vector@NV?$allocator@N@std@@@std@@@std@@@std@@@std@@SAXAEAV?$allocator@U?$pair@HV?$vector@NV?$allocator@N@std@@@std@@@std@@@1@QEAU?$pair@HV?$vector@NV?$allocator@N@std@@@std@@@1@@Z 0000000180032b50 f i priorityqueue_api.obj
 0001:00031b70       ??$destroy@V?$vector@NV?$allocator@N@std@@@std@@@?$_Default_allocator_traits@V?$allocator@V?$vector@NV?$allocator@N@std@@@std@@@std@@@std@@SAXAEAV?$allocator@V?$vector@NV?$allocator@N@std@@@std@@@1@QEAV?$vector@NV?$allocator@N@std@@@1@@Z 0000000180032b70 f i priorityqueue_api.obj
 0001:00031b90       ??$distance@PEBN@std@@YA_JPEBN0@Z 0000000180032b90 f i priorityqueue_api.obj
 0001:00031bb0       ??$emplace@AEAHV?$vector@NV?$allocator@N@std@@@std@@@?$priority_queue@U?$pair@HV?$vector@NV?$allocator@N@std@@@std@@@std@@V?$vector@U?$pair@HV?$vector@NV?$allocator@N@std@@@std@@@std@@V?$allocator@U?$pair@HV?$vector@NV?$allocator@N@std@@@std@@@std@@@2@@2@Ucomparator@PriorityQueueImpl@nav@@@std@@QEAAXAEAH$$QEAV?$vector@NV?$allocator@N@std@@@1@@Z 0000000180032bb0 f i priorityqueue_api.obj
 0001:00031c50       ??$emplace_back@AEAHV?$vector@NV?$allocator@N@std@@@std@@@?$vector@U?$pair@HV?$vector@NV?$allocator@N@std@@@std@@@std@@V?$allocator@U?$pair@HV?$vector@NV?$allocator@N@std@@@std@@@std@@@2@@std@@QEAA?A_TAEAH$$QEAV?$vector@NV?$allocator@N@std@@@1@@Z 0000000180032c50 f i priorityqueue_api.obj
 0001:00031ca0       ??$emplace_back@AEBHN@?$vector@V?$vector@NV?$allocator@N@std@@@std@@V?$allocator@V?$vector@NV?$allocator@N@std@@@std@@@2@@std@@QEAA?A_TAEBH$$QEAN@Z 0000000180032ca0 f i priorityqueue_api.obj
 0001:00031cf0       ??$exchange@PEAN$$T@std@@YAPEANAEAPEAN$$QEA$$T@Z 0000000180032cf0 f i priorityqueue_api.obj
 0001:00031d30       ??$exchange@PEAU?$_List_node@U?$pair@$$CBHH@std@@PEAX@std@@$$T@std@@YAPEAU?$_List_node@U?$pair@$$CBHH@std@@PEAX@0@AEAPEAU10@$$QEA$$T@Z 0000000180032d30 f i priorityqueue_api.obj
 0001:00031d70       ??$exchange@PEAU?$_List_node@U?$pair@$$CBHV?$vector@NV?$allocator@N@std@@@std@@@std@@PEAX@std@@$$T@std@@YAPEAU?$_List_node@U?$pair@$$CBHV?$vector@NV?$allocator@N@std@@@std@@@std@@PEAX@0@AEAPEAU10@$$QEA$$T@Z 0000000180032d70 f i priorityqueue_api.obj
 0001:00031db0       ??$exchange@PEAV?$vector@NV?$allocator@N@std@@@std@@$$T@std@@YAPEAV?$vector@NV?$allocator@N@std@@@0@AEAPEAV10@$$QEA$$T@Z 0000000180032db0 f i priorityqueue_api.obj
 0001:00031df0       ??$fill@PEAV?$_List_unchecked_iterator@V?$_List_val@U?$_List_simple_types@U?$pair@$$CBHH@std@@@std@@@std@@@std@@V12@@std@@YAXQEAV?$_List_unchecked_iterator@V?$_List_val@U?$_List_simple_types@U?$pair@$$CBHH@std@@@std@@@std@@@0@0AEBV10@@Z 0000000180032df0 f i priorityqueue_api.obj
 0001:00031e70       ??$fill@PEAV?$_List_unchecked_iterator@V?$_List_val@U?$_List_simple_types@U?$pair@$$CBHV?$vector@NV?$allocator@N@std@@@std@@@std@@@std@@@std@@@std@@V12@@std@@YAXQEAV?$_List_unchecked_iterator@V?$_List_val@U?$_List_simple_types@U?$pair@$$CBHV?$vector@NV?$allocator@N@std@@@std@@@std@@@std@@@std@@@0@0AEBV10@@Z 0000000180032e70 f i priorityqueue_api.obj
 0001:00031ef0       ??$find@X@?$_Hash@V?$_Umap_traits@HHV?$_Uhash_compare@HU?$hash@H@std@@U?$equal_to@H@2@@std@@V?$allocator@U?$pair@$$CBHH@std@@@2@$0A@@std@@@std@@QEAA?AV?$_List_iterator@V?$_List_val@U?$_List_simple_types@U?$pair@$$CBHH@std@@@std@@@std@@@1@AEBH@Z 0000000180032ef0 f i priorityqueue_api.obj
 0001:00031f50       ??$find@X@?$_Hash@V?$_Umap_traits@HV?$vector@NV?$allocator@N@std@@@std@@V?$_Uhash_compare@HU?$hash@H@std@@U?$equal_to@H@2@@2@V?$allocator@U?$pair@$$CBHV?$vector@NV?$allocator@N@std@@@std@@@std@@@2@$0A@@std@@@std@@QEAA?AV?$_List_iterator@V?$_List_val@U?$_List_simple_types@U?$pair@$$CBHV?$vector@NV?$allocator@N@std@@@std@@@std@@@std@@@std@@@1@AEBH@Z 0000000180032f50 f i priorityqueue_api.obj
 0001:00031fb0       ??$forward@AEAH@std@@YAAEAHAEAH@Z 0000000180032fb0 f i priorityqueue_api.obj
 0001:00031fc0       ??$forward@AEAN@std@@YAAEANAEAN@Z 0000000180032fc0 f i priorityqueue_api.obj
 0001:00031fd0       ??$forward@AEAPEAU?$_List_node@U?$pair@$$CBHH@std@@PEAX@std@@@std@@YAAEAPEAU?$_List_node@U?$pair@$$CBHH@std@@PEAX@0@AEAPEAU10@@Z 0000000180032fd0 f i priorityqueue_api.obj
 0001:00031fe0       ??$forward@AEAPEAU?$_List_node@U?$pair@$$CBHV?$vector@NV?$allocator@N@std@@@std@@@std@@PEAX@std@@@std@@YAAEAPEAU?$_List_node@U?$pair@$$CBHV?$vector@NV?$allocator@N@std@@@std@@@std@@PEAX@0@AEAPEAU10@@Z 0000000180032fe0 f i priorityqueue_api.obj
 0001:00031ff0       ??$forward@AEBH@std@@YAAEBHAEBH@Z 0000000180032ff0 f i priorityqueue_api.obj
 0001:00032000       ??$forward@AEBN@std@@YAAEBNAEBN@Z 0000000180033000 f i priorityqueue_api.obj
 0001:00032010       ??$forward@AEBQEAN@std@@YAAEBQEANAEBQEAN@Z 0000000180033010 f i priorityqueue_api.obj
 0001:00032020       ??$forward@AEBQEAU?$_List_node@U?$pair@$$CBHH@std@@PEAX@std@@@std@@YAAEBQEAU?$_List_node@U?$pair@$$CBHH@std@@PEAX@0@AEBQEAU10@@Z 0000000180033020 f i priorityqueue_api.obj
 0001:00032030       ??$forward@AEBQEAU?$_List_node@U?$pair@$$CBHV?$vector@NV?$allocator@N@std@@@std@@@std@@PEAX@std@@@std@@YAAEBQEAU?$_List_node@U?$pair@$$CBHV?$vector@NV?$allocator@N@std@@@std@@@std@@PEAX@0@AEBQEAU10@@Z 0000000180033030 f i priorityqueue_api.obj
 0001:00032040       ??$forward@AEBUpiecewise_construct_t@std@@@std@@YAAEBUpiecewise_construct_t@0@AEBU10@@Z 0000000180033040 f i priorityqueue_api.obj
 0001:00032050       ??$forward@AEBV?$_List_unchecked_iterator@V?$_List_val@U?$_List_simple_types@U?$pair@$$CBHH@std@@@std@@@std@@@std@@@std@@YAAEBV?$_List_unchecked_iterator@V?$_List_val@U?$_List_simple_types@U?$pair@$$CBHH@std@@@std@@@std@@@0@AEBV10@@Z 0000000180033050 f i priorityqueue_api.obj
 0001:00032060       ??$forward@AEBV?$_List_unchecked_iterator@V?$_List_val@U?$_List_simple_types@U?$pair@$$CBHV?$vector@NV?$allocator@N@std@@@std@@@std@@@std@@@std@@@std@@@std@@YAAEBV?$_List_unchecked_iterator@V?$_List_val@U?$_List_simple_types@U?$pair@$$CBHV?$vector@NV?$allocator@N@std@@@std@@@std@@@std@@@std@@@0@AEBV10@@Z 0000000180033060 f i priorityqueue_api.obj
 0001:00032070       ??$forward@AEBV?$allocator@N@std@@@std@@YAAEBV?$allocator@N@0@AEBV10@@Z 0000000180033070 f i priorityqueue_api.obj
 0001:00032080       ??$forward@AEBV?$allocator@U?$pair@$$CBHH@std@@@std@@@std@@YAAEBV?$allocator@U?$pair@$$CBHH@std@@@0@AEBV10@@Z 0000000180033080 f i priorityqueue_api.obj
 0001:00032090       ??$forward@AEBV?$allocator@U?$pair@$$CBHV?$vector@NV?$allocator@N@std@@@std@@@std@@@std@@@std@@YAAEBV?$allocator@U?$pair@$$CBHV?$vector@NV?$allocator@N@std@@@std@@@std@@@0@AEBV10@@Z 0000000180033090 f i priorityqueue_api.obj
 0001:000320a0       ??$forward@AEBV?$vector@NV?$allocator@N@std@@@std@@@std@@YAAEBV?$vector@NV?$allocator@N@std@@@0@AEBV10@@Z 00000001800330a0 f i priorityqueue_api.obj
 0001:000320b0       ??$forward@H@std@@YA$$QEAHAEAH@Z 00000001800330b0 f i priorityqueue_api.obj
 0001:000320c0       ??$forward@M@std@@YA$$QEAMAEAM@Z 00000001800330c0 f i priorityqueue_api.obj
 0001:000320d0       ??$forward@N@std@@YA$$QEANAEAN@Z 00000001800330d0 f i priorityqueue_api.obj
 0001:000320e0       ??$forward@PEAN@std@@YA$$QEAPEANAEAPEAN@Z 00000001800330e0 f i priorityqueue_api.obj
 0001:000320f0       ??$forward@PEAU?$_List_node@U?$pair@$$CBHH@std@@PEAX@std@@@std@@YA$$QEAPEAU?$_List_node@U?$pair@$$CBHH@std@@PEAX@0@AEAPEAU10@@Z 00000001800330f0 f i priorityqueue_api.obj
 0001:00032100       ??$forward@PEAU?$_List_node@U?$pair@$$CBHV?$vector@NV?$allocator@N@std@@@std@@@std@@PEAX@std@@@std@@YA$$QEAPEAU?$_List_node@U?$pair@$$CBHV?$vector@NV?$allocator@N@std@@@std@@@std@@PEAX@0@AEAPEAU10@@Z 0000000180033100 f i priorityqueue_api.obj
 0001:00032110       ??$forward@PEAV?$vector@NV?$allocator@N@std@@@std@@@std@@YA$$QEAPEAV?$vector@NV?$allocator@N@std@@@0@AEAPEAV10@@Z 0000000180033110 f i priorityqueue_api.obj
 0001:00032120       ??$forward@PEBN@std@@YA$$QEAPEBNAEAPEBN@Z 0000000180033120 f i priorityqueue_api.obj
 0001:00032130       ??$forward@U?$pair@HV?$vector@NV?$allocator@N@std@@@std@@@std@@@std@@YA$$QEAU?$pair@HV?$vector@NV?$allocator@N@std@@@std@@@0@AEAU10@@Z 0000000180033130 f i priorityqueue_api.obj
 0001:00032140       ??$forward@U_Zero_then_variadic_args_t@std@@@std@@YA$$QEAU_Zero_then_variadic_args_t@0@AEAU10@@Z 0000000180033140 f i priorityqueue_api.obj
 0001:00032150       ??$forward@V?$allocator@N@std@@@std@@YA$$QEAV?$allocator@N@0@AEAV10@@Z 0000000180033150 f i priorityqueue_api.obj
 0001:00032160       ??$forward@V?$allocator@V?$vector@NV?$allocator@N@std@@@std@@@std@@@std@@YA$$QEAV?$allocator@V?$vector@NV?$allocator@N@std@@@std@@@0@AEAV10@@Z 0000000180033160 f i priorityqueue_api.obj
 0001:00032170       ??$forward@V?$tuple@$$V@std@@@std@@YA$$QEAV?$tuple@$$V@0@AEAV10@@Z 0000000180033170 f i priorityqueue_api.obj
 0001:00032180       ??$forward@V?$tuple@AEBH@std@@@std@@YA$$QEAV?$tuple@AEBH@0@AEAV10@@Z 0000000180033180 f i priorityqueue_api.obj
 0001:00032190       ??$forward@V?$vector@NV?$allocator@N@std@@@std@@@std@@YA$$QEAV?$vector@NV?$allocator@N@std@@@0@AEAV10@@Z 0000000180033190 f i priorityqueue_api.obj
 0001:000321a0       ??$forward@_N@std@@YA$$QEA_NAEA_N@Z 00000001800331a0 f i priorityqueue_api.obj
 0001:000321b0       ??$forward_as_tuple@$$V@std@@YA?AV?$tuple@$$V@0@XZ 00000001800331b0 f i priorityqueue_api.obj
 0001:000321c0       ??$forward_as_tuple@AEBH@std@@YA?AV?$tuple@AEBH@0@AEBH@Z 00000001800331c0 f i priorityqueue_api.obj
 0001:000321f0       ??$make_pair@HV?$vector@NV?$allocator@N@std@@@std@@@std@@YA?AU?$pair@HV?$vector@NV?$allocator@N@std@@@std@@@0@$$QEAH$$QEAV?$vector@NV?$allocator@N@std@@@0@@Z 00000001800331f0 f i priorityqueue_api.obj
 0001:00032240       ??$max@_K@std@@YAAEB_KAEB_K0@Z 0000000180033240 f i priorityqueue_api.obj
 0001:00032290       ??$min@_K@std@@YAAEB_KAEB_K0@Z 0000000180033290 f i priorityqueue_api.obj
 0001:000322e0       ??$move@AEAPEAN@std@@YA$$QEAPEANAEAPEAN@Z 00000001800332e0 f i priorityqueue_api.obj
 0001:000322f0       ??$move@AEAPEAU?$_List_node@U?$pair@$$CBHH@std@@PEAX@std@@@std@@YA$$QEAPEAU?$_List_node@U?$pair@$$CBHH@std@@PEAX@0@AEAPEAU10@@Z 00000001800332f0 f i priorityqueue_api.obj
 0001:00032300       ??$move@AEAPEAU?$_List_node@U?$pair@$$CBHV?$vector@NV?$allocator@N@std@@@std@@@std@@PEAX@std@@@std@@YA$$QEAPEAU?$_List_node@U?$pair@$$CBHV?$vector@NV?$allocator@N@std@@@std@@@std@@PEAX@0@AEAPEAU10@@Z 0000000180033300 f i priorityqueue_api.obj
 0001:00032310       ??$move@AEAPEAV?$_List_unchecked_iterator@V?$_List_val@U?$_List_simple_types@U?$pair@$$CBHH@std@@@std@@@std@@@std@@@std@@YA$$QEAPEAV?$_List_unchecked_iterator@V?$_List_val@U?$_List_simple_types@U?$pair@$$CBHH@std@@@std@@@std@@@0@AEAPEAV10@@Z 0000000180033310 f i priorityqueue_api.obj
 0001:00032320       ??$move@AEAPEAV?$_List_unchecked_iterator@V?$_List_val@U?$_List_simple_types@U?$pair@$$CBHV?$vector@NV?$allocator@N@std@@@std@@@std@@@std@@@std@@@std@@@std@@YA$$QEAPEAV?$_List_unchecked_iterator@V?$_List_val@U?$_List_simple_types@U?$pair@$$CBHV?$vector@NV?$allocator@N@std@@@std@@@std@@@std@@@std@@@0@AEAPEAV10@@Z 0000000180033320 f i priorityqueue_api.obj
 0001:00032330       ??$move@AEAPEBN@std@@YA$$QEAPEBNAEAPEBN@Z 0000000180033330 f i priorityqueue_api.obj
 0001:00032340       ??$move@AEAU?$pair@HV?$vector@NV?$allocator@N@std@@@std@@@std@@@std@@YA$$QEAU?$pair@HV?$vector@NV?$allocator@N@std@@@std@@@0@AEAU10@@Z 0000000180033340 f i priorityqueue_api.obj
 0001:00032350       ??$move@AEAV?$allocator@N@std@@@std@@YA$$QEAV?$allocator@N@0@AEAV10@@Z 0000000180033350 f i priorityqueue_api.obj
 0001:00032360       ??$move@AEAV?$allocator@U?$_List_node@U?$pair@$$CBHH@std@@PEAX@std@@@std@@@std@@YA$$QEAV?$allocator@U?$_List_node@U?$pair@$$CBHH@std@@PEAX@std@@@0@AEAV10@@Z 0000000180033360 f i priorityqueue_api.obj
 0001:00032370       ??$move@AEAV?$allocator@U?$_List_node@U?$pair@$$CBHV?$vector@NV?$allocator@N@std@@@std@@@std@@PEAX@std@@@std@@@std@@YA$$QEAV?$allocator@U?$_List_node@U?$pair@$$CBHV?$vector@NV?$allocator@N@std@@@std@@@std@@PEAX@std@@@0@AEAV10@@Z 0000000180033370 f i priorityqueue_api.obj
 0001:00032380       ??$move@AEAV?$allocator@U?$pair@HV?$vector@NV?$allocator@N@std@@@std@@@std@@@std@@@std@@YA$$QEAV?$allocator@U?$pair@HV?$vector@NV?$allocator@N@std@@@std@@@std@@@0@AEAV10@@Z 0000000180033380 f i priorityqueue_api.obj
 0001:00032390       ??$move@AEAV?$allocator@V?$_List_unchecked_iterator@V?$_List_val@U?$_List_simple_types@U?$pair@$$CBHH@std@@@std@@@std@@@std@@@std@@@std@@YA$$QEAV?$allocator@V?$_List_unchecked_iterator@V?$_List_val@U?$_List_simple_types@U?$pair@$$CBHH@std@@@std@@@std@@@std@@@0@AEAV10@@Z 0000000180033390 f i priorityqueue_api.obj
 0001:000323a0       ??$move@AEAV?$allocator@V?$_List_unchecked_iterator@V?$_List_val@U?$_List_simple_types@U?$pair@$$CBHV?$vector@NV?$allocator@N@std@@@std@@@std@@@std@@@std@@@std@@@std@@@std@@YA$$QEAV?$allocator@V?$_List_unchecked_iterator@V?$_List_val@U?$_List_simple_types@U?$pair@$$CBHV?$vector@NV?$allocator@N@std@@@std@@@std@@@std@@@std@@@std@@@0@AEAV10@@Z 00000001800333a0 f i priorityqueue_api.obj
 0001:000323b0       ??$move@AEAV?$allocator@V?$vector@NV?$allocator@N@std@@@std@@@std@@@std@@YA$$QEAV?$allocator@V?$vector@NV?$allocator@N@std@@@std@@@0@AEAV10@@Z 00000001800333b0 f i priorityqueue_api.obj
 0001:000323c0       ??$move@AEAV?$tuple@AEBH@std@@@std@@YA$$QEAV?$tuple@AEBH@0@AEAV10@@Z 00000001800333c0 f i priorityqueue_api.obj
 0001:000323d0       ??$move@AEAV?$unordered_map@HHU?$hash@H@std@@U?$equal_to@H@2@V?$allocator@U?$pair@$$CBHH@std@@@2@@std@@@std@@YA$$QEAV?$unordered_map@HHU?$hash@H@std@@U?$equal_to@H@2@V?$allocator@U?$pair@$$CBHH@std@@@2@@0@AEAV10@@Z 00000001800333d0 f i priorityqueue_api.obj
 0001:000323e0       ??$move@AEAV?$unordered_map@HV?$vector@NV?$allocator@N@std@@@std@@U?$hash@H@2@U?$equal_to@H@2@V?$allocator@U?$pair@$$CBHV?$vector@NV?$allocator@N@std@@@std@@@std@@@2@@std@@@std@@YA$$QEAV?$unordered_map@HV?$vector@NV?$allocator@N@std@@@std@@U?$hash@H@2@U?$equal_to@H@2@V?$allocator@U?$pair@$$CBHV?$vector@NV?$allocator@N@std@@@std@@@std@@@2@@0@AEAV10@@Z 00000001800333e0 f i priorityqueue_api.obj
 0001:000323f0       ??$move@AEAV?$vector@NV?$allocator@N@std@@@std@@@std@@YA$$QEAV?$vector@NV?$allocator@N@std@@@0@AEAV10@@Z 00000001800333f0 f i priorityqueue_api.obj
 0001:00032400       ??$move@AEA_K@std@@YA$$QEA_KAEA_K@Z 0000000180033400 f i priorityqueue_api.obj
 0001:00032410       ??$pop_heap@V?$_Vector_iterator@V?$_Vector_val@U?$_Simple_types@U?$pair@HV?$vector@NV?$allocator@N@std@@@std@@@std@@@std@@@std@@@std@@Ucomparator@PriorityQueueImpl@nav@@@std@@YAXV?$_Vector_iterator@V?$_Vector_val@U?$_Simple_types@U?$pair@HV?$vector@NV?$allocator@N@std@@@std@@@std@@@std@@@std@@@0@0Ucomparator@PriorityQueueImpl@nav@@@Z 0000000180033410 f i priorityqueue_api.obj
[...]
 0003:00014960       $SG22940                   0000000180056960     sl_groundvehicleDynamics_sfun_registry.obj
 0003:000149f0       $SG22944                   00000001800569f0     sl_groundvehicleDynamics_sfun_registry.obj
 0003:00014a10       $SG22945                   0000000180056a10     sl_groundvehicleDynamics_sfun_registry.obj
 0003:00014aa0       $SG22949                   0000000180056aa0     sl_groundvehicleDynamics_sfun_registry.obj
 0003:00014ac0       $SG22950                   0000000180056ac0     sl_groundvehicleDynamics_sfun_registry.obj
 0003:00014b50       $SG22954                   0000000180056b50     sl_groundvehicleDynamics_sfun_registry.obj
 0003:00014b70       $SG22955                   0000000180056b70     sl_groundvehicleDynamics_sfun_registry.obj
 0003:00014c00       $SG22959                   0000000180056c00     sl_groundvehicleDynamics_sfun_registry.obj
 0003:00014c20       $SG22960                   0000000180056c20     sl_groundvehicleDynamics_sfun_registry.obj
 0003:00014cb0       $SG22964                   0000000180056cb0     sl_groundvehicleDynamics_sfun_registry.obj
 0003:00014cd0       $SG22965                   0000000180056cd0     sl_groundvehicleDynamics_sfun_registry.obj
 0003:00014d60       $SG22969                   0000000180056d60     sl_groundvehicleDynamics_sfun_registry.obj
 0003:00014d80       $SG22970                   0000000180056d80     sl_groundvehicleDynamics_sfun_registry.obj
 0003:00014e10       $SG22974                   0000000180056e10     sl_groundvehicleDynamics_sfun_registry.obj
 0003:00014e30       $SG22975                   0000000180056e30     sl_groundvehicleDynamics_sfun_registry.obj
 0003:00014ec0       $SG22979                   0000000180056ec0     sl_groundvehicleDynamics_sfun_registry.obj
 0003:00014ee0       $SG22980                   0000000180056ee0     sl_groundvehicleDynamics_sfun_registry.obj
 0003:00014f70       $SG22984                   0000000180056f70     sl_groundvehicleDynamics_sfun_registry.obj
 0003:00014f90       $SG22985                   0000000180056f90     sl_groundvehicleDynamics_sfun_registry.obj
 0003:00015020       $SG22990                   0000000180057020     sl_groundvehicleDynamics_sfun_registry.obj
 0003:00015040       $SG22991                   0000000180057040     sl_groundvehicleDynamics_sfun_registry.obj
 0003:000150d0       $SG22996                   00000001800570d0     sl_groundvehicleDynamics_sfun_registry.obj
 0003:000150e0       $SG22997                   00000001800570e0     sl_groundvehicleDynamics_sfun_registry.obj
 0003:00015170       $SG23001                   0000000180057170     sl_groundvehicleDynamics_sfun_registry.obj
 0003:00015190       $SG23002                   0000000180057190     sl_groundvehicleDynamics_sfun_registry.obj
 0003:00015220       $SG23006                   0000000180057220     sl_groundvehicleDynamics_sfun_registry.obj
 0003:00015230       $SG23007                   0000000180057230     sl_groundvehicleDynamics_sfun_registry.obj
 0003:000152c0       $SG23011                   00000001800572c0     sl_groundvehicleDynamics_sfun_registry.obj
 0003:000152e0       $SG23012                   00000001800572e0     sl_groundvehicleDynamics_sfun_registry.obj
 0003:00015370       $SG23016                   0000000180057370     sl_groundvehicleDynamics_sfun_registry.obj
 0003:00015390       $SG23017                   0000000180057390     sl_groundvehicleDynamics_sfun_registry.obj
 0003:00015420       $SG23021                   0000000180057420     sl_groundvehicleDynamics_sfun_registry.obj
 0003:00015430       $SG23022                   0000000180057430     sl_groundvehicleDynamics_sfun_registry.obj
 0003:000154c0       $SG23026                   00000001800574c0     sl_groundvehicleDynamics_sfun_registry.obj
 0003:000154d0       $SG23027                   00000001800574d0     sl_groundvehicleDynamics_sfun_registry.obj
 0003:00015560       $SG23031                   0000000180057560     sl_groundvehicleDynamics_sfun_registry.obj
 0003:00015580       $SG23032                   0000000180057580     sl_groundvehicleDynamics_sfun_registry.obj
 0003:00015610       $SG23036                   0000000180057610     sl_groundvehicleDynamics_sfun_registry.obj
 0003:00015630       $SG23037                   0000000180057630     sl_groundvehicleDynamics_sfun_registry.obj
 0003:000156c0       $SG23041                   00000001800576c0     sl_groundvehicleDynamics_sfun_registry.obj
 0003:000156d0       $SG23042                   00000001800576d0     sl_groundvehicleDynamics_sfun_registry.obj
 0003:00015760       $SG23050                   0000000180057760     sl_groundvehicleDynamics_sfun_registry.obj
 0003:00015770       $SG23051                   0000000180057770     sl_groundvehicleDynamics_sfun_registry.obj
 0003:00015800       $SG23057                   0000000180057800     sl_groundvehicleDynamics_sfun_registry.obj
 0003:00015810       $SG23058                   0000000180057810     sl_groundvehicleDynamics_sfun_registry.obj
 0003:000158a0       $SG23062                   00000001800578a0     sl_groundvehicleDynamics_sfun_registry.obj
 0003:000158b0       $SG23063                   00000001800578b0     sl_groundvehicleDynamics_sfun_registry.obj
 0003:00015940       $SG23068                   0000000180057940     sl_groundvehicleDynamics_sfun_registry.obj
 0003:00015950       $SG23069                   0000000180057950     sl_groundvehicleDynamics_sfun_registry.obj
 0003:000159e0       $SG23073                   00000001800579e0     sl_groundvehicleDynamics_sfun_registry.obj
 0003:00015a60       $SG23096                   0000000180057a60     sl_groundvehicleDynamics_sfun_registry.obj
 0003:00015b78       $SG23104                   0000000180057b78     sl_groundvehicleDynamics_sfun_registry.obj
 0003:00015b88       $SG23111                   0000000180057b88     sl_groundvehicleDynamics_sfun_registry.obj
 0003:00015b98       $SG23119                   0000000180057b98     sl_groundvehicleDynamics_sfun_registry.obj
 0003:00015ba8       $SG23126                   0000000180057ba8     sl_groundvehicleDynamics_sfun_registry.obj
 0003:00015bb8       $SG23134                   0000000180057bb8     sl_groundvehicleDynamics_sfun_registry.obj
 0003:00015bc8       $SG23141                   0000000180057bc8     sl_groundvehicleDynamics_sfun_registry.obj
 0003:00015bd8       $SG23147                   0000000180057bd8     sl_groundvehicleDynamics_sfun_registry.obj
 0003:00015bf8       $SG23157                   0000000180057bf8     sl_groundvehicleDynamics_sfun_registry.obj
 0003:00015c28       $SG23158                   0000000180057c28     sl_groundvehicleDynamics_sfun_registry.obj
 0003:00015c30       $SG23159                   0000000180057c30     sl_groundvehicleDynamics_sfun_registry.obj
 0003:00015c38       $SG23169                   0000000180057c38     sl_groundvehicleDynamics_sfun_registry.obj
 0003:00015c70       $SG23170                   0000000180057c70     sl_groundvehicleDynamics_sfun_registry.obj
 0003:00015c78       $SG23171                   0000000180057c78     sl_groundvehicleDynamics_sfun_registry.obj
 0003:00015da0       sRtwOptimizationInfoStruct 0000000180057da0     sl_groundvehicleDynamics_sfun.obj
 0003:00015da8       sOptimizationInfoFlags     0000000180057da8     sl_groundvehicleDynamics_sfun.obj
 0003:00015db0       $SG22261                   0000000180057db0     c5_sl_groundvehicleDynamics.obj
 0003:00015db1       $SG22265                   0000000180057db1     c5_sl_groundvehicleDynamics.obj
 0003:00015db2       $SG22269                   0000000180057db2     c5_sl_groundvehicleDynamics.obj
 0003:00015db3       $SG22276                   0000000180057db3     c5_sl_groundvehicleDynamics.obj
 0003:00015db4       $SG22283                   0000000180057db4     c5_sl_groundvehicleDynamics.obj
 0003:00015db5       $SG22290                   0000000180057db5     c5_sl_groundvehicleDynamics.obj
 0003:00015db6       $SG22297                   0000000180057db6     c5_sl_groundvehicleDynamics.obj
 0003:00015db7       $SG22304                   0000000180057db7     c5_sl_groundvehicleDynamics.obj
 0003:00015db8       $SG22308                   0000000180057db8     c5_sl_groundvehicleDynamics.obj
 0003:00015db9       $SG22312                   0000000180057db9     c5_sl_groundvehicleDynamics.obj
 0003:00015dba       $SG22316                   0000000180057dba     c5_sl_groundvehicleDynamics.obj
 0003:00015dbb       $SG22323                   0000000180057dbb     c5_sl_groundvehicleDynamics.obj
 0003:00015dbc       $SG22330                   0000000180057dbc     c5_sl_groundvehicleDynamics.obj
 0003:00015dbd       $SG22334                   0000000180057dbd     c5_sl_groundvehicleDynamics.obj
 0003:00015dbe       $SG22338                   0000000180057dbe     c5_sl_groundvehicleDynamics.obj
 0003:00015dbf       $SG22342                   0000000180057dbf     c5_sl_groundvehicleDynamics.obj
 0003:00015dc0       $SG22346                   0000000180057dc0     c5_sl_groundvehicleDynamics.obj
 0003:00015dc1       $SG22350                   0000000180057dc1     c5_sl_groundvehicleDynamics.obj
 0003:00015dc2       $SG22354                   0000000180057dc2     c5_sl_groundvehicleDynamics.obj
 0003:00015dc3       $SG22358                   0000000180057dc3     c5_sl_groundvehicleDynamics.obj
 0003:00015dc4       $SG22362                   0000000180057dc4     c5_sl_groundvehicleDynamics.obj
 0003:00015dc5       $SG22366                   0000000180057dc5     c5_sl_groundvehicleDynamics.obj
 0003:00015dc6       $SG22370                   0000000180057dc6     c5_sl_groundvehicleDynamics.obj
 0003:00015dc7       $SG22374                   0000000180057dc7     c5_sl_groundvehicleDynamics.obj
 0003:00015dc8       $SG22378                   0000000180057dc8     c5_sl_groundvehicleDynamics.obj
 0003:00015dc9       $SG22382                   0000000180057dc9     c5_sl_groundvehicleDynamics.obj
 0003:00015dca       $SG22386                   0000000180057dca     c5_sl_groundvehicleDynamics.obj
 0003:00015dcb       $SG22390                   0000000180057dcb     c5_sl_groundvehicleDynamics.obj
 0003:00015dcc       $SG22394                   0000000180057dcc     c5_sl_groundvehicleDynamics.obj
 0003:00015dcd       $SG22401                   0000000180057dcd     c5_sl_groundvehicleDynamics.obj
 0003:00015dce       $SG22411                   0000000180057dce     c5_sl_groundvehicleDynamics.obj
 0003:00015dcf       $SG22421                   0000000180057dcf     c5_sl_groundvehicleDynamics.obj
 0003:00015dd0       $SG22428                   0000000180057dd0     c5_sl_groundvehicleDynamics.obj
 0003:00015dd1       $SG22432                   0000000180057dd1     c5_sl_groundvehicleDynamics.obj
 0003:00015dd2       $SG22439                   0000000180057dd2     c5_sl_groundvehicleDynamics.obj
 0003:00015dd3       $SG22446                   0000000180057dd3     c5_sl_groundvehicleDynamics.obj
 0003:00015dd4       $SG22453                   0000000180057dd4     c5_sl_groundvehicleDynamics.obj
 0003:00015dd5       $SG22460                   0000000180057dd5     c5_sl_groundvehicleDynamics.obj
 0003:00015dd6       $SG22467                   0000000180057dd6     c5_sl_groundvehicleDynamics.obj
 0003:00015dd7       $SG22471                   0000000180057dd7     c5_sl_groundvehicleDynamics.obj
 0003:00015dd8       $SG22478                   0000000180057dd8     c5_sl_groundvehicleDynamics.obj
 0003:00015dd9       $SG22482                   0000000180057dd9     c5_sl_groundvehicleDynamics.obj
 0003:00015dda       $SG22489                   0000000180057dda     c5_sl_groundvehicleDynamics.obj
 0003:00015ddb       $SG22493                   0000000180057ddb     c5_sl_groundvehicleDynamics.obj
 0003:00015ddc       $SG22500                   0000000180057ddc     c5_sl_groundvehicleDynamics.obj
 0003:00015ddd       $SG22504                   0000000180057ddd     c5_sl_groundvehicleDynamics.obj
 0003:00015dde       $SG22511                   0000000180057dde     c5_sl_groundvehicleDynamics.obj
 0003:00015ddf       $SG22518                   0000000180057ddf     c5_sl_groundvehicleDynamics.obj
 0003:00015de0       $SG22525                   0000000180057de0     c5_sl_groundvehicleDynamics.obj
 0003:00015de1       $SG22538                   0000000180057de1     c5_sl_groundvehicleDynamics.obj
 0003:00015de2       $SG22545                   0000000180057de2     c5_sl_groundvehicleDynamics.obj
 0003:00015de3       $SG22552                   0000000180057de3     c5_sl_groundvehicleDynamics.obj
 0003:00015de4       $SG22559                   0000000180057de4     c5_sl_groundvehicleDynamics.obj
 0003:00015de5       $SG22566                   0000000180057de5     c5_sl_groundvehicleDynamics.obj
 0003:00015de6       $SG22573                   0000000180057de6     c5_sl_groundvehicleDynamics.obj
 0003:00015de7       $SG22580                   0000000180057de7     c5_sl_groundvehicleDynamics.obj
 0003:00015de8       $SG22587                   0000000180057de8     c5_sl_groundvehicleDynamics.obj
 0003:00015de9       $SG22594                   0000000180057de9     c5_sl_groundvehicleDynamics.obj
 0003:00015dea       $SG22601                   0000000180057dea     c5_sl_groundvehicleDynamics.obj
 0003:00015deb       $SG22608                   0000000180057deb     c5_sl_groundvehicleDynamics.obj
 0003:00015dec       $SG22612                   0000000180057dec     c5_sl_groundvehicleDynamics.obj
 0003:00015ded       $SG22616                   0000000180057ded     c5_sl_groundvehicleDynamics.obj
 0003:00015dee       $SG22620                   0000000180057dee     c5_sl_groundvehicleDynamics.obj
 0003:00015def       $SG22624                   0000000180057def     c5_sl_groundvehicleDynamics.obj
 0003:00015df0       $SG22631                   0000000180057df0     c5_sl_groundvehicleDynamics.obj
 0003:00015df1       $SG22635                   0000000180057df1     c5_sl_groundvehicleDynamics.obj
 0003:00015df2       $SG22639                   0000000180057df2     c5_sl_groundvehicleDynamics.obj
 0003:00015df3       $SG22643                   0000000180057df3     c5_sl_groundvehicleDynamics.obj
 0003:00015df4       $SG22647                   0000000180057df4     c5_sl_groundvehicleDynamics.obj
 0003:00015df5       $SG22651                   0000000180057df5     c5_sl_groundvehicleDynamics.obj
 0003:00015df6       $SG22655                   0000000180057df6     c5_sl_groundvehicleDynamics.obj
 0003:00015df7       $SG22659                   0000000180057df7     c5_sl_groundvehicleDynamics.obj
 0003:00015df8       $SG22663                   0000000180057df8     c5_sl_groundvehicleDynamics.obj
 0003:00015df9       $SG22667                   0000000180057df9     c5_sl_groundvehicleDynamics.obj
 0003:00015dfa       $SG22671                   0000000180057dfa     c5_sl_groundvehicleDynamics.obj
 0003:00015dfb       $SG22675                   0000000180057dfb     c5_sl_groundvehicleDynamics.obj
 0003:00015dfc       $SG22679                   0000000180057dfc     c5_sl_groundvehicleDynamics.obj
 0003:00015dfd       $SG22683                   0000000180057dfd     c5_sl_groundvehicleDynamics.obj
 0003:00015dfe       $SG22687                   0000000180057dfe     c5_sl_groundvehicleDynamics.obj
 0003:00015dff       $SG22691                   0000000180057dff     c5_sl_groundvehicleDynamics.obj
 0003:00015e00       $SG22695                   0000000180057e00     c5_sl_groundvehicleDynamics.obj
 0003:00015e01       $SG22699                   0000000180057e01     c5_sl_groundvehicleDynamics.obj
 0003:00015e02       $SG22703                   0000000180057e02     c5_sl_groundvehicleDynamics.obj
 0003:00015e03       $SG22707                   0000000180057e03     c5_sl_groundvehicleDynamics.obj
 0003:00015e04       $SG22711                   0000000180057e04     c5_sl_groundvehicleDynamics.obj
 0003:00015e05       $SG22715                   0000000180057e05     c5_sl_groundvehicleDynamics.obj
 0003:00015e06       $SG22719                   0000000180057e06     c5_sl_groundvehicleDynamics.obj
 0003:00015e07       $SG22726                   0000000180057e07     c5_sl_groundvehicleDynamics.obj
 0003:00015e08       $SG22745                   0000000180057e08     c5_sl_groundvehicleDynamics.obj
 0003:00015e09       $SG22752                   0000000180057e09     c5_sl_groundvehicleDynamics.obj
 0003:00015e0a       $SG22759                   0000000180057e0a     c5_sl_groundvehicleDynamics.obj
 0003:00015e0b       $SG22766                   0000000180057e0b     c5_sl_groundvehicleDynamics.obj
 0003:00015e0c       $SG22776                   0000000180057e0c     c5_sl_groundvehicleDynamics.obj
 0003:00015e0d       $SG22786                   0000000180057e0d     c5_sl_groundvehicleDynamics.obj
 0003:00015e0e       $SG22793                   0000000180057e0e     c5_sl_groundvehicleDynamics.obj
 0003:00015e0f       $SG22800                   0000000180057e0f     c5_sl_groundvehicleDynamics.obj
 0003:00015e10       $SG22807                   0000000180057e10     c5_sl_groundvehicleDynamics.obj
 0003:00015e11       $SG22814                   0000000180057e11     c5_sl_groundvehicleDynamics.obj
 0003:00015e12       $SG22824                   0000000180057e12     c5_sl_groundvehicleDynamics.obj
 0003:00015e13       $SG22834                   0000000180057e13     c5_sl_groundvehicleDynamics.obj
 0003:00015e14       $SG22841                   0000000180057e14     c5_sl_groundvehicleDynamics.obj
 0003:00015e15       $SG22848                   0000000180057e15     c5_sl_groundvehicleDynamics.obj
 0003:00015e16       $SG22852                   0000000180057e16     c5_sl_groundvehicleDynamics.obj
 0003:00015e17       $SG22859                   0000000180057e17     c5_sl_groundvehicleDynamics.obj
 0003:00015e18       $SG22863                   0000000180057e18     c5_sl_groundvehicleDynamics.obj
 0003:00015e19       $SG23341                   0000000180057e19     c5_sl_groundvehicleDynamics.obj
 0003:00015e1a       $SG28405                   0000000180057e1a     c5_sl_groundvehicleDynamics.obj
 0003:00015e1b       $SG28949                   0000000180057e1b     c5_sl_groundvehicleDynamics.obj
 0003:00015e1c       $SG28950                   0000000180057e1c     c5_sl_groundvehicleDynamics.obj
 0003:00015e1d       $SG29096                   0000000180057e1d     c5_sl_groundvehicleDynamics.obj
 0003:00015e20       _sfTime_                   0000000180057e20     c5_sl_groundvehicleDynamics.obj
 0003:00015e30       ?newstr@?1??sf_c5_sl_groundvehicleDynamics_get_post_codegen_info@@9@9 0000000180057e30     c5_sl_groundvehicleDynamics.obj
 0003:0001665c       sfGlobalMdlStartCallCounts 000000018005865c     sl_groundvehicleDynamics_sfun_registry.obj
 0003:00016660       $SG22560                   0000000180058660     sl_groundvehicleDynamics_sfun_registry.obj
 0003:00016662       ?warningGuard@?1??ssGetRootSS@@9@9 0000000180058662     sl_groundvehicleDynamics_sfun_registry.obj
 0003:00016663       ?warningGuard@?1??ssGetParentSS@@9@9 0000000180058663     sl_groundvehicleDynamics_sfun_registry.obj
 0003:00016670       GS_ExceptionRecord         0000000180058670     MSVCRT:gs_report.obj
 0003:00016710       GS_ContextRecord           0000000180058710     MSVCRT:gs_report.obj
 0003:00016be0       ?__proc_attached@@3HA      0000000180058be0     MSVCRT:dll_dllmain.obj
 0003:00016c20       ?is_initialized_as_dll@@3_NA 0000000180058c20     MSVCRT:utility.obj
 0003:00016c21       ?module_local_atexit_table_initialized@@3_NA 0000000180058c21     MSVCRT:utility.obj
 0003:00016c28       ?module_local_atexit_table@@3U_onexit_table_t@@A 0000000180058c28     MSVCRT:utility.obj
 0003:00016c40       ?module_local_at_quick_exit_table@@3U_onexit_table_t@@A 0000000180058c40     MSVCRT:utility.obj
