 sl_groundvehicleDynamics_sfun

 Timestamp is 6709a1aa (Sat Oct 12 08:07:38 2024)

 Preferred load address is 0000000180000000

 Start         Length     Name                   Class
 0001:00000000 00040dc0H .text$mn                CODE
 0001:00040dc0 00000040H .text$mn$00             CODE
 0001:00040e00 0000057aH .text$x                 CODE
 0002:00000000 00000628H .idata$5                DATA
 0002:00000628 00000038H .00cfg                  DATA
 0002:00000660 00000008H .CRT$XCA                DATA
 0002:00000668 00000008H .CRT$XCZ                DATA
 0002:00000670 00000008H .CRT$XIA                DATA
 0002:00000678 00000008H .CRT$XIZ                DATA
 0002:00000680 00000008H .CRT$XPA                DATA
 0002:00000688 00000008H .CRT$XPZ                DATA
 0002:00000690 00000008H .CRT$XTA                DATA
 0002:00000698 00000008H .CRT$XTZ                DATA
 0002:000006a0 00000000H .gehcont$y              DATA
 0002:000006a0 00000000H .gfids$y                DATA
 0002:000006a0 00000560H .rdata                  DATA
 0002:00000c00 00000080H .rdata$CastGuardVftablesA DATA
 0002:00000c80 00000080H .rdata$CastGuardVftablesC DATA
 0002:00000d00 000001f4H .rdata$r                DATA
 0002:00000ef4 000002f4H .rdata$voltmd           DATA
 0002:000011e8 000002c8H .rdata$zzzdbg           DATA
 0002:000014b0 00000008H .rtc$IAA                DATA
 0002:000014b8 00000008H .rtc$IZZ                DATA
 0002:000014c0 00000008H .rtc$TAA                DATA
 0002:000014c8 00000008H .rtc$TZZ                DATA
 0002:000014d0 00002320H .xdata                  DATA
 0002:000037f0 000000f0H .xdata$x                DATA
 0002:000038e0 00000088H .edata                  DATA
 0002:00003968 00000140H .idata$2                DATA
 0002:00003aa8 00000018H .idata$3                DATA
 0002:00003ac0 00000628H .idata$4                DATA
 0002:000040e8 000011e0H .idata$6                DATA
 0003:00000000 00014a78H .data                   DATA
 0003:00014a78 00000080H .data$r                 DATA
 0003:00014af8 00000028H .data$rs                DATA
 0003:00014b20 00000e80H .bss                    DATA
 0004:00000000 000026c4H .pdata                  DATA

  Address         Publics by Value              Rva+Base               Lib:Object

 0000:00000000       __AbsoluteZero             0000000000000000     <absolute>
 0000:00000000       ___safe_se_handler_count   0000000000000000     <absolute>
 0000:00000000       ___safe_se_handler_table   0000000000000000     <absolute>
 0000:00000000       __arm64x_extra_rfe_table   0000000000000000     <absolute>
 0000:00000000       __arm64x_extra_rfe_table_size 0000000000000000     <absolute>
 0000:00000000       __arm64x_native_entrypoint 0000000000000000     <absolute>
 0000:00000000       __arm64x_redirection_metadata 0000000000000000     <absolute>
 0000:00000000       __arm64x_redirection_metadata_count 0000000000000000     <absolute>
 0000:00000000       __dynamic_value_reloc_table 0000000000000000     <absolute>
 0000:00000000       __enclave_config           0000000000000000     <absolute>
 0000:00000000       __guard_check_icall_a64n_fptr 0000000000000000     <absolute>
 0000:00000000       __guard_eh_cont_count      0000000000000000     <absolute>
 0000:00000000       __guard_eh_cont_table      0000000000000000     <absolute>
 0000:00000000       __guard_fids_count         0000000000000000     <absolute>
 0000:00000000       __guard_fids_table         0000000000000000     <absolute>
 0000:00000000       __guard_iat_count          0000000000000000     <absolute>
 0000:00000000       __guard_iat_table          0000000000000000     <absolute>
 0000:00000000       __guard_longjmp_count      0000000000000000     <absolute>
 0000:00000000       __guard_longjmp_table      0000000000000000     <absolute>
 0000:00000000       __hybrid_auxiliary_delayload_iat 0000000000000000     <absolute>
 0000:00000000       __hybrid_auxiliary_delayload_iat_copy 0000000000000000     <absolute>
 0000:00000000       __hybrid_auxiliary_iat     0000000000000000     <absolute>
 0000:00000000       __hybrid_auxiliary_iat_copy 0000000000000000     <absolute>
 0000:00000000       __hybrid_code_map          0000000000000000     <absolute>
 0000:00000000       __hybrid_code_map_count    0000000000000000     <absolute>
 0000:00000000       __hybrid_image_info_bitfield 0000000000000000     <absolute>
 0000:00000000       __x64_code_ranges_to_entry_points 0000000000000000     <absolute>
 0000:00000000       __x64_code_ranges_to_entry_points_count 0000000000000000     <absolute>
 0000:00000100       __guard_flags              0000000000000100     <absolute>
 0000:00000000       __ImageBase                0000000180000000     <linker-defined>
 0001:00000000       sl_groundvehicleDynamics_initializer 0000000180001000 f   sl_groundvehicleDynamics_sfun.obj
 0001:00000010       sl_groundvehicleDynamics_terminator 0000000180001010 f   sl_groundvehicleDynamics_sfun.obj
 0001:00000020       load_sl_groundvehicleDynamics_optimization_info 0000000180001020 f   sl_groundvehicleDynamics_sfun.obj
 0001:000000d0       unload_sl_groundvehicleDynamics_optimization_info 00000001800010d0 f   sl_groundvehicleDynamics_sfun.obj
 0001:00000100       sf_sl_groundvehicleDynamics_method_dispatcher 0000000180001100 f   sl_groundvehicleDynamics_sfun.obj
 0001:00000150       sf_sl_groundvehicleDynamics_process_check_sum_call 0000000180001150 f   sl_groundvehicleDynamics_sfun.obj
 0001:00000640       sf_sl_groundvehicleDynamics_get_eml_resolved_functions_info 0000000180001640 f   sl_groundvehicleDynamics_sfun.obj
 0001:00000820       sf_sl_groundvehicleDynamics_third_party_uses_info 0000000180001820 f   sl_groundvehicleDynamics_sfun.obj
 0001:000009f0       sf_sl_groundvehicleDynamics_jit_fallback_info 00000001800019f0 f   sl_groundvehicleDynamics_sfun.obj
 0001:00000bc0       sf_sl_groundvehicleDynamics_get_post_codegen_info 0000000180001bc0 f   sl_groundvehicleDynamics_sfun.obj
 0001:00000da0       sf_sl_groundvehicleDynamics_updateBuildInfo_args_info 0000000180001da0 f   sl_groundvehicleDynamics_sfun.obj
 0001:00000f60       sf_c5_sl_groundvehicleDynamics_get_eml_resolved_functions_info 0000000180001f60 f   c5_sl_groundvehicleDynamics.obj
 0001:00001000       sf_c5_sl_groundvehicleDynamics_get_check_sum 0000000180002000 f   c5_sl_groundvehicleDynamics.obj
 0001:000010d0       c5_sl_groundvehicleDynamics_method_dispatcher 00000001800020d0 f   c5_sl_groundvehicleDynamics.obj
 0001:00027d00       sf_c5_sl_groundvehicleDynamics_third_party_uses_info 0000000180028d00 f   c5_sl_groundvehicleDynamics.obj
 0001:00027d50       sf_c5_sl_groundvehicleDynamics_jit_fallback_info 0000000180028d50 f   c5_sl_groundvehicleDynamics.obj
 0001:00027ee0       sf_c5_sl_groundvehicleDynamics_updateBuildInfo_args_info 0000000180028ee0 f   c5_sl_groundvehicleDynamics.obj
 0001:00028200       sf_c5_sl_groundvehicleDynamics_get_post_codegen_info 0000000180029200 f   c5_sl_groundvehicleDynamics.obj
 0001:000287c0       mexFunction                00000001800297c0 f   sl_groundvehicleDynamics_sfun_registry.obj
 0001:0002b090       _ssSetInputPortDirectFeedThroughFcn 000000018002c090 f   sl_groundvehicleDynamics_sfun_registry.obj
 0001:0002b200       _ssSetRWorkValueFcn        000000018002c200 f   sl_groundvehicleDynamics_sfun_registry.obj
 0001:0002b280       _ssGetRWorkValueFcn        000000018002c280 f   sl_groundvehicleDynamics_sfun_registry.obj
 0001:0002b2f0       _ssSetIWorkValueFcn        000000018002c2f0 f   sl_groundvehicleDynamics_sfun_registry.obj
 0001:0002b370       _ssGetIWorkValueFcn        000000018002c370 f   sl_groundvehicleDynamics_sfun_registry.obj
 0001:0002b3e0       _ssSetPWorkValueFcn        000000018002c3e0 f   sl_groundvehicleDynamics_sfun_registry.obj
 0001:0002b460       _ssGetPWorkValueFcn        000000018002c460 f   sl_groundvehicleDynamics_sfun_registry.obj
 0001:0002b4d0       _ssGetInputPortSignalFcn   000000018002c4d0 f   sl_groundvehicleDynamics_sfun_registry.obj
 0001:0002b860       _ssGetInputPortBufferDstPortFcn 000000018002c860 f   sl_groundvehicleDynamics_sfun_registry.obj
 0001:0002b8e0       _ssGetInputPortSignalPtrsFcn 000000018002c8e0 f   sl_groundvehicleDynamics_sfun_registry.obj
 0001:0002bc70       ssGetParameterTuningCompliance 000000018002cc70 f   sl_groundvehicleDynamics_sfun_registry.obj
 0001:0002bce0       _ssReadInputStringFcn      000000018002cce0 f   sl_groundvehicleDynamics_sfun_registry.obj
 0001:0002bd50       ssGetDTypeIdFromMxArray    000000018002cd50 f   sl_groundvehicleDynamics_sfun_registry.obj
 0001:0002be70       ssWriteRTWMx2dMatParam     000000018002ce70 f   sl_groundvehicleDynamics_sfun_registry.obj
 0001:0002bf00       ssWriteRTWMxVectParam      000000018002cf00 f   sl_groundvehicleDynamics_sfun_registry.obj
 0001:0002bf80       ssWriteRTWParameters       000000018002cf80 f   sl_groundvehicleDynamics_sfun_registry.obj
 0001:0002c540       ssWriteRTWParamSettings    000000018002d540 f   sl_groundvehicleDynamics_sfun_registry.obj
 0001:0002cc30       ssWriteRTWStr              000000018002dc30 f   sl_groundvehicleDynamics_sfun_registry.obj
 0001:0002cc90       ssWriteRTWWorkVect         000000018002dc90 f   sl_groundvehicleDynamics_sfun_registry.obj
 0001:0002d1f0       ssWarning                  000000018002e1f0 f   sl_groundvehicleDynamics_sfun_registry.obj
 0001:0002d2e0       ssGetRootSS                000000018002e2e0 f   sl_groundvehicleDynamics_sfun_registry.obj
 0001:0002d3a0       ssGetParentSS              000000018002e3a0 f   sl_groundvehicleDynamics_sfun_registry.obj
 0001:0002d460       ssWriteRTWNameValuePair    000000018002e460 f   sl_groundvehicleDynamics_sfun_registry.obj
 0001:0002d960       _ssSetInputPortMatrixDimensions 000000018002e960 f   sl_groundvehicleDynamics_sfun_registry.obj
 0001:0002dab0       _ssSetOutputPortMatrixDimensions 000000018002eab0 f   sl_groundvehicleDynamics_sfun_registry.obj
 0001:0002dc00       _ssSetInputPortVectorDimension 000000018002ec00 f   sl_groundvehicleDynamics_sfun_registry.obj
 0001:0002dcb0       _ssSetOutputPortVectorDimension 000000018002ecb0 f   sl_groundvehicleDynamics_sfun_registry.obj
 0001:0002dd60       ssIsRunTimeParamTunable    000000018002ed60 f   sl_groundvehicleDynamics_sfun_registry.obj
 0001:0002ddd0       ssGetSFuncBlockHandle      000000018002edd0 f   sl_groundvehicleDynamics_sfun_registry.obj
 0001:0002de40       _ssGetCallSystemNumFcnCallDestinations 000000018002ee40 f   sl_groundvehicleDynamics_sfun_registry.obj
 0001:0002deb0       _ssGetCurrentInputPortWidth 000000018002eeb0 f   sl_groundvehicleDynamics_sfun_registry.obj
 0001:0002dff0       _ssGetCurrentOutputPortWidth 000000018002eff0 f   sl_groundvehicleDynamics_sfun_registry.obj
 0001:0002e130       ssGetIsZeroCrossControlDisabled 000000018002f130 f   sl_groundvehicleDynamics_sfun_registry.obj
 0001:0002e1a0       ssSetIsInputPortUsedForContZcSignal 000000018002f1a0 f   sl_groundvehicleDynamics_sfun_registry.obj
 0001:0002e210       ssSetZcSignalIsZcElementDisc 000000018002f210 f   sl_groundvehicleDynamics_sfun_registry.obj
 0001:0002e2c0       ssSetZcSignalName          000000018002f2c0 f   sl_groundvehicleDynamics_sfun_registry.obj
 0001:0002e330       ssSetZcSignalWidth         000000018002f330 f   sl_groundvehicleDynamics_sfun_registry.obj
 0001:0002e3a0       ssSetZcSignalZcEventType   000000018002f3a0 f   sl_groundvehicleDynamics_sfun_registry.obj
 0001:0002e410       ssSetZcSignalType          000000018002f410 f   sl_groundvehicleDynamics_sfun_registry.obj
 0001:0002e480       ssSetZcSignalZcTol         000000018002f480 f   sl_groundvehicleDynamics_sfun_registry.obj
 0001:0002e4f0       ssSetZcSignalNeedsEventNotification 000000018002f4f0 f   sl_groundvehicleDynamics_sfun_registry.obj
 0001:0002e560       ssCreateAndAddZcSignalInfo 000000018002f560 f   sl_groundvehicleDynamics_sfun_registry.obj
 0001:0002e5d0       ssCloneAndAddZcSignalInfo  000000018002f5d0 f   sl_groundvehicleDynamics_sfun_registry.obj
 0001:0002e640       ssGetNumZcSignals          000000018002f640 f   sl_groundvehicleDynamics_sfun_registry.obj
 0001:0002e6b0       ssGetZcSignalVector        000000018002f6b0 f   sl_groundvehicleDynamics_sfun_registry.obj
 0001:0002e720       ssGetZcSignalName          000000018002f720 f   sl_groundvehicleDynamics_sfun_registry.obj
 0001:0002e790       ssGetZcSignalWidth         000000018002f790 f   sl_groundvehicleDynamics_sfun_registry.obj
 0001:0002e800       ssGetZcSignalZcEventType   000000018002f800 f   sl_groundvehicleDynamics_sfun_registry.obj
 0001:0002e870       ssGetZcSignalZcEvents      000000018002f870 f   sl_groundvehicleDynamics_sfun_registry.obj
 0001:0002e8e0       ssGetZcSignalType          000000018002f8e0 f   sl_groundvehicleDynamics_sfun_registry.obj
 0001:0002e950       ssGetZcSignalZcTol         000000018002f950 f   sl_groundvehicleDynamics_sfun_registry.obj
 0001:0002e9d0       ssGetZcSignalNeedsEventNotification 000000018002f9d0 f   sl_groundvehicleDynamics_sfun_registry.obj
 0001:0002ea40       ssGetZcSignalIsZcElementDisc 000000018002fa40 f   sl_groundvehicleDynamics_sfun_registry.obj
 0001:0002eae0       ssGetIsInputPortElementContinuous 000000018002fae0 f   sl_groundvehicleDynamics_sfun_registry.obj
 0001:0002eb80       _ssGetAbsTol               000000018002fb80 f   sl_groundvehicleDynamics_sfun_registry.obj
 0001:0002ebf0       _ssSetStateAbsTol          000000018002fbf0 f   sl_groundvehicleDynamics_sfun_registry.obj
 0001:0002ecd0       _ssSetInputPortReusableFcn 000000018002fcd0 f   sl_groundvehicleDynamics_sfun_registry.obj
 0001:0002edd0       _ssSetOutputPortReusableFcn 000000018002fdd0 f   sl_groundvehicleDynamics_sfun_registry.obj
 0001:0002eed0       _ssSetSymbolicDimsSupport  000000018002fed0 f   sl_groundvehicleDynamics_sfun_registry.obj
 0001:0002ef40       _ssRegisterSymbolicDimsExpr 000000018002ff40 f   sl_groundvehicleDynamics_sfun_registry.obj
 0001:0002efc0       _ssRegisterSymbolicDimsMATLABExpr 000000018002ffc0 f   sl_groundvehicleDynamics_sfun_registry.obj
 0001:0002f050       _ssRegisterSymbolicDims    0000000180030050 f   sl_groundvehicleDynamics_sfun_registry.obj
 0001:0002f0f0       _ssRegisterSymbolicDimsString 00000001800300f0 f   sl_groundvehicleDynamics_sfun_registry.obj
 0001:0002f170       _ssRegisterSymbolicDimsIntValue 0000000180030170 f   sl_groundvehicleDynamics_sfun_registry.obj
 0001:0002f1e0       _ssRegisterSymbolicEqualRelation 00000001800301e0 f   sl_groundvehicleDynamics_sfun_registry.obj
 0001:0002f250       _ssRegisterSymbolicEqualValue 0000000180030250 f   sl_groundvehicleDynamics_sfun_registry.obj
 0001:0002f2c0       _ssAmendLeadingSymbolicDims 00000001800302c0 f   sl_groundvehicleDynamics_sfun_registry.obj
 0001:0002f340       _ssAmendTrailingSymbolicDims 0000000180030340 f   sl_groundvehicleDynamics_sfun_registry.obj
 0001:0002f3c0       _ssRegisterSymbolicDimsPlus 00000001800303c0 f   sl_groundvehicleDynamics_sfun_registry.obj
 0001:0002f440       _ssRegisterSymbolicDimsMinus 0000000180030440 f   sl_groundvehicleDynamics_sfun_registry.obj
 0001:0002f4c0       _ssRegisterSymbolicDimsMultiply 00000001800304c0 f   sl_groundvehicleDynamics_sfun_registry.obj
 0001:0002f540       _ssRegisterSymbolicDimsDivide 0000000180030540 f   sl_groundvehicleDynamics_sfun_registry.obj
 0001:0002f5c0       _ssGetNumSymbolicDims      00000001800305c0 f   sl_groundvehicleDynamics_sfun_registry.obj
 0001:0002f630       _ssGetSymbolicDim          0000000180030630 f   sl_groundvehicleDynamics_sfun_registry.obj
 0001:0002f6b0       _ssSetInputPortSymbolicDimsId 00000001800306b0 f   sl_groundvehicleDynamics_sfun_registry.obj
 0001:0002f720       _ssGetCompInputPortSymbolicDimsId 0000000180030720 f   sl_groundvehicleDynamics_sfun_registry.obj
 0001:0002f790       _ssSetCompInputPortSymbolicDimsId 0000000180030790 f   sl_groundvehicleDynamics_sfun_registry.obj
 0001:0002f800       _ssSetOutputPortSymbolicDimsId 0000000180030800 f   sl_groundvehicleDynamics_sfun_registry.obj
 0001:0002f870       _ssGetCompOutputPortSymbolicDimsId 0000000180030870 f   sl_groundvehicleDynamics_sfun_registry.obj
 0001:0002f8e0       _ssSetCompOutputPortSymbolicDimsId 00000001800308e0 f   sl_groundvehicleDynamics_sfun_registry.obj
 0001:0002f950       _ssGetDWorkSymbolicDimsId  0000000180030950 f   sl_groundvehicleDynamics_sfun_registry.obj
 0001:0002f9c0       _ssSetDWorkSymbolicDimsId  00000001800309c0 f   sl_groundvehicleDynamics_sfun_registry.obj
 0001:0002fa30       _ssGetCompDWorkSymbolicDimsId 0000000180030a30 f   sl_groundvehicleDynamics_sfun_registry.obj
 0001:0002faa0       _ssSetCompDWorkSymbolicDimsId 0000000180030aa0 f   sl_groundvehicleDynamics_sfun_registry.obj
 0001:0002fb10       _ssCreateSLCGStringBuffer  0000000180030b10 f   sl_groundvehicleDynamics_sfun_registry.obj
 0001:0002fb80       _ssAddToSLCGStringBuffer   0000000180030b80 f   sl_groundvehicleDynamics_sfun_registry.obj
 0001:0002fbf0       _ssGetPointerContainedData 0000000180030bf0 f   sl_groundvehicleDynamics_sfun_registry.obj
 0001:0002fc80       _ssGetPointerContainedDataWidth 0000000180030c80 f   sl_groundvehicleDynamics_sfun_registry.obj
 0001:0002fd10       _ssRegisterDynamicArrayDataTypeFcn 0000000180030d10 f   sl_groundvehicleDynamics_sfun_registry.obj
 0001:0002fdb0       _ssGetDynamicArrayContainedDataCurrentWidthFcn 0000000180030db0 f   sl_groundvehicleDynamics_sfun_registry.obj
 0001:0002fe80       _ssGetDynamicArrayContainedDataFcn 0000000180030e80 f   sl_groundvehicleDynamics_sfun_registry.obj
 0001:0002ff50       _ssGetInputPortDynamicArrayDataFcn 0000000180030f50 f   sl_groundvehicleDynamics_sfun_registry.obj
 0001:00030010       _ssGetOutputPortDynamicArrayDataFcn 0000000180031010 f   sl_groundvehicleDynamics_sfun_registry.obj
 0001:000300d0       _ssGetInputPortDynamicArrayContainedDataFcn 00000001800310d0 f   sl_groundvehicleDynamics_sfun_registry.obj
 0001:00030190       _ssGetOutputPortDynamicArrayContainedDataFcn 0000000180031190 f   sl_groundvehicleDynamics_sfun_registry.obj
 0001:00030250       _ssGetDynamicArrayDWorkContainedDataFcn 0000000180031250 f   sl_groundvehicleDynamics_sfun_registry.obj
 0001:00030310       sf_process_check_sum_call  0000000180031310 f   sl_groundvehicleDynamics_sfun_registry.obj
 0001:00030360       sf_process_get_third_party_uses_info_call 0000000180031360 f   sl_groundvehicleDynamics_sfun_registry.obj
 0001:00030590       sf_process_get_jit_fallback_info_call 0000000180031590 f   sl_groundvehicleDynamics_sfun_registry.obj
 0001:000307c0       sf_process_get_post_codegen_info_call 00000001800317c0 f   sl_groundvehicleDynamics_sfun_registry.obj
 0001:000309f0       sf_process_get_updateBuildInfo_args_info_call 00000001800319f0 f   sl_groundvehicleDynamics_sfun_registry.obj
 0001:00030c20       sf_process_get_eml_resolved_functions_info_call 0000000180031c20 f   sl_groundvehicleDynamics_sfun_registry.obj
 0001:00030e50       sf_mex_unlock_call         0000000180031e50 f   sl_groundvehicleDynamics_sfun_registry.obj
 0001:00031070       sf_machine_global_initializer_called 0000000180032070 f   sl_groundvehicleDynamics_sfun_registry.obj
 0001:000310a0       sf_machine_global_method_dispatcher 00000001800320a0 f   sl_groundvehicleDynamics_sfun_registry.obj
 0001:00031100       sf_machine_global_terminator 0000000180032100 f   sl_groundvehicleDynamics_sfun_registry.obj
 0001:00031130       callCustomFcn              0000000180032130 f   sl_groundvehicleDynamics_sfun_registry.obj
 0001:00031140       sf_machine_global_initializer 0000000180032140 f   sl_groundvehicleDynamics_sfun_registry.obj
 0001:00031170       mdlGetSimState             0000000180032170 f   sl_groundvehicleDynamics_sfun_registry.obj
 0001:000311b0       mdlSetSimState             00000001800321b0 f   sl_groundvehicleDynamics_sfun_registry.obj
 0001:00031b20       ProcessMexSfunctionEveryCall 0000000180032b20 f   sl_groundvehicleDynamics_sfun_registry.obj
 0001:00032ca0       __local_stdio_printf_options 0000000180033ca0 f i sl_groundvehicleDynamics_sfun_registry.obj
 0001:00032cb0       _vsnprintf_l               0000000180033cb0 f i sl_groundvehicleDynamics_sfun_registry.obj
 0001:00032d30       _vsprintf_l                0000000180033d30 f i sl_groundvehicleDynamics_sfun_registry.obj
 0001:00032d80       sprintf                    0000000180033d80 f i sl_groundvehicleDynamics_sfun_registry.obj
 0001:00032dd0       mexfilerequiredapiversion  0000000180033dd0 f   c_mexapi_version.obj
 0001:00032e00       priorityqueuecodegen_constructPQ 0000000180033e00 f   priorityqueue_api.obj
 0001:00032e80       priorityqueuecodegen_destructPQ 0000000180033e80 f   priorityqueue_api.obj
 0001:00032ee0       priorityqueuecodegen_push  0000000180033ee0 f   priorityqueue_api.obj
 0001:00032f20       priorityqueuecodegen_top   0000000180033f20 f   priorityqueue_api.obj
 0001:00032fc0       priorityqueuecodegen_pop   0000000180033fc0 f   priorityqueue_api.obj
 0001:00032ff0       priorityqueuecodegen_size  0000000180033ff0 f   priorityqueue_api.obj
 0001:00033020       priorityqueuecodegen_isEmpty 0000000180034020 f   priorityqueue_api.obj
 0001:00033050       priorityqueuecodegen_getDataDim 0000000180034050 f   priorityqueue_api.obj
 0001:00033080       priorityqueuecodegen_constructNodeMap 0000000180034080 f   priorityqueue_api.obj
 0001:000330f0       priorityqueuecodegen_destructNodeMap 00000001800340f0 f   priorityqueue_api.obj
 0001:00033150       priorityqueuecodegen_nodemap_getDataDim 0000000180034150 f   priorityqueue_api.obj
 0001:00033180       priorityqueuecodegen_nodemap_getNumNodes 0000000180034180 f   priorityqueue_api.obj
 0001:000331d0       priorityqueuecodegen_nodemap_traceBack 00000001800341d0 f   priorityqueue_api.obj
 0001:00033320       priorityqueuecodegen_nodemap_insertNode 0000000180034320 f   priorityqueue_api.obj
 0001:00033370       priorityqueuecodegen_nodemap_getNodeData 0000000180034370 f   priorityqueue_api.obj
 0001:00033470       priorityqueuecodegen_constructSimpleMap 0000000180034470 f   priorityqueue_api.obj
 0001:000334e0       priorityqueuecodegen_destructSimpleMap 00000001800344e0 f   priorityqueue_api.obj
 0001:00033540       priorityqueuecodegen_simplemap_getDataDim 0000000180034540 f   priorityqueue_api.obj
 0001:00033570       priorityqueuecodegen_simplemap_getSize 0000000180034570 f   priorityqueue_api.obj
 0001:000335c0       priorityqueuecodegen_simplemap_insertData 00000001800345c0 f   priorityqueue_api.obj
 0001:00033610       priorityqueuecodegen_simplemap_getData 0000000180034610 f   priorityqueue_api.obj
 0001:000336f0       ??$?0$$V@?$_Compressed_pair@V?$allocator@N@std@@V?$_Vector_val@U?$_Simple_types@N@std@@@2@$00@std@@QEAA@U_Zero_then_variadic_args_t@1@@Z 00000001800346f0 f i priorityqueue_api.obj
 0001:00033720       ??$?0$$V@?$_Compressed_pair@V?$allocator@U?$pair@HV?$vector@NV?$allocator@N@std@@@std@@@std@@@std@@V?$_Vector_val@U?$_Simple_types@U?$pair@HV?$vector@NV?$allocator@N@std@@@std@@@std@@@std@@@2@$00@std@@QEAA@U_Zero_then_variadic_args_t@1@@Z 0000000180034720 f i priorityqueue_api.obj
 0001:00033750       ??$?0$$V@?$_Compressed_pair@V?$allocator@V?$vector@NV?$allocator@N@std@@@std@@@std@@V?$_Vector_val@U?$_Simple_types@V?$vector@NV?$allocator@N@std@@@std@@@std@@@2@$00@std@@QEAA@U_Zero_then_variadic_args_t@1@@Z 0000000180034750 f i priorityqueue_api.obj
 0001:00033780       ??$?0AEAHV?$vector@NV?$allocator@N@std@@@std@@$0A@@?$pair@HV?$vector@NV?$allocator@N@std@@@std@@@std@@QEAA@AEAH$$QEAV?$vector@NV?$allocator@N@std@@@1@@Z 0000000180034780 f i priorityqueue_api.obj
 0001:000337d0       ??$?0AEAPEAU?$_List_node@U?$pair@$$CBHH@std@@PEAX@std@@_N$0A@@?$pair@PEAU?$_List_node@U?$pair@$$CBHH@std@@PEAX@std@@_N@std@@QEAA@AEAPEAU?$_List_node@U?$pair@$$CBHH@std@@PEAX@1@$$QEA_N@Z 00000001800347d0 f i priorityqueue_api.obj
 0001:00033820       ??$?0AEAPEAU?$_List_node@U?$pair@$$CBHV?$vector@NV?$allocator@N@std@@@std@@@std@@PEAX@std@@_N$0A@@?$pair@PEAU?$_List_node@U?$pair@$$CBHV?$vector@NV?$allocator@N@std@@@std@@@std@@PEAX@std@@_N@std@@QEAA@AEAPEAU?$_List_node@U?$pair@$$CBHV?$vector@NV?$allocator@N@std@@@std@@@std@@PEAX@1@$$QEA_N@Z 0000000180034820 f i priorityqueue_api.obj
 0001:00033870       ??$?0AEBH$$Z$$V@?$pair@$$CBHH@std@@QEAA@Upiecewise_construct_t@1@V?$tuple@AEBH@1@V?$tuple@$$V@1@@Z 0000000180034870 f i priorityqueue_api.obj
 0001:000338e0       ??$?0AEBH$$Z$$V@?$pair@$$CBHV?$vector@NV?$allocator@N@std@@@std@@@std@@QEAA@Upiecewise_construct_t@1@V?$tuple@AEBH@1@V?$tuple@$$V@1@@Z 00000001800348e0 f i priorityqueue_api.obj
 0001:00033950       ??$?0AEBH$0A@@?$tuple@AEBH@std@@QEAA@AEBH@Z 0000000180034950 f i priorityqueue_api.obj
 0001:00033980       ??$?0AEBH@?$_Tuple_val@AEBH@std@@QEAA@AEBH@Z 0000000180034980 f i priorityqueue_api.obj
 0001:000339b0       ??$?0AEBUpiecewise_construct_t@std@@V?$tuple@AEBH@1@V?$tuple@$$V@1@@?$_List_node_emplace_op2@V?$allocator@U?$_List_node@U?$pair@$$CBHH@std@@PEAX@std@@@std@@@std@@QEAA@AEAV?$allocator@U?$_List_node@U?$pair@$$CBHH@std@@PEAX@std@@@1@AEBUpiecewise_construct_t@1@$$QEAV?$tuple@AEBH@1@$$QEAV?$tuple@$$V@1@@Z 00000001800349b0 f i priorityqueue_api.obj
 0001:00033a60       ??$?0AEBUpiecewise_construct_t@std@@V?$tuple@AEBH@1@V?$tuple@$$V@1@@?$_List_node_emplace_op2@V?$allocator@U?$_List_node@U?$pair@$$CBHV?$vector@NV?$allocator@N@std@@@std@@@std@@PEAX@std@@@std@@@std@@QEAA@AEAV?$allocator@U?$_List_node@U?$pair@$$CBHV?$vector@NV?$allocator@N@std@@@std@@@std@@PEAX@std@@@1@AEBUpiecewise_construct_t@1@$$QEAV?$tuple@AEBH@1@$$QEAV?$tuple@$$V@1@@Z 0000000180034a60 f i priorityqueue_api.obj
 0001:00033b10       ??$?0AEBV?$allocator@N@std@@$$V@?$_Compressed_pair@V?$allocator@N@std@@V?$_Vector_val@U?$_Simple_types@N@std@@@2@$00@std@@QEAA@U_One_then_variadic_args_t@1@AEBV?$allocator@N@1@@Z 0000000180034b10 f i priorityqueue_api.obj
 0001:00033b50       ??$?0AEBV?$allocator@U?$pair@$$CBHH@std@@@std@@$$V@?$_Compressed_pair@V?$allocator@U?$_List_node@U?$pair@$$CBHH@std@@PEAX@std@@@std@@V?$_List_val@U?$_List_simple_types@U?$pair@$$CBHH@std@@@std@@@2@$00@std@@QEAA@U_One_then_variadic_args_t@1@AEBV?$allocator@U?$pair@$$CBHH@std@@@1@@Z 0000000180034b50 f i priorityqueue_api.obj
 0001:00033b90       ??$?0AEBV?$allocator@U?$pair@$$CBHH@std@@@std@@$$V@?$_Compressed_pair@V?$allocator@V?$_List_unchecked_iterator@V?$_List_val@U?$_List_simple_types@U?$pair@$$CBHH@std@@@std@@@std@@@std@@@std@@V?$_Vector_val@U?$_Simple_types@V?$_List_unchecked_iterator@V?$_List_val@U?$_List_simple_types@U?$pair@$$CBHH@std@@@std@@@std@@@std@@@std@@@2@$00@std@@QEAA@U_One_then_variadic_args_t@1@AEBV?$allocator@U?$pair@$$CBHH@std@@@1@@Z 0000000180034b90 f i priorityqueue_api.obj
 0001:00033bd0       ??$?0AEBV?$allocator@U?$pair@$$CBHH@std@@@std@@$0A@@?$_Hash_vec@V?$allocator@V?$_List_unchecked_iterator@V?$_List_val@U?$_List_simple_types@U?$pair@$$CBHH@std@@@std@@@std@@@std@@@std@@@std@@QEAA@AEBV?$allocator@U?$pair@$$CBHH@std@@@1@@Z 0000000180034bd0 f i priorityqueue_api.obj
 0001:00033c20       ??$?0AEBV?$allocator@U?$pair@$$CBHV?$vector@NV?$allocator@N@std@@@std@@@std@@@std@@$$V@?$_Compressed_pair@V?$allocator@U?$_List_node@U?$pair@$$CBHV?$vector@NV?$allocator@N@std@@@std@@@std@@PEAX@std@@@std@@V?$_List_val@U?$_List_simple_types@U?$pair@$$CBHV?$vector@NV?$allocator@N@std@@@std@@@std@@@std@@@2@$00@std@@QEAA@U_One_then_variadic_args_t@1@AEBV?$allocator@U?$pair@$$CBHV?$vector@NV?$allocator@N@std@@@std@@@std@@@1@@Z 0000000180034c20 f i priorityqueue_api.obj
 0001:00033c60       ??$?0AEBV?$allocator@U?$pair@$$CBHV?$vector@NV?$allocator@N@std@@@std@@@std@@@std@@$$V@?$_Compressed_pair@V?$allocator@V?$_List_unchecked_iterator@V?$_List_val@U?$_List_simple_types@U?$pair@$$CBHV?$vector@NV?$allocator@N@std@@@std@@@std@@@std@@@std@@@std@@@std@@V?$_Vector_val@U?$_Simple_types@V?$_List_unchecked_iterator@V?$_List_val@U?$_List_simple_types@U?$pair@$$CBHV?$vector@NV?$allocator@N@std@@@std@@@std@@@std@@@std@@@std@@@std@@@2@$00@std@@QEAA@U_One_then_variadic_args_t@1@AEBV?$allocator@U?$pair@$$CBHV?$vector@NV?$allocator@N@std@@@std@@@std@@@1@@Z 0000000180034c60 f i priorityqueue_api.obj
 0001:00033ca0       ??$?0AEBV?$allocator@U?$pair@$$CBHV?$vector@NV?$allocator@N@std@@@std@@@std@@@std@@$0A@@?$_Hash_vec@V?$allocator@V?$_List_unchecked_iterator@V?$_List_val@U?$_List_simple_types@U?$pair@$$CBHV?$vector@NV?$allocator@N@std@@@std@@@std@@@std@@@std@@@std@@@std@@@std@@QEAA@AEBV?$allocator@U?$pair@$$CBHV?$vector@NV?$allocator@N@std@@@std@@@std@@@1@@Z 0000000180034ca0 f i priorityqueue_api.obj
 0001:00033cf0       ??$?0HV?$vector@NV?$allocator@N@std@@@std@@$0A@@?$pair@HV?$vector@NV?$allocator@N@std@@@std@@@std@@QEAA@$$QEAH$$QEAV?$vector@NV?$allocator@N@std@@@1@@Z 0000000180034cf0 f i priorityqueue_api.obj
 0001:00033d40       ??$?0M@?$_Compressed_pair@U?$equal_to@H@std@@M$00@std@@QEAA@U_Zero_then_variadic_args_t@1@$$QEAM@Z 0000000180034d40 f i priorityqueue_api.obj
 0001:00033d80       ??$?0PEAU?$_List_node@U?$pair@$$CBHH@std@@PEAX@std@@_N$0A@@?$pair@PEAU?$_List_node@U?$pair@$$CBHH@std@@PEAX@std@@_N@std@@QEAA@$$QEAPEAU?$_List_node@U?$pair@$$CBHH@std@@PEAX@1@$$QEA_N@Z 0000000180034d80 f i priorityqueue_api.obj
 0001:00033dd0       ??$?0PEAU?$_List_node@U?$pair@$$CBHV?$vector@NV?$allocator@N@std@@@std@@@std@@PEAX@std@@_N$0A@@?$pair@PEAU?$_List_node@U?$pair@$$CBHV?$vector@NV?$allocator@N@std@@@std@@@std@@PEAX@std@@_N@std@@QEAA@$$QEAPEAU?$_List_node@U?$pair@$$CBHV?$vector@NV?$allocator@N@std@@@std@@@std@@PEAX@1@$$QEA_N@Z 0000000180034dd0 f i priorityqueue_api.obj
 0001:00033e20       ??$?0PEBN$0A@@?$vector@NV?$allocator@N@std@@@std@@QEAA@PEBN0AEBV?$allocator@N@1@@Z 0000000180034e20 f i priorityqueue_api.obj
 0001:00033ee0       ??$?0U?$pair@$$CBHH@std@@@?$allocator@U?$_List_node@U?$pair@$$CBHH@std@@PEAX@std@@@std@@QEAA@AEBV?$allocator@U?$pair@$$CBHH@std@@@1@@Z 0000000180034ee0 f i priorityqueue_api.obj
 0001:00033ef0       ??$?0U?$pair@$$CBHH@std@@@?$allocator@V?$_List_unchecked_iterator@V?$_List_val@U?$_List_simple_types@U?$pair@$$CBHH@std@@@std@@@std@@@std@@@std@@QEAA@AEBV?$allocator@U?$pair@$$CBHH@std@@@1@@Z 0000000180034ef0 f i priorityqueue_api.obj
 0001:00033f00       ??$?0U?$pair@$$CBHV?$vector@NV?$allocator@N@std@@@std@@@std@@@?$allocator@U?$_List_node@U?$pair@$$CBHV?$vector@NV?$allocator@N@std@@@std@@@std@@PEAX@std@@@std@@QEAA@AEBV?$allocator@U?$pair@$$CBHV?$vector@NV?$allocator@N@std@@@std@@@std@@@1@@Z 0000000180034f00 f i priorityqueue_api.obj
 0001:00033f10       ??$?0U?$pair@$$CBHV?$vector@NV?$allocator@N@std@@@std@@@std@@@?$allocator@V?$_List_unchecked_iterator@V?$_List_val@U?$_List_simple_types@U?$pair@$$CBHV?$vector@NV?$allocator@N@std@@@std@@@std@@@std@@@std@@@std@@@std@@QEAA@AEBV?$allocator@U?$pair@$$CBHV?$vector@NV?$allocator@N@std@@@std@@@std@@@1@@Z 0000000180034f10 f i priorityqueue_api.obj
 0001:00033f20       ??$?0U_Exact_args_t@std@@$0A@@?$tuple@$$V@std@@QEAA@U_Exact_args_t@1@@Z 0000000180034f20 f i priorityqueue_api.obj
 0001:00033f30       ??$?0U_Exact_args_t@std@@AEBH$$V$0A@@?$tuple@AEBH@std@@QEAA@U_Exact_args_t@1@AEBH@Z 0000000180034f30 f i priorityqueue_api.obj
 0001:00033f80       ??$?0U_Zero_then_variadic_args_t@std@@M@?$_Compressed_pair@U?$hash@H@std@@V?$_Compressed_pair@U?$equal_to@H@std@@M$00@2@$00@std@@QEAA@U_Zero_then_variadic_args_t@1@$$QEAU21@$$QEAM@Z 0000000180034f80 f i priorityqueue_api.obj
 0001:00033fd0       ??$?0V?$allocator@N@std@@$$V@?$_Compressed_pair@V?$allocator@N@std@@V?$_Vector_val@U?$_Simple_types@N@std@@@2@$00@std@@QEAA@U_One_then_variadic_args_t@1@$$QEAV?$allocator@N@1@@Z 0000000180034fd0 f i priorityqueue_api.obj
 0001:00034010       ??$?0V?$allocator@N@std@@PEANPEANPEAN@?$_Compressed_pair@V?$allocator@N@std@@V?$_Vector_val@U?$_Simple_types@N@std@@@2@$00@std@@QEAA@U_One_then_variadic_args_t@1@$$QEAV?$allocator@N@1@$$QEAPEAN22@Z 0000000180035010 f i priorityqueue_api.obj
 0001:00034080       ??$?0V?$allocator@V?$vector@NV?$allocator@N@std@@@std@@@std@@PEAV?$vector@NV?$allocator@N@std@@@1@PEAV21@PEAV21@@?$_Compressed_pair@V?$allocator@V?$vector@NV?$allocator@N@std@@@std@@@std@@V?$_Vector_val@U?$_Simple_types@V?$vector@NV?$allocator@N@std@@@std@@@std@@@2@$00@std@@QEAA@U_One_then_variadic_args_t@1@$$QEAV?$allocator@V?$vector@NV?$allocator@N@std@@@std@@@1@$$QEAPEAV?$vector@NV?$allocator@N@std@@@1@22@Z 0000000180035080 f i priorityqueue_api.obj
 0001:000340f0       ??$?0V?$tuple@AEBH@std@@V?$tuple@$$V@1@$0A@$$Z$S@?$pair@$$CBHH@std@@QEAA@AEAV?$tuple@AEBH@1@AEAV?$tuple@$$V@1@U?$integer_sequence@_K$0A@@1@U?$integer_sequence@_K$S@1@@Z 00000001800350f0 f i priorityqueue_api.obj
 0001:00034140       ??$?0V?$tuple@AEBH@std@@V?$tuple@$$V@1@$0A@$$Z$S@?$pair@$$CBHV?$vector@NV?$allocator@N@std@@@std@@@std@@QEAA@AEAV?$tuple@AEBH@1@AEAV?$tuple@$$V@1@U?$integer_sequence@_K$0A@@1@U?$integer_sequence@_K$S@1@@Z 0000000180035140 f i priorityqueue_api.obj
 0001:00034190       ??$?4U?$pair@HV?$vector@NV?$allocator@N@std@@@std@@@std@@$0A@@?$pair@HV?$vector@NV?$allocator@N@std@@@std@@@std@@QEAAAEAU01@$$QEAU01@@Z 0000000180035190 f i priorityqueue_api.obj
 0001:000341e0       ??$?RH@?$_Uhash_compare@HU?$hash@H@std@@U?$equal_to@H@2@@std@@QEBA_KAEBH@Z 00000001800351e0 f i priorityqueue_api.obj
 0001:00034210       ??$?RHH@?$_Uhash_compare@HU?$hash@H@std@@U?$equal_to@H@2@@std@@QEBA_NAEBH0@Z 0000000180035210 f i priorityqueue_api.obj
 0001:00034270       ??$_Adl_verify_range@PEAV?$_List_unchecked_iterator@V?$_List_val@U?$_List_simple_types@U?$pair@$$CBHH@std@@@std@@@std@@@std@@PEAV12@@std@@YAXAEBQEAV?$_List_unchecked_iterator@V?$_List_val@U?$_List_simple_types@U?$pair@$$CBHH@std@@@std@@@std@@@0@0@Z 0000000180035270 f i priorityqueue_api.obj
 0001:00034280       ??$_Adl_verify_range@PEAV?$_List_unchecked_iterator@V?$_List_val@U?$_List_simple_types@U?$pair@$$CBHV?$vector@NV?$allocator@N@std@@@std@@@std@@@std@@@std@@@std@@PEAV12@@std@@YAXAEBQEAV?$_List_unchecked_iterator@V?$_List_val@U?$_List_simple_types@U?$pair@$$CBHV?$vector@NV?$allocator@N@std@@@std@@@std@@@std@@@std@@@0@0@Z 0000000180035280 f i priorityqueue_api.obj
 0001:00034290       ??$_Adl_verify_range@PEBNPEBN@std@@YAXAEBQEBN0@Z 0000000180035290 f i priorityqueue_api.obj
 0001:000342a0       ??$_Adl_verify_range@V?$_Vector_iterator@V?$_Vector_val@U?$_Simple_types@U?$pair@HV?$vector@NV?$allocator@N@std@@@std@@@std@@@std@@@std@@@std@@V12@@std@@YAXAEBV?$_Vector_iterator@V?$_Vector_val@U?$_Simple_types@U?$pair@HV?$vector@NV?$allocator@N@std@@@std@@@std@@@std@@@std@@@0@0@Z 00000001800352a0 f i priorityqueue_api.obj
 0001:000342b0       ??$_Allocate@$0BA@U_Default_allocate_traits@std@@$0A@@std@@YAPEAX_K@Z 00000001800352b0 f i priorityqueue_api.obj
 0001:000342f0       ??$_Allocate_at_least_helper@V?$allocator@N@std@@@std@@YAPEANAEAV?$allocator@N@0@AEA_K@Z 00000001800352f0 f i priorityqueue_api.obj
 0001:00034320       ??$_Allocate_at_least_helper@V?$allocator@U?$pair@HV?$vector@NV?$allocator@N@std@@@std@@@std@@@std@@@std@@YAPEAU?$pair@HV?$vector@NV?$allocator@N@std@@@std@@@0@AEAV?$allocator@U?$pair@HV?$vector@NV?$allocator@N@std@@@std@@@std@@@0@AEA_K@Z 0000000180035320 f i priorityqueue_api.obj
 0001:00034350       ??$_Allocate_at_least_helper@V?$allocator@V?$vector@NV?$allocator@N@std@@@std@@@std@@@std@@YAPEAV?$vector@NV?$allocator@N@std@@@0@AEAV?$allocator@V?$vector@NV?$allocator@N@std@@@std@@@0@AEA_K@Z 0000000180035350 f i priorityqueue_api.obj
 0001:00034380       ??$_Allocate_manually_vector_aligned@U_Default_allocate_traits@std@@@std@@YAPEAX_K@Z 0000000180035380 f i priorityqueue_api.obj
 0001:00034410       ??$_Construct_in_place@PEAU?$_List_node@U?$pair@$$CBHH@std@@PEAX@std@@AEAPEAU12@@std@@YAXAEAPEAU?$_List_node@U?$pair@$$CBHH@std@@PEAX@0@0@Z 0000000180035410 f i priorityqueue_api.obj
 0001:00034460       ??$_Construct_in_place@PEAU?$_List_node@U?$pair@$$CBHH@std@@PEAX@std@@AEBQEAU12@@std@@YAXAEAPEAU?$_List_node@U?$pair@$$CBHH@std@@PEAX@0@AEBQEAU10@@Z 0000000180035460 f i priorityqueue_api.obj
 0001:000344b0       ??$_Construct_in_place@PEAU?$_List_node@U?$pair@$$CBHV?$vector@NV?$allocator@N@std@@@std@@@std@@PEAX@std@@AEAPEAU12@@std@@YAXAEAPEAU?$_List_node@U?$pair@$$CBHV?$vector@NV?$allocator@N@std@@@std@@@std@@PEAX@0@0@Z 00000001800354b0 f i priorityqueue_api.obj
 0001:00034500       ??$_Construct_in_place@PEAU?$_List_node@U?$pair@$$CBHV?$vector@NV?$allocator@N@std@@@std@@@std@@PEAX@std@@AEBQEAU12@@std@@YAXAEAPEAU?$_List_node@U?$pair@$$CBHV?$vector@NV?$allocator@N@std@@@std@@@std@@PEAX@0@AEBQEAU10@@Z 0000000180035500 f i priorityqueue_api.obj
 0001:00034550       ??$_Construct_in_place@U?$pair@HV?$vector@NV?$allocator@N@std@@@std@@@std@@AEAHV?$vector@NV?$allocator@N@std@@@2@@std@@YAXAEAU?$pair@HV?$vector@NV?$allocator@N@std@@@std@@@0@AEAH$$QEAV?$vector@NV?$allocator@N@std@@@0@@Z 0000000180035550 f i priorityqueue_api.obj
 0001:000345c0       ??$_Construct_in_place@V?$_List_unchecked_iterator@V?$_List_val@U?$_List_simple_types@U?$pair@$$CBHH@std@@@std@@@std@@@std@@AEBV12@@std@@YAXAEAV?$_List_unchecked_iterator@V?$_List_val@U?$_List_simple_types@U?$pair@$$CBHH@std@@@std@@@std@@@0@AEBV10@@Z 00000001800355c0 f i priorityqueue_api.obj
 0001:00034610       ??$_Construct_in_place@V?$_List_unchecked_iterator@V?$_List_val@U?$_List_simple_types@U?$pair@$$CBHV?$vector@NV?$allocator@N@std@@@std@@@std@@@std@@@std@@@std@@AEBV12@@std@@YAXAEAV?$_List_unchecked_iterator@V?$_List_val@U?$_List_simple_types@U?$pair@$$CBHV?$vector@NV?$allocator@N@std@@@std@@@std@@@std@@@std@@@0@AEBV10@@Z 0000000180035610 f i priorityqueue_api.obj
 0001:00034660       ??$_Construct_n@AEBN@?$vector@NV?$allocator@N@std@@@std@@AEAAX_KAEBN@Z 0000000180035660 f i priorityqueue_api.obj
 0001:00034720       ??$_Construct_n@AEBQEANAEBQEAN@?$vector@NV?$allocator@N@std@@@std@@AEAAX_KAEBQEAN1@Z 0000000180035720 f i priorityqueue_api.obj
 0001:00034800       ??$_Construct_n@PEBNPEBN@?$vector@NV?$allocator@N@std@@@std@@AEAAX_K$$QEAPEBN1@Z 0000000180035800 f i priorityqueue_api.obj
 0001:000348e0       ??$_Convert_size@_K_K@std@@YA_K_K@Z 00000001800358e0 f i priorityqueue_api.obj
 0001:000348f0       ??$_Copy_memmove@PEANPEAN@std@@YAPEANPEAN00@Z 00000001800358f0 f i priorityqueue_api.obj
 0001:00034990       ??$_Copy_memmove@PEBNPEAN@std@@YAPEANPEBN0PEAN@Z 0000000180035990 f i priorityqueue_api.obj
 0001:00034a30       ??$_Deallocate@$0BA@$0A@@std@@YAXPEAX_K@Z 0000000180035a30 f i priorityqueue_api.obj
 0001:00034a70       ??$_Destroy_in_place@PEAU?$_List_node@U?$pair@$$CBHH@std@@PEAX@std@@@std@@YAXAEAPEAU?$_List_node@U?$pair@$$CBHH@std@@PEAX@0@@Z 0000000180035a70 f i priorityqueue_api.obj
 0001:00034a80       ??$_Destroy_in_place@PEAU?$_List_node@U?$pair@$$CBHV?$vector@NV?$allocator@N@std@@@std@@@std@@PEAX@std@@@std@@YAXAEAPEAU?$_List_node@U?$pair@$$CBHV?$vector@NV?$allocator@N@std@@@std@@@std@@PEAX@0@@Z 0000000180035a80 f i priorityqueue_api.obj
 0001:00034a90       ??$_Destroy_range@PEAV?$_List_unchecked_iterator@V?$_List_val@U?$_List_simple_types@U?$pair@$$CBHH@std@@@std@@@std@@@std@@PEAV12@@std@@YAXPEAV?$_List_unchecked_iterator@V?$_List_val@U?$_List_simple_types@U?$pair@$$CBHH@std@@@std@@@std@@@0@QEAV10@@Z 0000000180035a90 f i priorityqueue_api.obj
 0001:00034aa0       ??$_Destroy_range@PEAV?$_List_unchecked_iterator@V?$_List_val@U?$_List_simple_types@U?$pair@$$CBHV?$vector@NV?$allocator@N@std@@@std@@@std@@@std@@@std@@@std@@PEAV12@@std@@YAXPEAV?$_List_unchecked_iterator@V?$_List_val@U?$_List_simple_types@U?$pair@$$CBHV?$vector@NV?$allocator@N@std@@@std@@@std@@@std@@@std@@@0@QEAV10@@Z 0000000180035aa0 f i priorityqueue_api.obj
 0001:00034ab0       ??$_Destroy_range@V?$allocator@N@std@@@std@@YAXPEANQEANAEAV?$allocator@N@0@@Z 0000000180035ab0 f i priorityqueue_api.obj
 0001:00034ac0       ??$_Destroy_range@V?$allocator@U?$pair@HV?$vector@NV?$allocator@N@std@@@std@@@std@@@std@@@std@@YAXPEAU?$pair@HV?$vector@NV?$allocator@N@std@@@std@@@0@QEAU10@AEAV?$allocator@U?$pair@HV?$vector@NV?$allocator@N@std@@@std@@@std@@@0@@Z 0000000180035ac0 f i priorityqueue_api.obj
 0001:00034b10       ??$_Destroy_range@V?$allocator@V?$vector@NV?$allocator@N@std@@@std@@@std@@@std@@YAXPEAV?$vector@NV?$allocator@N@std@@@0@QEAV10@AEAV?$allocator@V?$vector@NV?$allocator@N@std@@@std@@@0@@Z 0000000180035b10 f i priorityqueue_api.obj
 0001:00034b60       ??$_Emplace_back@AEAN@?$_Uninitialized_backout_al@V?$allocator@N@std@@@std@@QEAAXAEAN@Z 0000000180035b60 f i priorityqueue_api.obj
 0001:00034bc0       ??$_Emplace_back@AEBN@?$_Uninitialized_backout_al@V?$allocator@N@std@@@std@@QEAAXAEBN@Z 0000000180035bc0 f i priorityqueue_api.obj
 0001:00034c20       ??$_Emplace_back@AEBV?$_List_unchecked_iterator@V?$_List_val@U?$_List_simple_types@U?$pair@$$CBHH@std@@@std@@@std@@@std@@@?$_Uninitialized_backout@PEAV?$_List_unchecked_iterator@V?$_List_val@U?$_List_simple_types@U?$pair@$$CBHH@std@@@std@@@std@@@std@@@std@@QEAAXAEBV?$_List_unchecked_iterator@V?$_List_val@U?$_List_simple_types@U?$pair@$$CBHH@std@@@std@@@std@@@1@@Z 0000000180035c20 f i priorityqueue_api.obj
 0001:00034c70       ??$_Emplace_back@AEBV?$_List_unchecked_iterator@V?$_List_val@U?$_List_simple_types@U?$pair@$$CBHV?$vector@NV?$allocator@N@std@@@std@@@std@@@std@@@std@@@std@@@?$_Uninitialized_backout@PEAV?$_List_unchecked_iterator@V?$_List_val@U?$_List_simple_types@U?$pair@$$CBHV?$vector@NV?$allocator@N@std@@@std@@@std@@@std@@@std@@@std@@@std@@QEAAXAEBV?$_List_unchecked_iterator@V?$_List_val@U?$_List_simple_types@U?$pair@$$CBHV?$vector@NV?$allocator@N@std@@@std@@@std@@@std@@@std@@@1@@Z 0000000180035c70 f i priorityqueue_api.obj
 0001:00034cc0       ??$_Emplace_back@U?$pair@HV?$vector@NV?$allocator@N@std@@@std@@@std@@@?$_Uninitialized_backout_al@V?$allocator@U?$pair@HV?$vector@NV?$allocator@N@std@@@std@@@std@@@std@@@std@@QEAAX$$QEAU?$pair@HV?$vector@NV?$allocator@N@std@@@std@@@1@@Z 0000000180035cc0 f i priorityqueue_api.obj
 0001:00034d20       ??$_Emplace_back@V?$vector@NV?$allocator@N@std@@@std@@@?$_Uninitialized_backout_al@V?$allocator@V?$vector@NV?$allocator@N@std@@@std@@@std@@@std@@QEAAX$$QEAV?$vector@NV?$allocator@N@std@@@1@@Z 0000000180035d20 f i priorityqueue_api.obj
 0001:00034d80       ??$_Emplace_back_with_unused_capacity@AEAHV?$vector@NV?$allocator@N@std@@@std@@@?$vector@U?$pair@HV?$vector@NV?$allocator@N@std@@@std@@@std@@V?$allocator@U?$pair@HV?$vector@NV?$allocator@N@std@@@std@@@std@@@2@@std@@AEAAAEAU?$pair@HV?$vector@NV?$allocator@N@std@@@std@@@1@AEAH$$QEAV?$vector@NV?$allocator@N@std@@@1@@Z 0000000180035d80 f i priorityqueue_api.obj
 0001:00034e30       ??$_Emplace_back_with_unused_capacity@AEBHN@?$vector@V?$vector@NV?$allocator@N@std@@@std@@V?$allocator@V?$vector@NV?$allocator@N@std@@@std@@@2@@std@@AEAAAEAV?$vector@NV?$allocator@N@std@@@1@AEBH$$QEAN@Z 0000000180035e30 f i priorityqueue_api.obj
 0001:00034f00       ??$_Emplace_back_with_unused_capacity@AEBV?$vector@NV?$allocator@N@std@@@std@@@?$vector@V?$vector@NV?$allocator@N@std@@@std@@V?$allocator@V?$vector@NV?$allocator@N@std@@@std@@@2@@std@@AEAAAEAV?$vector@NV?$allocator@N@std@@@1@AEBV21@@Z 0000000180035f00 f i priorityqueue_api.obj
 0001:00034fb0       ??$_Emplace_one_at_back@AEAHV?$vector@NV?$allocator@N@std@@@std@@@?$vector@U?$pair@HV?$vector@NV?$allocator@N@std@@@std@@@std@@V?$allocator@U?$pair@HV?$vector@NV?$allocator@N@std@@@std@@@std@@@2@@std@@AEAAAEAU?$pair@HV?$vector@NV?$allocator@N@std@@@std@@@1@AEAH$$QEAV?$vector@NV?$allocator@N@std@@@1@@Z 0000000180035fb0 f i priorityqueue_api.obj
 0001:00035060       ??$_Emplace_one_at_back@AEBHN@?$vector@V?$vector@NV?$allocator@N@std@@@std@@V?$allocator@V?$vector@NV?$allocator@N@std@@@std@@@2@@std@@AEAAAEAV?$vector@NV?$allocator@N@std@@@1@AEBH$$QEAN@Z 0000000180036060 f i priorityqueue_api.obj
 0001:00035110       ??$_Emplace_one_at_back@AEBV?$vector@NV?$allocator@N@std@@@std@@@?$vector@V?$vector@NV?$allocator@N@std@@@std@@V?$allocator@V?$vector@NV?$allocator@N@std@@@std@@@2@@std@@AEAAAEAV?$vector@NV?$allocator@N@std@@@1@AEBV21@@Z 0000000180036110 f i priorityqueue_api.obj
 0001:00035190       ??$_Emplace_reallocate@AEAHV?$vector@NV?$allocator@N@std@@@std@@@?$vector@U?$pair@HV?$vector@NV?$allocator@N@std@@@std@@@std@@V?$allocator@U?$pair@HV?$vector@NV?$allocator@N@std@@@std@@@std@@@2@@std@@AEAAPEAU?$pair@HV?$vector@NV?$allocator@N@std@@@std@@@1@QEAU21@AEAH$$QEAV?$vector@NV?$allocator@N@std@@@1@@Z 0000000180036190 f i priorityqueue_api.obj
 0001:000353d0       ??$_Emplace_reallocate@AEBHN@?$vector@V?$vector@NV?$allocator@N@std@@@std@@V?$allocator@V?$vector@NV?$allocator@N@std@@@std@@@2@@std@@AEAAPEAV?$vector@NV?$allocator@N@std@@@1@QEAV21@AEBH$$QEAN@Z 00000001800363d0 f i priorityqueue_api.obj
 0001:00035610       ??$_Emplace_reallocate@AEBV?$vector@NV?$allocator@N@std@@@std@@@?$vector@V?$vector@NV?$allocator@N@std@@@std@@V?$allocator@V?$vector@NV?$allocator@N@std@@@std@@@2@@std@@AEAAPEAV?$vector@NV?$allocator@N@std@@@1@QEAV21@AEBV21@@Z 0000000180036610 f i priorityqueue_api.obj
 0001:00035830       ??$_Fill_zero_memset@PEAN@std@@YAXPEAN_K@Z 0000000180036830 f i priorityqueue_api.obj
 0001:00035870       ??$_Find@H@?$_Hash@V?$_Umap_traits@HHV?$_Uhash_compare@HU?$hash@H@std@@U?$equal_to@H@2@@std@@V?$allocator@U?$pair@$$CBHH@std@@@2@$0A@@std@@@std@@AEBAPEAU?$_List_node@U?$pair@$$CBHH@std@@PEAX@1@AEBH_K@Z 0000000180036870 f i priorityqueue_api.obj
 0001:000358d0       ??$_Find@H@?$_Hash@V?$_Umap_traits@HV?$vector@NV?$allocator@N@std@@@std@@V?$_Uhash_compare@HU?$hash@H@std@@U?$equal_to@H@2@@2@V?$allocator@U?$pair@$$CBHV?$vector@NV?$allocator@N@std@@@std@@@std@@@2@$0A@@std@@@std@@AEBAPEAU?$_List_node@U?$pair@$$CBHV?$vector@NV?$allocator@N@std@@@std@@@std@@PEAX@1@AEBH_K@Z 00000001800368d0 f i priorityqueue_api.obj
 0001:00035930       ??$_Find_last@H@?$_Hash@V?$_Umap_traits@HHV?$_Uhash_compare@HU?$hash@H@std@@U?$equal_to@H@2@@std@@V?$allocator@U?$pair@$$CBHH@std@@@2@$0A@@std@@@std@@IEBA?AU?$_Hash_find_last_result@PEAU?$_List_node@U?$pair@$$CBHH@std@@PEAX@std@@@1@AEBH_K@Z 0000000180036930 f i priorityqueue_api.obj
 0001:00035a70       ??$_Find_last@H@?$_Hash@V?$_Umap_traits@HV?$vector@NV?$allocator@N@std@@@std@@V?$_Uhash_compare@HU?$hash@H@std@@U?$equal_to@H@2@@2@V?$allocator@U?$pair@$$CBHV?$vector@NV?$allocator@N@std@@@std@@@std@@@2@$0A@@std@@@std@@IEBA?AU?$_Hash_find_last_result@PEAU?$_List_node@U?$pair@$$CBHV?$vector@NV?$allocator@N@std@@@std@@@std@@PEAX@std@@@1@AEBH_K@Z 0000000180036a70 f i priorityqueue_api.obj
 0001:00035bb0       ??$_Fnv1a_append_value@H@std@@YA_K_KAEBH@Z 0000000180036bb0 f i priorityqueue_api.obj
 0001:00035be0       ??$_Free_non_head@V?$allocator@U?$_List_node@U?$pair@$$CBHH@std@@PEAX@std@@@std@@@?$_List_node@U?$pair@$$CBHH@std@@PEAX@std@@SAXAEAV?$allocator@U?$_List_node@U?$pair@$$CBHH@std@@PEAX@std@@@1@PEAU01@@Z 0000000180036be0 f i priorityqueue_api.obj
 0001:00035c50       ??$_Free_non_head@V?$allocator@U?$_List_node@U?$pair@$$CBHV?$vector@NV?$allocator@N@std@@@std@@@std@@PEAX@std@@@std@@@?$_List_node@U?$pair@$$CBHV?$vector@NV?$allocator@N@std@@@std@@@std@@PEAX@std@@SAXAEAV?$allocator@U?$_List_node@U?$pair@$$CBHV?$vector@NV?$allocator@N@std@@@std@@@std@@PEAX@std@@@1@PEAU01@@Z 0000000180036c50 f i priorityqueue_api.obj
 0001:00035cc0       ??$_Freenode0@V?$allocator@U?$_List_node@U?$pair@$$CBHH@std@@PEAX@std@@@std@@@?$_List_node@U?$pair@$$CBHH@std@@PEAX@std@@SAXAEAV?$allocator@U?$_List_node@U?$pair@$$CBHH@std@@PEAX@std@@@1@PEAU01@@Z 0000000180036cc0 f i priorityqueue_api.obj
 0001:00035d10       ??$_Freenode0@V?$allocator@U?$_List_node@U?$pair@$$CBHV?$vector@NV?$allocator@N@std@@@std@@@std@@PEAX@std@@@std@@@?$_List_node@U?$pair@$$CBHV?$vector@NV?$allocator@N@std@@@std@@@std@@PEAX@std@@SAXAEAV?$allocator@U?$_List_node@U?$pair@$$CBHV?$vector@NV?$allocator@N@std@@@std@@@std@@PEAX@std@@@1@PEAU01@@Z 0000000180036d10 f i priorityqueue_api.obj
 0001:00035d60       ??$_Freenode@V?$allocator@U?$_List_node@U?$pair@$$CBHH@std@@PEAX@std@@@std@@@?$_List_node@U?$pair@$$CBHH@std@@PEAX@std@@SAXAEAV?$allocator@U?$_List_node@U?$pair@$$CBHH@std@@PEAX@std@@@1@PEAU01@@Z 0000000180036d60 f i priorityqueue_api.obj
 0001:00035db0       ??$_Freenode@V?$allocator@U?$_List_node@U?$pair@$$CBHV?$vector@NV?$allocator@N@std@@@std@@@std@@PEAX@std@@@std@@@?$_List_node@U?$pair@$$CBHV?$vector@NV?$allocator@N@std@@@std@@@std@@PEAX@std@@SAXAEAV?$allocator@U?$_List_node@U?$pair@$$CBHV?$vector@NV?$allocator@N@std@@@std@@@std@@PEAX@std@@@1@PEAU01@@Z 0000000180036db0 f i priorityqueue_api.obj
 0001:00035e00       ??$_Get_size_of_n@$07@std@@YA_K_K@Z 0000000180036e00 f i priorityqueue_api.obj
 0001:00035e50       ??$_Get_size_of_n@$0BI@@std@@YA_K_K@Z 0000000180036e50 f i priorityqueue_api.obj
 0001:00035e90       ??$_Get_size_of_n@$0CA@@std@@YA_K_K@Z 0000000180036e90 f i priorityqueue_api.obj
 0001:00035ed0       ??$_Get_size_of_n@$0DA@@std@@YA_K_K@Z 0000000180036ed0 f i priorityqueue_api.obj
 0001:00035f10       ??$_Get_unwrapped@AEAPEBN@std@@YA?A_TAEAPEBN@Z 0000000180036f10 f i priorityqueue_api.obj
 0001:00035f20       ??$_Get_unwrapped@AEAV?$_Vector_iterator@V?$_Vector_val@U?$_Simple_types@U?$pair@HV?$vector@NV?$allocator@N@std@@@std@@@std@@@std@@@std@@@std@@@std@@YA?A_TAEAV?$_Vector_iterator@V?$_Vector_val@U?$_Simple_types@U?$pair@HV?$vector@NV?$allocator@N@std@@@std@@@std@@@std@@@std@@@0@@Z 0000000180036f20 f i priorityqueue_api.obj
 0001:00035f40       ??$_Get_unwrapped@AEBQEAU?$pair@HV?$vector@NV?$allocator@N@std@@@std@@@std@@@std@@YA?A_TAEBQEAU?$pair@HV?$vector@NV?$allocator@N@std@@@std@@@0@@Z 0000000180036f40 f i priorityqueue_api.obj
 0001:00035f50       ??$_Get_unwrapped@AEBQEAV?$_List_unchecked_iterator@V?$_List_val@U?$_List_simple_types@U?$pair@$$CBHH@std@@@std@@@std@@@std@@@std@@YA?A_TAEBQEAV?$_List_unchecked_iterator@V?$_List_val@U?$_List_simple_types@U?$pair@$$CBHH@std@@@std@@@std@@@0@@Z 0000000180036f50 f i priorityqueue_api.obj
 0001:00035f60       ??$_Get_unwrapped@AEBQEAV?$_List_unchecked_iterator@V?$_List_val@U?$_List_simple_types@U?$pair@$$CBHV?$vector@NV?$allocator@N@std@@@std@@@std@@@std@@@std@@@std@@@std@@YA?A_TAEBQEAV?$_List_unchecked_iterator@V?$_List_val@U?$_List_simple_types@U?$pair@$$CBHV?$vector@NV?$allocator@N@std@@@std@@@std@@@std@@@std@@@0@@Z 0000000180036f60 f i priorityqueue_api.obj
 0001:00035f70       ??$_Get_unwrapped@AEBQEAV?$vector@NV?$allocator@N@std@@@std@@@std@@YA?A_TAEBQEAV?$vector@NV?$allocator@N@std@@@0@@Z 0000000180036f70 f i priorityqueue_api.obj
 0001:00035f80       ??$_Get_unwrapped@PEAN@std@@YA?A_T$$QEAPEAN@Z 0000000180036f80 f i priorityqueue_api.obj
 0001:00035f90       ??$_Get_unwrapped@PEBN@std@@YA?A_T$$QEAPEBN@Z 0000000180036f90 f i priorityqueue_api.obj
 0001:00035fa0       ??$_Hash_representation@H@std@@YA_KAEBH@Z 0000000180036fa0 f i priorityqueue_api.obj
 0001:00035fd0       ??$_Is_all_bits_zero@N@std@@YA_NAEBN@Z 0000000180036fd0 f i priorityqueue_api.obj
 0001:00036020       ??$_Kfn@$$CBHH@?$_Umap_traits@HHV?$_Uhash_compare@HU?$hash@H@std@@U?$equal_to@H@2@@std@@V?$allocator@U?$pair@$$CBHH@std@@@2@$0A@@std@@SAAEBHAEBU?$pair@$$CBHH@1@@Z 0000000180037020 f i priorityqueue_api.obj
 0001:00036030       ??$_Kfn@$$CBHV?$vector@NV?$allocator@N@std@@@std@@@?$_Umap_traits@HV?$vector@NV?$allocator@N@std@@@std@@V?$_Uhash_compare@HU?$hash@H@std@@U?$equal_to@H@2@@2@V?$allocator@U?$pair@$$CBHV?$vector@NV?$allocator@N@std@@@std@@@std@@@2@$0A@@std@@SAAEBHAEBU?$pair@$$CBHV?$vector@NV?$allocator@N@std@@@std@@@1@@Z 0000000180037030 f i priorityqueue_api.obj
 0001:00036040       ??$_Pass_fn@Ucomparator@PriorityQueueImpl@nav@@@std@@YA?A_PAEAUcomparator@PriorityQueueImpl@nav@@@Z 0000000180037040 f i priorityqueue_api.obj
 0001:00036070       ??$_Pocma@V?$allocator@N@std@@@std@@YAXAEAV?$allocator@N@0@0@Z 0000000180037070 f i priorityqueue_api.obj
 0001:00036090       ??$_Pocma@V?$allocator@U?$_List_node@U?$pair@$$CBHH@std@@PEAX@std@@@std@@@std@@YAXAEAV?$allocator@U?$_List_node@U?$pair@$$CBHH@std@@PEAX@std@@@0@0@Z 0000000180037090 f i priorityqueue_api.obj
 0001:000360b0       ??$_Pocma@V?$allocator@U?$_List_node@U?$pair@$$CBHV?$vector@NV?$allocator@N@std@@@std@@@std@@PEAX@std@@@std@@@std@@YAXAEAV?$allocator@U?$_List_node@U?$pair@$$CBHV?$vector@NV?$allocator@N@std@@@std@@@std@@PEAX@std@@@0@0@Z 00000001800370b0 f i priorityqueue_api.obj
 0001:000360d0       ??$_Pocma@V?$allocator@U?$pair@HV?$vector@NV?$allocator@N@std@@@std@@@std@@@std@@@std@@YAXAEAV?$allocator@U?$pair@HV?$vector@NV?$allocator@N@std@@@std@@@std@@@0@0@Z 00000001800370d0 f i priorityqueue_api.obj
 0001:000360f0       ??$_Pocma@V?$allocator@V?$_List_unchecked_iterator@V?$_List_val@U?$_List_simple_types@U?$pair@$$CBHH@std@@@std@@@std@@@std@@@std@@@std@@YAXAEAV?$allocator@V?$_List_unchecked_iterator@V?$_List_val@U?$_List_simple_types@U?$pair@$$CBHH@std@@@std@@@std@@@std@@@0@0@Z 00000001800370f0 f i priorityqueue_api.obj
 0001:00036110       ??$_Pocma@V?$allocator@V?$_List_unchecked_iterator@V?$_List_val@U?$_List_simple_types@U?$pair@$$CBHV?$vector@NV?$allocator@N@std@@@std@@@std@@@std@@@std@@@std@@@std@@@std@@YAXAEAV?$allocator@V?$_List_unchecked_iterator@V?$_List_val@U?$_List_simple_types@U?$pair@$$CBHV?$vector@NV?$allocator@N@std@@@std@@@std@@@std@@@std@@@std@@@0@0@Z 0000000180037110 f i priorityqueue_api.obj
 0001:00036130       ??$_Pop_heap_hole_by_index@PEAU?$pair@HV?$vector@NV?$allocator@N@std@@@std@@@std@@U12@Ucomparator@PriorityQueueImpl@nav@@@std@@YAXPEAU?$pair@HV?$vector@NV?$allocator@N@std@@@std@@@0@_J1$$QEAU10@Ucomparator@PriorityQueueImpl@nav@@@Z 0000000180037130 f i priorityqueue_api.obj
 0001:000362c0       ??$_Pop_heap_hole_unchecked@PEAU?$pair@HV?$vector@NV?$allocator@N@std@@@std@@@std@@U12@Ucomparator@PriorityQueueImpl@nav@@@std@@YAXPEAU?$pair@HV?$vector@NV?$allocator@N@std@@@std@@@0@00$$QEAU10@Ucomparator@PriorityQueueImpl@nav@@@Z 00000001800372c0 f i priorityqueue_api.obj
 0001:00036330       ??$_Pop_heap_unchecked@PEAU?$pair@HV?$vector@NV?$allocator@N@std@@@std@@@std@@Ucomparator@PriorityQueueImpl@nav@@@std@@YAXPEAU?$pair@HV?$vector@NV?$allocator@N@std@@@std@@@0@0Ucomparator@PriorityQueueImpl@nav@@@Z 0000000180037330 f i priorityqueue_api.obj
 0001:000363c0       ??$_Push_heap_by_index@PEAU?$pair@HV?$vector@NV?$allocator@N@std@@@std@@@std@@U12@Ucomparator@PriorityQueueImpl@nav@@@std@@YAXPEAU?$pair@HV?$vector@NV?$allocator@N@std@@@std@@@0@_J1$$QEAU10@Ucomparator@PriorityQueueImpl@nav@@@Z 00000001800373c0 f i priorityqueue_api.obj
 0001:000364a0       ??$_To_address@PEAN@std@@YA?A_PAEBQEAN@Z 00000001800374a0 f i priorityqueue_api.obj
 0001:000364b0       ??$_To_address@PEBN@std@@YA?A_PAEBQEBN@Z 00000001800374b0 f i priorityqueue_api.obj
 0001:000364c0       ??$_Try_emplace@AEBH$$V@?$_Hash@V?$_Umap_traits@HHV?$_Uhash_compare@HU?$hash@H@std@@U?$equal_to@H@2@@std@@V?$allocator@U?$pair@$$CBHH@std@@@2@$0A@@std@@@std@@IEAA?AU?$pair@PEAU?$_List_node@U?$pair@$$CBHH@std@@PEAX@std@@_N@1@AEBH@Z 00000001800374c0 f i priorityqueue_api.obj
 0001:00036690       ??$_Try_emplace@AEBH$$V@?$_Hash@V?$_Umap_traits@HV?$vector@NV?$allocator@N@std@@@std@@V?$_Uhash_compare@HU?$hash@H@std@@U?$equal_to@H@2@@2@V?$allocator@U?$pair@$$CBHV?$vector@NV?$allocator@N@std@@@std@@@std@@@2@$0A@@std@@@std@@IEAA?AU?$pair@PEAU?$_List_node@U?$pair@$$CBHV?$vector@NV?$allocator@N@std@@@std@@@std@@PEAX@std@@_N@1@AEBH@Z 0000000180037690 f i priorityqueue_api.obj
 0001:00036860       ??$_Tuple_get@$0A@AEBH@std@@YA$$QEA_P$$QEAV?$tuple@AEBH@0@@Z 0000000180037860 f i priorityqueue_api.obj
 0001:00036870       ??$_Unfancy@N@std@@YAPEANPEAN@Z 0000000180037870 f i priorityqueue_api.obj
 0001:00036880       ??$_Unfancy@U?$pair@HV?$vector@NV?$allocator@N@std@@@std@@@std@@@std@@YAPEAU?$pair@HV?$vector@NV?$allocator@N@std@@@std@@@0@PEAU10@@Z 0000000180037880 f i priorityqueue_api.obj
 0001:00036890       ??$_Unfancy@V?$vector@NV?$allocator@N@std@@@std@@@std@@YAPEAV?$vector@NV?$allocator@N@std@@@0@PEAV10@@Z 0000000180037890 f i priorityqueue_api.obj
 0001:000368a0       ??$_Uninitialized_copy@PEANPEANV?$allocator@N@std@@@std@@YAPEANPEAN00AEAV?$allocator@N@0@@Z 00000001800378a0 f i priorityqueue_api.obj
 0001:000369d0       ??$_Uninitialized_copy@PEBNPEBNV?$allocator@N@std@@@std@@YAPEANPEBN0PEANAEAV?$allocator@N@0@@Z 00000001800379d0 f i priorityqueue_api.obj
 0001:00036b00       ??$_Uninitialized_fill_n@V?$allocator@N@std@@@std@@YAPEANPEAN_KAEBNAEAV?$allocator@N@0@@Z 0000000180037b00 f i priorityqueue_api.obj
 0001:00036bb0       ??$_Uninitialized_move@PEAU?$pair@HV?$vector@NV?$allocator@N@std@@@std@@@std@@V?$allocator@U?$pair@HV?$vector@NV?$allocator@N@std@@@std@@@std@@@2@@std@@YAPEAU?$pair@HV?$vector@NV?$allocator@N@std@@@std@@@0@QEAU10@0PEAU10@AEAV?$allocator@U?$pair@HV?$vector@NV?$allocator@N@std@@@std@@@std@@@0@@Z 0000000180037bb0 f i priorityqueue_api.obj
 0001:00036c60       ??$_Uninitialized_move@PEAV?$vector@NV?$allocator@N@std@@@std@@V?$allocator@V?$vector@NV?$allocator@N@std@@@std@@@2@@std@@YAPEAV?$vector@NV?$allocator@N@std@@@0@QEAV10@0PEAV10@AEAV?$allocator@V?$vector@NV?$allocator@N@std@@@std@@@0@@Z 0000000180037c60 f i priorityqueue_api.obj
 0001:00036d10       ??$addressof@$$CBV?$_List_val@U?$_List_simple_types@U?$pair@$$CBHH@std@@@std@@@std@@@std@@YAPEBV?$_List_val@U?$_List_simple_types@U?$pair@$$CBHH@std@@@std@@@0@AEBV10@@Z 0000000180037d10 f i priorityqueue_api.obj
 0001:00036d20       ??$addressof@$$CBV?$_List_val@U?$_List_simple_types@U?$pair@$$CBHV?$vector@NV?$allocator@N@std@@@std@@@std@@@std@@@std@@@std@@YAPEBV?$_List_val@U?$_List_simple_types@U?$pair@$$CBHV?$vector@NV?$allocator@N@std@@@std@@@std@@@std@@@0@AEBV10@@Z 0000000180037d20 f i priorityqueue_api.obj
 0001:00036d30       ??$addressof@PEAU?$_List_node@U?$pair@$$CBHH@std@@PEAX@std@@@std@@YAPEAPEAU?$_List_node@U?$pair@$$CBHH@std@@PEAX@0@AEAPEAU10@@Z 0000000180037d30 f i priorityqueue_api.obj
 0001:00036d40       ??$addressof@PEAU?$_List_node@U?$pair@$$CBHV?$vector@NV?$allocator@N@std@@@std@@@std@@PEAX@std@@@std@@YAPEAPEAU?$_List_node@U?$pair@$$CBHV?$vector@NV?$allocator@N@std@@@std@@@std@@PEAX@0@AEAPEAU10@@Z 0000000180037d40 f i priorityqueue_api.obj
 0001:00036d50       ??$addressof@U?$pair@$$CBHH@std@@@std@@YAPEAU?$pair@$$CBHH@0@AEAU10@@Z 0000000180037d50 f i priorityqueue_api.obj
 0001:00036d60       ??$addressof@U?$pair@$$CBHV?$vector@NV?$allocator@N@std@@@std@@@std@@@std@@YAPEAU?$pair@$$CBHV?$vector@NV?$allocator@N@std@@@std@@@0@AEAU10@@Z 0000000180037d60 f i priorityqueue_api.obj
 0001:00036d70       ??$addressof@U?$pair@HV?$vector@NV?$allocator@N@std@@@std@@@std@@@std@@YAPEAU?$pair@HV?$vector@NV?$allocator@N@std@@@std@@@0@AEAU10@@Z 0000000180037d70 f i priorityqueue_api.obj
 0001:00036d80       ??$addressof@V?$_Hash@V?$_Umap_traits@HHV?$_Uhash_compare@HU?$hash@H@std@@U?$equal_to@H@2@@std@@V?$allocator@U?$pair@$$CBHH@std@@@2@$0A@@std@@@std@@@std@@YAPEAV?$_Hash@V?$_Umap_traits@HHV?$_Uhash_compare@HU?$hash@H@std@@U?$equal_to@H@2@@std@@V?$allocator@U?$pair@$$CBHH@std@@@2@$0A@@std@@@0@AEAV10@@Z 0000000180037d80 f i priorityqueue_api.obj
 0001:00036d90       ??$addressof@V?$_Hash@V?$_Umap_traits@HV?$vector@NV?$allocator@N@std@@@std@@V?$_Uhash_compare@HU?$hash@H@std@@U?$equal_to@H@2@@2@V?$allocator@U?$pair@$$CBHV?$vector@NV?$allocator@N@std@@@std@@@std@@@2@$0A@@std@@@std@@@std@@YAPEAV?$_Hash@V?$_Umap_traits@HV?$vector@NV?$allocator@N@std@@@std@@V?$_Uhash_compare@HU?$hash@H@std@@U?$equal_to@H@2@@2@V?$allocator@U?$pair@$$CBHV?$vector@NV?$allocator@N@std@@@std@@@std@@@2@$0A@@std@@@0@AEAV10@@Z 0000000180037d90 f i priorityqueue_api.obj
 0001:00036da0       ??$addressof@V?$_List_unchecked_iterator@V?$_List_val@U?$_List_simple_types@U?$pair@$$CBHH@std@@@std@@@std@@@std@@@std@@YAPEAV?$_List_unchecked_iterator@V?$_List_val@U?$_List_simple_types@U?$pair@$$CBHH@std@@@std@@@std@@@0@AEAV10@@Z 0000000180037da0 f i priorityqueue_api.obj
 0001:00036db0       ??$addressof@V?$_List_unchecked_iterator@V?$_List_val@U?$_List_simple_types@U?$pair@$$CBHV?$vector@NV?$allocator@N@std@@@std@@@std@@@std@@@std@@@std@@@std@@YAPEAV?$_List_unchecked_iterator@V?$_List_val@U?$_List_simple_types@U?$pair@$$CBHV?$vector@NV?$allocator@N@std@@@std@@@std@@@std@@@std@@@0@AEAV10@@Z 0000000180037db0 f i priorityqueue_api.obj
 0001:00036dc0       ??$addressof@V?$_List_val@U?$_List_simple_types@U?$pair@$$CBHH@std@@@std@@@std@@@std@@YAPEAV?$_List_val@U?$_List_simple_types@U?$pair@$$CBHH@std@@@std@@@0@AEAV10@@Z 0000000180037dc0 f i priorityqueue_api.obj
 0001:00036dd0       ??$addressof@V?$_List_val@U?$_List_simple_types@U?$pair@$$CBHV?$vector@NV?$allocator@N@std@@@std@@@std@@@std@@@std@@@std@@YAPEAV?$_List_val@U?$_List_simple_types@U?$pair@$$CBHV?$vector@NV?$allocator@N@std@@@std@@@std@@@std@@@0@AEAV10@@Z 0000000180037dd0 f i priorityqueue_api.obj
 0001:00036de0       ??$addressof@V?$_Vector_val@U?$_Simple_types@U?$pair@HV?$vector@NV?$allocator@N@std@@@std@@@std@@@std@@@std@@@std@@YAPEAV?$_Vector_val@U?$_Simple_types@U?$pair@HV?$vector@NV?$allocator@N@std@@@std@@@std@@@std@@@0@AEAV10@@Z 0000000180037de0 f i priorityqueue_api.obj
 0001:00036df0       ??$addressof@V?$_Vector_val@U?$_Simple_types@V?$vector@NV?$allocator@N@std@@@std@@@std@@@std@@@std@@YAPEAV?$_Vector_val@U?$_Simple_types@V?$vector@NV?$allocator@N@std@@@std@@@std@@@0@AEAV10@@Z 0000000180037df0 f i priorityqueue_api.obj
 0001:00036e00       ??$addressof@V?$vector@NV?$allocator@N@std@@@std@@@std@@YAPEAV?$vector@NV?$allocator@N@std@@@0@AEAV10@@Z 0000000180037e00 f i priorityqueue_api.obj
 0001:00036e10       ??$addressof@V?$vector@U?$pair@HV?$vector@NV?$allocator@N@std@@@std@@@std@@V?$allocator@U?$pair@HV?$vector@NV?$allocator@N@std@@@std@@@std@@@2@@std@@@std@@YAPEAV?$vector@U?$pair@HV?$vector@NV?$allocator@N@std@@@std@@@std@@V?$allocator@U?$pair@HV?$vector@NV?$allocator@N@std@@@std@@@std@@@2@@0@AEAV10@@Z 0000000180037e10 f i priorityqueue_api.obj
 0001:00036e20       ??$construct@NAEAN@?$_Default_allocator_traits@V?$allocator@N@std@@@std@@SAXAEAV?$allocator@N@1@QEANAEAN@Z 0000000180037e20 f i priorityqueue_api.obj
 0001:00036e70       ??$construct@NAEBN@?$_Default_allocator_traits@V?$allocator@N@std@@@std@@SAXAEAV?$allocator@N@1@QEANAEBN@Z 0000000180037e70 f i priorityqueue_api.obj
 0001:00036ec0       ??$construct@U?$pair@$$CBHH@std@@AEBUpiecewise_construct_t@2@V?$tuple@AEBH@2@V?$tuple@$$V@2@@?$_Default_allocator_traits@V?$allocator@U?$_List_node@U?$pair@$$CBHH@std@@PEAX@std@@@std@@@std@@SAXAEAV?$allocator@U?$_List_node@U?$pair@$$CBHH@std@@PEAX@std@@@1@QEAU?$pair@$$CBHH@1@AEBUpiecewise_construct_t@1@$$QEAV?$tuple@AEBH@1@$$QEAV?$tuple@$$V@1@@Z 0000000180037ec0 f i priorityqueue_api.obj
 0001:00036f70       ??$construct@U?$pair@$$CBHV?$vector@NV?$allocator@N@std@@@std@@@std@@AEBUpiecewise_construct_t@2@V?$tuple@AEBH@2@V?$tuple@$$V@2@@?$_Default_allocator_traits@V?$allocator@U?$_List_node@U?$pair@$$CBHV?$vector@NV?$allocator@N@std@@@std@@@std@@PEAX@std@@@std@@@std@@SAXAEAV?$allocator@U?$_List_node@U?$pair@$$CBHV?$vector@NV?$allocator@N@std@@@std@@@std@@PEAX@std@@@1@QEAU?$pair@$$CBHV?$vector@NV?$allocator@N@std@@@std@@@1@AEBUpiecewise_construct_t@1@$$QEAV?$tuple@AEBH@1@$$QEAV?$tuple@$$V@1@@Z 0000000180037f70 f i priorityqueue_api.obj
 0001:00037020       ??$construct@U?$pair@HV?$vector@NV?$allocator@N@std@@@std@@@std@@AEAHV?$vector@NV?$allocator@N@std@@@2@@?$_Default_allocator_traits@V?$allocator@U?$pair@HV?$vector@NV?$allocator@N@std@@@std@@@std@@@std@@@std@@SAXAEAV?$allocator@U?$pair@HV?$vector@NV?$allocator@N@std@@@std@@@std@@@1@QEAU?$pair@HV?$vector@NV?$allocator@N@std@@@std@@@1@AEAH$$QEAV?$vector@NV?$allocator@N@std@@@1@@Z 0000000180038020 f i priorityqueue_api.obj
 0001:00037080       ??$construct@U?$pair@HV?$vector@NV?$allocator@N@std@@@std@@@std@@U12@@?$_Default_allocator_traits@V?$allocator@U?$pair@HV?$vector@NV?$allocator@N@std@@@std@@@std@@@std@@@std@@SAXAEAV?$allocator@U?$pair@HV?$vector@NV?$allocator@N@std@@@std@@@std@@@1@QEAU?$pair@HV?$vector@NV?$allocator@N@std@@@std@@@1@$$QEAU31@@Z 0000000180038080 f i priorityqueue_api.obj
 0001:000370d0       ??$construct@V?$vector@NV?$allocator@N@std@@@std@@AEBHN@?$_Default_allocator_traits@V?$allocator@V?$vector@NV?$allocator@N@std@@@std@@@std@@@std@@SAXAEAV?$allocator@V?$vector@NV?$allocator@N@std@@@std@@@1@QEAV?$vector@NV?$allocator@N@std@@@1@AEBH$$QEAN@Z 00000001800380d0 f i priorityqueue_api.obj
 0001:00037150       ??$construct@V?$vector@NV?$allocator@N@std@@@std@@AEBV12@@?$_Default_allocator_traits@V?$allocator@V?$vector@NV?$allocator@N@std@@@std@@@std@@@std@@SAXAEAV?$allocator@V?$vector@NV?$allocator@N@std@@@std@@@1@QEAV?$vector@NV?$allocator@N@std@@@1@AEBV31@@Z 0000000180038150 f i priorityqueue_api.obj
 0001:000371a0       ??$construct@V?$vector@NV?$allocator@N@std@@@std@@V12@@?$_Default_allocator_traits@V?$allocator@V?$vector@NV?$allocator@N@std@@@std@@@std@@@std@@SAXAEAV?$allocator@V?$vector@NV?$allocator@N@std@@@std@@@1@QEAV?$vector@NV?$allocator@N@std@@@1@$$QEAV31@@Z 00000001800381a0 f i priorityqueue_api.obj
 0001:000371f0       ??$destroy@U?$pair@$$CBHH@std@@@?$_Default_allocator_traits@V?$allocator@U?$_List_node@U?$pair@$$CBHH@std@@PEAX@std@@@std@@@std@@SAXAEAV?$allocator@U?$_List_node@U?$pair@$$CBHH@std@@PEAX@std@@@1@QEAU?$pair@$$CBHH@1@@Z 00000001800381f0 f i priorityqueue_api.obj
 0001:00037200       ??$destroy@U?$pair@$$CBHV?$vector@NV?$allocator@N@std@@@std@@@std@@@?$_Default_allocator_traits@V?$allocator@U?$_List_node@U?$pair@$$CBHV?$vector@NV?$allocator@N@std@@@std@@@std@@PEAX@std@@@std@@@std@@SAXAEAV?$allocator@U?$_List_node@U?$pair@$$CBHV?$vector@NV?$allocator@N@std@@@std@@@std@@PEAX@std@@@1@QEAU?$pair@$$CBHV?$vector@NV?$allocator@N@std@@@std@@@1@@Z 0000000180038200 f i priorityqueue_api.obj
 0001:00037220       ??$destroy@U?$pair@HV?$vector@NV?$allocator@N@std@@@std@@@std@@@?$_Default_allocator_traits@V?$allocator@U?$pair@HV?$vector@NV?$allocator@N@std@@@std@@@std@@@std@@@std@@SAXAEAV?$allocator@U?$pair@HV?$vector@NV?$allocator@N@std@@@std@@@std@@@1@QEAU?$pair@HV?$vector@NV?$allocator@N@std@@@std@@@1@@Z 0000000180038220 f i priorityqueue_api.obj
 0001:00037240       ??$destroy@V?$vector@NV?$allocator@N@std@@@std@@@?$_Default_allocator_traits@V?$allocator@V?$vector@NV?$allocator@N@std@@@std@@@std@@@std@@SAXAEAV?$allocator@V?$vector@NV?$allocator@N@std@@@std@@@1@QEAV?$vector@NV?$allocator@N@std@@@1@@Z 0000000180038240 f i priorityqueue_api.obj
 0001:00037260       ??$distance@PEBN@std@@YA_JPEBN0@Z 0000000180038260 f i priorityqueue_api.obj
 0001:00037280       ??$emplace@AEAHV?$vector@NV?$allocator@N@std@@@std@@@?$priority_queue@U?$pair@HV?$vector@NV?$allocator@N@std@@@std@@@std@@V?$vector@U?$pair@HV?$vector@NV?$allocator@N@std@@@std@@@std@@V?$allocator@U?$pair@HV?$vector@NV?$allocator@N@std@@@std@@@std@@@2@@2@Ucomparator@PriorityQueueImpl@nav@@@std@@QEAAXAEAH$$QEAV?$vector@NV?$allocator@N@std@@@1@@Z 0000000180038280 f i priorityqueue_api.obj
 0001:00037320       ??$emplace_back@AEAHV?$vector@NV?$allocator@N@std@@@std@@@?$vector@U?$pair@HV?$vector@NV?$allocator@N@std@@@std@@@std@@V?$allocator@U?$pair@HV?$vector@NV?$allocator@N@std@@@std@@@std@@@2@@std@@QEAA?A_TAEAH$$QEAV?$vector@NV?$allocator@N@std@@@1@@Z 0000000180038320 f i priorityqueue_api.obj
 0001:00037370       ??$emplace_back@AEBHN@?$vector@V?$vector@NV?$allocator@N@std@@@std@@V?$allocator@V?$vector@NV?$allocator@N@std@@@std@@@2@@std@@QEAA?A_TAEBH$$QEAN@Z 0000000180038370 f i priorityqueue_api.obj
 0001:000373c0       ??$exchange@PEAN$$T@std@@YAPEANAEAPEAN$$QEA$$T@Z 00000001800383c0 f i priorityqueue_api.obj
 0001:00037400       ??$exchange@PEAU?$_List_node@U?$pair@$$CBHH@std@@PEAX@std@@$$T@std@@YAPEAU?$_List_node@U?$pair@$$CBHH@std@@PEAX@0@AEAPEAU10@$$QEA$$T@Z 0000000180038400 f i priorityqueue_api.obj
 0001:00037440       ??$exchange@PEAU?$_List_node@U?$pair@$$CBHV?$vector@NV?$allocator@N@std@@@std@@@std@@PEAX@std@@$$T@std@@YAPEAU?$_List_node@U?$pair@$$CBHV?$vector@NV?$allocator@N@std@@@std@@@std@@PEAX@0@AEAPEAU10@$$QEA$$T@Z 0000000180038440 f i priorityqueue_api.obj
 0001:00037480       ??$exchange@PEAV?$vector@NV?$allocator@N@std@@@std@@$$T@std@@YAPEAV?$vector@NV?$allocator@N@std@@@0@AEAPEAV10@$$QEA$$T@Z 0000000180038480 f i priorityqueue_api.obj
 0001:000374c0       ??$fill@PEAV?$_List_unchecked_iterator@V?$_List_val@U?$_List_simple_types@U?$pair@$$CBHH@std@@@std@@@std@@@std@@V12@@std@@YAXQEAV?$_List_unchecked_iterator@V?$_List_val@U?$_List_simple_types@U?$pair@$$CBHH@std@@@std@@@std@@@0@0AEBV10@@Z 00000001800384c0 f i priorityqueue_api.obj
 0001:00037540       ??$fill@PEAV?$_List_unchecked_iterator@V?$_List_val@U?$_List_simple_types@U?$pair@$$CBHV?$vector@NV?$allocator@N@std@@@std@@@std@@@std@@@std@@@std@@V12@@std@@YAXQEAV?$_List_unchecked_iterator@V?$_List_val@U?$_List_simple_types@U?$pair@$$CBHV?$vector@NV?$allocator@N@std@@@std@@@std@@@std@@@std@@@0@0AEBV10@@Z 0000000180038540 f i priorityqueue_api.obj
 0001:000375c0       ??$find@X@?$_Hash@V?$_Umap_traits@HHV?$_Uhash_compare@HU?$hash@H@std@@U?$equal_to@H@2@@std@@V?$allocator@U?$pair@$$CBHH@std@@@2@$0A@@std@@@std@@QEAA?AV?$_List_iterator@V?$_List_val@U?$_List_simple_types@U?$pair@$$CBHH@std@@@std@@@std@@@1@AEBH@Z 00000001800385c0 f i priorityqueue_api.obj
 0001:00037620       ??$find@X@?$_Hash@V?$_Umap_traits@HV?$vector@NV?$allocator@N@std@@@std@@V?$_Uhash_compare@HU?$hash@H@std@@U?$equal_to@H@2@@2@V?$allocator@U?$pair@$$CBHV?$vector@NV?$allocator@N@std@@@std@@@std@@@2@$0A@@std@@@std@@QEAA?AV?$_List_iterator@V?$_List_val@U?$_List_simple_types@U?$pair@$$CBHV?$vector@NV?$allocator@N@std@@@std@@@std@@@std@@@std@@@1@AEBH@Z 0000000180038620 f i priorityqueue_api.obj
 0001:00037680       ??$forward@AEAH@std@@YAAEAHAEAH@Z 0000000180038680 f i priorityqueue_api.obj
 0001:00037690       ??$forward@AEAN@std@@YAAEANAEAN@Z 0000000180038690 f i priorityqueue_api.obj
 0001:000376a0       ??$forward@AEAPEAU?$_List_node@U?$pair@$$CBHH@std@@PEAX@std@@@std@@YAAEAPEAU?$_List_node@U?$pair@$$CBHH@std@@PEAX@0@AEAPEAU10@@Z 00000001800386a0 f i priorityqueue_api.obj
 0001:000376b0       ??$forward@AEAPEAU?$_List_node@U?$pair@$$CBHV?$vector@NV?$allocator@N@std@@@std@@@std@@PEAX@std@@@std@@YAAEAPEAU?$_List_node@U?$pair@$$CBHV?$vector@NV?$allocator@N@std@@@std@@@std@@PEAX@0@AEAPEAU10@@Z 00000001800386b0 f i priorityqueue_api.obj
 0001:000376c0       ??$forward@AEBH@std@@YAAEBHAEBH@Z 00000001800386c0 f i priorityqueue_api.obj
 0001:000376d0       ??$forward@AEBN@std@@YAAEBNAEBN@Z 00000001800386d0 f i priorityqueue_api.obj
 0001:000376e0       ??$forward@AEBQEAN@std@@YAAEBQEANAEBQEAN@Z 00000001800386e0 f i priorityqueue_api.obj
 0001:000376f0       ??$forward@AEBQEAU?$_List_node@U?$pair@$$CBHH@std@@PEAX@std@@@std@@YAAEBQEAU?$_List_node@U?$pair@$$CBHH@std@@PEAX@0@AEBQEAU10@@Z 00000001800386f0 f i priorityqueue_api.obj
 0001:00037700       ??$forward@AEBQEAU?$_List_node@U?$pair@$$CBHV?$vector@NV?$allocator@N@std@@@std@@@std@@PEAX@std@@@std@@YAAEBQEAU?$_List_node@U?$pair@$$CBHV?$vector@NV?$allocator@N@std@@@std@@@std@@PEAX@0@AEBQEAU10@@Z 0000000180038700 f i priorityqueue_api.obj
 0001:00037710       ??$forward@AEBUpiecewise_construct_t@std@@@std@@YAAEBUpiecewise_construct_t@0@AEBU10@@Z 0000000180038710 f i priorityqueue_api.obj
 0001:00037720       ??$forward@AEBV?$_List_unchecked_iterator@V?$_List_val@U?$_List_simple_types@U?$pair@$$CBHH@std@@@std@@@std@@@std@@@std@@YAAEBV?$_List_unchecked_iterator@V?$_List_val@U?$_List_simple_types@U?$pair@$$CBHH@std@@@std@@@std@@@0@AEBV10@@Z 0000000180038720 f i priorityqueue_api.obj
 0001:00037730       ??$forward@AEBV?$_List_unchecked_iterator@V?$_List_val@U?$_List_simple_types@U?$pair@$$CBHV?$vector@NV?$allocator@N@std@@@std@@@std@@@std@@@std@@@std@@@std@@YAAEBV?$_List_unchecked_iterator@V?$_List_val@U?$_List_simple_types@U?$pair@$$CBHV?$vector@NV?$allocator@N@std@@@std@@@std@@@std@@@std@@@0@AEBV10@@Z 0000000180038730 f i priorityqueue_api.obj
 0001:00037740       ??$forward@AEBV?$allocator@N@std@@@std@@YAAEBV?$allocator@N@0@AEBV10@@Z 0000000180038740 f i priorityqueue_api.obj
 0001:00037750       ??$forward@AEBV?$allocator@U?$pair@$$CBHH@std@@@std@@@std@@YAAEBV?$allocator@U?$pair@$$CBHH@std@@@0@AEBV10@@Z 0000000180038750 f i priorityqueue_api.obj
 0001:00037760       ??$forward@AEBV?$allocator@U?$pair@$$CBHV?$vector@NV?$allocator@N@std@@@std@@@std@@@std@@@std@@YAAEBV?$allocator@U?$pair@$$CBHV?$vector@NV?$allocator@N@std@@@std@@@std@@@0@AEBV10@@Z 0000000180038760 f i priorityqueue_api.obj
 0001:00037770       ??$forward@AEBV?$vector@NV?$allocator@N@std@@@std@@@std@@YAAEBV?$vector@NV?$allocator@N@std@@@0@AEBV10@@Z 0000000180038770 f i priorityqueue_api.obj
 0001:00037780       ??$forward@H@std@@YA$$QEAHAEAH@Z 0000000180038780 f i priorityqueue_api.obj
 0001:00037790       ??$forward@M@std@@YA$$QEAMAEAM@Z 0000000180038790 f i priorityqueue_api.obj
 0001:000377a0       ??$forward@N@std@@YA$$QEANAEAN@Z 00000001800387a0 f i priorityqueue_api.obj
 0001:000377b0       ??$forward@PEAN@std@@YA$$QEAPEANAEAPEAN@Z 00000001800387b0 f i priorityqueue_api.obj
 0001:000377c0       ??$forward@PEAU?$_List_node@U?$pair@$$CBHH@std@@PEAX@std@@@std@@YA$$QEAPEAU?$_List_node@U?$pair@$$CBHH@std@@PEAX@0@AEAPEAU10@@Z 00000001800387c0 f i priorityqueue_api.obj
 0001:000377d0       ??$forward@PEAU?$_List_node@U?$pair@$$CBHV?$vector@NV?$allocator@N@std@@@std@@@std@@PEAX@std@@@std@@YA$$QEAPEAU?$_List_node@U?$pair@$$CBHV?$vector@NV?$allocator@N@std@@@std@@@std@@PEAX@0@AEAPEAU10@@Z 00000001800387d0 f i priorityqueue_api.obj
 0001:000377e0       ??$forward@PEAV?$vector@NV?$allocator@N@std@@@std@@@std@@YA$$QEAPEAV?$vector@NV?$allocator@N@std@@@0@AEAPEAV10@@Z 00000001800387e0 f i priorityqueue_api.obj
 0001:000377f0       ??$forward@PEBN@std@@YA$$QEAPEBNAEAPEBN@Z 00000001800387f0 f i priorityqueue_api.obj
 0001:00037800       ??$forward@U?$pair@HV?$vector@NV?$allocator@N@std@@@std@@@std@@@std@@YA$$QEAU?$pair@HV?$vector@NV?$allocator@N@std@@@std@@@0@AEAU10@@Z 0000000180038800 f i priorityqueue_api.obj
 0001:00037810       ??$forward@U_Zero_then_variadic_args_t@std@@@std@@YA$$QEAU_Zero_then_variadic_args_t@0@AEAU10@@Z 0000000180038810 f i priorityqueue_api.obj
 0001:00037820       ??$forward@V?$allocator@N@std@@@std@@YA$$QEAV?$allocator@N@0@AEAV10@@Z 0000000180038820 f i priorityqueue_api.obj
 0001:00037830       ??$forward@V?$allocator@V?$vector@NV?$allocator@N@std@@@std@@@std@@@std@@YA$$QEAV?$allocator@V?$vector@NV?$allocator@N@std@@@std@@@0@AEAV10@@Z 0000000180038830 f i priorityqueue_api.obj
 0001:00037840       ??$forward@V?$tuple@$$V@std@@@std@@YA$$QEAV?$tuple@$$V@0@AEAV10@@Z 0000000180038840 f i priorityqueue_api.obj
 0001:00037850       ??$forward@V?$tuple@AEBH@std@@@std@@YA$$QEAV?$tuple@AEBH@0@AEAV10@@Z 0000000180038850 f i priorityqueue_api.obj
 0001:00037860       ??$forward@V?$vector@NV?$allocator@N@std@@@std@@@std@@YA$$QEAV?$vector@NV?$allocator@N@std@@@0@AEAV10@@Z 0000000180038860 f i priorityqueue_api.obj
 0001:00037870       ??$forward@_N@std@@YA$$QEA_NAEA_N@Z 0000000180038870 f i priorityqueue_api.obj
 0001:00037880       ??$forward_as_tuple@$$V@std@@YA?AV?$tuple@$$V@0@XZ 0000000180038880 f i priorityqueue_api.obj
 0001:00037890       ??$forward_as_tuple@AEBH@std@@YA?AV?$tuple@AEBH@0@AEBH@Z 0000000180038890 f i priorityqueue_api.obj
 0001:000378c0       ??$make_pair@HV?$vector@NV?$allocator@N@std@@@std@@@std@@YA?AU?$pair@HV?$vector@NV?$allocator@N@std@@@std@@@0@$$QEAH$$QEAV?$vector@NV?$allocator@N@std@@@0@@Z 00000001800388c0 f i priorityqueue_api.obj
 0001:00037910       ??$max@_K@std@@YAAEB_KAEB_K0@Z 0000000180038910 f i priorityqueue_api.obj
 0001:00037960       ??$min@_K@std@@YAAEB_KAEB_K0@Z 0000000180038960 f i priorityqueue_api.obj
 0001:000379b0       ??$move@AEAPEAN@std@@YA$$QEAPEANAEAPEAN@Z 00000001800389b0 f i priorityqueue_api.obj
 0001:000379c0       ??$move@AEAPEAU?$_List_node@U?$pair@$$CBHH@std@@PEAX@std@@@std@@YA$$QEAPEAU?$_List_node@U?$pair@$$CBHH@std@@PEAX@0@AEAPEAU10@@Z 00000001800389c0 f i priorityqueue_api.obj
 0001:000379d0       ??$move@AEAPEAU?$_List_node@U?$pair@$$CBHV?$vector@NV?$allocator@N@std@@@std@@@std@@PEAX@std@@@std@@YA$$QEAPEAU?$_List_node@U?$pair@$$CBHV?$vector@NV?$allocator@N@std@@@std@@@std@@PEAX@0@AEAPEAU10@@Z 00000001800389d0 f i priorityqueue_api.obj
 0001:000379e0       ??$move@AEAPEAV?$_List_unchecked_iterator@V?$_List_val@U?$_List_simple_types@U?$pair@$$CBHH@std@@@std@@@std@@@std@@@std@@YA$$QEAPEAV?$_List_unchecked_iterator@V?$_List_val@U?$_List_simple_types@U?$pair@$$CBHH@std@@@std@@@std@@@0@AEAPEAV10@@Z 00000001800389e0 f i priorityqueue_api.obj
 0001:000379f0       ??$move@AEAPEAV?$_List_unchecked_iterator@V?$_List_val@U?$_List_simple_types@U?$pair@$$CBHV?$vector@NV?$allocator@N@std@@@std@@@std@@@std@@@std@@@std@@@std@@YA$$QEAPEAV?$_List_unchecked_iterator@V?$_List_val@U?$_List_simple_types@U?$pair@$$CBHV?$vector@NV?$allocator@N@std@@@std@@@std@@@std@@@std@@@0@AEAPEAV10@@Z 00000001800389f0 f i priorityqueue_api.obj
 0001:00037a00       ??$move@AEAPEBN@std@@YA$$QEAPEBNAEAPEBN@Z 0000000180038a00 f i priorityqueue_api.obj
 0001:00037a10       ??$move@AEAU?$pair@HV?$vector@NV?$allocator@N@std@@@std@@@std@@@std@@YA$$QEAU?$pair@HV?$vector@NV?$allocator@N@std@@@std@@@0@AEAU10@@Z 0000000180038a10 f i priorityqueue_api.obj
 0001:00037a20       ??$move@AEAV?$allocator@N@std@@@std@@YA$$QEAV?$allocator@N@0@AEAV10@@Z 0000000180038a20 f i priorityqueue_api.obj
 0001:00037a30       ??$move@AEAV?$allocator@U?$_List_node@U?$pair@$$CBHH@std@@PEAX@std@@@std@@@std@@YA$$QEAV?$allocator@U?$_List_node@U?$pair@$$CBHH@std@@PEAX@std@@@0@AEAV10@@Z 0000000180038a30 f i priorityqueue_api.obj
 0001:00037a40       ??$move@AEAV?$allocator@U?$_List_node@U?$pair@$$CBHV?$vector@NV?$allocator@N@std@@@std@@@std@@PEAX@std@@@std@@@std@@YA$$QEAV?$allocator@U?$_List_node@U?$pair@$$CBHV?$vector@NV?$allocator@N@std@@@std@@@std@@PEAX@std@@@0@AEAV10@@Z 0000000180038a40 f i priorityqueue_api.obj
 0001:00037a50       ??$move@AEAV?$allocator@U?$pair@HV?$vector@NV?$allocator@N@std@@@std@@@std@@@std@@@std@@YA$$QEAV?$allocator@U?$pair@HV?$vector@NV?$allocator@N@std@@@std@@@std@@@0@AEAV10@@Z 0000000180038a50 f i priorityqueue_api.obj
 0001:00037a60       ??$move@AEAV?$allocator@V?$_List_unchecked_iterator@V?$_List_val@U?$_List_simple_types@U?$pair@$$CBHH@std@@@std@@@std@@@std@@@std@@@std@@YA$$QEAV?$allocator@V?$_List_unchecked_iterator@V?$_List_val@U?$_List_simple_types@U?$pair@$$CBHH@std@@@std@@@std@@@std@@@0@AEAV10@@Z 0000000180038a60 f i priorityqueue_api.obj
 0001:00037a70       ??$move@AEAV?$allocator@V?$_List_unchecked_iterator@V?$_List_val@U?$_List_simple_types@U?$pair@$$CBHV?$vector@NV?$allocator@N@std@@@std@@@std@@@std@@@std@@@std@@@std@@@std@@YA$$QEAV?$allocator@V?$_List_unchecked_iterator@V?$_List_val@U?$_List_simple_types@U?$pair@$$CBHV?$vector@NV?$allocator@N@std@@@std@@@std@@@std@@@std@@@std@@@0@AEAV10@@Z 0000000180038a70 f i priorityqueue_api.obj
 0001:00037a80       ??$move@AEAV?$allocator@V?$vector@NV?$allocator@N@std@@@std@@@std@@@std@@YA$$QEAV?$allocator@V?$vector@NV?$allocator@N@std@@@std@@@0@AEAV10@@Z 0000000180038a80 f i priorityqueue_api.obj
 0001:00037a90       ??$move@AEAV?$tuple@AEBH@std@@@std@@YA$$QEAV?$tuple@AEBH@0@AEAV10@@Z 0000000180038a90 f i priorityqueue_api.obj
 0001:00037aa0       ??$move@AEAV?$unordered_map@HHU?$hash@H@std@@U?$equal_to@H@2@V?$allocator@U?$pair@$$CBHH@std@@@2@@std@@@std@@YA$$QEAV?$unordered_map@HHU?$hash@H@std@@U?$equal_to@H@2@V?$allocator@U?$pair@$$CBHH@std@@@2@@0@AEAV10@@Z 0000000180038aa0 f i priorityqueue_api.obj
 0001:00037ab0       ??$move@AEAV?$unordered_map@HV?$vector@NV?$allocator@N@std@@@std@@U?$hash@H@2@U?$equal_to@H@2@V?$allocator@U?$pair@$$CBHV?$vector@NV?$allocator@N@std@@@std@@@std@@@2@@std@@@std@@YA$$QEAV?$unordered_map@HV?$vector@NV?$allocator@N@std@@@std@@U?$hash@H@2@U?$equal_to@H@2@V?$allocator@U?$pair@$$CBHV?$vector@NV?$allocator@N@std@@@std@@@std@@@2@@0@AEAV10@@Z 0000000180038ab0 f i priorityqueue_api.obj
 0001:00037ac0       ??$move@AEAV?$vector@NV?$allocator@N@std@@@std@@@std@@YA$$QEAV?$vector@NV?$allocator@N@std@@@0@AEAV10@@Z 0000000180038ac0 f i priorityqueue_api.obj
 0001:00037ad0       ??$move@AEA_K@std@@YA$$QEA_KAEA_K@Z 0000000180038ad0 f i priorityqueue_api.obj
 0001:00037ae0       ??$pop_heap@V?$_Vector_iterator@V?$_Vector_val@U?$_Simple_types@U?$pair@HV?$vector@NV?$allocator@N@std@@@std@@@std@@@std@@@std@@@std@@Ucomparator@PriorityQueueImpl@nav@@@std@@YAXV?$_Vector_iterator@V?$_Vector_val@U?$_Simple_types@U?$pair@HV?$vector@NV?$allocator@N@std@@@std@@@std@@@std@@@std@@@0@0Ucomparator@PriorityQueueImpl@nav@@@Z 0000000180038ae0 f i priorityqueue_api.obj
[...]
 0003:000136b0       $SG22940                   000000018005c6b0     sl_groundvehicleDynamics_sfun_registry.obj
 0003:00013740       $SG22944                   000000018005c740     sl_groundvehicleDynamics_sfun_registry.obj
 0003:00013760       $SG22945                   000000018005c760     sl_groundvehicleDynamics_sfun_registry.obj
 0003:000137f0       $SG22949                   000000018005c7f0     sl_groundvehicleDynamics_sfun_registry.obj
 0003:00013810       $SG22950                   000000018005c810     sl_groundvehicleDynamics_sfun_registry.obj
 0003:000138a0       $SG22954                   000000018005c8a0     sl_groundvehicleDynamics_sfun_registry.obj
 0003:000138c0       $SG22955                   000000018005c8c0     sl_groundvehicleDynamics_sfun_registry.obj
 0003:00013950       $SG22959                   000000018005c950     sl_groundvehicleDynamics_sfun_registry.obj
 0003:00013970       $SG22960                   000000018005c970     sl_groundvehicleDynamics_sfun_registry.obj
 0003:00013a00       $SG22964                   000000018005ca00     sl_groundvehicleDynamics_sfun_registry.obj
 0003:00013a20       $SG22965                   000000018005ca20     sl_groundvehicleDynamics_sfun_registry.obj
 0003:00013ab0       $SG22969                   000000018005cab0     sl_groundvehicleDynamics_sfun_registry.obj
 0003:00013ad0       $SG22970                   000000018005cad0     sl_groundvehicleDynamics_sfun_registry.obj
 0003:00013b60       $SG22974                   000000018005cb60     sl_groundvehicleDynamics_sfun_registry.obj
 0003:00013b80       $SG22975                   000000018005cb80     sl_groundvehicleDynamics_sfun_registry.obj
 0003:00013c10       $SG22979                   000000018005cc10     sl_groundvehicleDynamics_sfun_registry.obj
 0003:00013c30       $SG22980                   000000018005cc30     sl_groundvehicleDynamics_sfun_registry.obj
 0003:00013cc0       $SG22984                   000000018005ccc0     sl_groundvehicleDynamics_sfun_registry.obj
 0003:00013ce0       $SG22985                   000000018005cce0     sl_groundvehicleDynamics_sfun_registry.obj
 0003:00013d70       $SG22990                   000000018005cd70     sl_groundvehicleDynamics_sfun_registry.obj
 0003:00013d90       $SG22991                   000000018005cd90     sl_groundvehicleDynamics_sfun_registry.obj
 0003:00013e20       $SG22996                   000000018005ce20     sl_groundvehicleDynamics_sfun_registry.obj
 0003:00013e30       $SG22997                   000000018005ce30     sl_groundvehicleDynamics_sfun_registry.obj
 0003:00013ec0       $SG23001                   000000018005cec0     sl_groundvehicleDynamics_sfun_registry.obj
 0003:00013ee0       $SG23002                   000000018005cee0     sl_groundvehicleDynamics_sfun_registry.obj
 0003:00013f70       $SG23006                   000000018005cf70     sl_groundvehicleDynamics_sfun_registry.obj
 0003:00013f80       $SG23007                   000000018005cf80     sl_groundvehicleDynamics_sfun_registry.obj
 0003:00014010       $SG23011                   000000018005d010     sl_groundvehicleDynamics_sfun_registry.obj
 0003:00014030       $SG23012                   000000018005d030     sl_groundvehicleDynamics_sfun_registry.obj
 0003:000140c0       $SG23016                   000000018005d0c0     sl_groundvehicleDynamics_sfun_registry.obj
 0003:000140e0       $SG23017                   000000018005d0e0     sl_groundvehicleDynamics_sfun_registry.obj
 0003:00014170       $SG23021                   000000018005d170     sl_groundvehicleDynamics_sfun_registry.obj
 0003:00014180       $SG23022                   000000018005d180     sl_groundvehicleDynamics_sfun_registry.obj
 0003:00014210       $SG23026                   000000018005d210     sl_groundvehicleDynamics_sfun_registry.obj
 0003:00014220       $SG23027                   000000018005d220     sl_groundvehicleDynamics_sfun_registry.obj
 0003:000142b0       $SG23031                   000000018005d2b0     sl_groundvehicleDynamics_sfun_registry.obj
 0003:000142d0       $SG23032                   000000018005d2d0     sl_groundvehicleDynamics_sfun_registry.obj
 0003:00014360       $SG23036                   000000018005d360     sl_groundvehicleDynamics_sfun_registry.obj
 0003:00014380       $SG23037                   000000018005d380     sl_groundvehicleDynamics_sfun_registry.obj
 0003:00014410       $SG23041                   000000018005d410     sl_groundvehicleDynamics_sfun_registry.obj
 0003:00014420       $SG23042                   000000018005d420     sl_groundvehicleDynamics_sfun_registry.obj
 0003:000144b0       $SG23050                   000000018005d4b0     sl_groundvehicleDynamics_sfun_registry.obj
 0003:000144c0       $SG23051                   000000018005d4c0     sl_groundvehicleDynamics_sfun_registry.obj
 0003:00014550       $SG23057                   000000018005d550     sl_groundvehicleDynamics_sfun_registry.obj
 0003:00014560       $SG23058                   000000018005d560     sl_groundvehicleDynamics_sfun_registry.obj
 0003:000145f0       $SG23062                   000000018005d5f0     sl_groundvehicleDynamics_sfun_registry.obj
 0003:00014600       $SG23063                   000000018005d600     sl_groundvehicleDynamics_sfun_registry.obj
 0003:00014690       $SG23068                   000000018005d690     sl_groundvehicleDynamics_sfun_registry.obj
 0003:000146a0       $SG23069                   000000018005d6a0     sl_groundvehicleDynamics_sfun_registry.obj
 0003:00014730       $SG23073                   000000018005d730     sl_groundvehicleDynamics_sfun_registry.obj
 0003:000147b0       $SG23096                   000000018005d7b0     sl_groundvehicleDynamics_sfun_registry.obj
 0003:000148c8       $SG23104                   000000018005d8c8     sl_groundvehicleDynamics_sfun_registry.obj
 0003:000148d8       $SG23111                   000000018005d8d8     sl_groundvehicleDynamics_sfun_registry.obj
 0003:000148e8       $SG23119                   000000018005d8e8     sl_groundvehicleDynamics_sfun_registry.obj
 0003:000148f8       $SG23126                   000000018005d8f8     sl_groundvehicleDynamics_sfun_registry.obj
 0003:00014908       $SG23134                   000000018005d908     sl_groundvehicleDynamics_sfun_registry.obj
 0003:00014918       $SG23141                   000000018005d918     sl_groundvehicleDynamics_sfun_registry.obj
 0003:00014928       $SG23147                   000000018005d928     sl_groundvehicleDynamics_sfun_registry.obj
 0003:00014948       $SG23157                   000000018005d948     sl_groundvehicleDynamics_sfun_registry.obj
 0003:00014978       $SG23158                   000000018005d978     sl_groundvehicleDynamics_sfun_registry.obj
 0003:00014980       $SG23159                   000000018005d980     sl_groundvehicleDynamics_sfun_registry.obj
 0003:00014988       $SG23169                   000000018005d988     sl_groundvehicleDynamics_sfun_registry.obj
 0003:000149c0       $SG23170                   000000018005d9c0     sl_groundvehicleDynamics_sfun_registry.obj
 0003:000149c8       $SG23171                   000000018005d9c8     sl_groundvehicleDynamics_sfun_registry.obj
 0003:00014b20       sRtwOptimizationInfoStruct 000000018005db20     sl_groundvehicleDynamics_sfun.obj
 0003:00014b28       sOptimizationInfoFlags     000000018005db28     sl_groundvehicleDynamics_sfun.obj
 0003:00014b30       $SG22203                   000000018005db30     c5_sl_groundvehicleDynamics.obj
 0003:00014b31       $SG22207                   000000018005db31     c5_sl_groundvehicleDynamics.obj
 0003:00014b32       $SG22214                   000000018005db32     c5_sl_groundvehicleDynamics.obj
 0003:00014b33       $SG22221                   000000018005db33     c5_sl_groundvehicleDynamics.obj
 0003:00014b34       $SG22228                   000000018005db34     c5_sl_groundvehicleDynamics.obj
 0003:00014b35       $SG22235                   000000018005db35     c5_sl_groundvehicleDynamics.obj
 0003:00014b36       $SG22242                   000000018005db36     c5_sl_groundvehicleDynamics.obj
 0003:00014b37       $SG22246                   000000018005db37     c5_sl_groundvehicleDynamics.obj
 0003:00014b38       $SG22250                   000000018005db38     c5_sl_groundvehicleDynamics.obj
 0003:00014b39       $SG22254                   000000018005db39     c5_sl_groundvehicleDynamics.obj
 0003:00014b3a       $SG22261                   000000018005db3a     c5_sl_groundvehicleDynamics.obj
 0003:00014b3b       $SG22268                   000000018005db3b     c5_sl_groundvehicleDynamics.obj
 0003:00014b3c       $SG22272                   000000018005db3c     c5_sl_groundvehicleDynamics.obj
 0003:00014b3d       $SG22276                   000000018005db3d     c5_sl_groundvehicleDynamics.obj
 0003:00014b3e       $SG22280                   000000018005db3e     c5_sl_groundvehicleDynamics.obj
 0003:00014b3f       $SG22284                   000000018005db3f     c5_sl_groundvehicleDynamics.obj
 0003:00014b40       $SG22288                   000000018005db40     c5_sl_groundvehicleDynamics.obj
 0003:00014b41       $SG22292                   000000018005db41     c5_sl_groundvehicleDynamics.obj
 0003:00014b42       $SG22296                   000000018005db42     c5_sl_groundvehicleDynamics.obj
 0003:00014b43       $SG22300                   000000018005db43     c5_sl_groundvehicleDynamics.obj
 0003:00014b44       $SG22304                   000000018005db44     c5_sl_groundvehicleDynamics.obj
 0003:00014b45       $SG22308                   000000018005db45     c5_sl_groundvehicleDynamics.obj
 0003:00014b46       $SG22312                   000000018005db46     c5_sl_groundvehicleDynamics.obj
 0003:00014b47       $SG22316                   000000018005db47     c5_sl_groundvehicleDynamics.obj
 0003:00014b48       $SG22320                   000000018005db48     c5_sl_groundvehicleDynamics.obj
 0003:00014b49       $SG22324                   000000018005db49     c5_sl_groundvehicleDynamics.obj
 0003:00014b4a       $SG22328                   000000018005db4a     c5_sl_groundvehicleDynamics.obj
 0003:00014b4b       $SG22332                   000000018005db4b     c5_sl_groundvehicleDynamics.obj
 0003:00014b4c       $SG22339                   000000018005db4c     c5_sl_groundvehicleDynamics.obj
 0003:00014b4d       $SG22349                   000000018005db4d     c5_sl_groundvehicleDynamics.obj
 0003:00014b4e       $SG22359                   000000018005db4e     c5_sl_groundvehicleDynamics.obj
 0003:00014b4f       $SG22366                   000000018005db4f     c5_sl_groundvehicleDynamics.obj
 0003:00014b50       $SG22370                   000000018005db50     c5_sl_groundvehicleDynamics.obj
 0003:00014b51       $SG22377                   000000018005db51     c5_sl_groundvehicleDynamics.obj
 0003:00014b52       $SG22384                   000000018005db52     c5_sl_groundvehicleDynamics.obj
 0003:00014b53       $SG22391                   000000018005db53     c5_sl_groundvehicleDynamics.obj
 0003:00014b54       $SG22398                   000000018005db54     c5_sl_groundvehicleDynamics.obj
 0003:00014b55       $SG22405                   000000018005db55     c5_sl_groundvehicleDynamics.obj
 0003:00014b56       $SG22409                   000000018005db56     c5_sl_groundvehicleDynamics.obj
 0003:00014b57       $SG22416                   000000018005db57     c5_sl_groundvehicleDynamics.obj
 0003:00014b58       $SG22420                   000000018005db58     c5_sl_groundvehicleDynamics.obj
 0003:00014b59       $SG22427                   000000018005db59     c5_sl_groundvehicleDynamics.obj
 0003:00014b5a       $SG22431                   000000018005db5a     c5_sl_groundvehicleDynamics.obj
 0003:00014b5b       $SG22438                   000000018005db5b     c5_sl_groundvehicleDynamics.obj
 0003:00014b5c       $SG22442                   000000018005db5c     c5_sl_groundvehicleDynamics.obj
 0003:00014b5d       $SG22449                   000000018005db5d     c5_sl_groundvehicleDynamics.obj
 0003:00014b5e       $SG22456                   000000018005db5e     c5_sl_groundvehicleDynamics.obj
 0003:00014b5f       $SG22463                   000000018005db5f     c5_sl_groundvehicleDynamics.obj
 0003:00014b60       $SG22476                   000000018005db60     c5_sl_groundvehicleDynamics.obj
 0003:00014b61       $SG22483                   000000018005db61     c5_sl_groundvehicleDynamics.obj
 0003:00014b62       $SG22490                   000000018005db62     c5_sl_groundvehicleDynamics.obj
 0003:00014b63       $SG22497                   000000018005db63     c5_sl_groundvehicleDynamics.obj
 0003:00014b64       $SG22504                   000000018005db64     c5_sl_groundvehicleDynamics.obj
 0003:00014b65       $SG22511                   000000018005db65     c5_sl_groundvehicleDynamics.obj
 0003:00014b66       $SG22518                   000000018005db66     c5_sl_groundvehicleDynamics.obj
 0003:00014b67       $SG22525                   000000018005db67     c5_sl_groundvehicleDynamics.obj
 0003:00014b68       $SG22532                   000000018005db68     c5_sl_groundvehicleDynamics.obj
 0003:00014b69       $SG22539                   000000018005db69     c5_sl_groundvehicleDynamics.obj
 0003:00014b6a       $SG22546                   000000018005db6a     c5_sl_groundvehicleDynamics.obj
 0003:00014b6b       $SG22550                   000000018005db6b     c5_sl_groundvehicleDynamics.obj
 0003:00014b6c       $SG22554                   000000018005db6c     c5_sl_groundvehicleDynamics.obj
 0003:00014b6d       $SG22558                   000000018005db6d     c5_sl_groundvehicleDynamics.obj
 0003:00014b6e       $SG22562                   000000018005db6e     c5_sl_groundvehicleDynamics.obj
 0003:00014b6f       $SG22569                   000000018005db6f     c5_sl_groundvehicleDynamics.obj
 0003:00014b70       $SG22573                   000000018005db70     c5_sl_groundvehicleDynamics.obj
 0003:00014b71       $SG22577                   000000018005db71     c5_sl_groundvehicleDynamics.obj
 0003:00014b72       $SG22581                   000000018005db72     c5_sl_groundvehicleDynamics.obj
 0003:00014b73       $SG22585                   000000018005db73     c5_sl_groundvehicleDynamics.obj
 0003:00014b74       $SG22589                   000000018005db74     c5_sl_groundvehicleDynamics.obj
 0003:00014b75       $SG22593                   000000018005db75     c5_sl_groundvehicleDynamics.obj
 0003:00014b76       $SG22597                   000000018005db76     c5_sl_groundvehicleDynamics.obj
 0003:00014b77       $SG22601                   000000018005db77     c5_sl_groundvehicleDynamics.obj
 0003:00014b78       $SG22605                   000000018005db78     c5_sl_groundvehicleDynamics.obj
 0003:00014b79       $SG22609                   000000018005db79     c5_sl_groundvehicleDynamics.obj
 0003:00014b7a       $SG22613                   000000018005db7a     c5_sl_groundvehicleDynamics.obj
 0003:00014b7b       $SG22617                   000000018005db7b     c5_sl_groundvehicleDynamics.obj
 0003:00014b7c       $SG22621                   000000018005db7c     c5_sl_groundvehicleDynamics.obj
 0003:00014b7d       $SG22625                   000000018005db7d     c5_sl_groundvehicleDynamics.obj
 0003:00014b7e       $SG22629                   000000018005db7e     c5_sl_groundvehicleDynamics.obj
 0003:00014b7f       $SG22633                   000000018005db7f     c5_sl_groundvehicleDynamics.obj
 0003:00014b80       $SG22637                   000000018005db80     c5_sl_groundvehicleDynamics.obj
 0003:00014b81       $SG22641                   000000018005db81     c5_sl_groundvehicleDynamics.obj
 0003:00014b82       $SG22645                   000000018005db82     c5_sl_groundvehicleDynamics.obj
 0003:00014b83       $SG22649                   000000018005db83     c5_sl_groundvehicleDynamics.obj
 0003:00014b84       $SG22653                   000000018005db84     c5_sl_groundvehicleDynamics.obj
 0003:00014b85       $SG22657                   000000018005db85     c5_sl_groundvehicleDynamics.obj
 0003:00014b86       $SG22664                   000000018005db86     c5_sl_groundvehicleDynamics.obj
 0003:00014b87       $SG22683                   000000018005db87     c5_sl_groundvehicleDynamics.obj
 0003:00014b88       $SG22690                   000000018005db88     c5_sl_groundvehicleDynamics.obj
 0003:00014b89       $SG22697                   000000018005db89     c5_sl_groundvehicleDynamics.obj
 0003:00014b8a       $SG22704                   000000018005db8a     c5_sl_groundvehicleDynamics.obj
 0003:00014b8b       $SG22714                   000000018005db8b     c5_sl_groundvehicleDynamics.obj
 0003:00014b8c       $SG22724                   000000018005db8c     c5_sl_groundvehicleDynamics.obj
 0003:00014b8d       $SG22731                   000000018005db8d     c5_sl_groundvehicleDynamics.obj
 0003:00014b8e       $SG22738                   000000018005db8e     c5_sl_groundvehicleDynamics.obj
 0003:00014b8f       $SG22745                   000000018005db8f     c5_sl_groundvehicleDynamics.obj
 0003:00014b90       $SG22752                   000000018005db90     c5_sl_groundvehicleDynamics.obj
 0003:00014b91       $SG22762                   000000018005db91     c5_sl_groundvehicleDynamics.obj
 0003:00014b92       $SG22772                   000000018005db92     c5_sl_groundvehicleDynamics.obj
 0003:00014b93       $SG22779                   000000018005db93     c5_sl_groundvehicleDynamics.obj
 0003:00014b94       $SG22786                   000000018005db94     c5_sl_groundvehicleDynamics.obj
 0003:00014b95       $SG22790                   000000018005db95     c5_sl_groundvehicleDynamics.obj
 0003:00014b96       $SG22797                   000000018005db96     c5_sl_groundvehicleDynamics.obj
 0003:00014b97       $SG22801                   000000018005db97     c5_sl_groundvehicleDynamics.obj
 0003:00014b98       _sfTime_                   000000018005db98     c5_sl_groundvehicleDynamics.obj
 0003:00014ba0       $SG23439                   000000018005dba0     c5_sl_groundvehicleDynamics.obj
 0003:00014ba1       $SG24573                   000000018005dba1     c5_sl_groundvehicleDynamics.obj
 0003:00014ba2       $SG28768                   000000018005dba2     c5_sl_groundvehicleDynamics.obj
 0003:00014ba3       $SG30025                   000000018005dba3     c5_sl_groundvehicleDynamics.obj
 0003:00014ba4       $SG30026                   000000018005dba4     c5_sl_groundvehicleDynamics.obj
 0003:00014ba5       $SG30170                   000000018005dba5     c5_sl_groundvehicleDynamics.obj
 0003:00014bb0       ?newstr@?1??sf_c5_sl_groundvehicleDynamics_get_post_codegen_info@@9@9 000000018005dbb0     c5_sl_groundvehicleDynamics.obj
 0003:00015380       sfGlobalMdlStartCallCounts 000000018005e380     sl_groundvehicleDynamics_sfun_registry.obj
 0003:00015384       $SG22560                   000000018005e384     sl_groundvehicleDynamics_sfun_registry.obj
 0003:00015386       ?warningGuard@?1??ssGetRootSS@@9@9 000000018005e386     sl_groundvehicleDynamics_sfun_registry.obj
 0003:00015387       ?warningGuard@?1??ssGetParentSS@@9@9 000000018005e387     sl_groundvehicleDynamics_sfun_registry.obj
 0003:00015390       GS_ExceptionRecord         000000018005e390     MSVCRT:gs_report.obj
 0003:00015430       GS_ContextRecord           000000018005e430     MSVCRT:gs_report.obj
 0003:00015900       ?__proc_attached@@3HA      000000018005e900     MSVCRT:dll_dllmain.obj
 0003:00015940       ?is_initialized_as_dll@@3_NA 000000018005e940     MSVCRT:utility.obj
 0003:00015941       ?module_local_atexit_table_initialized@@3_NA 000000018005e941     MSVCRT:utility.obj
 0003:00015948       ?module_local_atexit_table@@3U_onexit_table_t@@A 000000018005e948     MSVCRT:utility.obj
 0003:00015960       ?module_local_at_quick_exit_table@@3U_onexit_table_t@@A 000000018005e960     MSVCRT:utility.obj
