 sl_groundvehicleDynamics_sfun

 Timestamp is 6710ef1b (Thu Oct 17 21:03:55 2024)

 Preferred load address is 0000000180000000

 Start         Length     Name                   Class
 0001:00000000 00042f90H .text$mn                CODE
 0001:00042f90 00000040H .text$mn$00             CODE
 0001:00042fd0 0000057aH .text$x                 CODE
 0002:00000000 00000630H .idata$5                DATA
 0002:00000630 00000038H .00cfg                  DATA
 0002:00000668 00000008H .CRT$XCA                DATA
 0002:00000670 00000008H .CRT$XCZ                DATA
 0002:00000678 00000008H .CRT$XIA                DATA
 0002:00000680 00000008H .CRT$XIZ                DATA
 0002:00000688 00000008H .CRT$XPA                DATA
 0002:00000690 00000008H .CRT$XPZ                DATA
 0002:00000698 00000008H .CRT$XTA                DATA
 0002:000006a0 00000010H .CRT$XTZ                DATA
 0002:000006a8 00000000H .gehcont$y              DATA
 0002:000006a8 00000000H .gfids$y                DATA
 0002:000006b0 000005d0H .rdata                  DATA
 0002:00000c80 00000080H .rdata$CastGuardVftablesA DATA
 0002:00000d00 00000080H .rdata$CastGuardVftablesC DATA
 0002:00000d80 000001f4H .rdata$r                DATA
 0002:00000f74 0000029cH .rdata$voltmd           DATA
 0002:00001210 000002c8H .rdata$zzzdbg           DATA
 0002:000014d8 00000008H .rtc$IAA                DATA
 0002:000014e0 00000008H .rtc$IZZ                DATA
 0002:000014e8 00000008H .rtc$TAA                DATA
 0002:000014f0 00000008H .rtc$TZZ                DATA
 0002:000014f8 00002290H .xdata                  DATA
 0002:00003788 000000f8H .xdata$x                DATA
 0002:00003880 00000088H .edata                  DATA
 0002:00003908 00000140H .idata$2                DATA
 0002:00003a48 00000018H .idata$3                DATA
 0002:00003a60 00000630H .idata$4                DATA
 0002:00004090 000011e4H .idata$6                DATA
 0003:00000000 00016378H .data                   DATA
 0003:00016378 00000080H .data$r                 DATA
 0003:000163f8 00000028H .data$rs                DATA
 0003:00016420 00000ed0H .bss                    DATA
 0004:00000000 00002670H .pdata                  DATA

  Address         Publics by Value              Rva+Base               Lib:Object

 0000:00000000       __AbsoluteZero             0000000000000000     <absolute>
 0000:00000000       ___safe_se_handler_count   0000000000000000     <absolute>
 0000:00000000       ___safe_se_handler_table   0000000000000000     <absolute>
 0000:00000000       __arm64x_extra_rfe_table   0000000000000000     <absolute>
 0000:00000000       __arm64x_extra_rfe_table_size 0000000000000000     <absolute>
 0000:00000000       __arm64x_native_entrypoint 0000000000000000     <absolute>
 0000:00000000       __arm64x_redirection_metadata 0000000000000000     <absolute>
 0000:00000000       __arm64x_redirection_metadata_count 0000000000000000     <absolute>
 0000:00000000       __dynamic_value_reloc_table 0000000000000000     <absolute>
 0000:00000000       __enclave_config           0000000000000000     <absolute>
 0000:00000000       __guard_check_icall_a64n_fptr 0000000000000000     <absolute>
 0000:00000000       __guard_eh_cont_count      0000000000000000     <absolute>
 0000:00000000       __guard_eh_cont_table      0000000000000000     <absolute>
 0000:00000000       __guard_fids_count         0000000000000000     <absolute>
 0000:00000000       __guard_fids_table         0000000000000000     <absolute>
 0000:00000000       __guard_iat_count          0000000000000000     <absolute>
 0000:00000000       __guard_iat_table          0000000000000000     <absolute>
 0000:00000000       __guard_longjmp_count      0000000000000000     <absolute>
 0000:00000000       __guard_longjmp_table      0000000000000000     <absolute>
 0000:00000000       __hybrid_auxiliary_delayload_iat 0000000000000000     <absolute>
 0000:00000000       __hybrid_auxiliary_delayload_iat_copy 0000000000000000     <absolute>
 0000:00000000       __hybrid_auxiliary_iat     0000000000000000     <absolute>
 0000:00000000       __hybrid_auxiliary_iat_copy 0000000000000000     <absolute>
 0000:00000000       __hybrid_code_map          0000000000000000     <absolute>
 0000:00000000       __hybrid_code_map_count    0000000000000000     <absolute>
 0000:00000000       __hybrid_image_info_bitfield 0000000000000000     <absolute>
 0000:00000000       __x64_code_ranges_to_entry_points 0000000000000000     <absolute>
 0000:00000000       __x64_code_ranges_to_entry_points_count 0000000000000000     <absolute>
 0000:00000100       __guard_flags              0000000000000100     <absolute>
 0000:00000000       __ImageBase                0000000180000000     <linker-defined>
 0001:00000000       sl_groundvehicleDynamics_initializer 0000000180001000 f   sl_groundvehicleDynamics_sfun.obj
 0001:00000010       sl_groundvehicleDynamics_terminator 0000000180001010 f   sl_groundvehicleDynamics_sfun.obj
 0001:00000020       load_sl_groundvehicleDynamics_optimization_info 0000000180001020 f   sl_groundvehicleDynamics_sfun.obj
 0001:000000d0       unload_sl_groundvehicleDynamics_optimization_info 00000001800010d0 f   sl_groundvehicleDynamics_sfun.obj
 0001:00000100       sf_sl_groundvehicleDynamics_method_dispatcher 0000000180001100 f   sl_groundvehicleDynamics_sfun.obj
 0001:00000150       sf_sl_groundvehicleDynamics_process_check_sum_call 0000000180001150 f   sl_groundvehicleDynamics_sfun.obj
 0001:00000640       sf_sl_groundvehicleDynamics_get_eml_resolved_functions_info 0000000180001640 f   sl_groundvehicleDynamics_sfun.obj
 0001:00000820       sf_sl_groundvehicleDynamics_third_party_uses_info 0000000180001820 f   sl_groundvehicleDynamics_sfun.obj
 0001:000009f0       sf_sl_groundvehicleDynamics_jit_fallback_info 00000001800019f0 f   sl_groundvehicleDynamics_sfun.obj
 0001:00000bc0       sf_sl_groundvehicleDynamics_get_post_codegen_info 0000000180001bc0 f   sl_groundvehicleDynamics_sfun.obj
 0001:00000da0       sf_sl_groundvehicleDynamics_updateBuildInfo_args_info 0000000180001da0 f   sl_groundvehicleDynamics_sfun.obj
 0001:00000f60       sf_c5_sl_groundvehicleDynamics_get_eml_resolved_functions_info 0000000180001f60 f   c5_sl_groundvehicleDynamics.obj
 0001:00001000       sf_c5_sl_groundvehicleDynamics_get_check_sum 0000000180002000 f   c5_sl_groundvehicleDynamics.obj
 0001:000010d0       c5_sl_groundvehicleDynamics_method_dispatcher 00000001800020d0 f   c5_sl_groundvehicleDynamics.obj
 0001:00029eb0       sf_c5_sl_groundvehicleDynamics_third_party_uses_info 000000018002aeb0 f   c5_sl_groundvehicleDynamics.obj
 0001:00029f00       sf_c5_sl_groundvehicleDynamics_jit_fallback_info 000000018002af00 f   c5_sl_groundvehicleDynamics.obj
 0001:0002a090       sf_c5_sl_groundvehicleDynamics_updateBuildInfo_args_info 000000018002b090 f   c5_sl_groundvehicleDynamics.obj
 0001:0002a3b0       sf_c5_sl_groundvehicleDynamics_get_post_codegen_info 000000018002b3b0 f   c5_sl_groundvehicleDynamics.obj
 0001:0002a980       mexFunction                000000018002b980 f   sl_groundvehicleDynamics_sfun_registry.obj
 0001:0002d250       _ssSetInputPortDirectFeedThroughFcn 000000018002e250 f   sl_groundvehicleDynamics_sfun_registry.obj
 0001:0002d3c0       _ssSetRWorkValueFcn        000000018002e3c0 f   sl_groundvehicleDynamics_sfun_registry.obj
 0001:0002d440       _ssGetRWorkValueFcn        000000018002e440 f   sl_groundvehicleDynamics_sfun_registry.obj
 0001:0002d4b0       _ssSetIWorkValueFcn        000000018002e4b0 f   sl_groundvehicleDynamics_sfun_registry.obj
 0001:0002d530       _ssGetIWorkValueFcn        000000018002e530 f   sl_groundvehicleDynamics_sfun_registry.obj
 0001:0002d5a0       _ssSetPWorkValueFcn        000000018002e5a0 f   sl_groundvehicleDynamics_sfun_registry.obj
 0001:0002d620       _ssGetPWorkValueFcn        000000018002e620 f   sl_groundvehicleDynamics_sfun_registry.obj
 0001:0002d690       _ssGetInputPortSignalFcn   000000018002e690 f   sl_groundvehicleDynamics_sfun_registry.obj
 0001:0002da20       _ssGetInputPortBufferDstPortFcn 000000018002ea20 f   sl_groundvehicleDynamics_sfun_registry.obj
 0001:0002daa0       _ssGetInputPortSignalPtrsFcn 000000018002eaa0 f   sl_groundvehicleDynamics_sfun_registry.obj
 0001:0002de30       ssGetParameterTuningCompliance 000000018002ee30 f   sl_groundvehicleDynamics_sfun_registry.obj
 0001:0002dea0       _ssReadInputStringFcn      000000018002eea0 f   sl_groundvehicleDynamics_sfun_registry.obj
 0001:0002df10       ssGetDTypeIdFromMxArray    000000018002ef10 f   sl_groundvehicleDynamics_sfun_registry.obj
 0001:0002e030       ssWriteRTWMx2dMatParam     000000018002f030 f   sl_groundvehicleDynamics_sfun_registry.obj
 0001:0002e0c0       ssWriteRTWMxVectParam      000000018002f0c0 f   sl_groundvehicleDynamics_sfun_registry.obj
 0001:0002e140       ssWriteRTWParameters       000000018002f140 f   sl_groundvehicleDynamics_sfun_registry.obj
 0001:0002e700       ssWriteRTWParamSettings    000000018002f700 f   sl_groundvehicleDynamics_sfun_registry.obj
 0001:0002edf0       ssWriteRTWStr              000000018002fdf0 f   sl_groundvehicleDynamics_sfun_registry.obj
 0001:0002ee50       ssWriteRTWWorkVect         000000018002fe50 f   sl_groundvehicleDynamics_sfun_registry.obj
 0001:0002f3b0       ssWarning                  00000001800303b0 f   sl_groundvehicleDynamics_sfun_registry.obj
 0001:0002f4a0       ssGetRootSS                00000001800304a0 f   sl_groundvehicleDynamics_sfun_registry.obj
 0001:0002f560       ssGetParentSS              0000000180030560 f   sl_groundvehicleDynamics_sfun_registry.obj
 0001:0002f620       ssWriteRTWNameValuePair    0000000180030620 f   sl_groundvehicleDynamics_sfun_registry.obj
 0001:0002fb20       _ssSetInputPortMatrixDimensions 0000000180030b20 f   sl_groundvehicleDynamics_sfun_registry.obj
 0001:0002fc70       _ssSetOutputPortMatrixDimensions 0000000180030c70 f   sl_groundvehicleDynamics_sfun_registry.obj
 0001:0002fdc0       _ssSetInputPortVectorDimension 0000000180030dc0 f   sl_groundvehicleDynamics_sfun_registry.obj
 0001:0002fe70       _ssSetOutputPortVectorDimension 0000000180030e70 f   sl_groundvehicleDynamics_sfun_registry.obj
 0001:0002ff20       ssIsRunTimeParamTunable    0000000180030f20 f   sl_groundvehicleDynamics_sfun_registry.obj
 0001:0002ff90       ssGetSFuncBlockHandle      0000000180030f90 f   sl_groundvehicleDynamics_sfun_registry.obj
 0001:00030000       _ssGetCallSystemNumFcnCallDestinations 0000000180031000 f   sl_groundvehicleDynamics_sfun_registry.obj
 0001:00030070       _ssGetCurrentInputPortWidth 0000000180031070 f   sl_groundvehicleDynamics_sfun_registry.obj
 0001:000301b0       _ssGetCurrentOutputPortWidth 00000001800311b0 f   sl_groundvehicleDynamics_sfun_registry.obj
 0001:000302f0       ssGetIsZeroCrossControlDisabled 00000001800312f0 f   sl_groundvehicleDynamics_sfun_registry.obj
 0001:00030360       ssSetIsInputPortUsedForContZcSignal 0000000180031360 f   sl_groundvehicleDynamics_sfun_registry.obj
 0001:000303d0       ssSetZcSignalIsZcElementDisc 00000001800313d0 f   sl_groundvehicleDynamics_sfun_registry.obj
 0001:00030480       ssSetZcSignalName          0000000180031480 f   sl_groundvehicleDynamics_sfun_registry.obj
 0001:000304f0       ssSetZcSignalWidth         00000001800314f0 f   sl_groundvehicleDynamics_sfun_registry.obj
 0001:00030560       ssSetZcSignalZcEventType   0000000180031560 f   sl_groundvehicleDynamics_sfun_registry.obj
 0001:000305d0       ssSetZcSignalType          00000001800315d0 f   sl_groundvehicleDynamics_sfun_registry.obj
 0001:00030640       ssSetZcSignalZcTol         0000000180031640 f   sl_groundvehicleDynamics_sfun_registry.obj
 0001:000306b0       ssSetZcSignalNeedsEventNotification 00000001800316b0 f   sl_groundvehicleDynamics_sfun_registry.obj
 0001:00030720       ssCreateAndAddZcSignalInfo 0000000180031720 f   sl_groundvehicleDynamics_sfun_registry.obj
 0001:00030790       ssCloneAndAddZcSignalInfo  0000000180031790 f   sl_groundvehicleDynamics_sfun_registry.obj
 0001:00030800       ssGetNumZcSignals          0000000180031800 f   sl_groundvehicleDynamics_sfun_registry.obj
 0001:00030870       ssGetZcSignalVector        0000000180031870 f   sl_groundvehicleDynamics_sfun_registry.obj
 0001:000308e0       ssGetZcSignalName          00000001800318e0 f   sl_groundvehicleDynamics_sfun_registry.obj
 0001:00030950       ssGetZcSignalWidth         0000000180031950 f   sl_groundvehicleDynamics_sfun_registry.obj
 0001:000309c0       ssGetZcSignalZcEventType   00000001800319c0 f   sl_groundvehicleDynamics_sfun_registry.obj
 0001:00030a30       ssGetZcSignalZcEvents      0000000180031a30 f   sl_groundvehicleDynamics_sfun_registry.obj
 0001:00030aa0       ssGetZcSignalType          0000000180031aa0 f   sl_groundvehicleDynamics_sfun_registry.obj
 0001:00030b10       ssGetZcSignalZcTol         0000000180031b10 f   sl_groundvehicleDynamics_sfun_registry.obj
 0001:00030b90       ssGetZcSignalNeedsEventNotification 0000000180031b90 f   sl_groundvehicleDynamics_sfun_registry.obj
 0001:00030c00       ssGetZcSignalIsZcElementDisc 0000000180031c00 f   sl_groundvehicleDynamics_sfun_registry.obj
 0001:00030ca0       ssGetIsInputPortElementContinuous 0000000180031ca0 f   sl_groundvehicleDynamics_sfun_registry.obj
 0001:00030d40       _ssGetAbsTol               0000000180031d40 f   sl_groundvehicleDynamics_sfun_registry.obj
 0001:00030db0       _ssSetStateAbsTol          0000000180031db0 f   sl_groundvehicleDynamics_sfun_registry.obj
 0001:00030e90       _ssSetInputPortReusableFcn 0000000180031e90 f   sl_groundvehicleDynamics_sfun_registry.obj
 0001:00030f90       _ssSetOutputPortReusableFcn 0000000180031f90 f   sl_groundvehicleDynamics_sfun_registry.obj
 0001:00031090       _ssSetSymbolicDimsSupport  0000000180032090 f   sl_groundvehicleDynamics_sfun_registry.obj
 0001:00031100       _ssRegisterSymbolicDimsExpr 0000000180032100 f   sl_groundvehicleDynamics_sfun_registry.obj
 0001:00031180       _ssRegisterSymbolicDimsMATLABExpr 0000000180032180 f   sl_groundvehicleDynamics_sfun_registry.obj
 0001:00031210       _ssRegisterSymbolicDims    0000000180032210 f   sl_groundvehicleDynamics_sfun_registry.obj
 0001:000312b0       _ssRegisterSymbolicDimsString 00000001800322b0 f   sl_groundvehicleDynamics_sfun_registry.obj
 0001:00031330       _ssRegisterSymbolicDimsIntValue 0000000180032330 f   sl_groundvehicleDynamics_sfun_registry.obj
 0001:000313a0       _ssRegisterSymbolicEqualRelation 00000001800323a0 f   sl_groundvehicleDynamics_sfun_registry.obj
 0001:00031410       _ssRegisterSymbolicEqualValue 0000000180032410 f   sl_groundvehicleDynamics_sfun_registry.obj
 0001:00031480       _ssAmendLeadingSymbolicDims 0000000180032480 f   sl_groundvehicleDynamics_sfun_registry.obj
 0001:00031500       _ssAmendTrailingSymbolicDims 0000000180032500 f   sl_groundvehicleDynamics_sfun_registry.obj
 0001:00031580       _ssRegisterSymbolicDimsPlus 0000000180032580 f   sl_groundvehicleDynamics_sfun_registry.obj
 0001:00031600       _ssRegisterSymbolicDimsMinus 0000000180032600 f   sl_groundvehicleDynamics_sfun_registry.obj
 0001:00031680       _ssRegisterSymbolicDimsMultiply 0000000180032680 f   sl_groundvehicleDynamics_sfun_registry.obj
 0001:00031700       _ssRegisterSymbolicDimsDivide 0000000180032700 f   sl_groundvehicleDynamics_sfun_registry.obj
 0001:00031780       _ssGetNumSymbolicDims      0000000180032780 f   sl_groundvehicleDynamics_sfun_registry.obj
 0001:000317f0       _ssGetSymbolicDim          00000001800327f0 f   sl_groundvehicleDynamics_sfun_registry.obj
 0001:00031870       _ssSetInputPortSymbolicDimsId 0000000180032870 f   sl_groundvehicleDynamics_sfun_registry.obj
 0001:000318e0       _ssGetCompInputPortSymbolicDimsId 00000001800328e0 f   sl_groundvehicleDynamics_sfun_registry.obj
 0001:00031950       _ssSetCompInputPortSymbolicDimsId 0000000180032950 f   sl_groundvehicleDynamics_sfun_registry.obj
 0001:000319c0       _ssSetOutputPortSymbolicDimsId 00000001800329c0 f   sl_groundvehicleDynamics_sfun_registry.obj
 0001:00031a30       _ssGetCompOutputPortSymbolicDimsId 0000000180032a30 f   sl_groundvehicleDynamics_sfun_registry.obj
 0001:00031aa0       _ssSetCompOutputPortSymbolicDimsId 0000000180032aa0 f   sl_groundvehicleDynamics_sfun_registry.obj
 0001:00031b10       _ssGetDWorkSymbolicDimsId  0000000180032b10 f   sl_groundvehicleDynamics_sfun_registry.obj
 0001:00031b80       _ssSetDWorkSymbolicDimsId  0000000180032b80 f   sl_groundvehicleDynamics_sfun_registry.obj
 0001:00031bf0       _ssGetCompDWorkSymbolicDimsId 0000000180032bf0 f   sl_groundvehicleDynamics_sfun_registry.obj
 0001:00031c60       _ssSetCompDWorkSymbolicDimsId 0000000180032c60 f   sl_groundvehicleDynamics_sfun_registry.obj
 0001:00031cd0       _ssCreateSLCGStringBuffer  0000000180032cd0 f   sl_groundvehicleDynamics_sfun_registry.obj
 0001:00031d40       _ssAddToSLCGStringBuffer   0000000180032d40 f   sl_groundvehicleDynamics_sfun_registry.obj
 0001:00031db0       _ssGetPointerContainedData 0000000180032db0 f   sl_groundvehicleDynamics_sfun_registry.obj
 0001:00031e40       _ssGetPointerContainedDataWidth 0000000180032e40 f   sl_groundvehicleDynamics_sfun_registry.obj
 0001:00031ed0       _ssRegisterDynamicArrayDataTypeFcn 0000000180032ed0 f   sl_groundvehicleDynamics_sfun_registry.obj
 0001:00031f70       _ssGetDynamicArrayContainedDataCurrentWidthFcn 0000000180032f70 f   sl_groundvehicleDynamics_sfun_registry.obj
 0001:00032040       _ssGetDynamicArrayContainedDataFcn 0000000180033040 f   sl_groundvehicleDynamics_sfun_registry.obj
 0001:00032110       _ssGetInputPortDynamicArrayDataFcn 0000000180033110 f   sl_groundvehicleDynamics_sfun_registry.obj
 0001:000321d0       _ssGetOutputPortDynamicArrayDataFcn 00000001800331d0 f   sl_groundvehicleDynamics_sfun_registry.obj
 0001:00032290       _ssGetInputPortDynamicArrayContainedDataFcn 0000000180033290 f   sl_groundvehicleDynamics_sfun_registry.obj
 0001:00032350       _ssGetOutputPortDynamicArrayContainedDataFcn 0000000180033350 f   sl_groundvehicleDynamics_sfun_registry.obj
 0001:00032410       _ssGetDynamicArrayDWorkContainedDataFcn 0000000180033410 f   sl_groundvehicleDynamics_sfun_registry.obj
 0001:000324d0       sf_process_check_sum_call  00000001800334d0 f   sl_groundvehicleDynamics_sfun_registry.obj
 0001:00032520       sf_process_get_third_party_uses_info_call 0000000180033520 f   sl_groundvehicleDynamics_sfun_registry.obj
 0001:00032750       sf_process_get_jit_fallback_info_call 0000000180033750 f   sl_groundvehicleDynamics_sfun_registry.obj
 0001:00032980       sf_process_get_post_codegen_info_call 0000000180033980 f   sl_groundvehicleDynamics_sfun_registry.obj
 0001:00032bb0       sf_process_get_updateBuildInfo_args_info_call 0000000180033bb0 f   sl_groundvehicleDynamics_sfun_registry.obj
 0001:00032de0       sf_process_get_eml_resolved_functions_info_call 0000000180033de0 f   sl_groundvehicleDynamics_sfun_registry.obj
 0001:00033010       sf_mex_unlock_call         0000000180034010 f   sl_groundvehicleDynamics_sfun_registry.obj
 0001:00033230       sf_machine_global_initializer_called 0000000180034230 f   sl_groundvehicleDynamics_sfun_registry.obj
 0001:00033260       sf_machine_global_method_dispatcher 0000000180034260 f   sl_groundvehicleDynamics_sfun_registry.obj
 0001:000332c0       sf_machine_global_terminator 00000001800342c0 f   sl_groundvehicleDynamics_sfun_registry.obj
 0001:000332f0       callCustomFcn              00000001800342f0 f   sl_groundvehicleDynamics_sfun_registry.obj
 0001:00033300       sf_machine_global_initializer 0000000180034300 f   sl_groundvehicleDynamics_sfun_registry.obj
 0001:00033330       mdlGetSimState             0000000180034330 f   sl_groundvehicleDynamics_sfun_registry.obj
 0001:00033370       mdlSetSimState             0000000180034370 f   sl_groundvehicleDynamics_sfun_registry.obj
 0001:00033ce0       ProcessMexSfunctionEveryCall 0000000180034ce0 f   sl_groundvehicleDynamics_sfun_registry.obj
 0001:00034e60       __local_stdio_printf_options 0000000180035e60 f i sl_groundvehicleDynamics_sfun_registry.obj
 0001:00034e70       _vsnprintf_l               0000000180035e70 f i sl_groundvehicleDynamics_sfun_registry.obj
 0001:00034ef0       _vsprintf_l                0000000180035ef0 f i sl_groundvehicleDynamics_sfun_registry.obj
 0001:00034f40       sprintf                    0000000180035f40 f i sl_groundvehicleDynamics_sfun_registry.obj
 0001:00034f90       mexfilerequiredapiversion  0000000180035f90 f   c_mexapi_version.obj
 0001:00034fc0       priorityqueuecodegen_constructPQ 0000000180035fc0 f   priorityqueue_api.obj
 0001:00035040       priorityqueuecodegen_destructPQ 0000000180036040 f   priorityqueue_api.obj
 0001:000350a0       priorityqueuecodegen_push  00000001800360a0 f   priorityqueue_api.obj
 0001:000350e0       priorityqueuecodegen_top   00000001800360e0 f   priorityqueue_api.obj
 0001:00035180       priorityqueuecodegen_pop   0000000180036180 f   priorityqueue_api.obj
 0001:000351b0       priorityqueuecodegen_size  00000001800361b0 f   priorityqueue_api.obj
 0001:000351e0       priorityqueuecodegen_isEmpty 00000001800361e0 f   priorityqueue_api.obj
 0001:00035210       priorityqueuecodegen_getDataDim 0000000180036210 f   priorityqueue_api.obj
 0001:00035240       priorityqueuecodegen_constructNodeMap 0000000180036240 f   priorityqueue_api.obj
 0001:000352b0       priorityqueuecodegen_destructNodeMap 00000001800362b0 f   priorityqueue_api.obj
 0001:00035310       priorityqueuecodegen_nodemap_getDataDim 0000000180036310 f   priorityqueue_api.obj
 0001:00035340       priorityqueuecodegen_nodemap_getNumNodes 0000000180036340 f   priorityqueue_api.obj
 0001:00035390       priorityqueuecodegen_nodemap_traceBack 0000000180036390 f   priorityqueue_api.obj
 0001:000354e0       priorityqueuecodegen_nodemap_insertNode 00000001800364e0 f   priorityqueue_api.obj
 0001:00035530       priorityqueuecodegen_nodemap_getNodeData 0000000180036530 f   priorityqueue_api.obj
 0001:00035630       priorityqueuecodegen_constructSimpleMap 0000000180036630 f   priorityqueue_api.obj
 0001:000356a0       priorityqueuecodegen_destructSimpleMap 00000001800366a0 f   priorityqueue_api.obj
 0001:00035700       priorityqueuecodegen_simplemap_getDataDim 0000000180036700 f   priorityqueue_api.obj
 0001:00035730       priorityqueuecodegen_simplemap_getSize 0000000180036730 f   priorityqueue_api.obj
 0001:00035780       priorityqueuecodegen_simplemap_insertData 0000000180036780 f   priorityqueue_api.obj
 0001:000357d0       priorityqueuecodegen_simplemap_getData 00000001800367d0 f   priorityqueue_api.obj
 0001:000358b0       ??$?0$$V@?$_Compressed_pair@V?$allocator@N@std@@V?$_Vector_val@U?$_Simple_types@N@std@@@2@$00@std@@QEAA@U_Zero_then_variadic_args_t@1@@Z 00000001800368b0 f i priorityqueue_api.obj
 0001:000358e0       ??$?0$$V@?$_Compressed_pair@V?$allocator@U?$pair@HV?$vector@NV?$allocator@N@std@@@std@@@std@@@std@@V?$_Vector_val@U?$_Simple_types@U?$pair@HV?$vector@NV?$allocator@N@std@@@std@@@std@@@std@@@2@$00@std@@QEAA@U_Zero_then_variadic_args_t@1@@Z 00000001800368e0 f i priorityqueue_api.obj
 0001:00035910       ??$?0$$V@?$_Compressed_pair@V?$allocator@V?$vector@NV?$allocator@N@std@@@std@@@std@@V?$_Vector_val@U?$_Simple_types@V?$vector@NV?$allocator@N@std@@@std@@@std@@@2@$00@std@@QEAA@U_Zero_then_variadic_args_t@1@@Z 0000000180036910 f i priorityqueue_api.obj
 0001:00035940       ??$?0AEAHV?$vector@NV?$allocator@N@std@@@std@@$0A@@?$pair@HV?$vector@NV?$allocator@N@std@@@std@@@std@@QEAA@AEAH$$QEAV?$vector@NV?$allocator@N@std@@@1@@Z 0000000180036940 f i priorityqueue_api.obj
 0001:00035990       ??$?0AEAPEAU?$_List_node@U?$pair@$$CBHH@std@@PEAX@std@@_N$0A@@?$pair@PEAU?$_List_node@U?$pair@$$CBHH@std@@PEAX@std@@_N@std@@QEAA@AEAPEAU?$_List_node@U?$pair@$$CBHH@std@@PEAX@1@$$QEA_N@Z 0000000180036990 f i priorityqueue_api.obj
 0001:000359e0       ??$?0AEAPEAU?$_List_node@U?$pair@$$CBHV?$vector@NV?$allocator@N@std@@@std@@@std@@PEAX@std@@_N$0A@@?$pair@PEAU?$_List_node@U?$pair@$$CBHV?$vector@NV?$allocator@N@std@@@std@@@std@@PEAX@std@@_N@std@@QEAA@AEAPEAU?$_List_node@U?$pair@$$CBHV?$vector@NV?$allocator@N@std@@@std@@@std@@PEAX@1@$$QEA_N@Z 00000001800369e0 f i priorityqueue_api.obj
 0001:00035a30       ??$?0AEBH$$Z$$V@?$pair@$$CBHH@std@@QEAA@Upiecewise_construct_t@1@V?$tuple@AEBH@1@V?$tuple@$$V@1@@Z 0000000180036a30 f i priorityqueue_api.obj
 0001:00035aa0       ??$?0AEBH$$Z$$V@?$pair@$$CBHV?$vector@NV?$allocator@N@std@@@std@@@std@@QEAA@Upiecewise_construct_t@1@V?$tuple@AEBH@1@V?$tuple@$$V@1@@Z 0000000180036aa0 f i priorityqueue_api.obj
 0001:00035b10       ??$?0AEBH$0A@@?$tuple@AEBH@std@@QEAA@AEBH@Z 0000000180036b10 f i priorityqueue_api.obj
 0001:00035b40       ??$?0AEBH@?$_Tuple_val@AEBH@std@@QEAA@AEBH@Z 0000000180036b40 f i priorityqueue_api.obj
 0001:00035b70       ??$?0AEBUpiecewise_construct_t@std@@V?$tuple@AEBH@1@V?$tuple@$$V@1@@?$_List_node_emplace_op2@V?$allocator@U?$_List_node@U?$pair@$$CBHH@std@@PEAX@std@@@std@@@std@@QEAA@AEAV?$allocator@U?$_List_node@U?$pair@$$CBHH@std@@PEAX@std@@@1@AEBUpiecewise_construct_t@1@$$QEAV?$tuple@AEBH@1@$$QEAV?$tuple@$$V@1@@Z 0000000180036b70 f i priorityqueue_api.obj
 0001:00035c20       ??$?0AEBUpiecewise_construct_t@std@@V?$tuple@AEBH@1@V?$tuple@$$V@1@@?$_List_node_emplace_op2@V?$allocator@U?$_List_node@U?$pair@$$CBHV?$vector@NV?$allocator@N@std@@@std@@@std@@PEAX@std@@@std@@@std@@QEAA@AEAV?$allocator@U?$_List_node@U?$pair@$$CBHV?$vector@NV?$allocator@N@std@@@std@@@std@@PEAX@std@@@1@AEBUpiecewise_construct_t@1@$$QEAV?$tuple@AEBH@1@$$QEAV?$tuple@$$V@1@@Z 0000000180036c20 f i priorityqueue_api.obj
 0001:00035cd0       ??$?0AEBV?$allocator@N@std@@$$V@?$_Compressed_pair@V?$allocator@N@std@@V?$_Vector_val@U?$_Simple_types@N@std@@@2@$00@std@@QEAA@U_One_then_variadic_args_t@1@AEBV?$allocator@N@1@@Z 0000000180036cd0 f i priorityqueue_api.obj
 0001:00035d10       ??$?0AEBV?$allocator@U?$pair@$$CBHH@std@@@std@@$$V@?$_Compressed_pair@V?$allocator@U?$_List_node@U?$pair@$$CBHH@std@@PEAX@std@@@std@@V?$_List_val@U?$_List_simple_types@U?$pair@$$CBHH@std@@@std@@@2@$00@std@@QEAA@U_One_then_variadic_args_t@1@AEBV?$allocator@U?$pair@$$CBHH@std@@@1@@Z 0000000180036d10 f i priorityqueue_api.obj
 0001:00035d50       ??$?0AEBV?$allocator@U?$pair@$$CBHH@std@@@std@@$$V@?$_Compressed_pair@V?$allocator@V?$_List_unchecked_iterator@V?$_List_val@U?$_List_simple_types@U?$pair@$$CBHH@std@@@std@@@std@@@std@@@std@@V?$_Vector_val@U?$_Simple_types@V?$_List_unchecked_iterator@V?$_List_val@U?$_List_simple_types@U?$pair@$$CBHH@std@@@std@@@std@@@std@@@std@@@2@$00@std@@QEAA@U_One_then_variadic_args_t@1@AEBV?$allocator@U?$pair@$$CBHH@std@@@1@@Z 0000000180036d50 f i priorityqueue_api.obj
 0001:00035d90       ??$?0AEBV?$allocator@U?$pair@$$CBHH@std@@@std@@$0A@@?$_Hash_vec@V?$allocator@V?$_List_unchecked_iterator@V?$_List_val@U?$_List_simple_types@U?$pair@$$CBHH@std@@@std@@@std@@@std@@@std@@@std@@QEAA@AEBV?$allocator@U?$pair@$$CBHH@std@@@1@@Z 0000000180036d90 f i priorityqueue_api.obj
 0001:00035de0       ??$?0AEBV?$allocator@U?$pair@$$CBHV?$vector@NV?$allocator@N@std@@@std@@@std@@@std@@$$V@?$_Compressed_pair@V?$allocator@U?$_List_node@U?$pair@$$CBHV?$vector@NV?$allocator@N@std@@@std@@@std@@PEAX@std@@@std@@V?$_List_val@U?$_List_simple_types@U?$pair@$$CBHV?$vector@NV?$allocator@N@std@@@std@@@std@@@std@@@2@$00@std@@QEAA@U_One_then_variadic_args_t@1@AEBV?$allocator@U?$pair@$$CBHV?$vector@NV?$allocator@N@std@@@std@@@std@@@1@@Z 0000000180036de0 f i priorityqueue_api.obj
 0001:00035e20       ??$?0AEBV?$allocator@U?$pair@$$CBHV?$vector@NV?$allocator@N@std@@@std@@@std@@@std@@$$V@?$_Compressed_pair@V?$allocator@V?$_List_unchecked_iterator@V?$_List_val@U?$_List_simple_types@U?$pair@$$CBHV?$vector@NV?$allocator@N@std@@@std@@@std@@@std@@@std@@@std@@@std@@V?$_Vector_val@U?$_Simple_types@V?$_List_unchecked_iterator@V?$_List_val@U?$_List_simple_types@U?$pair@$$CBHV?$vector@NV?$allocator@N@std@@@std@@@std@@@std@@@std@@@std@@@std@@@2@$00@std@@QEAA@U_One_then_variadic_args_t@1@AEBV?$allocator@U?$pair@$$CBHV?$vector@NV?$allocator@N@std@@@std@@@std@@@1@@Z 0000000180036e20 f i priorityqueue_api.obj
 0001:00035e60       ??$?0AEBV?$allocator@U?$pair@$$CBHV?$vector@NV?$allocator@N@std@@@std@@@std@@@std@@$0A@@?$_Hash_vec@V?$allocator@V?$_List_unchecked_iterator@V?$_List_val@U?$_List_simple_types@U?$pair@$$CBHV?$vector@NV?$allocator@N@std@@@std@@@std@@@std@@@std@@@std@@@std@@@std@@QEAA@AEBV?$allocator@U?$pair@$$CBHV?$vector@NV?$allocator@N@std@@@std@@@std@@@1@@Z 0000000180036e60 f i priorityqueue_api.obj
 0001:00035eb0       ??$?0HV?$vector@NV?$allocator@N@std@@@std@@$0A@@?$pair@HV?$vector@NV?$allocator@N@std@@@std@@@std@@QEAA@$$QEAH$$QEAV?$vector@NV?$allocator@N@std@@@1@@Z 0000000180036eb0 f i priorityqueue_api.obj
 0001:00035f00       ??$?0M@?$_Compressed_pair@U?$equal_to@H@std@@M$00@std@@QEAA@U_Zero_then_variadic_args_t@1@$$QEAM@Z 0000000180036f00 f i priorityqueue_api.obj
 0001:00035f40       ??$?0PEAU?$_List_node@U?$pair@$$CBHH@std@@PEAX@std@@_N$0A@@?$pair@PEAU?$_List_node@U?$pair@$$CBHH@std@@PEAX@std@@_N@std@@QEAA@$$QEAPEAU?$_List_node@U?$pair@$$CBHH@std@@PEAX@1@$$QEA_N@Z 0000000180036f40 f i priorityqueue_api.obj
 0001:00035f90       ??$?0PEAU?$_List_node@U?$pair@$$CBHV?$vector@NV?$allocator@N@std@@@std@@@std@@PEAX@std@@_N$0A@@?$pair@PEAU?$_List_node@U?$pair@$$CBHV?$vector@NV?$allocator@N@std@@@std@@@std@@PEAX@std@@_N@std@@QEAA@$$QEAPEAU?$_List_node@U?$pair@$$CBHV?$vector@NV?$allocator@N@std@@@std@@@std@@PEAX@1@$$QEA_N@Z 0000000180036f90 f i priorityqueue_api.obj
 0001:00035fe0       ??$?0PEBN$0A@@?$vector@NV?$allocator@N@std@@@std@@QEAA@PEBN0AEBV?$allocator@N@1@@Z 0000000180036fe0 f i priorityqueue_api.obj
 0001:000360a0       ??$?0U?$pair@$$CBHH@std@@@?$allocator@U?$_List_node@U?$pair@$$CBHH@std@@PEAX@std@@@std@@QEAA@AEBV?$allocator@U?$pair@$$CBHH@std@@@1@@Z 00000001800370a0 f i priorityqueue_api.obj
 0001:000360b0       ??$?0U?$pair@$$CBHH@std@@@?$allocator@V?$_List_unchecked_iterator@V?$_List_val@U?$_List_simple_types@U?$pair@$$CBHH@std@@@std@@@std@@@std@@@std@@QEAA@AEBV?$allocator@U?$pair@$$CBHH@std@@@1@@Z 00000001800370b0 f i priorityqueue_api.obj
 0001:000360c0       ??$?0U?$pair@$$CBHV?$vector@NV?$allocator@N@std@@@std@@@std@@@?$allocator@U?$_List_node@U?$pair@$$CBHV?$vector@NV?$allocator@N@std@@@std@@@std@@PEAX@std@@@std@@QEAA@AEBV?$allocator@U?$pair@$$CBHV?$vector@NV?$allocator@N@std@@@std@@@std@@@1@@Z 00000001800370c0 f i priorityqueue_api.obj
 0001:000360d0       ??$?0U?$pair@$$CBHV?$vector@NV?$allocator@N@std@@@std@@@std@@@?$allocator@V?$_List_unchecked_iterator@V?$_List_val@U?$_List_simple_types@U?$pair@$$CBHV?$vector@NV?$allocator@N@std@@@std@@@std@@@std@@@std@@@std@@@std@@QEAA@AEBV?$allocator@U?$pair@$$CBHV?$vector@NV?$allocator@N@std@@@std@@@std@@@1@@Z 00000001800370d0 f i priorityqueue_api.obj
 0001:000360e0       ??$?0U_Exact_args_t@std@@$0A@@?$tuple@$$V@std@@QEAA@U_Exact_args_t@1@@Z 00000001800370e0 f i priorityqueue_api.obj
 0001:000360f0       ??$?0U_Exact_args_t@std@@AEBH$$V$0A@@?$tuple@AEBH@std@@QEAA@U_Exact_args_t@1@AEBH@Z 00000001800370f0 f i priorityqueue_api.obj
 0001:00036140       ??$?0U_Zero_then_variadic_args_t@std@@M@?$_Compressed_pair@U?$hash@H@std@@V?$_Compressed_pair@U?$equal_to@H@std@@M$00@2@$00@std@@QEAA@U_Zero_then_variadic_args_t@1@$$QEAU21@$$QEAM@Z 0000000180037140 f i priorityqueue_api.obj
 0001:00036190       ??$?0V?$allocator@N@std@@$$V@?$_Compressed_pair@V?$allocator@N@std@@V?$_Vector_val@U?$_Simple_types@N@std@@@2@$00@std@@QEAA@U_One_then_variadic_args_t@1@$$QEAV?$allocator@N@1@@Z 0000000180037190 f i priorityqueue_api.obj
 0001:000361d0       ??$?0V?$allocator@N@std@@PEANPEANPEAN@?$_Compressed_pair@V?$allocator@N@std@@V?$_Vector_val@U?$_Simple_types@N@std@@@2@$00@std@@QEAA@U_One_then_variadic_args_t@1@$$QEAV?$allocator@N@1@$$QEAPEAN22@Z 00000001800371d0 f i priorityqueue_api.obj
 0001:00036240       ??$?0V?$allocator@V?$vector@NV?$allocator@N@std@@@std@@@std@@PEAV?$vector@NV?$allocator@N@std@@@1@PEAV21@PEAV21@@?$_Compressed_pair@V?$allocator@V?$vector@NV?$allocator@N@std@@@std@@@std@@V?$_Vector_val@U?$_Simple_types@V?$vector@NV?$allocator@N@std@@@std@@@std@@@2@$00@std@@QEAA@U_One_then_variadic_args_t@1@$$QEAV?$allocator@V?$vector@NV?$allocator@N@std@@@std@@@1@$$QEAPEAV?$vector@NV?$allocator@N@std@@@1@22@Z 0000000180037240 f i priorityqueue_api.obj
 0001:000362b0       ??$?0V?$tuple@AEBH@std@@V?$tuple@$$V@1@$0A@$$Z$S@?$pair@$$CBHH@std@@QEAA@AEAV?$tuple@AEBH@1@AEAV?$tuple@$$V@1@U?$integer_sequence@_K$0A@@1@U?$integer_sequence@_K$S@1@@Z 00000001800372b0 f i priorityqueue_api.obj
 0001:00036300       ??$?0V?$tuple@AEBH@std@@V?$tuple@$$V@1@$0A@$$Z$S@?$pair@$$CBHV?$vector@NV?$allocator@N@std@@@std@@@std@@QEAA@AEAV?$tuple@AEBH@1@AEAV?$tuple@$$V@1@U?$integer_sequence@_K$0A@@1@U?$integer_sequence@_K$S@1@@Z 0000000180037300 f i priorityqueue_api.obj
 0001:00036350       ??$?4U?$pair@HV?$vector@NV?$allocator@N@std@@@std@@@std@@$0A@@?$pair@HV?$vector@NV?$allocator@N@std@@@std@@@std@@QEAAAEAU01@$$QEAU01@@Z 0000000180037350 f i priorityqueue_api.obj
 0001:000363a0       ??$?RH@?$_Uhash_compare@HU?$hash@H@std@@U?$equal_to@H@2@@std@@QEBA_KAEBH@Z 00000001800373a0 f i priorityqueue_api.obj
 0001:000363d0       ??$?RHH@?$_Uhash_compare@HU?$hash@H@std@@U?$equal_to@H@2@@std@@QEBA_NAEBH0@Z 00000001800373d0 f i priorityqueue_api.obj
 0001:00036430       ??$_Adl_verify_range@PEAV?$_List_unchecked_iterator@V?$_List_val@U?$_List_simple_types@U?$pair@$$CBHH@std@@@std@@@std@@@std@@PEAV12@@std@@YAXAEBQEAV?$_List_unchecked_iterator@V?$_List_val@U?$_List_simple_types@U?$pair@$$CBHH@std@@@std@@@std@@@0@0@Z 0000000180037430 f i priorityqueue_api.obj
 0001:00036440       ??$_Adl_verify_range@PEAV?$_List_unchecked_iterator@V?$_List_val@U?$_List_simple_types@U?$pair@$$CBHV?$vector@NV?$allocator@N@std@@@std@@@std@@@std@@@std@@@std@@PEAV12@@std@@YAXAEBQEAV?$_List_unchecked_iterator@V?$_List_val@U?$_List_simple_types@U?$pair@$$CBHV?$vector@NV?$allocator@N@std@@@std@@@std@@@std@@@std@@@0@0@Z 0000000180037440 f i priorityqueue_api.obj
 0001:00036450       ??$_Adl_verify_range@PEBNPEBN@std@@YAXAEBQEBN0@Z 0000000180037450 f i priorityqueue_api.obj
 0001:00036460       ??$_Adl_verify_range@V?$_Vector_iterator@V?$_Vector_val@U?$_Simple_types@U?$pair@HV?$vector@NV?$allocator@N@std@@@std@@@std@@@std@@@std@@@std@@V12@@std@@YAXAEBV?$_Vector_iterator@V?$_Vector_val@U?$_Simple_types@U?$pair@HV?$vector@NV?$allocator@N@std@@@std@@@std@@@std@@@std@@@0@0@Z 0000000180037460 f i priorityqueue_api.obj
 0001:00036470       ??$_Allocate@$0BA@U_Default_allocate_traits@std@@$0A@@std@@YAPEAX_K@Z 0000000180037470 f i priorityqueue_api.obj
 0001:000364b0       ??$_Allocate_at_least_helper@V?$allocator@N@std@@@std@@YAPEANAEAV?$allocator@N@0@AEA_K@Z 00000001800374b0 f i priorityqueue_api.obj
 0001:000364e0       ??$_Allocate_at_least_helper@V?$allocator@U?$pair@HV?$vector@NV?$allocator@N@std@@@std@@@std@@@std@@@std@@YAPEAU?$pair@HV?$vector@NV?$allocator@N@std@@@std@@@0@AEAV?$allocator@U?$pair@HV?$vector@NV?$allocator@N@std@@@std@@@std@@@0@AEA_K@Z 00000001800374e0 f i priorityqueue_api.obj
 0001:00036510       ??$_Allocate_at_least_helper@V?$allocator@V?$vector@NV?$allocator@N@std@@@std@@@std@@@std@@YAPEAV?$vector@NV?$allocator@N@std@@@0@AEAV?$allocator@V?$vector@NV?$allocator@N@std@@@std@@@0@AEA_K@Z 0000000180037510 f i priorityqueue_api.obj
 0001:00036540       ??$_Allocate_manually_vector_aligned@U_Default_allocate_traits@std@@@std@@YAPEAX_K@Z 0000000180037540 f i priorityqueue_api.obj
 0001:000365d0       ??$_Construct_in_place@PEAU?$_List_node@U?$pair@$$CBHH@std@@PEAX@std@@AEAPEAU12@@std@@YAXAEAPEAU?$_List_node@U?$pair@$$CBHH@std@@PEAX@0@0@Z 00000001800375d0 f i priorityqueue_api.obj
 0001:00036620       ??$_Construct_in_place@PEAU?$_List_node@U?$pair@$$CBHH@std@@PEAX@std@@AEBQEAU12@@std@@YAXAEAPEAU?$_List_node@U?$pair@$$CBHH@std@@PEAX@0@AEBQEAU10@@Z 0000000180037620 f i priorityqueue_api.obj
 0001:00036670       ??$_Construct_in_place@PEAU?$_List_node@U?$pair@$$CBHV?$vector@NV?$allocator@N@std@@@std@@@std@@PEAX@std@@AEAPEAU12@@std@@YAXAEAPEAU?$_List_node@U?$pair@$$CBHV?$vector@NV?$allocator@N@std@@@std@@@std@@PEAX@0@0@Z 0000000180037670 f i priorityqueue_api.obj
 0001:000366c0       ??$_Construct_in_place@PEAU?$_List_node@U?$pair@$$CBHV?$vector@NV?$allocator@N@std@@@std@@@std@@PEAX@std@@AEBQEAU12@@std@@YAXAEAPEAU?$_List_node@U?$pair@$$CBHV?$vector@NV?$allocator@N@std@@@std@@@std@@PEAX@0@AEBQEAU10@@Z 00000001800376c0 f i priorityqueue_api.obj
 0001:00036710       ??$_Construct_in_place@U?$pair@HV?$vector@NV?$allocator@N@std@@@std@@@std@@AEAHV?$vector@NV?$allocator@N@std@@@2@@std@@YAXAEAU?$pair@HV?$vector@NV?$allocator@N@std@@@std@@@0@AEAH$$QEAV?$vector@NV?$allocator@N@std@@@0@@Z 0000000180037710 f i priorityqueue_api.obj
 0001:00036780       ??$_Construct_in_place@V?$_List_unchecked_iterator@V?$_List_val@U?$_List_simple_types@U?$pair@$$CBHH@std@@@std@@@std@@@std@@AEBV12@@std@@YAXAEAV?$_List_unchecked_iterator@V?$_List_val@U?$_List_simple_types@U?$pair@$$CBHH@std@@@std@@@std@@@0@AEBV10@@Z 0000000180037780 f i priorityqueue_api.obj
 0001:000367d0       ??$_Construct_in_place@V?$_List_unchecked_iterator@V?$_List_val@U?$_List_simple_types@U?$pair@$$CBHV?$vector@NV?$allocator@N@std@@@std@@@std@@@std@@@std@@@std@@AEBV12@@std@@YAXAEAV?$_List_unchecked_iterator@V?$_List_val@U?$_List_simple_types@U?$pair@$$CBHV?$vector@NV?$allocator@N@std@@@std@@@std@@@std@@@std@@@0@AEBV10@@Z 00000001800377d0 f i priorityqueue_api.obj
 0001:00036820       ??$_Construct_n@AEBN@?$vector@NV?$allocator@N@std@@@std@@AEAAX_KAEBN@Z 0000000180037820 f i priorityqueue_api.obj
 0001:000368e0       ??$_Construct_n@AEBQEANAEBQEAN@?$vector@NV?$allocator@N@std@@@std@@AEAAX_KAEBQEAN1@Z 00000001800378e0 f i priorityqueue_api.obj
 0001:000369c0       ??$_Construct_n@PEBNPEBN@?$vector@NV?$allocator@N@std@@@std@@AEAAX_K$$QEAPEBN1@Z 00000001800379c0 f i priorityqueue_api.obj
 0001:00036aa0       ??$_Convert_size@_K_K@std@@YA_K_K@Z 0000000180037aa0 f i priorityqueue_api.obj
 0001:00036ab0       ??$_Copy_memmove@PEANPEAN@std@@YAPEANPEAN00@Z 0000000180037ab0 f i priorityqueue_api.obj
 0001:00036b50       ??$_Copy_memmove@PEBNPEAN@std@@YAPEANPEBN0PEAN@Z 0000000180037b50 f i priorityqueue_api.obj
 0001:00036bf0       ??$_Deallocate@$0BA@$0A@@std@@YAXPEAX_K@Z 0000000180037bf0 f i priorityqueue_api.obj
 0001:00036c30       ??$_Destroy_in_place@PEAU?$_List_node@U?$pair@$$CBHH@std@@PEAX@std@@@std@@YAXAEAPEAU?$_List_node@U?$pair@$$CBHH@std@@PEAX@0@@Z 0000000180037c30 f i priorityqueue_api.obj
 0001:00036c40       ??$_Destroy_in_place@PEAU?$_List_node@U?$pair@$$CBHV?$vector@NV?$allocator@N@std@@@std@@@std@@PEAX@std@@@std@@YAXAEAPEAU?$_List_node@U?$pair@$$CBHV?$vector@NV?$allocator@N@std@@@std@@@std@@PEAX@0@@Z 0000000180037c40 f i priorityqueue_api.obj
 0001:00036c50       ??$_Destroy_range@PEAV?$_List_unchecked_iterator@V?$_List_val@U?$_List_simple_types@U?$pair@$$CBHH@std@@@std@@@std@@@std@@PEAV12@@std@@YAXPEAV?$_List_unchecked_iterator@V?$_List_val@U?$_List_simple_types@U?$pair@$$CBHH@std@@@std@@@std@@@0@QEAV10@@Z 0000000180037c50 f i priorityqueue_api.obj
 0001:00036c60       ??$_Destroy_range@PEAV?$_List_unchecked_iterator@V?$_List_val@U?$_List_simple_types@U?$pair@$$CBHV?$vector@NV?$allocator@N@std@@@std@@@std@@@std@@@std@@@std@@PEAV12@@std@@YAXPEAV?$_List_unchecked_iterator@V?$_List_val@U?$_List_simple_types@U?$pair@$$CBHV?$vector@NV?$allocator@N@std@@@std@@@std@@@std@@@std@@@0@QEAV10@@Z 0000000180037c60 f i priorityqueue_api.obj
 0001:00036c70       ??$_Destroy_range@V?$allocator@N@std@@@std@@YAXPEANQEANAEAV?$allocator@N@0@@Z 0000000180037c70 f i priorityqueue_api.obj
 0001:00036c80       ??$_Destroy_range@V?$allocator@U?$pair@HV?$vector@NV?$allocator@N@std@@@std@@@std@@@std@@@std@@YAXPEAU?$pair@HV?$vector@NV?$allocator@N@std@@@std@@@0@QEAU10@AEAV?$allocator@U?$pair@HV?$vector@NV?$allocator@N@std@@@std@@@std@@@0@@Z 0000000180037c80 f i priorityqueue_api.obj
 0001:00036cd0       ??$_Destroy_range@V?$allocator@V?$vector@NV?$allocator@N@std@@@std@@@std@@@std@@YAXPEAV?$vector@NV?$allocator@N@std@@@0@QEAV10@AEAV?$allocator@V?$vector@NV?$allocator@N@std@@@std@@@0@@Z 0000000180037cd0 f i priorityqueue_api.obj
 0001:00036d20       ??$_Emplace_back@AEAN@?$_Uninitialized_backout_al@V?$allocator@N@std@@@std@@QEAAXAEAN@Z 0000000180037d20 f i priorityqueue_api.obj
 0001:00036d80       ??$_Emplace_back@AEBN@?$_Uninitialized_backout_al@V?$allocator@N@std@@@std@@QEAAXAEBN@Z 0000000180037d80 f i priorityqueue_api.obj
 0001:00036de0       ??$_Emplace_back@AEBV?$_List_unchecked_iterator@V?$_List_val@U?$_List_simple_types@U?$pair@$$CBHH@std@@@std@@@std@@@std@@@?$_Uninitialized_backout@PEAV?$_List_unchecked_iterator@V?$_List_val@U?$_List_simple_types@U?$pair@$$CBHH@std@@@std@@@std@@@std@@@std@@QEAAXAEBV?$_List_unchecked_iterator@V?$_List_val@U?$_List_simple_types@U?$pair@$$CBHH@std@@@std@@@std@@@1@@Z 0000000180037de0 f i priorityqueue_api.obj
 0001:00036e30       ??$_Emplace_back@AEBV?$_List_unchecked_iterator@V?$_List_val@U?$_List_simple_types@U?$pair@$$CBHV?$vector@NV?$allocator@N@std@@@std@@@std@@@std@@@std@@@std@@@?$_Uninitialized_backout@PEAV?$_List_unchecked_iterator@V?$_List_val@U?$_List_simple_types@U?$pair@$$CBHV?$vector@NV?$allocator@N@std@@@std@@@std@@@std@@@std@@@std@@@std@@QEAAXAEBV?$_List_unchecked_iterator@V?$_List_val@U?$_List_simple_types@U?$pair@$$CBHV?$vector@NV?$allocator@N@std@@@std@@@std@@@std@@@std@@@1@@Z 0000000180037e30 f i priorityqueue_api.obj
 0001:00036e80       ??$_Emplace_back@U?$pair@HV?$vector@NV?$allocator@N@std@@@std@@@std@@@?$_Uninitialized_backout_al@V?$allocator@U?$pair@HV?$vector@NV?$allocator@N@std@@@std@@@std@@@std@@@std@@QEAAX$$QEAU?$pair@HV?$vector@NV?$allocator@N@std@@@std@@@1@@Z 0000000180037e80 f i priorityqueue_api.obj
 0001:00036ee0       ??$_Emplace_back@V?$vector@NV?$allocator@N@std@@@std@@@?$_Uninitialized_backout_al@V?$allocator@V?$vector@NV?$allocator@N@std@@@std@@@std@@@std@@QEAAX$$QEAV?$vector@NV?$allocator@N@std@@@1@@Z 0000000180037ee0 f i priorityqueue_api.obj
 0001:00036f40       ??$_Emplace_back_with_unused_capacity@AEAHV?$vector@NV?$allocator@N@std@@@std@@@?$vector@U?$pair@HV?$vector@NV?$allocator@N@std@@@std@@@std@@V?$allocator@U?$pair@HV?$vector@NV?$allocator@N@std@@@std@@@std@@@2@@std@@AEAAAEAU?$pair@HV?$vector@NV?$allocator@N@std@@@std@@@1@AEAH$$QEAV?$vector@NV?$allocator@N@std@@@1@@Z 0000000180037f40 f i priorityqueue_api.obj
 0001:00036ff0       ??$_Emplace_back_with_unused_capacity@AEBHN@?$vector@V?$vector@NV?$allocator@N@std@@@std@@V?$allocator@V?$vector@NV?$allocator@N@std@@@std@@@2@@std@@AEAAAEAV?$vector@NV?$allocator@N@std@@@1@AEBH$$QEAN@Z 0000000180037ff0 f i priorityqueue_api.obj
 0001:000370c0       ??$_Emplace_back_with_unused_capacity@AEBV?$vector@NV?$allocator@N@std@@@std@@@?$vector@V?$vector@NV?$allocator@N@std@@@std@@V?$allocator@V?$vector@NV?$allocator@N@std@@@std@@@2@@std@@AEAAAEAV?$vector@NV?$allocator@N@std@@@1@AEBV21@@Z 00000001800380c0 f i priorityqueue_api.obj
 0001:00037170       ??$_Emplace_one_at_back@AEAHV?$vector@NV?$allocator@N@std@@@std@@@?$vector@U?$pair@HV?$vector@NV?$allocator@N@std@@@std@@@std@@V?$allocator@U?$pair@HV?$vector@NV?$allocator@N@std@@@std@@@std@@@2@@std@@AEAAAEAU?$pair@HV?$vector@NV?$allocator@N@std@@@std@@@1@AEAH$$QEAV?$vector@NV?$allocator@N@std@@@1@@Z 0000000180038170 f i priorityqueue_api.obj
 0001:00037220       ??$_Emplace_one_at_back@AEBHN@?$vector@V?$vector@NV?$allocator@N@std@@@std@@V?$allocator@V?$vector@NV?$allocator@N@std@@@std@@@2@@std@@AEAAAEAV?$vector@NV?$allocator@N@std@@@1@AEBH$$QEAN@Z 0000000180038220 f i priorityqueue_api.obj
 0001:000372d0       ??$_Emplace_one_at_back@AEBV?$vector@NV?$allocator@N@std@@@std@@@?$vector@V?$vector@NV?$allocator@N@std@@@std@@V?$allocator@V?$vector@NV?$allocator@N@std@@@std@@@2@@std@@AEAAAEAV?$vector@NV?$allocator@N@std@@@1@AEBV21@@Z 00000001800382d0 f i priorityqueue_api.obj
 0001:00037350       ??$_Emplace_reallocate@AEAHV?$vector@NV?$allocator@N@std@@@std@@@?$vector@U?$pair@HV?$vector@NV?$allocator@N@std@@@std@@@std@@V?$allocator@U?$pair@HV?$vector@NV?$allocator@N@std@@@std@@@std@@@2@@std@@AEAAPEAU?$pair@HV?$vector@NV?$allocator@N@std@@@std@@@1@QEAU21@AEAH$$QEAV?$vector@NV?$allocator@N@std@@@1@@Z 0000000180038350 f i priorityqueue_api.obj
 0001:00037590       ??$_Emplace_reallocate@AEBHN@?$vector@V?$vector@NV?$allocator@N@std@@@std@@V?$allocator@V?$vector@NV?$allocator@N@std@@@std@@@2@@std@@AEAAPEAV?$vector@NV?$allocator@N@std@@@1@QEAV21@AEBH$$QEAN@Z 0000000180038590 f i priorityqueue_api.obj
 0001:000377d0       ??$_Emplace_reallocate@AEBV?$vector@NV?$allocator@N@std@@@std@@@?$vector@V?$vector@NV?$allocator@N@std@@@std@@V?$allocator@V?$vector@NV?$allocator@N@std@@@std@@@2@@std@@AEAAPEAV?$vector@NV?$allocator@N@std@@@1@QEAV21@AEBV21@@Z 00000001800387d0 f i priorityqueue_api.obj
 0001:000379f0       ??$_Fill_zero_memset@PEAN@std@@YAXPEAN_K@Z 00000001800389f0 f i priorityqueue_api.obj
 0001:00037a30       ??$_Find@H@?$_Hash@V?$_Umap_traits@HHV?$_Uhash_compare@HU?$hash@H@std@@U?$equal_to@H@2@@std@@V?$allocator@U?$pair@$$CBHH@std@@@2@$0A@@std@@@std@@AEBAPEAU?$_List_node@U?$pair@$$CBHH@std@@PEAX@1@AEBH_K@Z 0000000180038a30 f i priorityqueue_api.obj
 0001:00037a90       ??$_Find@H@?$_Hash@V?$_Umap_traits@HV?$vector@NV?$allocator@N@std@@@std@@V?$_Uhash_compare@HU?$hash@H@std@@U?$equal_to@H@2@@2@V?$allocator@U?$pair@$$CBHV?$vector@NV?$allocator@N@std@@@std@@@std@@@2@$0A@@std@@@std@@AEBAPEAU?$_List_node@U?$pair@$$CBHV?$vector@NV?$allocator@N@std@@@std@@@std@@PEAX@1@AEBH_K@Z 0000000180038a90 f i priorityqueue_api.obj
 0001:00037af0       ??$_Find_last@H@?$_Hash@V?$_Umap_traits@HHV?$_Uhash_compare@HU?$hash@H@std@@U?$equal_to@H@2@@std@@V?$allocator@U?$pair@$$CBHH@std@@@2@$0A@@std@@@std@@IEBA?AU?$_Hash_find_last_result@PEAU?$_List_node@U?$pair@$$CBHH@std@@PEAX@std@@@1@AEBH_K@Z 0000000180038af0 f i priorityqueue_api.obj
 0001:00037c30       ??$_Find_last@H@?$_Hash@V?$_Umap_traits@HV?$vector@NV?$allocator@N@std@@@std@@V?$_Uhash_compare@HU?$hash@H@std@@U?$equal_to@H@2@@2@V?$allocator@U?$pair@$$CBHV?$vector@NV?$allocator@N@std@@@std@@@std@@@2@$0A@@std@@@std@@IEBA?AU?$_Hash_find_last_result@PEAU?$_List_node@U?$pair@$$CBHV?$vector@NV?$allocator@N@std@@@std@@@std@@PEAX@std@@@1@AEBH_K@Z 0000000180038c30 f i priorityqueue_api.obj
 0001:00037d70       ??$_Fnv1a_append_value@H@std@@YA_K_KAEBH@Z 0000000180038d70 f i priorityqueue_api.obj
 0001:00037da0       ??$_Free_non_head@V?$allocator@U?$_List_node@U?$pair@$$CBHH@std@@PEAX@std@@@std@@@?$_List_node@U?$pair@$$CBHH@std@@PEAX@std@@SAXAEAV?$allocator@U?$_List_node@U?$pair@$$CBHH@std@@PEAX@std@@@1@PEAU01@@Z 0000000180038da0 f i priorityqueue_api.obj
 0001:00037e10       ??$_Free_non_head@V?$allocator@U?$_List_node@U?$pair@$$CBHV?$vector@NV?$allocator@N@std@@@std@@@std@@PEAX@std@@@std@@@?$_List_node@U?$pair@$$CBHV?$vector@NV?$allocator@N@std@@@std@@@std@@PEAX@std@@SAXAEAV?$allocator@U?$_List_node@U?$pair@$$CBHV?$vector@NV?$allocator@N@std@@@std@@@std@@PEAX@std@@@1@PEAU01@@Z 0000000180038e10 f i priorityqueue_api.obj
 0001:00037e80       ??$_Freenode0@V?$allocator@U?$_List_node@U?$pair@$$CBHH@std@@PEAX@std@@@std@@@?$_List_node@U?$pair@$$CBHH@std@@PEAX@std@@SAXAEAV?$allocator@U?$_List_node@U?$pair@$$CBHH@std@@PEAX@std@@@1@PEAU01@@Z 0000000180038e80 f i priorityqueue_api.obj
 0001:00037ed0       ??$_Freenode0@V?$allocator@U?$_List_node@U?$pair@$$CBHV?$vector@NV?$allocator@N@std@@@std@@@std@@PEAX@std@@@std@@@?$_List_node@U?$pair@$$CBHV?$vector@NV?$allocator@N@std@@@std@@@std@@PEAX@std@@SAXAEAV?$allocator@U?$_List_node@U?$pair@$$CBHV?$vector@NV?$allocator@N@std@@@std@@@std@@PEAX@std@@@1@PEAU01@@Z 0000000180038ed0 f i priorityqueue_api.obj
 0001:00037f20       ??$_Freenode@V?$allocator@U?$_List_node@U?$pair@$$CBHH@std@@PEAX@std@@@std@@@?$_List_node@U?$pair@$$CBHH@std@@PEAX@std@@SAXAEAV?$allocator@U?$_List_node@U?$pair@$$CBHH@std@@PEAX@std@@@1@PEAU01@@Z 0000000180038f20 f i priorityqueue_api.obj
 0001:00037f70       ??$_Freenode@V?$allocator@U?$_List_node@U?$pair@$$CBHV?$vector@NV?$allocator@N@std@@@std@@@std@@PEAX@std@@@std@@@?$_List_node@U?$pair@$$CBHV?$vector@NV?$allocator@N@std@@@std@@@std@@PEAX@std@@SAXAEAV?$allocator@U?$_List_node@U?$pair@$$CBHV?$vector@NV?$allocator@N@std@@@std@@@std@@PEAX@std@@@1@PEAU01@@Z 0000000180038f70 f i priorityqueue_api.obj
 0001:00037fc0       ??$_Get_size_of_n@$07@std@@YA_K_K@Z 0000000180038fc0 f i priorityqueue_api.obj
 0001:00038010       ??$_Get_size_of_n@$0BI@@std@@YA_K_K@Z 0000000180039010 f i priorityqueue_api.obj
 0001:00038050       ??$_Get_size_of_n@$0CA@@std@@YA_K_K@Z 0000000180039050 f i priorityqueue_api.obj
 0001:00038090       ??$_Get_size_of_n@$0DA@@std@@YA_K_K@Z 0000000180039090 f i priorityqueue_api.obj
 0001:000380d0       ??$_Get_unwrapped@AEAPEBN@std@@YA?A_TAEAPEBN@Z 00000001800390d0 f i priorityqueue_api.obj
 0001:000380e0       ??$_Get_unwrapped@AEAV?$_Vector_iterator@V?$_Vector_val@U?$_Simple_types@U?$pair@HV?$vector@NV?$allocator@N@std@@@std@@@std@@@std@@@std@@@std@@@std@@YA?A_TAEAV?$_Vector_iterator@V?$_Vector_val@U?$_Simple_types@U?$pair@HV?$vector@NV?$allocator@N@std@@@std@@@std@@@std@@@std@@@0@@Z 00000001800390e0 f i priorityqueue_api.obj
 0001:00038100       ??$_Get_unwrapped@AEBQEAU?$pair@HV?$vector@NV?$allocator@N@std@@@std@@@std@@@std@@YA?A_TAEBQEAU?$pair@HV?$vector@NV?$allocator@N@std@@@std@@@0@@Z 0000000180039100 f i priorityqueue_api.obj
 0001:00038110       ??$_Get_unwrapped@AEBQEAV?$_List_unchecked_iterator@V?$_List_val@U?$_List_simple_types@U?$pair@$$CBHH@std@@@std@@@std@@@std@@@std@@YA?A_TAEBQEAV?$_List_unchecked_iterator@V?$_List_val@U?$_List_simple_types@U?$pair@$$CBHH@std@@@std@@@std@@@0@@Z 0000000180039110 f i priorityqueue_api.obj
 0001:00038120       ??$_Get_unwrapped@AEBQEAV?$_List_unchecked_iterator@V?$_List_val@U?$_List_simple_types@U?$pair@$$CBHV?$vector@NV?$allocator@N@std@@@std@@@std@@@std@@@std@@@std@@@std@@YA?A_TAEBQEAV?$_List_unchecked_iterator@V?$_List_val@U?$_List_simple_types@U?$pair@$$CBHV?$vector@NV?$allocator@N@std@@@std@@@std@@@std@@@std@@@0@@Z 0000000180039120 f i priorityqueue_api.obj
 0001:00038130       ??$_Get_unwrapped@AEBQEAV?$vector@NV?$allocator@N@std@@@std@@@std@@YA?A_TAEBQEAV?$vector@NV?$allocator@N@std@@@0@@Z 0000000180039130 f i priorityqueue_api.obj
 0001:00038140       ??$_Get_unwrapped@PEAN@std@@YA?A_T$$QEAPEAN@Z 0000000180039140 f i priorityqueue_api.obj
 0001:00038150       ??$_Get_unwrapped@PEBN@std@@YA?A_T$$QEAPEBN@Z 0000000180039150 f i priorityqueue_api.obj
 0001:00038160       ??$_Hash_representation@H@std@@YA_KAEBH@Z 0000000180039160 f i priorityqueue_api.obj
 0001:00038190       ??$_Is_all_bits_zero@N@std@@YA_NAEBN@Z 0000000180039190 f i priorityqueue_api.obj
 0001:000381e0       ??$_Kfn@$$CBHH@?$_Umap_traits@HHV?$_Uhash_compare@HU?$hash@H@std@@U?$equal_to@H@2@@std@@V?$allocator@U?$pair@$$CBHH@std@@@2@$0A@@std@@SAAEBHAEBU?$pair@$$CBHH@1@@Z 00000001800391e0 f i priorityqueue_api.obj
 0001:000381f0       ??$_Kfn@$$CBHV?$vector@NV?$allocator@N@std@@@std@@@?$_Umap_traits@HV?$vector@NV?$allocator@N@std@@@std@@V?$_Uhash_compare@HU?$hash@H@std@@U?$equal_to@H@2@@2@V?$allocator@U?$pair@$$CBHV?$vector@NV?$allocator@N@std@@@std@@@std@@@2@$0A@@std@@SAAEBHAEBU?$pair@$$CBHV?$vector@NV?$allocator@N@std@@@std@@@1@@Z 00000001800391f0 f i priorityqueue_api.obj
 0001:00038200       ??$_Pass_fn@Ucomparator@PriorityQueueImpl@nav@@@std@@YA?A_PAEAUcomparator@PriorityQueueImpl@nav@@@Z 0000000180039200 f i priorityqueue_api.obj
 0001:00038230       ??$_Pocma@V?$allocator@N@std@@@std@@YAXAEAV?$allocator@N@0@0@Z 0000000180039230 f i priorityqueue_api.obj
 0001:00038250       ??$_Pocma@V?$allocator@U?$_List_node@U?$pair@$$CBHH@std@@PEAX@std@@@std@@@std@@YAXAEAV?$allocator@U?$_List_node@U?$pair@$$CBHH@std@@PEAX@std@@@0@0@Z 0000000180039250 f i priorityqueue_api.obj
 0001:00038270       ??$_Pocma@V?$allocator@U?$_List_node@U?$pair@$$CBHV?$vector@NV?$allocator@N@std@@@std@@@std@@PEAX@std@@@std@@@std@@YAXAEAV?$allocator@U?$_List_node@U?$pair@$$CBHV?$vector@NV?$allocator@N@std@@@std@@@std@@PEAX@std@@@0@0@Z 0000000180039270 f i priorityqueue_api.obj
 0001:00038290       ??$_Pocma@V?$allocator@U?$pair@HV?$vector@NV?$allocator@N@std@@@std@@@std@@@std@@@std@@YAXAEAV?$allocator@U?$pair@HV?$vector@NV?$allocator@N@std@@@std@@@std@@@0@0@Z 0000000180039290 f i priorityqueue_api.obj
 0001:000382b0       ??$_Pocma@V?$allocator@V?$_List_unchecked_iterator@V?$_List_val@U?$_List_simple_types@U?$pair@$$CBHH@std@@@std@@@std@@@std@@@std@@@std@@YAXAEAV?$allocator@V?$_List_unchecked_iterator@V?$_List_val@U?$_List_simple_types@U?$pair@$$CBHH@std@@@std@@@std@@@std@@@0@0@Z 00000001800392b0 f i priorityqueue_api.obj
 0001:000382d0       ??$_Pocma@V?$allocator@V?$_List_unchecked_iterator@V?$_List_val@U?$_List_simple_types@U?$pair@$$CBHV?$vector@NV?$allocator@N@std@@@std@@@std@@@std@@@std@@@std@@@std@@@std@@YAXAEAV?$allocator@V?$_List_unchecked_iterator@V?$_List_val@U?$_List_simple_types@U?$pair@$$CBHV?$vector@NV?$allocator@N@std@@@std@@@std@@@std@@@std@@@std@@@0@0@Z 00000001800392d0 f i priorityqueue_api.obj
 0001:000382f0       ??$_Pop_heap_hole_by_index@PEAU?$pair@HV?$vector@NV?$allocator@N@std@@@std@@@std@@U12@Ucomparator@PriorityQueueImpl@nav@@@std@@YAXPEAU?$pair@HV?$vector@NV?$allocator@N@std@@@std@@@0@_J1$$QEAU10@Ucomparator@PriorityQueueImpl@nav@@@Z 00000001800392f0 f i priorityqueue_api.obj
 0001:00038480       ??$_Pop_heap_hole_unchecked@PEAU?$pair@HV?$vector@NV?$allocator@N@std@@@std@@@std@@U12@Ucomparator@PriorityQueueImpl@nav@@@std@@YAXPEAU?$pair@HV?$vector@NV?$allocator@N@std@@@std@@@0@00$$QEAU10@Ucomparator@PriorityQueueImpl@nav@@@Z 0000000180039480 f i priorityqueue_api.obj
 0001:000384f0       ??$_Pop_heap_unchecked@PEAU?$pair@HV?$vector@NV?$allocator@N@std@@@std@@@std@@Ucomparator@PriorityQueueImpl@nav@@@std@@YAXPEAU?$pair@HV?$vector@NV?$allocator@N@std@@@std@@@0@0Ucomparator@PriorityQueueImpl@nav@@@Z 00000001800394f0 f i priorityqueue_api.obj
 0001:00038580       ??$_Push_heap_by_index@PEAU?$pair@HV?$vector@NV?$allocator@N@std@@@std@@@std@@U12@Ucomparator@PriorityQueueImpl@nav@@@std@@YAXPEAU?$pair@HV?$vector@NV?$allocator@N@std@@@std@@@0@_J1$$QEAU10@Ucomparator@PriorityQueueImpl@nav@@@Z 0000000180039580 f i priorityqueue_api.obj
 0001:00038660       ??$_To_address@PEAN@std@@YA?A_PAEBQEAN@Z 0000000180039660 f i priorityqueue_api.obj
 0001:00038670       ??$_To_address@PEBN@std@@YA?A_PAEBQEBN@Z 0000000180039670 f i priorityqueue_api.obj
 0001:00038680       ??$_Try_emplace@AEBH$$V@?$_Hash@V?$_Umap_traits@HHV?$_Uhash_compare@HU?$hash@H@std@@U?$equal_to@H@2@@std@@V?$allocator@U?$pair@$$CBHH@std@@@2@$0A@@std@@@std@@IEAA?AU?$pair@PEAU?$_List_node@U?$pair@$$CBHH@std@@PEAX@std@@_N@1@AEBH@Z 0000000180039680 f i priorityqueue_api.obj
 0001:00038850       ??$_Try_emplace@AEBH$$V@?$_Hash@V?$_Umap_traits@HV?$vector@NV?$allocator@N@std@@@std@@V?$_Uhash_compare@HU?$hash@H@std@@U?$equal_to@H@2@@2@V?$allocator@U?$pair@$$CBHV?$vector@NV?$allocator@N@std@@@std@@@std@@@2@$0A@@std@@@std@@IEAA?AU?$pair@PEAU?$_List_node@U?$pair@$$CBHV?$vector@NV?$allocator@N@std@@@std@@@std@@PEAX@std@@_N@1@AEBH@Z 0000000180039850 f i priorityqueue_api.obj
 0001:00038a20       ??$_Tuple_get@$0A@AEBH@std@@YA$$QEA_P$$QEAV?$tuple@AEBH@0@@Z 0000000180039a20 f i priorityqueue_api.obj
 0001:00038a30       ??$_Unfancy@N@std@@YAPEANPEAN@Z 0000000180039a30 f i priorityqueue_api.obj
 0001:00038a40       ??$_Unfancy@U?$pair@HV?$vector@NV?$allocator@N@std@@@std@@@std@@@std@@YAPEAU?$pair@HV?$vector@NV?$allocator@N@std@@@std@@@0@PEAU10@@Z 0000000180039a40 f i priorityqueue_api.obj
 0001:00038a50       ??$_Unfancy@V?$vector@NV?$allocator@N@std@@@std@@@std@@YAPEAV?$vector@NV?$allocator@N@std@@@0@PEAV10@@Z 0000000180039a50 f i priorityqueue_api.obj
 0001:00038a60       ??$_Uninitialized_copy@PEANPEANV?$allocator@N@std@@@std@@YAPEANPEAN00AEAV?$allocator@N@0@@Z 0000000180039a60 f i priorityqueue_api.obj
 0001:00038b90       ??$_Uninitialized_copy@PEBNPEBNV?$allocator@N@std@@@std@@YAPEANPEBN0PEANAEAV?$allocator@N@0@@Z 0000000180039b90 f i priorityqueue_api.obj
 0001:00038cc0       ??$_Uninitialized_fill_n@V?$allocator@N@std@@@std@@YAPEANPEAN_KAEBNAEAV?$allocator@N@0@@Z 0000000180039cc0 f i priorityqueue_api.obj
 0001:00038d70       ??$_Uninitialized_move@PEAU?$pair@HV?$vector@NV?$allocator@N@std@@@std@@@std@@V?$allocator@U?$pair@HV?$vector@NV?$allocator@N@std@@@std@@@std@@@2@@std@@YAPEAU?$pair@HV?$vector@NV?$allocator@N@std@@@std@@@0@QEAU10@0PEAU10@AEAV?$allocator@U?$pair@HV?$vector@NV?$allocator@N@std@@@std@@@std@@@0@@Z 0000000180039d70 f i priorityqueue_api.obj
 0001:00038e20       ??$_Uninitialized_move@PEAV?$vector@NV?$allocator@N@std@@@std@@V?$allocator@V?$vector@NV?$allocator@N@std@@@std@@@2@@std@@YAPEAV?$vector@NV?$allocator@N@std@@@0@QEAV10@0PEAV10@AEAV?$allocator@V?$vector@NV?$allocator@N@std@@@std@@@0@@Z 0000000180039e20 f i priorityqueue_api.obj
 0001:00038ed0       ??$addressof@$$CBV?$_List_val@U?$_List_simple_types@U?$pair@$$CBHH@std@@@std@@@std@@@std@@YAPEBV?$_List_val@U?$_List_simple_types@U?$pair@$$CBHH@std@@@std@@@0@AEBV10@@Z 0000000180039ed0 f i priorityqueue_api.obj
 0001:00038ee0       ??$addressof@$$CBV?$_List_val@U?$_List_simple_types@U?$pair@$$CBHV?$vector@NV?$allocator@N@std@@@std@@@std@@@std@@@std@@@std@@YAPEBV?$_List_val@U?$_List_simple_types@U?$pair@$$CBHV?$vector@NV?$allocator@N@std@@@std@@@std@@@std@@@0@AEBV10@@Z 0000000180039ee0 f i priorityqueue_api.obj
 0001:00038ef0       ??$addressof@PEAU?$_List_node@U?$pair@$$CBHH@std@@PEAX@std@@@std@@YAPEAPEAU?$_List_node@U?$pair@$$CBHH@std@@PEAX@0@AEAPEAU10@@Z 0000000180039ef0 f i priorityqueue_api.obj
 0001:00038f00       ??$addressof@PEAU?$_List_node@U?$pair@$$CBHV?$vector@NV?$allocator@N@std@@@std@@@std@@PEAX@std@@@std@@YAPEAPEAU?$_List_node@U?$pair@$$CBHV?$vector@NV?$allocator@N@std@@@std@@@std@@PEAX@0@AEAPEAU10@@Z 0000000180039f00 f i priorityqueue_api.obj
 0001:00038f10       ??$addressof@U?$pair@$$CBHH@std@@@std@@YAPEAU?$pair@$$CBHH@0@AEAU10@@Z 0000000180039f10 f i priorityqueue_api.obj
 0001:00038f20       ??$addressof@U?$pair@$$CBHV?$vector@NV?$allocator@N@std@@@std@@@std@@@std@@YAPEAU?$pair@$$CBHV?$vector@NV?$allocator@N@std@@@std@@@0@AEAU10@@Z 0000000180039f20 f i priorityqueue_api.obj
 0001:00038f30       ??$addressof@U?$pair@HV?$vector@NV?$allocator@N@std@@@std@@@std@@@std@@YAPEAU?$pair@HV?$vector@NV?$allocator@N@std@@@std@@@0@AEAU10@@Z 0000000180039f30 f i priorityqueue_api.obj
 0001:00038f40       ??$addressof@V?$_Hash@V?$_Umap_traits@HHV?$_Uhash_compare@HU?$hash@H@std@@U?$equal_to@H@2@@std@@V?$allocator@U?$pair@$$CBHH@std@@@2@$0A@@std@@@std@@@std@@YAPEAV?$_Hash@V?$_Umap_traits@HHV?$_Uhash_compare@HU?$hash@H@std@@U?$equal_to@H@2@@std@@V?$allocator@U?$pair@$$CBHH@std@@@2@$0A@@std@@@0@AEAV10@@Z 0000000180039f40 f i priorityqueue_api.obj
 0001:00038f50       ??$addressof@V?$_Hash@V?$_Umap_traits@HV?$vector@NV?$allocator@N@std@@@std@@V?$_Uhash_compare@HU?$hash@H@std@@U?$equal_to@H@2@@2@V?$allocator@U?$pair@$$CBHV?$vector@NV?$allocator@N@std@@@std@@@std@@@2@$0A@@std@@@std@@@std@@YAPEAV?$_Hash@V?$_Umap_traits@HV?$vector@NV?$allocator@N@std@@@std@@V?$_Uhash_compare@HU?$hash@H@std@@U?$equal_to@H@2@@2@V?$allocator@U?$pair@$$CBHV?$vector@NV?$allocator@N@std@@@std@@@std@@@2@$0A@@std@@@0@AEAV10@@Z 0000000180039f50 f i priorityqueue_api.obj
 0001:00038f60       ??$addressof@V?$_List_unchecked_iterator@V?$_List_val@U?$_List_simple_types@U?$pair@$$CBHH@std@@@std@@@std@@@std@@@std@@YAPEAV?$_List_unchecked_iterator@V?$_List_val@U?$_List_simple_types@U?$pair@$$CBHH@std@@@std@@@std@@@0@AEAV10@@Z 0000000180039f60 f i priorityqueue_api.obj
 0001:00038f70       ??$addressof@V?$_List_unchecked_iterator@V?$_List_val@U?$_List_simple_types@U?$pair@$$CBHV?$vector@NV?$allocator@N@std@@@std@@@std@@@std@@@std@@@std@@@std@@YAPEAV?$_List_unchecked_iterator@V?$_List_val@U?$_List_simple_types@U?$pair@$$CBHV?$vector@NV?$allocator@N@std@@@std@@@std@@@std@@@std@@@0@AEAV10@@Z 0000000180039f70 f i priorityqueue_api.obj
 0001:00038f80       ??$addressof@V?$_List_val@U?$_List_simple_types@U?$pair@$$CBHH@std@@@std@@@std@@@std@@YAPEAV?$_List_val@U?$_List_simple_types@U?$pair@$$CBHH@std@@@std@@@0@AEAV10@@Z 0000000180039f80 f i priorityqueue_api.obj
 0001:00038f90       ??$addressof@V?$_List_val@U?$_List_simple_types@U?$pair@$$CBHV?$vector@NV?$allocator@N@std@@@std@@@std@@@std@@@std@@@std@@YAPEAV?$_List_val@U?$_List_simple_types@U?$pair@$$CBHV?$vector@NV?$allocator@N@std@@@std@@@std@@@std@@@0@AEAV10@@Z 0000000180039f90 f i priorityqueue_api.obj
 0001:00038fa0       ??$addressof@V?$_Vector_val@U?$_Simple_types@U?$pair@HV?$vector@NV?$allocator@N@std@@@std@@@std@@@std@@@std@@@std@@YAPEAV?$_Vector_val@U?$_Simple_types@U?$pair@HV?$vector@NV?$allocator@N@std@@@std@@@std@@@std@@@0@AEAV10@@Z 0000000180039fa0 f i priorityqueue_api.obj
 0001:00038fb0       ??$addressof@V?$_Vector_val@U?$_Simple_types@V?$vector@NV?$allocator@N@std@@@std@@@std@@@std@@@std@@YAPEAV?$_Vector_val@U?$_Simple_types@V?$vector@NV?$allocator@N@std@@@std@@@std@@@0@AEAV10@@Z 0000000180039fb0 f i priorityqueue_api.obj
 0001:00038fc0       ??$addressof@V?$vector@NV?$allocator@N@std@@@std@@@std@@YAPEAV?$vector@NV?$allocator@N@std@@@0@AEAV10@@Z 0000000180039fc0 f i priorityqueue_api.obj
 0001:00038fd0       ??$addressof@V?$vector@U?$pair@HV?$vector@NV?$allocator@N@std@@@std@@@std@@V?$allocator@U?$pair@HV?$vector@NV?$allocator@N@std@@@std@@@std@@@2@@std@@@std@@YAPEAV?$vector@U?$pair@HV?$vector@NV?$allocator@N@std@@@std@@@std@@V?$allocator@U?$pair@HV?$vector@NV?$allocator@N@std@@@std@@@std@@@2@@0@AEAV10@@Z 0000000180039fd0 f i priorityqueue_api.obj
 0001:00038fe0       ??$construct@NAEAN@?$_Default_allocator_traits@V?$allocator@N@std@@@std@@SAXAEAV?$allocator@N@1@QEANAEAN@Z 0000000180039fe0 f i priorityqueue_api.obj
 0001:00039030       ??$construct@NAEBN@?$_Default_allocator_traits@V?$allocator@N@std@@@std@@SAXAEAV?$allocator@N@1@QEANAEBN@Z 000000018003a030 f i priorityqueue_api.obj
 0001:00039080       ??$construct@U?$pair@$$CBHH@std@@AEBUpiecewise_construct_t@2@V?$tuple@AEBH@2@V?$tuple@$$V@2@@?$_Default_allocator_traits@V?$allocator@U?$_List_node@U?$pair@$$CBHH@std@@PEAX@std@@@std@@@std@@SAXAEAV?$allocator@U?$_List_node@U?$pair@$$CBHH@std@@PEAX@std@@@1@QEAU?$pair@$$CBHH@1@AEBUpiecewise_construct_t@1@$$QEAV?$tuple@AEBH@1@$$QEAV?$tuple@$$V@1@@Z 000000018003a080 f i priorityqueue_api.obj
 0001:00039130       ??$construct@U?$pair@$$CBHV?$vector@NV?$allocator@N@std@@@std@@@std@@AEBUpiecewise_construct_t@2@V?$tuple@AEBH@2@V?$tuple@$$V@2@@?$_Default_allocator_traits@V?$allocator@U?$_List_node@U?$pair@$$CBHV?$vector@NV?$allocator@N@std@@@std@@@std@@PEAX@std@@@std@@@std@@SAXAEAV?$allocator@U?$_List_node@U?$pair@$$CBHV?$vector@NV?$allocator@N@std@@@std@@@std@@PEAX@std@@@1@QEAU?$pair@$$CBHV?$vector@NV?$allocator@N@std@@@std@@@1@AEBUpiecewise_construct_t@1@$$QEAV?$tuple@AEBH@1@$$QEAV?$tuple@$$V@1@@Z 000000018003a130 f i priorityqueue_api.obj
 0001:000391e0       ??$construct@U?$pair@HV?$vector@NV?$allocator@N@std@@@std@@@std@@AEAHV?$vector@NV?$allocator@N@std@@@2@@?$_Default_allocator_traits@V?$allocator@U?$pair@HV?$vector@NV?$allocator@N@std@@@std@@@std@@@std@@@std@@SAXAEAV?$allocator@U?$pair@HV?$vector@NV?$allocator@N@std@@@std@@@std@@@1@QEAU?$pair@HV?$vector@NV?$allocator@N@std@@@std@@@1@AEAH$$QEAV?$vector@NV?$allocator@N@std@@@1@@Z 000000018003a1e0 f i priorityqueue_api.obj
 0001:00039240       ??$construct@U?$pair@HV?$vector@NV?$allocator@N@std@@@std@@@std@@U12@@?$_Default_allocator_traits@V?$allocator@U?$pair@HV?$vector@NV?$allocator@N@std@@@std@@@std@@@std@@@std@@SAXAEAV?$allocator@U?$pair@HV?$vector@NV?$allocator@N@std@@@std@@@std@@@1@QEAU?$pair@HV?$vector@NV?$allocator@N@std@@@std@@@1@$$QEAU31@@Z 000000018003a240 f i priorityqueue_api.obj
 0001:00039290       ??$construct@V?$vector@NV?$allocator@N@std@@@std@@AEBHN@?$_Default_allocator_traits@V?$allocator@V?$vector@NV?$allocator@N@std@@@std@@@std@@@std@@SAXAEAV?$allocator@V?$vector@NV?$allocator@N@std@@@std@@@1@QEAV?$vector@NV?$allocator@N@std@@@1@AEBH$$QEAN@Z 000000018003a290 f i priorityqueue_api.obj
 0001:00039310       ??$construct@V?$vector@NV?$allocator@N@std@@@std@@AEBV12@@?$_Default_allocator_traits@V?$allocator@V?$vector@NV?$allocator@N@std@@@std@@@std@@@std@@SAXAEAV?$allocator@V?$vector@NV?$allocator@N@std@@@std@@@1@QEAV?$vector@NV?$allocator@N@std@@@1@AEBV31@@Z 000000018003a310 f i priorityqueue_api.obj
 0001:00039360       ??$construct@V?$vector@NV?$allocator@N@std@@@std@@V12@@?$_Default_allocator_traits@V?$allocator@V?$vector@NV?$allocator@N@std@@@std@@@std@@@std@@SAXAEAV?$allocator@V?$vector@NV?$allocator@N@std@@@std@@@1@QEAV?$vector@NV?$allocator@N@std@@@1@$$QEAV31@@Z 000000018003a360 f i priorityqueue_api.obj
 0001:000393b0       ??$destroy@U?$pair@$$CBHH@std@@@?$_Default_allocator_traits@V?$allocator@U?$_List_node@U?$pair@$$CBHH@std@@PEAX@std@@@std@@@std@@SAXAEAV?$allocator@U?$_List_node@U?$pair@$$CBHH@std@@PEAX@std@@@1@QEAU?$pair@$$CBHH@1@@Z 000000018003a3b0 f i priorityqueue_api.obj
 0001:000393c0       ??$destroy@U?$pair@$$CBHV?$vector@NV?$allocator@N@std@@@std@@@std@@@?$_Default_allocator_traits@V?$allocator@U?$_List_node@U?$pair@$$CBHV?$vector@NV?$allocator@N@std@@@std@@@std@@PEAX@std@@@std@@@std@@SAXAEAV?$allocator@U?$_List_node@U?$pair@$$CBHV?$vector@NV?$allocator@N@std@@@std@@@std@@PEAX@std@@@1@QEAU?$pair@$$CBHV?$vector@NV?$allocator@N@std@@@std@@@1@@Z 000000018003a3c0 f i priorityqueue_api.obj
 0001:000393e0       ??$destroy@U?$pair@HV?$vector@NV?$allocator@N@std@@@std@@@std@@@?$_Default_allocator_traits@V?$allocator@U?$pair@HV?$vector@NV?$allocator@N@std@@@std@@@std@@@std@@@std@@SAXAEAV?$allocator@U?$pair@HV?$vector@NV?$allocator@N@std@@@std@@@std@@@1@QEAU?$pair@HV?$vector@NV?$allocator@N@std@@@std@@@1@@Z 000000018003a3e0 f i priorityqueue_api.obj
 0001:00039400       ??$destroy@V?$vector@NV?$allocator@N@std@@@std@@@?$_Default_allocator_traits@V?$allocator@V?$vector@NV?$allocator@N@std@@@std@@@std@@@std@@SAXAEAV?$allocator@V?$vector@NV?$allocator@N@std@@@std@@@1@QEAV?$vector@NV?$allocator@N@std@@@1@@Z 000000018003a400 f i priorityqueue_api.obj
 0001:00039420       ??$distance@PEBN@std@@YA_JPEBN0@Z 000000018003a420 f i priorityqueue_api.obj
 0001:00039440       ??$emplace@AEAHV?$vector@NV?$allocator@N@std@@@std@@@?$priority_queue@U?$pair@HV?$vector@NV?$allocator@N@std@@@std@@@std@@V?$vector@U?$pair@HV?$vector@NV?$allocator@N@std@@@std@@@std@@V?$allocator@U?$pair@HV?$vector@NV?$allocator@N@std@@@std@@@std@@@2@@2@Ucomparator@PriorityQueueImpl@nav@@@std@@QEAAXAEAH$$QEAV?$vector@NV?$allocator@N@std@@@1@@Z 000000018003a440 f i priorityqueue_api.obj
 0001:000394e0       ??$emplace_back@AEAHV?$vector@NV?$allocator@N@std@@@std@@@?$vector@U?$pair@HV?$vector@NV?$allocator@N@std@@@std@@@std@@V?$allocator@U?$pair@HV?$vector@NV?$allocator@N@std@@@std@@@std@@@2@@std@@QEAA?A_TAEAH$$QEAV?$vector@NV?$allocator@N@std@@@1@@Z 000000018003a4e0 f i priorityqueue_api.obj
 0001:00039530       ??$emplace_back@AEBHN@?$vector@V?$vector@NV?$allocator@N@std@@@std@@V?$allocator@V?$vector@NV?$allocator@N@std@@@std@@@2@@std@@QEAA?A_TAEBH$$QEAN@Z 000000018003a530 f i priorityqueue_api.obj
 0001:00039580       ??$exchange@PEAN$$T@std@@YAPEANAEAPEAN$$QEA$$T@Z 000000018003a580 f i priorityqueue_api.obj
 0001:000395c0       ??$exchange@PEAU?$_List_node@U?$pair@$$CBHH@std@@PEAX@std@@$$T@std@@YAPEAU?$_List_node@U?$pair@$$CBHH@std@@PEAX@0@AEAPEAU10@$$QEA$$T@Z 000000018003a5c0 f i priorityqueue_api.obj
 0001:00039600       ??$exchange@PEAU?$_List_node@U?$pair@$$CBHV?$vector@NV?$allocator@N@std@@@std@@@std@@PEAX@std@@$$T@std@@YAPEAU?$_List_node@U?$pair@$$CBHV?$vector@NV?$allocator@N@std@@@std@@@std@@PEAX@0@AEAPEAU10@$$QEA$$T@Z 000000018003a600 f i priorityqueue_api.obj
 0001:00039640       ??$exchange@PEAV?$vector@NV?$allocator@N@std@@@std@@$$T@std@@YAPEAV?$vector@NV?$allocator@N@std@@@0@AEAPEAV10@$$QEA$$T@Z 000000018003a640 f i priorityqueue_api.obj
 0001:00039680       ??$fill@PEAV?$_List_unchecked_iterator@V?$_List_val@U?$_List_simple_types@U?$pair@$$CBHH@std@@@std@@@std@@@std@@V12@@std@@YAXQEAV?$_List_unchecked_iterator@V?$_List_val@U?$_List_simple_types@U?$pair@$$CBHH@std@@@std@@@std@@@0@0AEBV10@@Z 000000018003a680 f i priorityqueue_api.obj
 0001:00039700       ??$fill@PEAV?$_List_unchecked_iterator@V?$_List_val@U?$_List_simple_types@U?$pair@$$CBHV?$vector@NV?$allocator@N@std@@@std@@@std@@@std@@@std@@@std@@V12@@std@@YAXQEAV?$_List_unchecked_iterator@V?$_List_val@U?$_List_simple_types@U?$pair@$$CBHV?$vector@NV?$allocator@N@std@@@std@@@std@@@std@@@std@@@0@0AEBV10@@Z 000000018003a700 f i priorityqueue_api.obj
 0001:00039780       ??$find@X@?$_Hash@V?$_Umap_traits@HHV?$_Uhash_compare@HU?$hash@H@std@@U?$equal_to@H@2@@std@@V?$allocator@U?$pair@$$CBHH@std@@@2@$0A@@std@@@std@@QEAA?AV?$_List_iterator@V?$_List_val@U?$_List_simple_types@U?$pair@$$CBHH@std@@@std@@@std@@@1@AEBH@Z 000000018003a780 f i priorityqueue_api.obj
 0001:000397e0       ??$find@X@?$_Hash@V?$_Umap_traits@HV?$vector@NV?$allocator@N@std@@@std@@V?$_Uhash_compare@HU?$hash@H@std@@U?$equal_to@H@2@@2@V?$allocator@U?$pair@$$CBHV?$vector@NV?$allocator@N@std@@@std@@@std@@@2@$0A@@std@@@std@@QEAA?AV?$_List_iterator@V?$_List_val@U?$_List_simple_types@U?$pair@$$CBHV?$vector@NV?$allocator@N@std@@@std@@@std@@@std@@@std@@@1@AEBH@Z 000000018003a7e0 f i priorityqueue_api.obj
 0001:00039840       ??$forward@AEAH@std@@YAAEAHAEAH@Z 000000018003a840 f i priorityqueue_api.obj
 0001:00039850       ??$forward@AEAN@std@@YAAEANAEAN@Z 000000018003a850 f i priorityqueue_api.obj
 0001:00039860       ??$forward@AEAPEAU?$_List_node@U?$pair@$$CBHH@std@@PEAX@std@@@std@@YAAEAPEAU?$_List_node@U?$pair@$$CBHH@std@@PEAX@0@AEAPEAU10@@Z 000000018003a860 f i priorityqueue_api.obj
 0001:00039870       ??$forward@AEAPEAU?$_List_node@U?$pair@$$CBHV?$vector@NV?$allocator@N@std@@@std@@@std@@PEAX@std@@@std@@YAAEAPEAU?$_List_node@U?$pair@$$CBHV?$vector@NV?$allocator@N@std@@@std@@@std@@PEAX@0@AEAPEAU10@@Z 000000018003a870 f i priorityqueue_api.obj
 0001:00039880       ??$forward@AEBH@std@@YAAEBHAEBH@Z 000000018003a880 f i priorityqueue_api.obj
 0001:00039890       ??$forward@AEBN@std@@YAAEBNAEBN@Z 000000018003a890 f i priorityqueue_api.obj
 0001:000398a0       ??$forward@AEBQEAN@std@@YAAEBQEANAEBQEAN@Z 000000018003a8a0 f i priorityqueue_api.obj
 0001:000398b0       ??$forward@AEBQEAU?$_List_node@U?$pair@$$CBHH@std@@PEAX@std@@@std@@YAAEBQEAU?$_List_node@U?$pair@$$CBHH@std@@PEAX@0@AEBQEAU10@@Z 000000018003a8b0 f i priorityqueue_api.obj
 0001:000398c0       ??$forward@AEBQEAU?$_List_node@U?$pair@$$CBHV?$vector@NV?$allocator@N@std@@@std@@@std@@PEAX@std@@@std@@YAAEBQEAU?$_List_node@U?$pair@$$CBHV?$vector@NV?$allocator@N@std@@@std@@@std@@PEAX@0@AEBQEAU10@@Z 000000018003a8c0 f i priorityqueue_api.obj
 0001:000398d0       ??$forward@AEBUpiecewise_construct_t@std@@@std@@YAAEBUpiecewise_construct_t@0@AEBU10@@Z 000000018003a8d0 f i priorityqueue_api.obj
 0001:000398e0       ??$forward@AEBV?$_List_unchecked_iterator@V?$_List_val@U?$_List_simple_types@U?$pair@$$CBHH@std@@@std@@@std@@@std@@@std@@YAAEBV?$_List_unchecked_iterator@V?$_List_val@U?$_List_simple_types@U?$pair@$$CBHH@std@@@std@@@std@@@0@AEBV10@@Z 000000018003a8e0 f i priorityqueue_api.obj
 0001:000398f0       ??$forward@AEBV?$_List_unchecked_iterator@V?$_List_val@U?$_List_simple_types@U?$pair@$$CBHV?$vector@NV?$allocator@N@std@@@std@@@std@@@std@@@std@@@std@@@std@@YAAEBV?$_List_unchecked_iterator@V?$_List_val@U?$_List_simple_types@U?$pair@$$CBHV?$vector@NV?$allocator@N@std@@@std@@@std@@@std@@@std@@@0@AEBV10@@Z 000000018003a8f0 f i priorityqueue_api.obj
 0001:00039900       ??$forward@AEBV?$allocator@N@std@@@std@@YAAEBV?$allocator@N@0@AEBV10@@Z 000000018003a900 f i priorityqueue_api.obj
 0001:00039910       ??$forward@AEBV?$allocator@U?$pair@$$CBHH@std@@@std@@@std@@YAAEBV?$allocator@U?$pair@$$CBHH@std@@@0@AEBV10@@Z 000000018003a910 f i priorityqueue_api.obj
 0001:00039920       ??$forward@AEBV?$allocator@U?$pair@$$CBHV?$vector@NV?$allocator@N@std@@@std@@@std@@@std@@@std@@YAAEBV?$allocator@U?$pair@$$CBHV?$vector@NV?$allocator@N@std@@@std@@@std@@@0@AEBV10@@Z 000000018003a920 f i priorityqueue_api.obj
 0001:00039930       ??$forward@AEBV?$vector@NV?$allocator@N@std@@@std@@@std@@YAAEBV?$vector@NV?$allocator@N@std@@@0@AEBV10@@Z 000000018003a930 f i priorityqueue_api.obj
 0001:00039940       ??$forward@H@std@@YA$$QEAHAEAH@Z 000000018003a940 f i priorityqueue_api.obj
 0001:00039950       ??$forward@M@std@@YA$$QEAMAEAM@Z 000000018003a950 f i priorityqueue_api.obj
 0001:00039960       ??$forward@N@std@@YA$$QEANAEAN@Z 000000018003a960 f i priorityqueue_api.obj
 0001:00039970       ??$forward@PEAN@std@@YA$$QEAPEANAEAPEAN@Z 000000018003a970 f i priorityqueue_api.obj
 0001:00039980       ??$forward@PEAU?$_List_node@U?$pair@$$CBHH@std@@PEAX@std@@@std@@YA$$QEAPEAU?$_List_node@U?$pair@$$CBHH@std@@PEAX@0@AEAPEAU10@@Z 000000018003a980 f i priorityqueue_api.obj
 0001:00039990       ??$forward@PEAU?$_List_node@U?$pair@$$CBHV?$vector@NV?$allocator@N@std@@@std@@@std@@PEAX@std@@@std@@YA$$QEAPEAU?$_List_node@U?$pair@$$CBHV?$vector@NV?$allocator@N@std@@@std@@@std@@PEAX@0@AEAPEAU10@@Z 000000018003a990 f i priorityqueue_api.obj
 0001:000399a0       ??$forward@PEAV?$vector@NV?$allocator@N@std@@@std@@@std@@YA$$QEAPEAV?$vector@NV?$allocator@N@std@@@0@AEAPEAV10@@Z 000000018003a9a0 f i priorityqueue_api.obj
 0001:000399b0       ??$forward@PEBN@std@@YA$$QEAPEBNAEAPEBN@Z 000000018003a9b0 f i priorityqueue_api.obj
 0001:000399c0       ??$forward@U?$pair@HV?$vector@NV?$allocator@N@std@@@std@@@std@@@std@@YA$$QEAU?$pair@HV?$vector@NV?$allocator@N@std@@@std@@@0@AEAU10@@Z 000000018003a9c0 f i priorityqueue_api.obj
 0001:000399d0       ??$forward@U_Zero_then_variadic_args_t@std@@@std@@YA$$QEAU_Zero_then_variadic_args_t@0@AEAU10@@Z 000000018003a9d0 f i priorityqueue_api.obj
 0001:000399e0       ??$forward@V?$allocator@N@std@@@std@@YA$$QEAV?$allocator@N@0@AEAV10@@Z 000000018003a9e0 f i priorityqueue_api.obj
 0001:000399f0       ??$forward@V?$allocator@V?$vector@NV?$allocator@N@std@@@std@@@std@@@std@@YA$$QEAV?$allocator@V?$vector@NV?$allocator@N@std@@@std@@@0@AEAV10@@Z 000000018003a9f0 f i priorityqueue_api.obj
 0001:00039a00       ??$forward@V?$tuple@$$V@std@@@std@@YA$$QEAV?$tuple@$$V@0@AEAV10@@Z 000000018003aa00 f i priorityqueue_api.obj
 0001:00039a10       ??$forward@V?$tuple@AEBH@std@@@std@@YA$$QEAV?$tuple@AEBH@0@AEAV10@@Z 000000018003aa10 f i priorityqueue_api.obj
 0001:00039a20       ??$forward@V?$vector@NV?$allocator@N@std@@@std@@@std@@YA$$QEAV?$vector@NV?$allocator@N@std@@@0@AEAV10@@Z 000000018003aa20 f i priorityqueue_api.obj
 0001:00039a30       ??$forward@_N@std@@YA$$QEA_NAEA_N@Z 000000018003aa30 f i priorityqueue_api.obj
 0001:00039a40       ??$forward_as_tuple@$$V@std@@YA?AV?$tuple@$$V@0@XZ 000000018003aa40 f i priorityqueue_api.obj
 0001:00039a50       ??$forward_as_tuple@AEBH@std@@YA?AV?$tuple@AEBH@0@AEBH@Z 000000018003aa50 f i priorityqueue_api.obj
 0001:00039a80       ??$make_pair@HV?$vector@NV?$allocator@N@std@@@std@@@std@@YA?AU?$pair@HV?$vector@NV?$allocator@N@std@@@std@@@0@$$QEAH$$QEAV?$vector@NV?$allocator@N@std@@@0@@Z 000000018003aa80 f i priorityqueue_api.obj
 0001:00039ad0       ??$max@_K@std@@YAAEB_KAEB_K0@Z 000000018003aad0 f i priorityqueue_api.obj
 0001:00039b20       ??$min@_K@std@@YAAEB_KAEB_K0@Z 000000018003ab20 f i priorityqueue_api.obj
 0001:00039b70       ??$move@AEAPEAN@std@@YA$$QEAPEANAEAPEAN@Z 000000018003ab70 f i priorityqueue_api.obj
 0001:00039b80       ??$move@AEAPEAU?$_List_node@U?$pair@$$CBHH@std@@PEAX@std@@@std@@YA$$QEAPEAU?$_List_node@U?$pair@$$CBHH@std@@PEAX@0@AEAPEAU10@@Z 000000018003ab80 f i priorityqueue_api.obj
 0001:00039b90       ??$move@AEAPEAU?$_List_node@U?$pair@$$CBHV?$vector@NV?$allocator@N@std@@@std@@@std@@PEAX@std@@@std@@YA$$QEAPEAU?$_List_node@U?$pair@$$CBHV?$vector@NV?$allocator@N@std@@@std@@@std@@PEAX@0@AEAPEAU10@@Z 000000018003ab90 f i priorityqueue_api.obj
 0001:00039ba0       ??$move@AEAPEAV?$_List_unchecked_iterator@V?$_List_val@U?$_List_simple_types@U?$pair@$$CBHH@std@@@std@@@std@@@std@@@std@@YA$$QEAPEAV?$_List_unchecked_iterator@V?$_List_val@U?$_List_simple_types@U?$pair@$$CBHH@std@@@std@@@std@@@0@AEAPEAV10@@Z 000000018003aba0 f i priorityqueue_api.obj
 0001:00039bb0       ??$move@AEAPEAV?$_List_unchecked_iterator@V?$_List_val@U?$_List_simple_types@U?$pair@$$CBHV?$vector@NV?$allocator@N@std@@@std@@@std@@@std@@@std@@@std@@@std@@YA$$QEAPEAV?$_List_unchecked_iterator@V?$_List_val@U?$_List_simple_types@U?$pair@$$CBHV?$vector@NV?$allocator@N@std@@@std@@@std@@@std@@@std@@@0@AEAPEAV10@@Z 000000018003abb0 f i priorityqueue_api.obj
 0001:00039bc0       ??$move@AEAPEBN@std@@YA$$QEAPEBNAEAPEBN@Z 000000018003abc0 f i priorityqueue_api.obj
 0001:00039bd0       ??$move@AEAU?$pair@HV?$vector@NV?$allocator@N@std@@@std@@@std@@@std@@YA$$QEAU?$pair@HV?$vector@NV?$allocator@N@std@@@std@@@0@AEAU10@@Z 000000018003abd0 f i priorityqueue_api.obj
 0001:00039be0       ??$move@AEAV?$allocator@N@std@@@std@@YA$$QEAV?$allocator@N@0@AEAV10@@Z 000000018003abe0 f i priorityqueue_api.obj
 0001:00039bf0       ??$move@AEAV?$allocator@U?$_List_node@U?$pair@$$CBHH@std@@PEAX@std@@@std@@@std@@YA$$QEAV?$allocator@U?$_List_node@U?$pair@$$CBHH@std@@PEAX@std@@@0@AEAV10@@Z 000000018003abf0 f i priorityqueue_api.obj
 0001:00039c00       ??$move@AEAV?$allocator@U?$_List_node@U?$pair@$$CBHV?$vector@NV?$allocator@N@std@@@std@@@std@@PEAX@std@@@std@@@std@@YA$$QEAV?$allocator@U?$_List_node@U?$pair@$$CBHV?$vector@NV?$allocator@N@std@@@std@@@std@@PEAX@std@@@0@AEAV10@@Z 000000018003ac00 f i priorityqueue_api.obj
 0001:00039c10       ??$move@AEAV?$allocator@U?$pair@HV?$vector@NV?$allocator@N@std@@@std@@@std@@@std@@@std@@YA$$QEAV?$allocator@U?$pair@HV?$vector@NV?$allocator@N@std@@@std@@@std@@@0@AEAV10@@Z 000000018003ac10 f i priorityqueue_api.obj
 0001:00039c20       ??$move@AEAV?$allocator@V?$_List_unchecked_iterator@V?$_List_val@U?$_List_simple_types@U?$pair@$$CBHH@std@@@std@@@std@@@std@@@std@@@std@@YA$$QEAV?$allocator@V?$_List_unchecked_iterator@V?$_List_val@U?$_List_simple_types@U?$pair@$$CBHH@std@@@std@@@std@@@std@@@0@AEAV10@@Z 000000018003ac20 f i priorityqueue_api.obj
 0001:00039c30       ??$move@AEAV?$allocator@V?$_List_unchecked_iterator@V?$_List_val@U?$_List_simple_types@U?$pair@$$CBHV?$vector@NV?$allocator@N@std@@@std@@@std@@@std@@@std@@@std@@@std@@@std@@YA$$QEAV?$allocator@V?$_List_unchecked_iterator@V?$_List_val@U?$_List_simple_types@U?$pair@$$CBHV?$vector@NV?$allocator@N@std@@@std@@@std@@@std@@@std@@@std@@@0@AEAV10@@Z 000000018003ac30 f i priorityqueue_api.obj
 0001:00039c40       ??$move@AEAV?$allocator@V?$vector@NV?$allocator@N@std@@@std@@@std@@@std@@YA$$QEAV?$allocator@V?$vector@NV?$allocator@N@std@@@std@@@0@AEAV10@@Z 000000018003ac40 f i priorityqueue_api.obj
 0001:00039c50       ??$move@AEAV?$tuple@AEBH@std@@@std@@YA$$QEAV?$tuple@AEBH@0@AEAV10@@Z 000000018003ac50 f i priorityqueue_api.obj
 0001:00039c60       ??$move@AEAV?$unordered_map@HHU?$hash@H@std@@U?$equal_to@H@2@V?$allocator@U?$pair@$$CBHH@std@@@2@@std@@@std@@YA$$QEAV?$unordered_map@HHU?$hash@H@std@@U?$equal_to@H@2@V?$allocator@U?$pair@$$CBHH@std@@@2@@0@AEAV10@@Z 000000018003ac60 f i priorityqueue_api.obj
 0001:00039c70       ??$move@AEAV?$unordered_map@HV?$vector@NV?$allocator@N@std@@@std@@U?$hash@H@2@U?$equal_to@H@2@V?$allocator@U?$pair@$$CBHV?$vector@NV?$allocator@N@std@@@std@@@std@@@2@@std@@@std@@YA$$QEAV?$unordered_map@HV?$vector@NV?$allocator@N@std@@@std@@U?$hash@H@2@U?$equal_to@H@2@V?$allocator@U?$pair@$$CBHV?$vector@NV?$allocator@N@std@@@std@@@std@@@2@@0@AEAV10@@Z 000000018003ac70 f i priorityqueue_api.obj
 0001:00039c80       ??$move@AEAV?$vector@NV?$allocator@N@std@@@std@@@std@@YA$$QEAV?$vector@NV?$allocator@N@std@@@0@AEAV10@@Z 000000018003ac80 f i priorityqueue_api.obj
 0001:00039c90       ??$move@AEA_K@std@@YA$$QEA_KAEA_K@Z 000000018003ac90 f i priorityqueue_api.obj
 0001:00039ca0       ??$pop_heap@V?$_Vector_iterator@V?$_Vector_val@U?$_Simple_types@U?$pair@HV?$vector@NV?$allocator@N@std@@@std@@@std@@@std@@@std@@@std@@Ucomparator@PriorityQueueImpl@nav@@@std@@YAXV?$_Vector_iterator@V?$_Vector_val@U?$_Simple_types@U?$pair@HV?$vector@NV?$allocator@N@std@@@std@@@std@@@std@@@std@@@0@0Ucomparator@PriorityQueueImpl@nav@@@Z 000000018003aca0 f i priorityqueue_api.obj
[...]
 0003:00015050       $SG22944                   0000000180060050     sl_groundvehicleDynamics_sfun_registry.obj
 0003:00015070       $SG22945                   0000000180060070     sl_groundvehicleDynamics_sfun_registry.obj
 0003:00015100       $SG22949                   0000000180060100     sl_groundvehicleDynamics_sfun_registry.obj
 0003:00015120       $SG22950                   0000000180060120     sl_groundvehicleDynamics_sfun_registry.obj
 0003:000151b0       $SG22954                   00000001800601b0     sl_groundvehicleDynamics_sfun_registry.obj
 0003:000151d0       $SG22955                   00000001800601d0     sl_groundvehicleDynamics_sfun_registry.obj
 0003:00015260       $SG22959                   0000000180060260     sl_groundvehicleDynamics_sfun_registry.obj
 0003:00015280       $SG22960                   0000000180060280     sl_groundvehicleDynamics_sfun_registry.obj
 0003:00015310       $SG22964                   0000000180060310     sl_groundvehicleDynamics_sfun_registry.obj
 0003:00015330       $SG22965                   0000000180060330     sl_groundvehicleDynamics_sfun_registry.obj
 0003:000153c0       $SG22969                   00000001800603c0     sl_groundvehicleDynamics_sfun_registry.obj
 0003:000153e0       $SG22970                   00000001800603e0     sl_groundvehicleDynamics_sfun_registry.obj
 0003:00015470       $SG22974                   0000000180060470     sl_groundvehicleDynamics_sfun_registry.obj
 0003:00015490       $SG22975                   0000000180060490     sl_groundvehicleDynamics_sfun_registry.obj
 0003:00015520       $SG22979                   0000000180060520     sl_groundvehicleDynamics_sfun_registry.obj
 0003:00015540       $SG22980                   0000000180060540     sl_groundvehicleDynamics_sfun_registry.obj
 0003:000155d0       $SG22984                   00000001800605d0     sl_groundvehicleDynamics_sfun_registry.obj
 0003:000155f0       $SG22985                   00000001800605f0     sl_groundvehicleDynamics_sfun_registry.obj
 0003:00015680       $SG22990                   0000000180060680     sl_groundvehicleDynamics_sfun_registry.obj
 0003:000156a0       $SG22991                   00000001800606a0     sl_groundvehicleDynamics_sfun_registry.obj
 0003:00015730       $SG22996                   0000000180060730     sl_groundvehicleDynamics_sfun_registry.obj
 0003:00015740       $SG22997                   0000000180060740     sl_groundvehicleDynamics_sfun_registry.obj
 0003:000157d0       $SG23001                   00000001800607d0     sl_groundvehicleDynamics_sfun_registry.obj
 0003:000157f0       $SG23002                   00000001800607f0     sl_groundvehicleDynamics_sfun_registry.obj
 0003:00015880       $SG23006                   0000000180060880     sl_groundvehicleDynamics_sfun_registry.obj
 0003:00015890       $SG23007                   0000000180060890     sl_groundvehicleDynamics_sfun_registry.obj
 0003:00015920       $SG23011                   0000000180060920     sl_groundvehicleDynamics_sfun_registry.obj
 0003:00015940       $SG23012                   0000000180060940     sl_groundvehicleDynamics_sfun_registry.obj
 0003:000159d0       $SG23016                   00000001800609d0     sl_groundvehicleDynamics_sfun_registry.obj
 0003:000159f0       $SG23017                   00000001800609f0     sl_groundvehicleDynamics_sfun_registry.obj
 0003:00015a80       $SG23021                   0000000180060a80     sl_groundvehicleDynamics_sfun_registry.obj
 0003:00015a90       $SG23022                   0000000180060a90     sl_groundvehicleDynamics_sfun_registry.obj
 0003:00015b20       $SG23026                   0000000180060b20     sl_groundvehicleDynamics_sfun_registry.obj
 0003:00015b30       $SG23027                   0000000180060b30     sl_groundvehicleDynamics_sfun_registry.obj
 0003:00015bc0       $SG23031                   0000000180060bc0     sl_groundvehicleDynamics_sfun_registry.obj
 0003:00015be0       $SG23032                   0000000180060be0     sl_groundvehicleDynamics_sfun_registry.obj
 0003:00015c70       $SG23036                   0000000180060c70     sl_groundvehicleDynamics_sfun_registry.obj
 0003:00015c90       $SG23037                   0000000180060c90     sl_groundvehicleDynamics_sfun_registry.obj
 0003:00015d20       $SG23041                   0000000180060d20     sl_groundvehicleDynamics_sfun_registry.obj
 0003:00015d30       $SG23042                   0000000180060d30     sl_groundvehicleDynamics_sfun_registry.obj
 0003:00015dc0       $SG23050                   0000000180060dc0     sl_groundvehicleDynamics_sfun_registry.obj
 0003:00015dd0       $SG23051                   0000000180060dd0     sl_groundvehicleDynamics_sfun_registry.obj
 0003:00015e60       $SG23057                   0000000180060e60     sl_groundvehicleDynamics_sfun_registry.obj
 0003:00015e70       $SG23058                   0000000180060e70     sl_groundvehicleDynamics_sfun_registry.obj
 0003:00015f00       $SG23062                   0000000180060f00     sl_groundvehicleDynamics_sfun_registry.obj
 0003:00015f10       $SG23063                   0000000180060f10     sl_groundvehicleDynamics_sfun_registry.obj
 0003:00015fa0       $SG23068                   0000000180060fa0     sl_groundvehicleDynamics_sfun_registry.obj
 0003:00015fb0       $SG23069                   0000000180060fb0     sl_groundvehicleDynamics_sfun_registry.obj
 0003:00016040       $SG23073                   0000000180061040     sl_groundvehicleDynamics_sfun_registry.obj
 0003:000160c0       $SG23096                   00000001800610c0     sl_groundvehicleDynamics_sfun_registry.obj
 0003:000161d8       $SG23104                   00000001800611d8     sl_groundvehicleDynamics_sfun_registry.obj
 0003:000161e8       $SG23111                   00000001800611e8     sl_groundvehicleDynamics_sfun_registry.obj
 0003:000161f8       $SG23119                   00000001800611f8     sl_groundvehicleDynamics_sfun_registry.obj
 0003:00016208       $SG23126                   0000000180061208     sl_groundvehicleDynamics_sfun_registry.obj
 0003:00016218       $SG23134                   0000000180061218     sl_groundvehicleDynamics_sfun_registry.obj
 0003:00016228       $SG23141                   0000000180061228     sl_groundvehicleDynamics_sfun_registry.obj
 0003:00016238       $SG23147                   0000000180061238     sl_groundvehicleDynamics_sfun_registry.obj
 0003:00016258       $SG23157                   0000000180061258     sl_groundvehicleDynamics_sfun_registry.obj
 0003:00016288       $SG23158                   0000000180061288     sl_groundvehicleDynamics_sfun_registry.obj
 0003:00016290       $SG23159                   0000000180061290     sl_groundvehicleDynamics_sfun_registry.obj
 0003:00016298       $SG23169                   0000000180061298     sl_groundvehicleDynamics_sfun_registry.obj
 0003:000162d0       $SG23170                   00000001800612d0     sl_groundvehicleDynamics_sfun_registry.obj
 0003:000162d8       $SG23171                   00000001800612d8     sl_groundvehicleDynamics_sfun_registry.obj
 0003:00016420       sRtwOptimizationInfoStruct 0000000180061420     sl_groundvehicleDynamics_sfun.obj
 0003:00016428       sOptimizationInfoFlags     0000000180061428     sl_groundvehicleDynamics_sfun.obj
 0003:00016430       $SG22276                   0000000180061430     c5_sl_groundvehicleDynamics.obj
 0003:00016431       $SG22280                   0000000180061431     c5_sl_groundvehicleDynamics.obj
 0003:00016432       $SG22284                   0000000180061432     c5_sl_groundvehicleDynamics.obj
 0003:00016433       $SG22291                   0000000180061433     c5_sl_groundvehicleDynamics.obj
 0003:00016434       $SG22298                   0000000180061434     c5_sl_groundvehicleDynamics.obj
 0003:00016435       $SG22305                   0000000180061435     c5_sl_groundvehicleDynamics.obj
 0003:00016436       $SG22312                   0000000180061436     c5_sl_groundvehicleDynamics.obj
 0003:00016437       $SG22319                   0000000180061437     c5_sl_groundvehicleDynamics.obj
 0003:00016438       $SG22323                   0000000180061438     c5_sl_groundvehicleDynamics.obj
 0003:00016439       $SG22327                   0000000180061439     c5_sl_groundvehicleDynamics.obj
 0003:0001643a       $SG22331                   000000018006143a     c5_sl_groundvehicleDynamics.obj
 0003:0001643b       $SG22338                   000000018006143b     c5_sl_groundvehicleDynamics.obj
 0003:0001643c       $SG22345                   000000018006143c     c5_sl_groundvehicleDynamics.obj
 0003:0001643d       $SG22349                   000000018006143d     c5_sl_groundvehicleDynamics.obj
 0003:0001643e       $SG22353                   000000018006143e     c5_sl_groundvehicleDynamics.obj
 0003:0001643f       $SG22357                   000000018006143f     c5_sl_groundvehicleDynamics.obj
 0003:00016440       $SG22361                   0000000180061440     c5_sl_groundvehicleDynamics.obj
 0003:00016441       $SG22365                   0000000180061441     c5_sl_groundvehicleDynamics.obj
 0003:00016442       $SG22369                   0000000180061442     c5_sl_groundvehicleDynamics.obj
 0003:00016443       $SG22373                   0000000180061443     c5_sl_groundvehicleDynamics.obj
 0003:00016444       $SG22377                   0000000180061444     c5_sl_groundvehicleDynamics.obj
 0003:00016445       $SG22381                   0000000180061445     c5_sl_groundvehicleDynamics.obj
 0003:00016446       $SG22385                   0000000180061446     c5_sl_groundvehicleDynamics.obj
 0003:00016447       $SG22389                   0000000180061447     c5_sl_groundvehicleDynamics.obj
 0003:00016448       $SG22393                   0000000180061448     c5_sl_groundvehicleDynamics.obj
 0003:00016449       $SG22397                   0000000180061449     c5_sl_groundvehicleDynamics.obj
 0003:0001644a       $SG22401                   000000018006144a     c5_sl_groundvehicleDynamics.obj
 0003:0001644b       $SG22405                   000000018006144b     c5_sl_groundvehicleDynamics.obj
 0003:0001644c       $SG22409                   000000018006144c     c5_sl_groundvehicleDynamics.obj
 0003:0001644d       $SG22416                   000000018006144d     c5_sl_groundvehicleDynamics.obj
 0003:0001644e       $SG22426                   000000018006144e     c5_sl_groundvehicleDynamics.obj
 0003:0001644f       $SG22436                   000000018006144f     c5_sl_groundvehicleDynamics.obj
 0003:00016450       $SG22443                   0000000180061450     c5_sl_groundvehicleDynamics.obj
 0003:00016451       $SG22447                   0000000180061451     c5_sl_groundvehicleDynamics.obj
 0003:00016452       $SG22454                   0000000180061452     c5_sl_groundvehicleDynamics.obj
 0003:00016453       $SG22461                   0000000180061453     c5_sl_groundvehicleDynamics.obj
 0003:00016454       $SG22468                   0000000180061454     c5_sl_groundvehicleDynamics.obj
 0003:00016455       $SG22475                   0000000180061455     c5_sl_groundvehicleDynamics.obj
 0003:00016456       $SG22482                   0000000180061456     c5_sl_groundvehicleDynamics.obj
 0003:00016457       $SG22486                   0000000180061457     c5_sl_groundvehicleDynamics.obj
 0003:00016458       $SG22493                   0000000180061458     c5_sl_groundvehicleDynamics.obj
 0003:00016459       $SG22497                   0000000180061459     c5_sl_groundvehicleDynamics.obj
 0003:0001645a       $SG22504                   000000018006145a     c5_sl_groundvehicleDynamics.obj
 0003:0001645b       $SG22508                   000000018006145b     c5_sl_groundvehicleDynamics.obj
 0003:0001645c       $SG22515                   000000018006145c     c5_sl_groundvehicleDynamics.obj
 0003:0001645d       $SG22519                   000000018006145d     c5_sl_groundvehicleDynamics.obj
 0003:0001645e       $SG22526                   000000018006145e     c5_sl_groundvehicleDynamics.obj
 0003:0001645f       $SG22533                   000000018006145f     c5_sl_groundvehicleDynamics.obj
 0003:00016460       $SG22540                   0000000180061460     c5_sl_groundvehicleDynamics.obj
 0003:00016461       $SG22553                   0000000180061461     c5_sl_groundvehicleDynamics.obj
 0003:00016462       $SG22560                   0000000180061462     c5_sl_groundvehicleDynamics.obj
 0003:00016463       $SG22567                   0000000180061463     c5_sl_groundvehicleDynamics.obj
 0003:00016464       $SG22574                   0000000180061464     c5_sl_groundvehicleDynamics.obj
 0003:00016465       $SG22581                   0000000180061465     c5_sl_groundvehicleDynamics.obj
 0003:00016466       $SG22588                   0000000180061466     c5_sl_groundvehicleDynamics.obj
 0003:00016467       $SG22595                   0000000180061467     c5_sl_groundvehicleDynamics.obj
 0003:00016468       $SG22602                   0000000180061468     c5_sl_groundvehicleDynamics.obj
 0003:00016469       $SG22609                   0000000180061469     c5_sl_groundvehicleDynamics.obj
 0003:0001646a       $SG22616                   000000018006146a     c5_sl_groundvehicleDynamics.obj
 0003:0001646b       $SG22623                   000000018006146b     c5_sl_groundvehicleDynamics.obj
 0003:0001646c       $SG22627                   000000018006146c     c5_sl_groundvehicleDynamics.obj
 0003:0001646d       $SG22631                   000000018006146d     c5_sl_groundvehicleDynamics.obj
 0003:0001646e       $SG22635                   000000018006146e     c5_sl_groundvehicleDynamics.obj
 0003:0001646f       $SG22639                   000000018006146f     c5_sl_groundvehicleDynamics.obj
 0003:00016470       $SG22646                   0000000180061470     c5_sl_groundvehicleDynamics.obj
 0003:00016471       $SG22650                   0000000180061471     c5_sl_groundvehicleDynamics.obj
 0003:00016472       $SG22654                   0000000180061472     c5_sl_groundvehicleDynamics.obj
 0003:00016473       $SG22658                   0000000180061473     c5_sl_groundvehicleDynamics.obj
 0003:00016474       $SG22662                   0000000180061474     c5_sl_groundvehicleDynamics.obj
 0003:00016475       $SG22666                   0000000180061475     c5_sl_groundvehicleDynamics.obj
 0003:00016476       $SG22670                   0000000180061476     c5_sl_groundvehicleDynamics.obj
 0003:00016477       $SG22674                   0000000180061477     c5_sl_groundvehicleDynamics.obj
 0003:00016478       $SG22678                   0000000180061478     c5_sl_groundvehicleDynamics.obj
 0003:00016479       $SG22682                   0000000180061479     c5_sl_groundvehicleDynamics.obj
 0003:0001647a       $SG22686                   000000018006147a     c5_sl_groundvehicleDynamics.obj
 0003:0001647b       $SG22690                   000000018006147b     c5_sl_groundvehicleDynamics.obj
 0003:0001647c       $SG22694                   000000018006147c     c5_sl_groundvehicleDynamics.obj
 0003:0001647d       $SG22698                   000000018006147d     c5_sl_groundvehicleDynamics.obj
 0003:0001647e       $SG22702                   000000018006147e     c5_sl_groundvehicleDynamics.obj
 0003:0001647f       $SG22706                   000000018006147f     c5_sl_groundvehicleDynamics.obj
 0003:00016480       $SG22710                   0000000180061480     c5_sl_groundvehicleDynamics.obj
 0003:00016481       $SG22714                   0000000180061481     c5_sl_groundvehicleDynamics.obj
 0003:00016482       $SG22718                   0000000180061482     c5_sl_groundvehicleDynamics.obj
 0003:00016483       $SG22722                   0000000180061483     c5_sl_groundvehicleDynamics.obj
 0003:00016484       $SG22726                   0000000180061484     c5_sl_groundvehicleDynamics.obj
 0003:00016485       $SG22730                   0000000180061485     c5_sl_groundvehicleDynamics.obj
 0003:00016486       $SG22734                   0000000180061486     c5_sl_groundvehicleDynamics.obj
 0003:00016487       $SG22741                   0000000180061487     c5_sl_groundvehicleDynamics.obj
 0003:00016488       $SG22760                   0000000180061488     c5_sl_groundvehicleDynamics.obj
 0003:00016489       $SG22767                   0000000180061489     c5_sl_groundvehicleDynamics.obj
 0003:0001648a       $SG22774                   000000018006148a     c5_sl_groundvehicleDynamics.obj
 0003:0001648b       $SG22781                   000000018006148b     c5_sl_groundvehicleDynamics.obj
 0003:0001648c       $SG22791                   000000018006148c     c5_sl_groundvehicleDynamics.obj
 0003:0001648d       $SG22801                   000000018006148d     c5_sl_groundvehicleDynamics.obj
 0003:0001648e       $SG22808                   000000018006148e     c5_sl_groundvehicleDynamics.obj
 0003:0001648f       $SG22815                   000000018006148f     c5_sl_groundvehicleDynamics.obj
 0003:00016490       $SG22822                   0000000180061490     c5_sl_groundvehicleDynamics.obj
 0003:00016491       $SG22829                   0000000180061491     c5_sl_groundvehicleDynamics.obj
 0003:00016492       $SG22839                   0000000180061492     c5_sl_groundvehicleDynamics.obj
 0003:00016493       $SG22849                   0000000180061493     c5_sl_groundvehicleDynamics.obj
 0003:00016494       $SG22856                   0000000180061494     c5_sl_groundvehicleDynamics.obj
 0003:00016495       $SG22863                   0000000180061495     c5_sl_groundvehicleDynamics.obj
 0003:00016496       $SG22867                   0000000180061496     c5_sl_groundvehicleDynamics.obj
 0003:00016497       $SG22874                   0000000180061497     c5_sl_groundvehicleDynamics.obj
 0003:00016498       $SG22878                   0000000180061498     c5_sl_groundvehicleDynamics.obj
 0003:00016499       $SG23490                   0000000180061499     c5_sl_groundvehicleDynamics.obj
 0003:0001649a       $SG24334                   000000018006149a     c5_sl_groundvehicleDynamics.obj
 0003:0001649b       $SG29021                   000000018006149b     c5_sl_groundvehicleDynamics.obj
 0003:0001649c       $SG29116                   000000018006149c     c5_sl_groundvehicleDynamics.obj
 0003:0001649d       $SG30203                   000000018006149d     c5_sl_groundvehicleDynamics.obj
 0003:0001649e       $SG30204                   000000018006149e     c5_sl_groundvehicleDynamics.obj
 0003:0001649f       $SG30350                   000000018006149f     c5_sl_groundvehicleDynamics.obj
 0003:000164a0       _sfTime_                   00000001800614a0     c5_sl_groundvehicleDynamics.obj
 0003:000164b0       ?newstr@?1??sf_c5_sl_groundvehicleDynamics_get_post_codegen_info@@9@9 00000001800614b0     c5_sl_groundvehicleDynamics.obj
 0003:00016cd8       sfGlobalMdlStartCallCounts 0000000180061cd8     sl_groundvehicleDynamics_sfun_registry.obj
 0003:00016cdc       $SG22560                   0000000180061cdc     sl_groundvehicleDynamics_sfun_registry.obj
 0003:00016cde       ?warningGuard@?1??ssGetRootSS@@9@9 0000000180061cde     sl_groundvehicleDynamics_sfun_registry.obj
 0003:00016cdf       ?warningGuard@?1??ssGetParentSS@@9@9 0000000180061cdf     sl_groundvehicleDynamics_sfun_registry.obj
 0003:00016ce0       GS_ExceptionRecord         0000000180061ce0     MSVCRT:gs_report.obj
 0003:00016d80       GS_ContextRecord           0000000180061d80     MSVCRT:gs_report.obj
 0003:00017250       ?__proc_attached@@3HA      0000000180062250     MSVCRT:dll_dllmain.obj
 0003:00017290       ?is_initialized_as_dll@@3_NA 0000000180062290     MSVCRT:utility.obj
 0003:00017291       ?module_local_atexit_table_initialized@@3_NA 0000000180062291     MSVCRT:utility.obj
 0003:00017298       ?module_local_atexit_table@@3U_onexit_table_t@@A 0000000180062298     MSVCRT:utility.obj
 0003:000172b0       ?module_local_at_quick_exit_table@@3U_onexit_table_t@@A 00000001800622b0     MSVCRT:utility.obj
