 sl_groundvehicleDynamics_sfun

 Timestamp is 6711b67e (Fri Oct 18 11:14:38 2024)

 Preferred load address is 0000000180000000

 Start         Length     Name                   Class
 0001:00000000 0003b390H .text$mn                CODE
 0001:0003b390 00000040H .text$mn$00             CODE
 0001:0003b3d0 0000057aH .text$x                 CODE
 0002:00000000 000005c8H .idata$5                DATA
 0002:000005c8 00000038H .00cfg                  DATA
 0002:00000600 00000008H .CRT$XCA                DATA
 0002:00000608 00000008H .CRT$XCZ                DATA
 0002:00000610 00000008H .CRT$XIA                DATA
 0002:00000618 00000008H .CRT$XIZ                DATA
 0002:00000620 00000008H .CRT$XPA                DATA
 0002:00000628 00000008H .CRT$XPZ                DATA
 0002:00000630 00000008H .CRT$XTA                DATA
 0002:00000638 00000008H .CRT$XTZ                DATA
 0002:00000640 00000000H .gehcont$y              DATA
 0002:00000640 00000000H .gfids$y                DATA
 0002:00000640 000005c0H .rdata                  DATA
 0002:00000c00 00000080H .rdata$CastGuardVftablesA DATA
 0002:00000c80 00000080H .rdata$CastGuardVftablesC DATA
 0002:00000d00 000001f4H .rdata$r                DATA
 0002:00000ef4 00000224H .rdata$voltmd           DATA
 0002:00001118 000002c8H .rdata$zzzdbg           DATA
 0002:000013e0 00000008H .rtc$IAA                DATA
 0002:000013e8 00000008H .rtc$IZZ                DATA
 0002:000013f0 00000008H .rtc$TAA                DATA
 0002:000013f8 00000008H .rtc$TZZ                DATA
 0002:00001400 00002110H .xdata                  DATA
 0002:00003510 000000f0H .xdata$x                DATA
 0002:00003600 00000088H .edata                  DATA
 0002:00003688 00000140H .idata$2                DATA
 0002:000037c8 00000018H .idata$3                DATA
 0002:000037e0 000005c8H .idata$4                DATA
 0002:00003da8 0000103cH .idata$6                DATA
 0003:00000000 00015c38H .data                   DATA
 0003:00015c38 00000080H .data$r                 DATA
 0003:00015cb8 00000028H .data$rs                DATA
 0003:00015ce0 00000ee0H .bss                    DATA
 0004:00000000 000024e4H .pdata                  DATA

  Address         Publics by Value              Rva+Base               Lib:Object

 0000:00000000       __AbsoluteZero             0000000000000000     <absolute>
 0000:00000000       ___safe_se_handler_count   0000000000000000     <absolute>
 0000:00000000       ___safe_se_handler_table   0000000000000000     <absolute>
 0000:00000000       __arm64x_extra_rfe_table   0000000000000000     <absolute>
 0000:00000000       __arm64x_extra_rfe_table_size 0000000000000000     <absolute>
 0000:00000000       __arm64x_native_entrypoint 0000000000000000     <absolute>
 0000:00000000       __arm64x_redirection_metadata 0000000000000000     <absolute>
 0000:00000000       __arm64x_redirection_metadata_count 0000000000000000     <absolute>
 0000:00000000       __dynamic_value_reloc_table 0000000000000000     <absolute>
 0000:00000000       __enclave_config           0000000000000000     <absolute>
 0000:00000000       __guard_check_icall_a64n_fptr 0000000000000000     <absolute>
 0000:00000000       __guard_eh_cont_count      0000000000000000     <absolute>
 0000:00000000       __guard_eh_cont_table      0000000000000000     <absolute>
 0000:00000000       __guard_fids_count         0000000000000000     <absolute>
 0000:00000000       __guard_fids_table         0000000000000000     <absolute>
 0000:00000000       __guard_iat_count          0000000000000000     <absolute>
 0000:00000000       __guard_iat_table          0000000000000000     <absolute>
 0000:00000000       __guard_longjmp_count      0000000000000000     <absolute>
 0000:00000000       __guard_longjmp_table      0000000000000000     <absolute>
 0000:00000000       __hybrid_auxiliary_delayload_iat 0000000000000000     <absolute>
 0000:00000000       __hybrid_auxiliary_delayload_iat_copy 0000000000000000     <absolute>
 0000:00000000       __hybrid_auxiliary_iat     0000000000000000     <absolute>
 0000:00000000       __hybrid_auxiliary_iat_copy 0000000000000000     <absolute>
 0000:00000000       __hybrid_code_map          0000000000000000     <absolute>
 0000:00000000       __hybrid_code_map_count    0000000000000000     <absolute>
 0000:00000000       __hybrid_image_info_bitfield 0000000000000000     <absolute>
 0000:00000000       __x64_code_ranges_to_entry_points 0000000000000000     <absolute>
 0000:00000000       __x64_code_ranges_to_entry_points_count 0000000000000000     <absolute>
 0000:00000100       __guard_flags              0000000000000100     <absolute>
 0000:00000000       __ImageBase                0000000180000000     <linker-defined>
 0001:00000000       sl_groundvehicleDynamics_initializer 0000000180001000 f   sl_groundvehicleDynamics_sfun.obj
 0001:00000010       sl_groundvehicleDynamics_terminator 0000000180001010 f   sl_groundvehicleDynamics_sfun.obj
 0001:00000020       load_sl_groundvehicleDynamics_optimization_info 0000000180001020 f   sl_groundvehicleDynamics_sfun.obj
 0001:000000d0       unload_sl_groundvehicleDynamics_optimization_info 00000001800010d0 f   sl_groundvehicleDynamics_sfun.obj
 0001:00000100       sf_sl_groundvehicleDynamics_method_dispatcher 0000000180001100 f   sl_groundvehicleDynamics_sfun.obj
 0001:00000150       sf_sl_groundvehicleDynamics_process_check_sum_call 0000000180001150 f   sl_groundvehicleDynamics_sfun.obj
 0001:00000640       sf_sl_groundvehicleDynamics_get_eml_resolved_functions_info 0000000180001640 f   sl_groundvehicleDynamics_sfun.obj
 0001:00000820       sf_sl_groundvehicleDynamics_third_party_uses_info 0000000180001820 f   sl_groundvehicleDynamics_sfun.obj
 0001:000009f0       sf_sl_groundvehicleDynamics_jit_fallback_info 00000001800019f0 f   sl_groundvehicleDynamics_sfun.obj
 0001:00000bc0       sf_sl_groundvehicleDynamics_get_post_codegen_info 0000000180001bc0 f   sl_groundvehicleDynamics_sfun.obj
 0001:00000da0       sf_sl_groundvehicleDynamics_updateBuildInfo_args_info 0000000180001da0 f   sl_groundvehicleDynamics_sfun.obj
 0001:00000f60       sf_c5_sl_groundvehicleDynamics_get_eml_resolved_functions_info 0000000180001f60 f   c5_sl_groundvehicleDynamics.obj
 0001:00001000       sf_c5_sl_groundvehicleDynamics_get_check_sum 0000000180002000 f   c5_sl_groundvehicleDynamics.obj
 0001:000010d0       c5_sl_groundvehicleDynamics_method_dispatcher 00000001800020d0 f   c5_sl_groundvehicleDynamics.obj
 0001:00022300       sf_c5_sl_groundvehicleDynamics_third_party_uses_info 0000000180023300 f   c5_sl_groundvehicleDynamics.obj
 0001:00022350       sf_c5_sl_groundvehicleDynamics_jit_fallback_info 0000000180023350 f   c5_sl_groundvehicleDynamics.obj
 0001:000224e0       sf_c5_sl_groundvehicleDynamics_updateBuildInfo_args_info 00000001800234e0 f   c5_sl_groundvehicleDynamics.obj
 0001:00022800       sf_c5_sl_groundvehicleDynamics_get_post_codegen_info 0000000180023800 f   c5_sl_groundvehicleDynamics.obj
 0001:00022dd0       mexFunction                0000000180023dd0 f   sl_groundvehicleDynamics_sfun_registry.obj
 0001:000256a0       _ssSetInputPortDirectFeedThroughFcn 00000001800266a0 f   sl_groundvehicleDynamics_sfun_registry.obj
 0001:00025810       _ssSetRWorkValueFcn        0000000180026810 f   sl_groundvehicleDynamics_sfun_registry.obj
 0001:00025890       _ssGetRWorkValueFcn        0000000180026890 f   sl_groundvehicleDynamics_sfun_registry.obj
 0001:00025900       _ssSetIWorkValueFcn        0000000180026900 f   sl_groundvehicleDynamics_sfun_registry.obj
 0001:00025980       _ssGetIWorkValueFcn        0000000180026980 f   sl_groundvehicleDynamics_sfun_registry.obj
 0001:000259f0       _ssSetPWorkValueFcn        00000001800269f0 f   sl_groundvehicleDynamics_sfun_registry.obj
 0001:00025a70       _ssGetPWorkValueFcn        0000000180026a70 f   sl_groundvehicleDynamics_sfun_registry.obj
 0001:00025ae0       _ssGetInputPortSignalFcn   0000000180026ae0 f   sl_groundvehicleDynamics_sfun_registry.obj
 0001:00025e70       _ssGetInputPortBufferDstPortFcn 0000000180026e70 f   sl_groundvehicleDynamics_sfun_registry.obj
 0001:00025ef0       _ssGetInputPortSignalPtrsFcn 0000000180026ef0 f   sl_groundvehicleDynamics_sfun_registry.obj
 0001:00026280       ssGetParameterTuningCompliance 0000000180027280 f   sl_groundvehicleDynamics_sfun_registry.obj
 0001:000262f0       _ssReadInputStringFcn      00000001800272f0 f   sl_groundvehicleDynamics_sfun_registry.obj
 0001:00026360       ssGetDTypeIdFromMxArray    0000000180027360 f   sl_groundvehicleDynamics_sfun_registry.obj
 0001:00026480       ssWriteRTWMx2dMatParam     0000000180027480 f   sl_groundvehicleDynamics_sfun_registry.obj
 0001:00026510       ssWriteRTWMxVectParam      0000000180027510 f   sl_groundvehicleDynamics_sfun_registry.obj
 0001:00026590       ssWriteRTWParameters       0000000180027590 f   sl_groundvehicleDynamics_sfun_registry.obj
 0001:00026b50       ssWriteRTWParamSettings    0000000180027b50 f   sl_groundvehicleDynamics_sfun_registry.obj
 0001:00027240       ssWriteRTWStr              0000000180028240 f   sl_groundvehicleDynamics_sfun_registry.obj
 0001:000272a0       ssWriteRTWWorkVect         00000001800282a0 f   sl_groundvehicleDynamics_sfun_registry.obj
 0001:00027800       ssWarning                  0000000180028800 f   sl_groundvehicleDynamics_sfun_registry.obj
 0001:000278f0       ssGetRootSS                00000001800288f0 f   sl_groundvehicleDynamics_sfun_registry.obj
 0001:000279b0       ssGetParentSS              00000001800289b0 f   sl_groundvehicleDynamics_sfun_registry.obj
 0001:00027a70       ssWriteRTWNameValuePair    0000000180028a70 f   sl_groundvehicleDynamics_sfun_registry.obj
 0001:00027f70       _ssSetInputPortMatrixDimensions 0000000180028f70 f   sl_groundvehicleDynamics_sfun_registry.obj
 0001:000280c0       _ssSetOutputPortMatrixDimensions 00000001800290c0 f   sl_groundvehicleDynamics_sfun_registry.obj
 0001:00028210       _ssSetInputPortVectorDimension 0000000180029210 f   sl_groundvehicleDynamics_sfun_registry.obj
 0001:000282c0       _ssSetOutputPortVectorDimension 00000001800292c0 f   sl_groundvehicleDynamics_sfun_registry.obj
 0001:00028370       ssIsRunTimeParamTunable    0000000180029370 f   sl_groundvehicleDynamics_sfun_registry.obj
 0001:000283e0       ssGetSFuncBlockHandle      00000001800293e0 f   sl_groundvehicleDynamics_sfun_registry.obj
 0001:00028450       _ssGetCallSystemNumFcnCallDestinations 0000000180029450 f   sl_groundvehicleDynamics_sfun_registry.obj
 0001:000284c0       _ssGetCurrentInputPortWidth 00000001800294c0 f   sl_groundvehicleDynamics_sfun_registry.obj
 0001:00028600       _ssGetCurrentOutputPortWidth 0000000180029600 f   sl_groundvehicleDynamics_sfun_registry.obj
 0001:00028740       ssGetIsZeroCrossControlDisabled 0000000180029740 f   sl_groundvehicleDynamics_sfun_registry.obj
 0001:000287b0       ssSetIsInputPortUsedForContZcSignal 00000001800297b0 f   sl_groundvehicleDynamics_sfun_registry.obj
 0001:00028820       ssSetZcSignalIsZcElementDisc 0000000180029820 f   sl_groundvehicleDynamics_sfun_registry.obj
 0001:000288d0       ssSetZcSignalName          00000001800298d0 f   sl_groundvehicleDynamics_sfun_registry.obj
 0001:00028940       ssSetZcSignalWidth         0000000180029940 f   sl_groundvehicleDynamics_sfun_registry.obj
 0001:000289b0       ssSetZcSignalZcEventType   00000001800299b0 f   sl_groundvehicleDynamics_sfun_registry.obj
 0001:00028a20       ssSetZcSignalType          0000000180029a20 f   sl_groundvehicleDynamics_sfun_registry.obj
 0001:00028a90       ssSetZcSignalZcTol         0000000180029a90 f   sl_groundvehicleDynamics_sfun_registry.obj
 0001:00028b00       ssSetZcSignalNeedsEventNotification 0000000180029b00 f   sl_groundvehicleDynamics_sfun_registry.obj
 0001:00028b70       ssCreateAndAddZcSignalInfo 0000000180029b70 f   sl_groundvehicleDynamics_sfun_registry.obj
 0001:00028be0       ssCloneAndAddZcSignalInfo  0000000180029be0 f   sl_groundvehicleDynamics_sfun_registry.obj
 0001:00028c50       ssGetNumZcSignals          0000000180029c50 f   sl_groundvehicleDynamics_sfun_registry.obj
 0001:00028cc0       ssGetZcSignalVector        0000000180029cc0 f   sl_groundvehicleDynamics_sfun_registry.obj
 0001:00028d30       ssGetZcSignalName          0000000180029d30 f   sl_groundvehicleDynamics_sfun_registry.obj
 0001:00028da0       ssGetZcSignalWidth         0000000180029da0 f   sl_groundvehicleDynamics_sfun_registry.obj
 0001:00028e10       ssGetZcSignalZcEventType   0000000180029e10 f   sl_groundvehicleDynamics_sfun_registry.obj
 0001:00028e80       ssGetZcSignalZcEvents      0000000180029e80 f   sl_groundvehicleDynamics_sfun_registry.obj
 0001:00028ef0       ssGetZcSignalType          0000000180029ef0 f   sl_groundvehicleDynamics_sfun_registry.obj
 0001:00028f60       ssGetZcSignalZcTol         0000000180029f60 f   sl_groundvehicleDynamics_sfun_registry.obj
 0001:00028fe0       ssGetZcSignalNeedsEventNotification 0000000180029fe0 f   sl_groundvehicleDynamics_sfun_registry.obj
 0001:00029050       ssGetZcSignalIsZcElementDisc 000000018002a050 f   sl_groundvehicleDynamics_sfun_registry.obj
 0001:000290f0       ssGetIsInputPortElementContinuous 000000018002a0f0 f   sl_groundvehicleDynamics_sfun_registry.obj
 0001:00029190       _ssGetAbsTol               000000018002a190 f   sl_groundvehicleDynamics_sfun_registry.obj
 0001:00029200       _ssSetStateAbsTol          000000018002a200 f   sl_groundvehicleDynamics_sfun_registry.obj
 0001:000292e0       _ssSetInputPortReusableFcn 000000018002a2e0 f   sl_groundvehicleDynamics_sfun_registry.obj
 0001:000293e0       _ssSetOutputPortReusableFcn 000000018002a3e0 f   sl_groundvehicleDynamics_sfun_registry.obj
 0001:000294e0       _ssSetSymbolicDimsSupport  000000018002a4e0 f   sl_groundvehicleDynamics_sfun_registry.obj
 0001:00029550       _ssRegisterSymbolicDimsExpr 000000018002a550 f   sl_groundvehicleDynamics_sfun_registry.obj
 0001:000295d0       _ssRegisterSymbolicDimsMATLABExpr 000000018002a5d0 f   sl_groundvehicleDynamics_sfun_registry.obj
 0001:00029660       _ssRegisterSymbolicDims    000000018002a660 f   sl_groundvehicleDynamics_sfun_registry.obj
 0001:00029700       _ssRegisterSymbolicDimsString 000000018002a700 f   sl_groundvehicleDynamics_sfun_registry.obj
 0001:00029780       _ssRegisterSymbolicDimsIntValue 000000018002a780 f   sl_groundvehicleDynamics_sfun_registry.obj
 0001:000297f0       _ssRegisterSymbolicEqualRelation 000000018002a7f0 f   sl_groundvehicleDynamics_sfun_registry.obj
 0001:00029860       _ssRegisterSymbolicEqualValue 000000018002a860 f   sl_groundvehicleDynamics_sfun_registry.obj
 0001:000298d0       _ssAmendLeadingSymbolicDims 000000018002a8d0 f   sl_groundvehicleDynamics_sfun_registry.obj
 0001:00029950       _ssAmendTrailingSymbolicDims 000000018002a950 f   sl_groundvehicleDynamics_sfun_registry.obj
 0001:000299d0       _ssRegisterSymbolicDimsPlus 000000018002a9d0 f   sl_groundvehicleDynamics_sfun_registry.obj
 0001:00029a50       _ssRegisterSymbolicDimsMinus 000000018002aa50 f   sl_groundvehicleDynamics_sfun_registry.obj
 0001:00029ad0       _ssRegisterSymbolicDimsMultiply 000000018002aad0 f   sl_groundvehicleDynamics_sfun_registry.obj
 0001:00029b50       _ssRegisterSymbolicDimsDivide 000000018002ab50 f   sl_groundvehicleDynamics_sfun_registry.obj
 0001:00029bd0       _ssGetNumSymbolicDims      000000018002abd0 f   sl_groundvehicleDynamics_sfun_registry.obj
 0001:00029c40       _ssGetSymbolicDim          000000018002ac40 f   sl_groundvehicleDynamics_sfun_registry.obj
 0001:00029cc0       _ssSetInputPortSymbolicDimsId 000000018002acc0 f   sl_groundvehicleDynamics_sfun_registry.obj
 0001:00029d30       _ssGetCompInputPortSymbolicDimsId 000000018002ad30 f   sl_groundvehicleDynamics_sfun_registry.obj
 0001:00029da0       _ssSetCompInputPortSymbolicDimsId 000000018002ada0 f   sl_groundvehicleDynamics_sfun_registry.obj
 0001:00029e10       _ssSetOutputPortSymbolicDimsId 000000018002ae10 f   sl_groundvehicleDynamics_sfun_registry.obj
 0001:00029e80       _ssGetCompOutputPortSymbolicDimsId 000000018002ae80 f   sl_groundvehicleDynamics_sfun_registry.obj
 0001:00029ef0       _ssSetCompOutputPortSymbolicDimsId 000000018002aef0 f   sl_groundvehicleDynamics_sfun_registry.obj
 0001:00029f60       _ssGetDWorkSymbolicDimsId  000000018002af60 f   sl_groundvehicleDynamics_sfun_registry.obj
 0001:00029fd0       _ssSetDWorkSymbolicDimsId  000000018002afd0 f   sl_groundvehicleDynamics_sfun_registry.obj
 0001:0002a040       _ssGetCompDWorkSymbolicDimsId 000000018002b040 f   sl_groundvehicleDynamics_sfun_registry.obj
 0001:0002a0b0       _ssSetCompDWorkSymbolicDimsId 000000018002b0b0 f   sl_groundvehicleDynamics_sfun_registry.obj
 0001:0002a120       _ssCreateSLCGStringBuffer  000000018002b120 f   sl_groundvehicleDynamics_sfun_registry.obj
 0001:0002a190       _ssAddToSLCGStringBuffer   000000018002b190 f   sl_groundvehicleDynamics_sfun_registry.obj
 0001:0002a200       _ssGetPointerContainedData 000000018002b200 f   sl_groundvehicleDynamics_sfun_registry.obj
 0001:0002a290       _ssGetPointerContainedDataWidth 000000018002b290 f   sl_groundvehicleDynamics_sfun_registry.obj
 0001:0002a320       _ssRegisterDynamicArrayDataTypeFcn 000000018002b320 f   sl_groundvehicleDynamics_sfun_registry.obj
 0001:0002a3c0       _ssGetDynamicArrayContainedDataCurrentWidthFcn 000000018002b3c0 f   sl_groundvehicleDynamics_sfun_registry.obj
 0001:0002a490       _ssGetDynamicArrayContainedDataFcn 000000018002b490 f   sl_groundvehicleDynamics_sfun_registry.obj
 0001:0002a560       _ssGetInputPortDynamicArrayDataFcn 000000018002b560 f   sl_groundvehicleDynamics_sfun_registry.obj
 0001:0002a620       _ssGetOutputPortDynamicArrayDataFcn 000000018002b620 f   sl_groundvehicleDynamics_sfun_registry.obj
 0001:0002a6e0       _ssGetInputPortDynamicArrayContainedDataFcn 000000018002b6e0 f   sl_groundvehicleDynamics_sfun_registry.obj
 0001:0002a7a0       _ssGetOutputPortDynamicArrayContainedDataFcn 000000018002b7a0 f   sl_groundvehicleDynamics_sfun_registry.obj
 0001:0002a860       _ssGetDynamicArrayDWorkContainedDataFcn 000000018002b860 f   sl_groundvehicleDynamics_sfun_registry.obj
 0001:0002a920       sf_process_check_sum_call  000000018002b920 f   sl_groundvehicleDynamics_sfun_registry.obj
 0001:0002a970       sf_process_get_third_party_uses_info_call 000000018002b970 f   sl_groundvehicleDynamics_sfun_registry.obj
 0001:0002aba0       sf_process_get_jit_fallback_info_call 000000018002bba0 f   sl_groundvehicleDynamics_sfun_registry.obj
 0001:0002add0       sf_process_get_post_codegen_info_call 000000018002bdd0 f   sl_groundvehicleDynamics_sfun_registry.obj
 0001:0002b000       sf_process_get_updateBuildInfo_args_info_call 000000018002c000 f   sl_groundvehicleDynamics_sfun_registry.obj
 0001:0002b230       sf_process_get_eml_resolved_functions_info_call 000000018002c230 f   sl_groundvehicleDynamics_sfun_registry.obj
 0001:0002b460       sf_mex_unlock_call         000000018002c460 f   sl_groundvehicleDynamics_sfun_registry.obj
 0001:0002b680       sf_machine_global_initializer_called 000000018002c680 f   sl_groundvehicleDynamics_sfun_registry.obj
 0001:0002b6b0       sf_machine_global_method_dispatcher 000000018002c6b0 f   sl_groundvehicleDynamics_sfun_registry.obj
 0001:0002b710       sf_machine_global_terminator 000000018002c710 f   sl_groundvehicleDynamics_sfun_registry.obj
 0001:0002b740       callCustomFcn              000000018002c740 f   sl_groundvehicleDynamics_sfun_registry.obj
 0001:0002b750       sf_machine_global_initializer 000000018002c750 f   sl_groundvehicleDynamics_sfun_registry.obj
 0001:0002b780       mdlGetSimState             000000018002c780 f   sl_groundvehicleDynamics_sfun_registry.obj
 0001:0002b7c0       mdlSetSimState             000000018002c7c0 f   sl_groundvehicleDynamics_sfun_registry.obj
 0001:0002c130       ProcessMexSfunctionEveryCall 000000018002d130 f   sl_groundvehicleDynamics_sfun_registry.obj
 0001:0002d2b0       __local_stdio_printf_options 000000018002e2b0 f i sl_groundvehicleDynamics_sfun_registry.obj
 0001:0002d2c0       _vsnprintf_l               000000018002e2c0 f i sl_groundvehicleDynamics_sfun_registry.obj
 0001:0002d340       _vsprintf_l                000000018002e340 f i sl_groundvehicleDynamics_sfun_registry.obj
 0001:0002d390       sprintf                    000000018002e390 f i sl_groundvehicleDynamics_sfun_registry.obj
 0001:0002d3e0       mexfilerequiredapiversion  000000018002e3e0 f   c_mexapi_version.obj
 0001:0002d410       priorityqueuecodegen_constructPQ 000000018002e410 f   priorityqueue_api.obj
 0001:0002d490       priorityqueuecodegen_destructPQ 000000018002e490 f   priorityqueue_api.obj
 0001:0002d4f0       priorityqueuecodegen_push  000000018002e4f0 f   priorityqueue_api.obj
 0001:0002d530       priorityqueuecodegen_top   000000018002e530 f   priorityqueue_api.obj
 0001:0002d5d0       priorityqueuecodegen_pop   000000018002e5d0 f   priorityqueue_api.obj
 0001:0002d600       priorityqueuecodegen_size  000000018002e600 f   priorityqueue_api.obj
 0001:0002d630       priorityqueuecodegen_isEmpty 000000018002e630 f   priorityqueue_api.obj
 0001:0002d660       priorityqueuecodegen_getDataDim 000000018002e660 f   priorityqueue_api.obj
 0001:0002d690       priorityqueuecodegen_constructNodeMap 000000018002e690 f   priorityqueue_api.obj
 0001:0002d700       priorityqueuecodegen_destructNodeMap 000000018002e700 f   priorityqueue_api.obj
 0001:0002d760       priorityqueuecodegen_nodemap_getDataDim 000000018002e760 f   priorityqueue_api.obj
 0001:0002d790       priorityqueuecodegen_nodemap_getNumNodes 000000018002e790 f   priorityqueue_api.obj
 0001:0002d7e0       priorityqueuecodegen_nodemap_traceBack 000000018002e7e0 f   priorityqueue_api.obj
 0001:0002d930       priorityqueuecodegen_nodemap_insertNode 000000018002e930 f   priorityqueue_api.obj
 0001:0002d980       priorityqueuecodegen_nodemap_getNodeData 000000018002e980 f   priorityqueue_api.obj
 0001:0002da80       priorityqueuecodegen_constructSimpleMap 000000018002ea80 f   priorityqueue_api.obj
 0001:0002daf0       priorityqueuecodegen_destructSimpleMap 000000018002eaf0 f   priorityqueue_api.obj
 0001:0002db50       priorityqueuecodegen_simplemap_getDataDim 000000018002eb50 f   priorityqueue_api.obj
 0001:0002db80       priorityqueuecodegen_simplemap_getSize 000000018002eb80 f   priorityqueue_api.obj
 0001:0002dbd0       priorityqueuecodegen_simplemap_insertData 000000018002ebd0 f   priorityqueue_api.obj
 0001:0002dc20       priorityqueuecodegen_simplemap_getData 000000018002ec20 f   priorityqueue_api.obj
 0001:0002dd00       ??$?0$$V@?$_Compressed_pair@V?$allocator@N@std@@V?$_Vector_val@U?$_Simple_types@N@std@@@2@$00@std@@QEAA@U_Zero_then_variadic_args_t@1@@Z 000000018002ed00 f i priorityqueue_api.obj
 0001:0002dd30       ??$?0$$V@?$_Compressed_pair@V?$allocator@U?$pair@HV?$vector@NV?$allocator@N@std@@@std@@@std@@@std@@V?$_Vector_val@U?$_Simple_types@U?$pair@HV?$vector@NV?$allocator@N@std@@@std@@@std@@@std@@@2@$00@std@@QEAA@U_Zero_then_variadic_args_t@1@@Z 000000018002ed30 f i priorityqueue_api.obj
 0001:0002dd60       ??$?0$$V@?$_Compressed_pair@V?$allocator@V?$vector@NV?$allocator@N@std@@@std@@@std@@V?$_Vector_val@U?$_Simple_types@V?$vector@NV?$allocator@N@std@@@std@@@std@@@2@$00@std@@QEAA@U_Zero_then_variadic_args_t@1@@Z 000000018002ed60 f i priorityqueue_api.obj
 0001:0002dd90       ??$?0AEAHV?$vector@NV?$allocator@N@std@@@std@@$0A@@?$pair@HV?$vector@NV?$allocator@N@std@@@std@@@std@@QEAA@AEAH$$QEAV?$vector@NV?$allocator@N@std@@@1@@Z 000000018002ed90 f i priorityqueue_api.obj
 0001:0002dde0       ??$?0AEAPEAU?$_List_node@U?$pair@$$CBHH@std@@PEAX@std@@_N$0A@@?$pair@PEAU?$_List_node@U?$pair@$$CBHH@std@@PEAX@std@@_N@std@@QEAA@AEAPEAU?$_List_node@U?$pair@$$CBHH@std@@PEAX@1@$$QEA_N@Z 000000018002ede0 f i priorityqueue_api.obj
 0001:0002de30       ??$?0AEAPEAU?$_List_node@U?$pair@$$CBHV?$vector@NV?$allocator@N@std@@@std@@@std@@PEAX@std@@_N$0A@@?$pair@PEAU?$_List_node@U?$pair@$$CBHV?$vector@NV?$allocator@N@std@@@std@@@std@@PEAX@std@@_N@std@@QEAA@AEAPEAU?$_List_node@U?$pair@$$CBHV?$vector@NV?$allocator@N@std@@@std@@@std@@PEAX@1@$$QEA_N@Z 000000018002ee30 f i priorityqueue_api.obj
 0001:0002de80       ??$?0AEBH$$Z$$V@?$pair@$$CBHH@std@@QEAA@Upiecewise_construct_t@1@V?$tuple@AEBH@1@V?$tuple@$$V@1@@Z 000000018002ee80 f i priorityqueue_api.obj
 0001:0002def0       ??$?0AEBH$$Z$$V@?$pair@$$CBHV?$vector@NV?$allocator@N@std@@@std@@@std@@QEAA@Upiecewise_construct_t@1@V?$tuple@AEBH@1@V?$tuple@$$V@1@@Z 000000018002eef0 f i priorityqueue_api.obj
 0001:0002df60       ??$?0AEBH$0A@@?$tuple@AEBH@std@@QEAA@AEBH@Z 000000018002ef60 f i priorityqueue_api.obj
 0001:0002df90       ??$?0AEBH@?$_Tuple_val@AEBH@std@@QEAA@AEBH@Z 000000018002ef90 f i priorityqueue_api.obj
 0001:0002dfc0       ??$?0AEBUpiecewise_construct_t@std@@V?$tuple@AEBH@1@V?$tuple@$$V@1@@?$_List_node_emplace_op2@V?$allocator@U?$_List_node@U?$pair@$$CBHH@std@@PEAX@std@@@std@@@std@@QEAA@AEAV?$allocator@U?$_List_node@U?$pair@$$CBHH@std@@PEAX@std@@@1@AEBUpiecewise_construct_t@1@$$QEAV?$tuple@AEBH@1@$$QEAV?$tuple@$$V@1@@Z 000000018002efc0 f i priorityqueue_api.obj
 0001:0002e070       ??$?0AEBUpiecewise_construct_t@std@@V?$tuple@AEBH@1@V?$tuple@$$V@1@@?$_List_node_emplace_op2@V?$allocator@U?$_List_node@U?$pair@$$CBHV?$vector@NV?$allocator@N@std@@@std@@@std@@PEAX@std@@@std@@@std@@QEAA@AEAV?$allocator@U?$_List_node@U?$pair@$$CBHV?$vector@NV?$allocator@N@std@@@std@@@std@@PEAX@std@@@1@AEBUpiecewise_construct_t@1@$$QEAV?$tuple@AEBH@1@$$QEAV?$tuple@$$V@1@@Z 000000018002f070 f i priorityqueue_api.obj
 0001:0002e120       ??$?0AEBV?$allocator@N@std@@$$V@?$_Compressed_pair@V?$allocator@N@std@@V?$_Vector_val@U?$_Simple_types@N@std@@@2@$00@std@@QEAA@U_One_then_variadic_args_t@1@AEBV?$allocator@N@1@@Z 000000018002f120 f i priorityqueue_api.obj
 0001:0002e160       ??$?0AEBV?$allocator@U?$pair@$$CBHH@std@@@std@@$$V@?$_Compressed_pair@V?$allocator@U?$_List_node@U?$pair@$$CBHH@std@@PEAX@std@@@std@@V?$_List_val@U?$_List_simple_types@U?$pair@$$CBHH@std@@@std@@@2@$00@std@@QEAA@U_One_then_variadic_args_t@1@AEBV?$allocator@U?$pair@$$CBHH@std@@@1@@Z 000000018002f160 f i priorityqueue_api.obj
 0001:0002e1a0       ??$?0AEBV?$allocator@U?$pair@$$CBHH@std@@@std@@$$V@?$_Compressed_pair@V?$allocator@V?$_List_unchecked_iterator@V?$_List_val@U?$_List_simple_types@U?$pair@$$CBHH@std@@@std@@@std@@@std@@@std@@V?$_Vector_val@U?$_Simple_types@V?$_List_unchecked_iterator@V?$_List_val@U?$_List_simple_types@U?$pair@$$CBHH@std@@@std@@@std@@@std@@@std@@@2@$00@std@@QEAA@U_One_then_variadic_args_t@1@AEBV?$allocator@U?$pair@$$CBHH@std@@@1@@Z 000000018002f1a0 f i priorityqueue_api.obj
 0001:0002e1e0       ??$?0AEBV?$allocator@U?$pair@$$CBHH@std@@@std@@$0A@@?$_Hash_vec@V?$allocator@V?$_List_unchecked_iterator@V?$_List_val@U?$_List_simple_types@U?$pair@$$CBHH@std@@@std@@@std@@@std@@@std@@@std@@QEAA@AEBV?$allocator@U?$pair@$$CBHH@std@@@1@@Z 000000018002f1e0 f i priorityqueue_api.obj
 0001:0002e230       ??$?0AEBV?$allocator@U?$pair@$$CBHV?$vector@NV?$allocator@N@std@@@std@@@std@@@std@@$$V@?$_Compressed_pair@V?$allocator@U?$_List_node@U?$pair@$$CBHV?$vector@NV?$allocator@N@std@@@std@@@std@@PEAX@std@@@std@@V?$_List_val@U?$_List_simple_types@U?$pair@$$CBHV?$vector@NV?$allocator@N@std@@@std@@@std@@@std@@@2@$00@std@@QEAA@U_One_then_variadic_args_t@1@AEBV?$allocator@U?$pair@$$CBHV?$vector@NV?$allocator@N@std@@@std@@@std@@@1@@Z 000000018002f230 f i priorityqueue_api.obj
 0001:0002e270       ??$?0AEBV?$allocator@U?$pair@$$CBHV?$vector@NV?$allocator@N@std@@@std@@@std@@@std@@$$V@?$_Compressed_pair@V?$allocator@V?$_List_unchecked_iterator@V?$_List_val@U?$_List_simple_types@U?$pair@$$CBHV?$vector@NV?$allocator@N@std@@@std@@@std@@@std@@@std@@@std@@@std@@V?$_Vector_val@U?$_Simple_types@V?$_List_unchecked_iterator@V?$_List_val@U?$_List_simple_types@U?$pair@$$CBHV?$vector@NV?$allocator@N@std@@@std@@@std@@@std@@@std@@@std@@@std@@@2@$00@std@@QEAA@U_One_then_variadic_args_t@1@AEBV?$allocator@U?$pair@$$CBHV?$vector@NV?$allocator@N@std@@@std@@@std@@@1@@Z 000000018002f270 f i priorityqueue_api.obj
 0001:0002e2b0       ??$?0AEBV?$allocator@U?$pair@$$CBHV?$vector@NV?$allocator@N@std@@@std@@@std@@@std@@$0A@@?$_Hash_vec@V?$allocator@V?$_List_unchecked_iterator@V?$_List_val@U?$_List_simple_types@U?$pair@$$CBHV?$vector@NV?$allocator@N@std@@@std@@@std@@@std@@@std@@@std@@@std@@@std@@QEAA@AEBV?$allocator@U?$pair@$$CBHV?$vector@NV?$allocator@N@std@@@std@@@std@@@1@@Z 000000018002f2b0 f i priorityqueue_api.obj
 0001:0002e300       ??$?0HV?$vector@NV?$allocator@N@std@@@std@@$0A@@?$pair@HV?$vector@NV?$allocator@N@std@@@std@@@std@@QEAA@$$QEAH$$QEAV?$vector@NV?$allocator@N@std@@@1@@Z 000000018002f300 f i priorityqueue_api.obj
 0001:0002e350       ??$?0M@?$_Compressed_pair@U?$equal_to@H@std@@M$00@std@@QEAA@U_Zero_then_variadic_args_t@1@$$QEAM@Z 000000018002f350 f i priorityqueue_api.obj
 0001:0002e390       ??$?0PEAU?$_List_node@U?$pair@$$CBHH@std@@PEAX@std@@_N$0A@@?$pair@PEAU?$_List_node@U?$pair@$$CBHH@std@@PEAX@std@@_N@std@@QEAA@$$QEAPEAU?$_List_node@U?$pair@$$CBHH@std@@PEAX@1@$$QEA_N@Z 000000018002f390 f i priorityqueue_api.obj
 0001:0002e3e0       ??$?0PEAU?$_List_node@U?$pair@$$CBHV?$vector@NV?$allocator@N@std@@@std@@@std@@PEAX@std@@_N$0A@@?$pair@PEAU?$_List_node@U?$pair@$$CBHV?$vector@NV?$allocator@N@std@@@std@@@std@@PEAX@std@@_N@std@@QEAA@$$QEAPEAU?$_List_node@U?$pair@$$CBHV?$vector@NV?$allocator@N@std@@@std@@@std@@PEAX@1@$$QEA_N@Z 000000018002f3e0 f i priorityqueue_api.obj
 0001:0002e430       ??$?0PEBN$0A@@?$vector@NV?$allocator@N@std@@@std@@QEAA@PEBN0AEBV?$allocator@N@1@@Z 000000018002f430 f i priorityqueue_api.obj
 0001:0002e4f0       ??$?0U?$pair@$$CBHH@std@@@?$allocator@U?$_List_node@U?$pair@$$CBHH@std@@PEAX@std@@@std@@QEAA@AEBV?$allocator@U?$pair@$$CBHH@std@@@1@@Z 000000018002f4f0 f i priorityqueue_api.obj
 0001:0002e500       ??$?0U?$pair@$$CBHH@std@@@?$allocator@V?$_List_unchecked_iterator@V?$_List_val@U?$_List_simple_types@U?$pair@$$CBHH@std@@@std@@@std@@@std@@@std@@QEAA@AEBV?$allocator@U?$pair@$$CBHH@std@@@1@@Z 000000018002f500 f i priorityqueue_api.obj
 0001:0002e510       ??$?0U?$pair@$$CBHV?$vector@NV?$allocator@N@std@@@std@@@std@@@?$allocator@U?$_List_node@U?$pair@$$CBHV?$vector@NV?$allocator@N@std@@@std@@@std@@PEAX@std@@@std@@QEAA@AEBV?$allocator@U?$pair@$$CBHV?$vector@NV?$allocator@N@std@@@std@@@std@@@1@@Z 000000018002f510 f i priorityqueue_api.obj
 0001:0002e520       ??$?0U?$pair@$$CBHV?$vector@NV?$allocator@N@std@@@std@@@std@@@?$allocator@V?$_List_unchecked_iterator@V?$_List_val@U?$_List_simple_types@U?$pair@$$CBHV?$vector@NV?$allocator@N@std@@@std@@@std@@@std@@@std@@@std@@@std@@QEAA@AEBV?$allocator@U?$pair@$$CBHV?$vector@NV?$allocator@N@std@@@std@@@std@@@1@@Z 000000018002f520 f i priorityqueue_api.obj
 0001:0002e530       ??$?0U_Exact_args_t@std@@$0A@@?$tuple@$$V@std@@QEAA@U_Exact_args_t@1@@Z 000000018002f530 f i priorityqueue_api.obj
 0001:0002e540       ??$?0U_Exact_args_t@std@@AEBH$$V$0A@@?$tuple@AEBH@std@@QEAA@U_Exact_args_t@1@AEBH@Z 000000018002f540 f i priorityqueue_api.obj
 0001:0002e590       ??$?0U_Zero_then_variadic_args_t@std@@M@?$_Compressed_pair@U?$hash@H@std@@V?$_Compressed_pair@U?$equal_to@H@std@@M$00@2@$00@std@@QEAA@U_Zero_then_variadic_args_t@1@$$QEAU21@$$QEAM@Z 000000018002f590 f i priorityqueue_api.obj
 0001:0002e5e0       ??$?0V?$allocator@N@std@@$$V@?$_Compressed_pair@V?$allocator@N@std@@V?$_Vector_val@U?$_Simple_types@N@std@@@2@$00@std@@QEAA@U_One_then_variadic_args_t@1@$$QEAV?$allocator@N@1@@Z 000000018002f5e0 f i priorityqueue_api.obj
 0001:0002e620       ??$?0V?$allocator@N@std@@PEANPEANPEAN@?$_Compressed_pair@V?$allocator@N@std@@V?$_Vector_val@U?$_Simple_types@N@std@@@2@$00@std@@QEAA@U_One_then_variadic_args_t@1@$$QEAV?$allocator@N@1@$$QEAPEAN22@Z 000000018002f620 f i priorityqueue_api.obj
 0001:0002e690       ??$?0V?$allocator@V?$vector@NV?$allocator@N@std@@@std@@@std@@PEAV?$vector@NV?$allocator@N@std@@@1@PEAV21@PEAV21@@?$_Compressed_pair@V?$allocator@V?$vector@NV?$allocator@N@std@@@std@@@std@@V?$_Vector_val@U?$_Simple_types@V?$vector@NV?$allocator@N@std@@@std@@@std@@@2@$00@std@@QEAA@U_One_then_variadic_args_t@1@$$QEAV?$allocator@V?$vector@NV?$allocator@N@std@@@std@@@1@$$QEAPEAV?$vector@NV?$allocator@N@std@@@1@22@Z 000000018002f690 f i priorityqueue_api.obj
 0001:0002e700       ??$?0V?$tuple@AEBH@std@@V?$tuple@$$V@1@$0A@$$Z$S@?$pair@$$CBHH@std@@QEAA@AEAV?$tuple@AEBH@1@AEAV?$tuple@$$V@1@U?$integer_sequence@_K$0A@@1@U?$integer_sequence@_K$S@1@@Z 000000018002f700 f i priorityqueue_api.obj
 0001:0002e750       ??$?0V?$tuple@AEBH@std@@V?$tuple@$$V@1@$0A@$$Z$S@?$pair@$$CBHV?$vector@NV?$allocator@N@std@@@std@@@std@@QEAA@AEAV?$tuple@AEBH@1@AEAV?$tuple@$$V@1@U?$integer_sequence@_K$0A@@1@U?$integer_sequence@_K$S@1@@Z 000000018002f750 f i priorityqueue_api.obj
 0001:0002e7a0       ??$?4U?$pair@HV?$vector@NV?$allocator@N@std@@@std@@@std@@$0A@@?$pair@HV?$vector@NV?$allocator@N@std@@@std@@@std@@QEAAAEAU01@$$QEAU01@@Z 000000018002f7a0 f i priorityqueue_api.obj
 0001:0002e7f0       ??$?RH@?$_Uhash_compare@HU?$hash@H@std@@U?$equal_to@H@2@@std@@QEBA_KAEBH@Z 000000018002f7f0 f i priorityqueue_api.obj
 0001:0002e820       ??$?RHH@?$_Uhash_compare@HU?$hash@H@std@@U?$equal_to@H@2@@std@@QEBA_NAEBH0@Z 000000018002f820 f i priorityqueue_api.obj
 0001:0002e880       ??$_Adl_verify_range@PEAV?$_List_unchecked_iterator@V?$_List_val@U?$_List_simple_types@U?$pair@$$CBHH@std@@@std@@@std@@@std@@PEAV12@@std@@YAXAEBQEAV?$_List_unchecked_iterator@V?$_List_val@U?$_List_simple_types@U?$pair@$$CBHH@std@@@std@@@std@@@0@0@Z 000000018002f880 f i priorityqueue_api.obj
 0001:0002e890       ??$_Adl_verify_range@PEAV?$_List_unchecked_iterator@V?$_List_val@U?$_List_simple_types@U?$pair@$$CBHV?$vector@NV?$allocator@N@std@@@std@@@std@@@std@@@std@@@std@@PEAV12@@std@@YAXAEBQEAV?$_List_unchecked_iterator@V?$_List_val@U?$_List_simple_types@U?$pair@$$CBHV?$vector@NV?$allocator@N@std@@@std@@@std@@@std@@@std@@@0@0@Z 000000018002f890 f i priorityqueue_api.obj
 0001:0002e8a0       ??$_Adl_verify_range@PEBNPEBN@std@@YAXAEBQEBN0@Z 000000018002f8a0 f i priorityqueue_api.obj
 0001:0002e8b0       ??$_Adl_verify_range@V?$_Vector_iterator@V?$_Vector_val@U?$_Simple_types@U?$pair@HV?$vector@NV?$allocator@N@std@@@std@@@std@@@std@@@std@@@std@@V12@@std@@YAXAEBV?$_Vector_iterator@V?$_Vector_val@U?$_Simple_types@U?$pair@HV?$vector@NV?$allocator@N@std@@@std@@@std@@@std@@@std@@@0@0@Z 000000018002f8b0 f i priorityqueue_api.obj
 0001:0002e8c0       ??$_Allocate@$0BA@U_Default_allocate_traits@std@@$0A@@std@@YAPEAX_K@Z 000000018002f8c0 f i priorityqueue_api.obj
 0001:0002e900       ??$_Allocate_at_least_helper@V?$allocator@N@std@@@std@@YAPEANAEAV?$allocator@N@0@AEA_K@Z 000000018002f900 f i priorityqueue_api.obj
 0001:0002e930       ??$_Allocate_at_least_helper@V?$allocator@U?$pair@HV?$vector@NV?$allocator@N@std@@@std@@@std@@@std@@@std@@YAPEAU?$pair@HV?$vector@NV?$allocator@N@std@@@std@@@0@AEAV?$allocator@U?$pair@HV?$vector@NV?$allocator@N@std@@@std@@@std@@@0@AEA_K@Z 000000018002f930 f i priorityqueue_api.obj
 0001:0002e960       ??$_Allocate_at_least_helper@V?$allocator@V?$vector@NV?$allocator@N@std@@@std@@@std@@@std@@YAPEAV?$vector@NV?$allocator@N@std@@@0@AEAV?$allocator@V?$vector@NV?$allocator@N@std@@@std@@@0@AEA_K@Z 000000018002f960 f i priorityqueue_api.obj
 0001:0002e990       ??$_Allocate_manually_vector_aligned@U_Default_allocate_traits@std@@@std@@YAPEAX_K@Z 000000018002f990 f i priorityqueue_api.obj
 0001:0002ea20       ??$_Construct_in_place@PEAU?$_List_node@U?$pair@$$CBHH@std@@PEAX@std@@AEAPEAU12@@std@@YAXAEAPEAU?$_List_node@U?$pair@$$CBHH@std@@PEAX@0@0@Z 000000018002fa20 f i priorityqueue_api.obj
 0001:0002ea70       ??$_Construct_in_place@PEAU?$_List_node@U?$pair@$$CBHH@std@@PEAX@std@@AEBQEAU12@@std@@YAXAEAPEAU?$_List_node@U?$pair@$$CBHH@std@@PEAX@0@AEBQEAU10@@Z 000000018002fa70 f i priorityqueue_api.obj
 0001:0002eac0       ??$_Construct_in_place@PEAU?$_List_node@U?$pair@$$CBHV?$vector@NV?$allocator@N@std@@@std@@@std@@PEAX@std@@AEAPEAU12@@std@@YAXAEAPEAU?$_List_node@U?$pair@$$CBHV?$vector@NV?$allocator@N@std@@@std@@@std@@PEAX@0@0@Z 000000018002fac0 f i priorityqueue_api.obj
 0001:0002eb10       ??$_Construct_in_place@PEAU?$_List_node@U?$pair@$$CBHV?$vector@NV?$allocator@N@std@@@std@@@std@@PEAX@std@@AEBQEAU12@@std@@YAXAEAPEAU?$_List_node@U?$pair@$$CBHV?$vector@NV?$allocator@N@std@@@std@@@std@@PEAX@0@AEBQEAU10@@Z 000000018002fb10 f i priorityqueue_api.obj
 0001:0002eb60       ??$_Construct_in_place@U?$pair@HV?$vector@NV?$allocator@N@std@@@std@@@std@@AEAHV?$vector@NV?$allocator@N@std@@@2@@std@@YAXAEAU?$pair@HV?$vector@NV?$allocator@N@std@@@std@@@0@AEAH$$QEAV?$vector@NV?$allocator@N@std@@@0@@Z 000000018002fb60 f i priorityqueue_api.obj
 0001:0002ebd0       ??$_Construct_in_place@V?$_List_unchecked_iterator@V?$_List_val@U?$_List_simple_types@U?$pair@$$CBHH@std@@@std@@@std@@@std@@AEBV12@@std@@YAXAEAV?$_List_unchecked_iterator@V?$_List_val@U?$_List_simple_types@U?$pair@$$CBHH@std@@@std@@@std@@@0@AEBV10@@Z 000000018002fbd0 f i priorityqueue_api.obj
 0001:0002ec20       ??$_Construct_in_place@V?$_List_unchecked_iterator@V?$_List_val@U?$_List_simple_types@U?$pair@$$CBHV?$vector@NV?$allocator@N@std@@@std@@@std@@@std@@@std@@@std@@AEBV12@@std@@YAXAEAV?$_List_unchecked_iterator@V?$_List_val@U?$_List_simple_types@U?$pair@$$CBHV?$vector@NV?$allocator@N@std@@@std@@@std@@@std@@@std@@@0@AEBV10@@Z 000000018002fc20 f i priorityqueue_api.obj
 0001:0002ec70       ??$_Construct_n@AEBN@?$vector@NV?$allocator@N@std@@@std@@AEAAX_KAEBN@Z 000000018002fc70 f i priorityqueue_api.obj
 0001:0002ed30       ??$_Construct_n@AEBQEANAEBQEAN@?$vector@NV?$allocator@N@std@@@std@@AEAAX_KAEBQEAN1@Z 000000018002fd30 f i priorityqueue_api.obj
 0001:0002ee10       ??$_Construct_n@PEBNPEBN@?$vector@NV?$allocator@N@std@@@std@@AEAAX_K$$QEAPEBN1@Z 000000018002fe10 f i priorityqueue_api.obj
 0001:0002eef0       ??$_Convert_size@_K_K@std@@YA_K_K@Z 000000018002fef0 f i priorityqueue_api.obj
 0001:0002ef00       ??$_Copy_memmove@PEANPEAN@std@@YAPEANPEAN00@Z 000000018002ff00 f i priorityqueue_api.obj
 0001:0002efa0       ??$_Copy_memmove@PEBNPEAN@std@@YAPEANPEBN0PEAN@Z 000000018002ffa0 f i priorityqueue_api.obj
 0001:0002f040       ??$_Deallocate@$0BA@$0A@@std@@YAXPEAX_K@Z 0000000180030040 f i priorityqueue_api.obj
 0001:0002f080       ??$_Destroy_in_place@PEAU?$_List_node@U?$pair@$$CBHH@std@@PEAX@std@@@std@@YAXAEAPEAU?$_List_node@U?$pair@$$CBHH@std@@PEAX@0@@Z 0000000180030080 f i priorityqueue_api.obj
 0001:0002f090       ??$_Destroy_in_place@PEAU?$_List_node@U?$pair@$$CBHV?$vector@NV?$allocator@N@std@@@std@@@std@@PEAX@std@@@std@@YAXAEAPEAU?$_List_node@U?$pair@$$CBHV?$vector@NV?$allocator@N@std@@@std@@@std@@PEAX@0@@Z 0000000180030090 f i priorityqueue_api.obj
 0001:0002f0a0       ??$_Destroy_range@PEAV?$_List_unchecked_iterator@V?$_List_val@U?$_List_simple_types@U?$pair@$$CBHH@std@@@std@@@std@@@std@@PEAV12@@std@@YAXPEAV?$_List_unchecked_iterator@V?$_List_val@U?$_List_simple_types@U?$pair@$$CBHH@std@@@std@@@std@@@0@QEAV10@@Z 00000001800300a0 f i priorityqueue_api.obj
 0001:0002f0b0       ??$_Destroy_range@PEAV?$_List_unchecked_iterator@V?$_List_val@U?$_List_simple_types@U?$pair@$$CBHV?$vector@NV?$allocator@N@std@@@std@@@std@@@std@@@std@@@std@@PEAV12@@std@@YAXPEAV?$_List_unchecked_iterator@V?$_List_val@U?$_List_simple_types@U?$pair@$$CBHV?$vector@NV?$allocator@N@std@@@std@@@std@@@std@@@std@@@0@QEAV10@@Z 00000001800300b0 f i priorityqueue_api.obj
 0001:0002f0c0       ??$_Destroy_range@V?$allocator@N@std@@@std@@YAXPEANQEANAEAV?$allocator@N@0@@Z 00000001800300c0 f i priorityqueue_api.obj
 0001:0002f0d0       ??$_Destroy_range@V?$allocator@U?$pair@HV?$vector@NV?$allocator@N@std@@@std@@@std@@@std@@@std@@YAXPEAU?$pair@HV?$vector@NV?$allocator@N@std@@@std@@@0@QEAU10@AEAV?$allocator@U?$pair@HV?$vector@NV?$allocator@N@std@@@std@@@std@@@0@@Z 00000001800300d0 f i priorityqueue_api.obj
 0001:0002f120       ??$_Destroy_range@V?$allocator@V?$vector@NV?$allocator@N@std@@@std@@@std@@@std@@YAXPEAV?$vector@NV?$allocator@N@std@@@0@QEAV10@AEAV?$allocator@V?$vector@NV?$allocator@N@std@@@std@@@0@@Z 0000000180030120 f i priorityqueue_api.obj
 0001:0002f170       ??$_Emplace_back@AEAN@?$_Uninitialized_backout_al@V?$allocator@N@std@@@std@@QEAAXAEAN@Z 0000000180030170 f i priorityqueue_api.obj
 0001:0002f1d0       ??$_Emplace_back@AEBN@?$_Uninitialized_backout_al@V?$allocator@N@std@@@std@@QEAAXAEBN@Z 00000001800301d0 f i priorityqueue_api.obj
 0001:0002f230       ??$_Emplace_back@AEBV?$_List_unchecked_iterator@V?$_List_val@U?$_List_simple_types@U?$pair@$$CBHH@std@@@std@@@std@@@std@@@?$_Uninitialized_backout@PEAV?$_List_unchecked_iterator@V?$_List_val@U?$_List_simple_types@U?$pair@$$CBHH@std@@@std@@@std@@@std@@@std@@QEAAXAEBV?$_List_unchecked_iterator@V?$_List_val@U?$_List_simple_types@U?$pair@$$CBHH@std@@@std@@@std@@@1@@Z 0000000180030230 f i priorityqueue_api.obj
 0001:0002f280       ??$_Emplace_back@AEBV?$_List_unchecked_iterator@V?$_List_val@U?$_List_simple_types@U?$pair@$$CBHV?$vector@NV?$allocator@N@std@@@std@@@std@@@std@@@std@@@std@@@?$_Uninitialized_backout@PEAV?$_List_unchecked_iterator@V?$_List_val@U?$_List_simple_types@U?$pair@$$CBHV?$vector@NV?$allocator@N@std@@@std@@@std@@@std@@@std@@@std@@@std@@QEAAXAEBV?$_List_unchecked_iterator@V?$_List_val@U?$_List_simple_types@U?$pair@$$CBHV?$vector@NV?$allocator@N@std@@@std@@@std@@@std@@@std@@@1@@Z 0000000180030280 f i priorityqueue_api.obj
 0001:0002f2d0       ??$_Emplace_back@U?$pair@HV?$vector@NV?$allocator@N@std@@@std@@@std@@@?$_Uninitialized_backout_al@V?$allocator@U?$pair@HV?$vector@NV?$allocator@N@std@@@std@@@std@@@std@@@std@@QEAAX$$QEAU?$pair@HV?$vector@NV?$allocator@N@std@@@std@@@1@@Z 00000001800302d0 f i priorityqueue_api.obj
 0001:0002f330       ??$_Emplace_back@V?$vector@NV?$allocator@N@std@@@std@@@?$_Uninitialized_backout_al@V?$allocator@V?$vector@NV?$allocator@N@std@@@std@@@std@@@std@@QEAAX$$QEAV?$vector@NV?$allocator@N@std@@@1@@Z 0000000180030330 f i priorityqueue_api.obj
 0001:0002f390       ??$_Emplace_back_with_unused_capacity@AEAHV?$vector@NV?$allocator@N@std@@@std@@@?$vector@U?$pair@HV?$vector@NV?$allocator@N@std@@@std@@@std@@V?$allocator@U?$pair@HV?$vector@NV?$allocator@N@std@@@std@@@std@@@2@@std@@AEAAAEAU?$pair@HV?$vector@NV?$allocator@N@std@@@std@@@1@AEAH$$QEAV?$vector@NV?$allocator@N@std@@@1@@Z 0000000180030390 f i priorityqueue_api.obj
 0001:0002f440       ??$_Emplace_back_with_unused_capacity@AEBHN@?$vector@V?$vector@NV?$allocator@N@std@@@std@@V?$allocator@V?$vector@NV?$allocator@N@std@@@std@@@2@@std@@AEAAAEAV?$vector@NV?$allocator@N@std@@@1@AEBH$$QEAN@Z 0000000180030440 f i priorityqueue_api.obj
 0001:0002f510       ??$_Emplace_back_with_unused_capacity@AEBV?$vector@NV?$allocator@N@std@@@std@@@?$vector@V?$vector@NV?$allocator@N@std@@@std@@V?$allocator@V?$vector@NV?$allocator@N@std@@@std@@@2@@std@@AEAAAEAV?$vector@NV?$allocator@N@std@@@1@AEBV21@@Z 0000000180030510 f i priorityqueue_api.obj
 0001:0002f5c0       ??$_Emplace_one_at_back@AEAHV?$vector@NV?$allocator@N@std@@@std@@@?$vector@U?$pair@HV?$vector@NV?$allocator@N@std@@@std@@@std@@V?$allocator@U?$pair@HV?$vector@NV?$allocator@N@std@@@std@@@std@@@2@@std@@AEAAAEAU?$pair@HV?$vector@NV?$allocator@N@std@@@std@@@1@AEAH$$QEAV?$vector@NV?$allocator@N@std@@@1@@Z 00000001800305c0 f i priorityqueue_api.obj
 0001:0002f670       ??$_Emplace_one_at_back@AEBHN@?$vector@V?$vector@NV?$allocator@N@std@@@std@@V?$allocator@V?$vector@NV?$allocator@N@std@@@std@@@2@@std@@AEAAAEAV?$vector@NV?$allocator@N@std@@@1@AEBH$$QEAN@Z 0000000180030670 f i priorityqueue_api.obj
 0001:0002f720       ??$_Emplace_one_at_back@AEBV?$vector@NV?$allocator@N@std@@@std@@@?$vector@V?$vector@NV?$allocator@N@std@@@std@@V?$allocator@V?$vector@NV?$allocator@N@std@@@std@@@2@@std@@AEAAAEAV?$vector@NV?$allocator@N@std@@@1@AEBV21@@Z 0000000180030720 f i priorityqueue_api.obj
 0001:0002f7a0       ??$_Emplace_reallocate@AEAHV?$vector@NV?$allocator@N@std@@@std@@@?$vector@U?$pair@HV?$vector@NV?$allocator@N@std@@@std@@@std@@V?$allocator@U?$pair@HV?$vector@NV?$allocator@N@std@@@std@@@std@@@2@@std@@AEAAPEAU?$pair@HV?$vector@NV?$allocator@N@std@@@std@@@1@QEAU21@AEAH$$QEAV?$vector@NV?$allocator@N@std@@@1@@Z 00000001800307a0 f i priorityqueue_api.obj
 0001:0002f9e0       ??$_Emplace_reallocate@AEBHN@?$vector@V?$vector@NV?$allocator@N@std@@@std@@V?$allocator@V?$vector@NV?$allocator@N@std@@@std@@@2@@std@@AEAAPEAV?$vector@NV?$allocator@N@std@@@1@QEAV21@AEBH$$QEAN@Z 00000001800309e0 f i priorityqueue_api.obj
 0001:0002fc20       ??$_Emplace_reallocate@AEBV?$vector@NV?$allocator@N@std@@@std@@@?$vector@V?$vector@NV?$allocator@N@std@@@std@@V?$allocator@V?$vector@NV?$allocator@N@std@@@std@@@2@@std@@AEAAPEAV?$vector@NV?$allocator@N@std@@@1@QEAV21@AEBV21@@Z 0000000180030c20 f i priorityqueue_api.obj
 0001:0002fe40       ??$_Fill_zero_memset@PEAN@std@@YAXPEAN_K@Z 0000000180030e40 f i priorityqueue_api.obj
 0001:0002fe80       ??$_Find@H@?$_Hash@V?$_Umap_traits@HHV?$_Uhash_compare@HU?$hash@H@std@@U?$equal_to@H@2@@std@@V?$allocator@U?$pair@$$CBHH@std@@@2@$0A@@std@@@std@@AEBAPEAU?$_List_node@U?$pair@$$CBHH@std@@PEAX@1@AEBH_K@Z 0000000180030e80 f i priorityqueue_api.obj
 0001:0002fee0       ??$_Find@H@?$_Hash@V?$_Umap_traits@HV?$vector@NV?$allocator@N@std@@@std@@V?$_Uhash_compare@HU?$hash@H@std@@U?$equal_to@H@2@@2@V?$allocator@U?$pair@$$CBHV?$vector@NV?$allocator@N@std@@@std@@@std@@@2@$0A@@std@@@std@@AEBAPEAU?$_List_node@U?$pair@$$CBHV?$vector@NV?$allocator@N@std@@@std@@@std@@PEAX@1@AEBH_K@Z 0000000180030ee0 f i priorityqueue_api.obj
 0001:0002ff40       ??$_Find_last@H@?$_Hash@V?$_Umap_traits@HHV?$_Uhash_compare@HU?$hash@H@std@@U?$equal_to@H@2@@std@@V?$allocator@U?$pair@$$CBHH@std@@@2@$0A@@std@@@std@@IEBA?AU?$_Hash_find_last_result@PEAU?$_List_node@U?$pair@$$CBHH@std@@PEAX@std@@@1@AEBH_K@Z 0000000180030f40 f i priorityqueue_api.obj
 0001:00030080       ??$_Find_last@H@?$_Hash@V?$_Umap_traits@HV?$vector@NV?$allocator@N@std@@@std@@V?$_Uhash_compare@HU?$hash@H@std@@U?$equal_to@H@2@@2@V?$allocator@U?$pair@$$CBHV?$vector@NV?$allocator@N@std@@@std@@@std@@@2@$0A@@std@@@std@@IEBA?AU?$_Hash_find_last_result@PEAU?$_List_node@U?$pair@$$CBHV?$vector@NV?$allocator@N@std@@@std@@@std@@PEAX@std@@@1@AEBH_K@Z 0000000180031080 f i priorityqueue_api.obj
 0001:000301c0       ??$_Fnv1a_append_value@H@std@@YA_K_KAEBH@Z 00000001800311c0 f i priorityqueue_api.obj
 0001:000301f0       ??$_Free_non_head@V?$allocator@U?$_List_node@U?$pair@$$CBHH@std@@PEAX@std@@@std@@@?$_List_node@U?$pair@$$CBHH@std@@PEAX@std@@SAXAEAV?$allocator@U?$_List_node@U?$pair@$$CBHH@std@@PEAX@std@@@1@PEAU01@@Z 00000001800311f0 f i priorityqueue_api.obj
 0001:00030260       ??$_Free_non_head@V?$allocator@U?$_List_node@U?$pair@$$CBHV?$vector@NV?$allocator@N@std@@@std@@@std@@PEAX@std@@@std@@@?$_List_node@U?$pair@$$CBHV?$vector@NV?$allocator@N@std@@@std@@@std@@PEAX@std@@SAXAEAV?$allocator@U?$_List_node@U?$pair@$$CBHV?$vector@NV?$allocator@N@std@@@std@@@std@@PEAX@std@@@1@PEAU01@@Z 0000000180031260 f i priorityqueue_api.obj
 0001:000302d0       ??$_Freenode0@V?$allocator@U?$_List_node@U?$pair@$$CBHH@std@@PEAX@std@@@std@@@?$_List_node@U?$pair@$$CBHH@std@@PEAX@std@@SAXAEAV?$allocator@U?$_List_node@U?$pair@$$CBHH@std@@PEAX@std@@@1@PEAU01@@Z 00000001800312d0 f i priorityqueue_api.obj
 0001:00030320       ??$_Freenode0@V?$allocator@U?$_List_node@U?$pair@$$CBHV?$vector@NV?$allocator@N@std@@@std@@@std@@PEAX@std@@@std@@@?$_List_node@U?$pair@$$CBHV?$vector@NV?$allocator@N@std@@@std@@@std@@PEAX@std@@SAXAEAV?$allocator@U?$_List_node@U?$pair@$$CBHV?$vector@NV?$allocator@N@std@@@std@@@std@@PEAX@std@@@1@PEAU01@@Z 0000000180031320 f i priorityqueue_api.obj
 0001:00030370       ??$_Freenode@V?$allocator@U?$_List_node@U?$pair@$$CBHH@std@@PEAX@std@@@std@@@?$_List_node@U?$pair@$$CBHH@std@@PEAX@std@@SAXAEAV?$allocator@U?$_List_node@U?$pair@$$CBHH@std@@PEAX@std@@@1@PEAU01@@Z 0000000180031370 f i priorityqueue_api.obj
 0001:000303c0       ??$_Freenode@V?$allocator@U?$_List_node@U?$pair@$$CBHV?$vector@NV?$allocator@N@std@@@std@@@std@@PEAX@std@@@std@@@?$_List_node@U?$pair@$$CBHV?$vector@NV?$allocator@N@std@@@std@@@std@@PEAX@std@@SAXAEAV?$allocator@U?$_List_node@U?$pair@$$CBHV?$vector@NV?$allocator@N@std@@@std@@@std@@PEAX@std@@@1@PEAU01@@Z 00000001800313c0 f i priorityqueue_api.obj
 0001:00030410       ??$_Get_size_of_n@$07@std@@YA_K_K@Z 0000000180031410 f i priorityqueue_api.obj
 0001:00030460       ??$_Get_size_of_n@$0BI@@std@@YA_K_K@Z 0000000180031460 f i priorityqueue_api.obj
 0001:000304a0       ??$_Get_size_of_n@$0CA@@std@@YA_K_K@Z 00000001800314a0 f i priorityqueue_api.obj
 0001:000304e0       ??$_Get_size_of_n@$0DA@@std@@YA_K_K@Z 00000001800314e0 f i priorityqueue_api.obj
 0001:00030520       ??$_Get_unwrapped@AEAPEBN@std@@YA?A_TAEAPEBN@Z 0000000180031520 f i priorityqueue_api.obj
 0001:00030530       ??$_Get_unwrapped@AEAV?$_Vector_iterator@V?$_Vector_val@U?$_Simple_types@U?$pair@HV?$vector@NV?$allocator@N@std@@@std@@@std@@@std@@@std@@@std@@@std@@YA?A_TAEAV?$_Vector_iterator@V?$_Vector_val@U?$_Simple_types@U?$pair@HV?$vector@NV?$allocator@N@std@@@std@@@std@@@std@@@std@@@0@@Z 0000000180031530 f i priorityqueue_api.obj
 0001:00030550       ??$_Get_unwrapped@AEBQEAU?$pair@HV?$vector@NV?$allocator@N@std@@@std@@@std@@@std@@YA?A_TAEBQEAU?$pair@HV?$vector@NV?$allocator@N@std@@@std@@@0@@Z 0000000180031550 f i priorityqueue_api.obj
 0001:00030560       ??$_Get_unwrapped@AEBQEAV?$_List_unchecked_iterator@V?$_List_val@U?$_List_simple_types@U?$pair@$$CBHH@std@@@std@@@std@@@std@@@std@@YA?A_TAEBQEAV?$_List_unchecked_iterator@V?$_List_val@U?$_List_simple_types@U?$pair@$$CBHH@std@@@std@@@std@@@0@@Z 0000000180031560 f i priorityqueue_api.obj
 0001:00030570       ??$_Get_unwrapped@AEBQEAV?$_List_unchecked_iterator@V?$_List_val@U?$_List_simple_types@U?$pair@$$CBHV?$vector@NV?$allocator@N@std@@@std@@@std@@@std@@@std@@@std@@@std@@YA?A_TAEBQEAV?$_List_unchecked_iterator@V?$_List_val@U?$_List_simple_types@U?$pair@$$CBHV?$vector@NV?$allocator@N@std@@@std@@@std@@@std@@@std@@@0@@Z 0000000180031570 f i priorityqueue_api.obj
 0001:00030580       ??$_Get_unwrapped@AEBQEAV?$vector@NV?$allocator@N@std@@@std@@@std@@YA?A_TAEBQEAV?$vector@NV?$allocator@N@std@@@0@@Z 0000000180031580 f i priorityqueue_api.obj
 0001:00030590       ??$_Get_unwrapped@PEAN@std@@YA?A_T$$QEAPEAN@Z 0000000180031590 f i priorityqueue_api.obj
 0001:000305a0       ??$_Get_unwrapped@PEBN@std@@YA?A_T$$QEAPEBN@Z 00000001800315a0 f i priorityqueue_api.obj
 0001:000305b0       ??$_Hash_representation@H@std@@YA_KAEBH@Z 00000001800315b0 f i priorityqueue_api.obj
 0001:000305e0       ??$_Is_all_bits_zero@N@std@@YA_NAEBN@Z 00000001800315e0 f i priorityqueue_api.obj
 0001:00030630       ??$_Kfn@$$CBHH@?$_Umap_traits@HHV?$_Uhash_compare@HU?$hash@H@std@@U?$equal_to@H@2@@std@@V?$allocator@U?$pair@$$CBHH@std@@@2@$0A@@std@@SAAEBHAEBU?$pair@$$CBHH@1@@Z 0000000180031630 f i priorityqueue_api.obj
 0001:00030640       ??$_Kfn@$$CBHV?$vector@NV?$allocator@N@std@@@std@@@?$_Umap_traits@HV?$vector@NV?$allocator@N@std@@@std@@V?$_Uhash_compare@HU?$hash@H@std@@U?$equal_to@H@2@@2@V?$allocator@U?$pair@$$CBHV?$vector@NV?$allocator@N@std@@@std@@@std@@@2@$0A@@std@@SAAEBHAEBU?$pair@$$CBHV?$vector@NV?$allocator@N@std@@@std@@@1@@Z 0000000180031640 f i priorityqueue_api.obj
 0001:00030650       ??$_Pass_fn@Ucomparator@PriorityQueueImpl@nav@@@std@@YA?A_PAEAUcomparator@PriorityQueueImpl@nav@@@Z 0000000180031650 f i priorityqueue_api.obj
 0001:00030680       ??$_Pocma@V?$allocator@N@std@@@std@@YAXAEAV?$allocator@N@0@0@Z 0000000180031680 f i priorityqueue_api.obj
 0001:000306a0       ??$_Pocma@V?$allocator@U?$_List_node@U?$pair@$$CBHH@std@@PEAX@std@@@std@@@std@@YAXAEAV?$allocator@U?$_List_node@U?$pair@$$CBHH@std@@PEAX@std@@@0@0@Z 00000001800316a0 f i priorityqueue_api.obj
 0001:000306c0       ??$_Pocma@V?$allocator@U?$_List_node@U?$pair@$$CBHV?$vector@NV?$allocator@N@std@@@std@@@std@@PEAX@std@@@std@@@std@@YAXAEAV?$allocator@U?$_List_node@U?$pair@$$CBHV?$vector@NV?$allocator@N@std@@@std@@@std@@PEAX@std@@@0@0@Z 00000001800316c0 f i priorityqueue_api.obj
 0001:000306e0       ??$_Pocma@V?$allocator@U?$pair@HV?$vector@NV?$allocator@N@std@@@std@@@std@@@std@@@std@@YAXAEAV?$allocator@U?$pair@HV?$vector@NV?$allocator@N@std@@@std@@@std@@@0@0@Z 00000001800316e0 f i priorityqueue_api.obj
 0001:00030700       ??$_Pocma@V?$allocator@V?$_List_unchecked_iterator@V?$_List_val@U?$_List_simple_types@U?$pair@$$CBHH@std@@@std@@@std@@@std@@@std@@@std@@YAXAEAV?$allocator@V?$_List_unchecked_iterator@V?$_List_val@U?$_List_simple_types@U?$pair@$$CBHH@std@@@std@@@std@@@std@@@0@0@Z 0000000180031700 f i priorityqueue_api.obj
 0001:00030720       ??$_Pocma@V?$allocator@V?$_List_unchecked_iterator@V?$_List_val@U?$_List_simple_types@U?$pair@$$CBHV?$vector@NV?$allocator@N@std@@@std@@@std@@@std@@@std@@@std@@@std@@@std@@YAXAEAV?$allocator@V?$_List_unchecked_iterator@V?$_List_val@U?$_List_simple_types@U?$pair@$$CBHV?$vector@NV?$allocator@N@std@@@std@@@std@@@std@@@std@@@std@@@0@0@Z 0000000180031720 f i priorityqueue_api.obj
 0001:00030740       ??$_Pop_heap_hole_by_index@PEAU?$pair@HV?$vector@NV?$allocator@N@std@@@std@@@std@@U12@Ucomparator@PriorityQueueImpl@nav@@@std@@YAXPEAU?$pair@HV?$vector@NV?$allocator@N@std@@@std@@@0@_J1$$QEAU10@Ucomparator@PriorityQueueImpl@nav@@@Z 0000000180031740 f i priorityqueue_api.obj
 0001:000308d0       ??$_Pop_heap_hole_unchecked@PEAU?$pair@HV?$vector@NV?$allocator@N@std@@@std@@@std@@U12@Ucomparator@PriorityQueueImpl@nav@@@std@@YAXPEAU?$pair@HV?$vector@NV?$allocator@N@std@@@std@@@0@00$$QEAU10@Ucomparator@PriorityQueueImpl@nav@@@Z 00000001800318d0 f i priorityqueue_api.obj
 0001:00030940       ??$_Pop_heap_unchecked@PEAU?$pair@HV?$vector@NV?$allocator@N@std@@@std@@@std@@Ucomparator@PriorityQueueImpl@nav@@@std@@YAXPEAU?$pair@HV?$vector@NV?$allocator@N@std@@@std@@@0@0Ucomparator@PriorityQueueImpl@nav@@@Z 0000000180031940 f i priorityqueue_api.obj
 0001:000309d0       ??$_Push_heap_by_index@PEAU?$pair@HV?$vector@NV?$allocator@N@std@@@std@@@std@@U12@Ucomparator@PriorityQueueImpl@nav@@@std@@YAXPEAU?$pair@HV?$vector@NV?$allocator@N@std@@@std@@@0@_J1$$QEAU10@Ucomparator@PriorityQueueImpl@nav@@@Z 00000001800319d0 f i priorityqueue_api.obj
 0001:00030ab0       ??$_To_address@PEAN@std@@YA?A_PAEBQEAN@Z 0000000180031ab0 f i priorityqueue_api.obj
 0001:00030ac0       ??$_To_address@PEBN@std@@YA?A_PAEBQEBN@Z 0000000180031ac0 f i priorityqueue_api.obj
 0001:00030ad0       ??$_Try_emplace@AEBH$$V@?$_Hash@V?$_Umap_traits@HHV?$_Uhash_compare@HU?$hash@H@std@@U?$equal_to@H@2@@std@@V?$allocator@U?$pair@$$CBHH@std@@@2@$0A@@std@@@std@@IEAA?AU?$pair@PEAU?$_List_node@U?$pair@$$CBHH@std@@PEAX@std@@_N@1@AEBH@Z 0000000180031ad0 f i priorityqueue_api.obj
 0001:00030ca0       ??$_Try_emplace@AEBH$$V@?$_Hash@V?$_Umap_traits@HV?$vector@NV?$allocator@N@std@@@std@@V?$_Uhash_compare@HU?$hash@H@std@@U?$equal_to@H@2@@2@V?$allocator@U?$pair@$$CBHV?$vector@NV?$allocator@N@std@@@std@@@std@@@2@$0A@@std@@@std@@IEAA?AU?$pair@PEAU?$_List_node@U?$pair@$$CBHV?$vector@NV?$allocator@N@std@@@std@@@std@@PEAX@std@@_N@1@AEBH@Z 0000000180031ca0 f i priorityqueue_api.obj
 0001:00030e70       ??$_Tuple_get@$0A@AEBH@std@@YA$$QEA_P$$QEAV?$tuple@AEBH@0@@Z 0000000180031e70 f i priorityqueue_api.obj
 0001:00030e80       ??$_Unfancy@N@std@@YAPEANPEAN@Z 0000000180031e80 f i priorityqueue_api.obj
 0001:00030e90       ??$_Unfancy@U?$pair@HV?$vector@NV?$allocator@N@std@@@std@@@std@@@std@@YAPEAU?$pair@HV?$vector@NV?$allocator@N@std@@@std@@@0@PEAU10@@Z 0000000180031e90 f i priorityqueue_api.obj
 0001:00030ea0       ??$_Unfancy@V?$vector@NV?$allocator@N@std@@@std@@@std@@YAPEAV?$vector@NV?$allocator@N@std@@@0@PEAV10@@Z 0000000180031ea0 f i priorityqueue_api.obj
 0001:00030eb0       ??$_Uninitialized_copy@PEANPEANV?$allocator@N@std@@@std@@YAPEANPEAN00AEAV?$allocator@N@0@@Z 0000000180031eb0 f i priorityqueue_api.obj
 0001:00030fe0       ??$_Uninitialized_copy@PEBNPEBNV?$allocator@N@std@@@std@@YAPEANPEBN0PEANAEAV?$allocator@N@0@@Z 0000000180031fe0 f i priorityqueue_api.obj
 0001:00031110       ??$_Uninitialized_fill_n@V?$allocator@N@std@@@std@@YAPEANPEAN_KAEBNAEAV?$allocator@N@0@@Z 0000000180032110 f i priorityqueue_api.obj
 0001:000311c0       ??$_Uninitialized_move@PEAU?$pair@HV?$vector@NV?$allocator@N@std@@@std@@@std@@V?$allocator@U?$pair@HV?$vector@NV?$allocator@N@std@@@std@@@std@@@2@@std@@YAPEAU?$pair@HV?$vector@NV?$allocator@N@std@@@std@@@0@QEAU10@0PEAU10@AEAV?$allocator@U?$pair@HV?$vector@NV?$allocator@N@std@@@std@@@std@@@0@@Z 00000001800321c0 f i priorityqueue_api.obj
 0001:00031270       ??$_Uninitialized_move@PEAV?$vector@NV?$allocator@N@std@@@std@@V?$allocator@V?$vector@NV?$allocator@N@std@@@std@@@2@@std@@YAPEAV?$vector@NV?$allocator@N@std@@@0@QEAV10@0PEAV10@AEAV?$allocator@V?$vector@NV?$allocator@N@std@@@std@@@0@@Z 0000000180032270 f i priorityqueue_api.obj
 0001:00031320       ??$addressof@$$CBV?$_List_val@U?$_List_simple_types@U?$pair@$$CBHH@std@@@std@@@std@@@std@@YAPEBV?$_List_val@U?$_List_simple_types@U?$pair@$$CBHH@std@@@std@@@0@AEBV10@@Z 0000000180032320 f i priorityqueue_api.obj
 0001:00031330       ??$addressof@$$CBV?$_List_val@U?$_List_simple_types@U?$pair@$$CBHV?$vector@NV?$allocator@N@std@@@std@@@std@@@std@@@std@@@std@@YAPEBV?$_List_val@U?$_List_simple_types@U?$pair@$$CBHV?$vector@NV?$allocator@N@std@@@std@@@std@@@std@@@0@AEBV10@@Z 0000000180032330 f i priorityqueue_api.obj
 0001:00031340       ??$addressof@PEAU?$_List_node@U?$pair@$$CBHH@std@@PEAX@std@@@std@@YAPEAPEAU?$_List_node@U?$pair@$$CBHH@std@@PEAX@0@AEAPEAU10@@Z 0000000180032340 f i priorityqueue_api.obj
 0001:00031350       ??$addressof@PEAU?$_List_node@U?$pair@$$CBHV?$vector@NV?$allocator@N@std@@@std@@@std@@PEAX@std@@@std@@YAPEAPEAU?$_List_node@U?$pair@$$CBHV?$vector@NV?$allocator@N@std@@@std@@@std@@PEAX@0@AEAPEAU10@@Z 0000000180032350 f i priorityqueue_api.obj
 0001:00031360       ??$addressof@U?$pair@$$CBHH@std@@@std@@YAPEAU?$pair@$$CBHH@0@AEAU10@@Z 0000000180032360 f i priorityqueue_api.obj
 0001:00031370       ??$addressof@U?$pair@$$CBHV?$vector@NV?$allocator@N@std@@@std@@@std@@@std@@YAPEAU?$pair@$$CBHV?$vector@NV?$allocator@N@std@@@std@@@0@AEAU10@@Z 0000000180032370 f i priorityqueue_api.obj
 0001:00031380       ??$addressof@U?$pair@HV?$vector@NV?$allocator@N@std@@@std@@@std@@@std@@YAPEAU?$pair@HV?$vector@NV?$allocator@N@std@@@std@@@0@AEAU10@@Z 0000000180032380 f i priorityqueue_api.obj
 0001:00031390       ??$addressof@V?$_Hash@V?$_Umap_traits@HHV?$_Uhash_compare@HU?$hash@H@std@@U?$equal_to@H@2@@std@@V?$allocator@U?$pair@$$CBHH@std@@@2@$0A@@std@@@std@@@std@@YAPEAV?$_Hash@V?$_Umap_traits@HHV?$_Uhash_compare@HU?$hash@H@std@@U?$equal_to@H@2@@std@@V?$allocator@U?$pair@$$CBHH@std@@@2@$0A@@std@@@0@AEAV10@@Z 0000000180032390 f i priorityqueue_api.obj
 0001:000313a0       ??$addressof@V?$_Hash@V?$_Umap_traits@HV?$vector@NV?$allocator@N@std@@@std@@V?$_Uhash_compare@HU?$hash@H@std@@U?$equal_to@H@2@@2@V?$allocator@U?$pair@$$CBHV?$vector@NV?$allocator@N@std@@@std@@@std@@@2@$0A@@std@@@std@@@std@@YAPEAV?$_Hash@V?$_Umap_traits@HV?$vector@NV?$allocator@N@std@@@std@@V?$_Uhash_compare@HU?$hash@H@std@@U?$equal_to@H@2@@2@V?$allocator@U?$pair@$$CBHV?$vector@NV?$allocator@N@std@@@std@@@std@@@2@$0A@@std@@@0@AEAV10@@Z 00000001800323a0 f i priorityqueue_api.obj
 0001:000313b0       ??$addressof@V?$_List_unchecked_iterator@V?$_List_val@U?$_List_simple_types@U?$pair@$$CBHH@std@@@std@@@std@@@std@@@std@@YAPEAV?$_List_unchecked_iterator@V?$_List_val@U?$_List_simple_types@U?$pair@$$CBHH@std@@@std@@@std@@@0@AEAV10@@Z 00000001800323b0 f i priorityqueue_api.obj
 0001:000313c0       ??$addressof@V?$_List_unchecked_iterator@V?$_List_val@U?$_List_simple_types@U?$pair@$$CBHV?$vector@NV?$allocator@N@std@@@std@@@std@@@std@@@std@@@std@@@std@@YAPEAV?$_List_unchecked_iterator@V?$_List_val@U?$_List_simple_types@U?$pair@$$CBHV?$vector@NV?$allocator@N@std@@@std@@@std@@@std@@@std@@@0@AEAV10@@Z 00000001800323c0 f i priorityqueue_api.obj
 0001:000313d0       ??$addressof@V?$_List_val@U?$_List_simple_types@U?$pair@$$CBHH@std@@@std@@@std@@@std@@YAPEAV?$_List_val@U?$_List_simple_types@U?$pair@$$CBHH@std@@@std@@@0@AEAV10@@Z 00000001800323d0 f i priorityqueue_api.obj
 0001:000313e0       ??$addressof@V?$_List_val@U?$_List_simple_types@U?$pair@$$CBHV?$vector@NV?$allocator@N@std@@@std@@@std@@@std@@@std@@@std@@YAPEAV?$_List_val@U?$_List_simple_types@U?$pair@$$CBHV?$vector@NV?$allocator@N@std@@@std@@@std@@@std@@@0@AEAV10@@Z 00000001800323e0 f i priorityqueue_api.obj
 0001:000313f0       ??$addressof@V?$_Vector_val@U?$_Simple_types@U?$pair@HV?$vector@NV?$allocator@N@std@@@std@@@std@@@std@@@std@@@std@@YAPEAV?$_Vector_val@U?$_Simple_types@U?$pair@HV?$vector@NV?$allocator@N@std@@@std@@@std@@@std@@@0@AEAV10@@Z 00000001800323f0 f i priorityqueue_api.obj
 0001:00031400       ??$addressof@V?$_Vector_val@U?$_Simple_types@V?$vector@NV?$allocator@N@std@@@std@@@std@@@std@@@std@@YAPEAV?$_Vector_val@U?$_Simple_types@V?$vector@NV?$allocator@N@std@@@std@@@std@@@0@AEAV10@@Z 0000000180032400 f i priorityqueue_api.obj
 0001:00031410       ??$addressof@V?$vector@NV?$allocator@N@std@@@std@@@std@@YAPEAV?$vector@NV?$allocator@N@std@@@0@AEAV10@@Z 0000000180032410 f i priorityqueue_api.obj
 0001:00031420       ??$addressof@V?$vector@U?$pair@HV?$vector@NV?$allocator@N@std@@@std@@@std@@V?$allocator@U?$pair@HV?$vector@NV?$allocator@N@std@@@std@@@std@@@2@@std@@@std@@YAPEAV?$vector@U?$pair@HV?$vector@NV?$allocator@N@std@@@std@@@std@@V?$allocator@U?$pair@HV?$vector@NV?$allocator@N@std@@@std@@@std@@@2@@0@AEAV10@@Z 0000000180032420 f i priorityqueue_api.obj
 0001:00031430       ??$construct@NAEAN@?$_Default_allocator_traits@V?$allocator@N@std@@@std@@SAXAEAV?$allocator@N@1@QEANAEAN@Z 0000000180032430 f i priorityqueue_api.obj
 0001:00031480       ??$construct@NAEBN@?$_Default_allocator_traits@V?$allocator@N@std@@@std@@SAXAEAV?$allocator@N@1@QEANAEBN@Z 0000000180032480 f i priorityqueue_api.obj
 0001:000314d0       ??$construct@U?$pair@$$CBHH@std@@AEBUpiecewise_construct_t@2@V?$tuple@AEBH@2@V?$tuple@$$V@2@@?$_Default_allocator_traits@V?$allocator@U?$_List_node@U?$pair@$$CBHH@std@@PEAX@std@@@std@@@std@@SAXAEAV?$allocator@U?$_List_node@U?$pair@$$CBHH@std@@PEAX@std@@@1@QEAU?$pair@$$CBHH@1@AEBUpiecewise_construct_t@1@$$QEAV?$tuple@AEBH@1@$$QEAV?$tuple@$$V@1@@Z 00000001800324d0 f i priorityqueue_api.obj
 0001:00031580       ??$construct@U?$pair@$$CBHV?$vector@NV?$allocator@N@std@@@std@@@std@@AEBUpiecewise_construct_t@2@V?$tuple@AEBH@2@V?$tuple@$$V@2@@?$_Default_allocator_traits@V?$allocator@U?$_List_node@U?$pair@$$CBHV?$vector@NV?$allocator@N@std@@@std@@@std@@PEAX@std@@@std@@@std@@SAXAEAV?$allocator@U?$_List_node@U?$pair@$$CBHV?$vector@NV?$allocator@N@std@@@std@@@std@@PEAX@std@@@1@QEAU?$pair@$$CBHV?$vector@NV?$allocator@N@std@@@std@@@1@AEBUpiecewise_construct_t@1@$$QEAV?$tuple@AEBH@1@$$QEAV?$tuple@$$V@1@@Z 0000000180032580 f i priorityqueue_api.obj
 0001:00031630       ??$construct@U?$pair@HV?$vector@NV?$allocator@N@std@@@std@@@std@@AEAHV?$vector@NV?$allocator@N@std@@@2@@?$_Default_allocator_traits@V?$allocator@U?$pair@HV?$vector@NV?$allocator@N@std@@@std@@@std@@@std@@@std@@SAXAEAV?$allocator@U?$pair@HV?$vector@NV?$allocator@N@std@@@std@@@std@@@1@QEAU?$pair@HV?$vector@NV?$allocator@N@std@@@std@@@1@AEAH$$QEAV?$vector@NV?$allocator@N@std@@@1@@Z 0000000180032630 f i priorityqueue_api.obj
 0001:00031690       ??$construct@U?$pair@HV?$vector@NV?$allocator@N@std@@@std@@@std@@U12@@?$_Default_allocator_traits@V?$allocator@U?$pair@HV?$vector@NV?$allocator@N@std@@@std@@@std@@@std@@@std@@SAXAEAV?$allocator@U?$pair@HV?$vector@NV?$allocator@N@std@@@std@@@std@@@1@QEAU?$pair@HV?$vector@NV?$allocator@N@std@@@std@@@1@$$QEAU31@@Z 0000000180032690 f i priorityqueue_api.obj
 0001:000316e0       ??$construct@V?$vector@NV?$allocator@N@std@@@std@@AEBHN@?$_Default_allocator_traits@V?$allocator@V?$vector@NV?$allocator@N@std@@@std@@@std@@@std@@SAXAEAV?$allocator@V?$vector@NV?$allocator@N@std@@@std@@@1@QEAV?$vector@NV?$allocator@N@std@@@1@AEBH$$QEAN@Z 00000001800326e0 f i priorityqueue_api.obj
 0001:00031760       ??$construct@V?$vector@NV?$allocator@N@std@@@std@@AEBV12@@?$_Default_allocator_traits@V?$allocator@V?$vector@NV?$allocator@N@std@@@std@@@std@@@std@@SAXAEAV?$allocator@V?$vector@NV?$allocator@N@std@@@std@@@1@QEAV?$vector@NV?$allocator@N@std@@@1@AEBV31@@Z 0000000180032760 f i priorityqueue_api.obj
 0001:000317b0       ??$construct@V?$vector@NV?$allocator@N@std@@@std@@V12@@?$_Default_allocator_traits@V?$allocator@V?$vector@NV?$allocator@N@std@@@std@@@std@@@std@@SAXAEAV?$allocator@V?$vector@NV?$allocator@N@std@@@std@@@1@QEAV?$vector@NV?$allocator@N@std@@@1@$$QEAV31@@Z 00000001800327b0 f i priorityqueue_api.obj
 0001:00031800       ??$destroy@U?$pair@$$CBHH@std@@@?$_Default_allocator_traits@V?$allocator@U?$_List_node@U?$pair@$$CBHH@std@@PEAX@std@@@std@@@std@@SAXAEAV?$allocator@U?$_List_node@U?$pair@$$CBHH@std@@PEAX@std@@@1@QEAU?$pair@$$CBHH@1@@Z 0000000180032800 f i priorityqueue_api.obj
 0001:00031810       ??$destroy@U?$pair@$$CBHV?$vector@NV?$allocator@N@std@@@std@@@std@@@?$_Default_allocator_traits@V?$allocator@U?$_List_node@U?$pair@$$CBHV?$vector@NV?$allocator@N@std@@@std@@@std@@PEAX@std@@@std@@@std@@SAXAEAV?$allocator@U?$_List_node@U?$pair@$$CBHV?$vector@NV?$allocator@N@std@@@std@@@std@@PEAX@std@@@1@QEAU?$pair@$$CBHV?$vector@NV?$allocator@N@std@@@std@@@1@@Z 0000000180032810 f i priorityqueue_api.obj
 0001:00031830       ??$destroy@U?$pair@HV?$vector@NV?$allocator@N@std@@@std@@@std@@@?$_Default_allocator_traits@V?$allocator@U?$pair@HV?$vector@NV?$allocator@N@std@@@std@@@std@@@std@@@std@@SAXAEAV?$allocator@U?$pair@HV?$vector@NV?$allocator@N@std@@@std@@@std@@@1@QEAU?$pair@HV?$vector@NV?$allocator@N@std@@@std@@@1@@Z 0000000180032830 f i priorityqueue_api.obj
 0001:00031850       ??$destroy@V?$vector@NV?$allocator@N@std@@@std@@@?$_Default_allocator_traits@V?$allocator@V?$vector@NV?$allocator@N@std@@@std@@@std@@@std@@SAXAEAV?$allocator@V?$vector@NV?$allocator@N@std@@@std@@@1@QEAV?$vector@NV?$allocator@N@std@@@1@@Z 0000000180032850 f i priorityqueue_api.obj
 0001:00031870       ??$distance@PEBN@std@@YA_JPEBN0@Z 0000000180032870 f i priorityqueue_api.obj
 0001:00031890       ??$emplace@AEAHV?$vector@NV?$allocator@N@std@@@std@@@?$priority_queue@U?$pair@HV?$vector@NV?$allocator@N@std@@@std@@@std@@V?$vector@U?$pair@HV?$vector@NV?$allocator@N@std@@@std@@@std@@V?$allocator@U?$pair@HV?$vector@NV?$allocator@N@std@@@std@@@std@@@2@@2@Ucomparator@PriorityQueueImpl@nav@@@std@@QEAAXAEAH$$QEAV?$vector@NV?$allocator@N@std@@@1@@Z 0000000180032890 f i priorityqueue_api.obj
 0001:00031930       ??$emplace_back@AEAHV?$vector@NV?$allocator@N@std@@@std@@@?$vector@U?$pair@HV?$vector@NV?$allocator@N@std@@@std@@@std@@V?$allocator@U?$pair@HV?$vector@NV?$allocator@N@std@@@std@@@std@@@2@@std@@QEAA?A_TAEAH$$QEAV?$vector@NV?$allocator@N@std@@@1@@Z 0000000180032930 f i priorityqueue_api.obj
 0001:00031980       ??$emplace_back@AEBHN@?$vector@V?$vector@NV?$allocator@N@std@@@std@@V?$allocator@V?$vector@NV?$allocator@N@std@@@std@@@2@@std@@QEAA?A_TAEBH$$QEAN@Z 0000000180032980 f i priorityqueue_api.obj
 0001:000319d0       ??$exchange@PEAN$$T@std@@YAPEANAEAPEAN$$QEA$$T@Z 00000001800329d0 f i priorityqueue_api.obj
 0001:00031a10       ??$exchange@PEAU?$_List_node@U?$pair@$$CBHH@std@@PEAX@std@@$$T@std@@YAPEAU?$_List_node@U?$pair@$$CBHH@std@@PEAX@0@AEAPEAU10@$$QEA$$T@Z 0000000180032a10 f i priorityqueue_api.obj
 0001:00031a50       ??$exchange@PEAU?$_List_node@U?$pair@$$CBHV?$vector@NV?$allocator@N@std@@@std@@@std@@PEAX@std@@$$T@std@@YAPEAU?$_List_node@U?$pair@$$CBHV?$vector@NV?$allocator@N@std@@@std@@@std@@PEAX@0@AEAPEAU10@$$QEA$$T@Z 0000000180032a50 f i priorityqueue_api.obj
 0001:00031a90       ??$exchange@PEAV?$vector@NV?$allocator@N@std@@@std@@$$T@std@@YAPEAV?$vector@NV?$allocator@N@std@@@0@AEAPEAV10@$$QEA$$T@Z 0000000180032a90 f i priorityqueue_api.obj
 0001:00031ad0       ??$fill@PEAV?$_List_unchecked_iterator@V?$_List_val@U?$_List_simple_types@U?$pair@$$CBHH@std@@@std@@@std@@@std@@V12@@std@@YAXQEAV?$_List_unchecked_iterator@V?$_List_val@U?$_List_simple_types@U?$pair@$$CBHH@std@@@std@@@std@@@0@0AEBV10@@Z 0000000180032ad0 f i priorityqueue_api.obj
 0001:00031b50       ??$fill@PEAV?$_List_unchecked_iterator@V?$_List_val@U?$_List_simple_types@U?$pair@$$CBHV?$vector@NV?$allocator@N@std@@@std@@@std@@@std@@@std@@@std@@V12@@std@@YAXQEAV?$_List_unchecked_iterator@V?$_List_val@U?$_List_simple_types@U?$pair@$$CBHV?$vector@NV?$allocator@N@std@@@std@@@std@@@std@@@std@@@0@0AEBV10@@Z 0000000180032b50 f i priorityqueue_api.obj
 0001:00031bd0       ??$find@X@?$_Hash@V?$_Umap_traits@HHV?$_Uhash_compare@HU?$hash@H@std@@U?$equal_to@H@2@@std@@V?$allocator@U?$pair@$$CBHH@std@@@2@$0A@@std@@@std@@QEAA?AV?$_List_iterator@V?$_List_val@U?$_List_simple_types@U?$pair@$$CBHH@std@@@std@@@std@@@1@AEBH@Z 0000000180032bd0 f i priorityqueue_api.obj
 0001:00031c30       ??$find@X@?$_Hash@V?$_Umap_traits@HV?$vector@NV?$allocator@N@std@@@std@@V?$_Uhash_compare@HU?$hash@H@std@@U?$equal_to@H@2@@2@V?$allocator@U?$pair@$$CBHV?$vector@NV?$allocator@N@std@@@std@@@std@@@2@$0A@@std@@@std@@QEAA?AV?$_List_iterator@V?$_List_val@U?$_List_simple_types@U?$pair@$$CBHV?$vector@NV?$allocator@N@std@@@std@@@std@@@std@@@std@@@1@AEBH@Z 0000000180032c30 f i priorityqueue_api.obj
 0001:00031c90       ??$forward@AEAH@std@@YAAEAHAEAH@Z 0000000180032c90 f i priorityqueue_api.obj
 0001:00031ca0       ??$forward@AEAN@std@@YAAEANAEAN@Z 0000000180032ca0 f i priorityqueue_api.obj
 0001:00031cb0       ??$forward@AEAPEAU?$_List_node@U?$pair@$$CBHH@std@@PEAX@std@@@std@@YAAEAPEAU?$_List_node@U?$pair@$$CBHH@std@@PEAX@0@AEAPEAU10@@Z 0000000180032cb0 f i priorityqueue_api.obj
 0001:00031cc0       ??$forward@AEAPEAU?$_List_node@U?$pair@$$CBHV?$vector@NV?$allocator@N@std@@@std@@@std@@PEAX@std@@@std@@YAAEAPEAU?$_List_node@U?$pair@$$CBHV?$vector@NV?$allocator@N@std@@@std@@@std@@PEAX@0@AEAPEAU10@@Z 0000000180032cc0 f i priorityqueue_api.obj
 0001:00031cd0       ??$forward@AEBH@std@@YAAEBHAEBH@Z 0000000180032cd0 f i priorityqueue_api.obj
 0001:00031ce0       ??$forward@AEBN@std@@YAAEBNAEBN@Z 0000000180032ce0 f i priorityqueue_api.obj
 0001:00031cf0       ??$forward@AEBQEAN@std@@YAAEBQEANAEBQEAN@Z 0000000180032cf0 f i priorityqueue_api.obj
 0001:00031d00       ??$forward@AEBQEAU?$_List_node@U?$pair@$$CBHH@std@@PEAX@std@@@std@@YAAEBQEAU?$_List_node@U?$pair@$$CBHH@std@@PEAX@0@AEBQEAU10@@Z 0000000180032d00 f i priorityqueue_api.obj
 0001:00031d10       ??$forward@AEBQEAU?$_List_node@U?$pair@$$CBHV?$vector@NV?$allocator@N@std@@@std@@@std@@PEAX@std@@@std@@YAAEBQEAU?$_List_node@U?$pair@$$CBHV?$vector@NV?$allocator@N@std@@@std@@@std@@PEAX@0@AEBQEAU10@@Z 0000000180032d10 f i priorityqueue_api.obj
 0001:00031d20       ??$forward@AEBUpiecewise_construct_t@std@@@std@@YAAEBUpiecewise_construct_t@0@AEBU10@@Z 0000000180032d20 f i priorityqueue_api.obj
 0001:00031d30       ??$forward@AEBV?$_List_unchecked_iterator@V?$_List_val@U?$_List_simple_types@U?$pair@$$CBHH@std@@@std@@@std@@@std@@@std@@YAAEBV?$_List_unchecked_iterator@V?$_List_val@U?$_List_simple_types@U?$pair@$$CBHH@std@@@std@@@std@@@0@AEBV10@@Z 0000000180032d30 f i priorityqueue_api.obj
 0001:00031d40       ??$forward@AEBV?$_List_unchecked_iterator@V?$_List_val@U?$_List_simple_types@U?$pair@$$CBHV?$vector@NV?$allocator@N@std@@@std@@@std@@@std@@@std@@@std@@@std@@YAAEBV?$_List_unchecked_iterator@V?$_List_val@U?$_List_simple_types@U?$pair@$$CBHV?$vector@NV?$allocator@N@std@@@std@@@std@@@std@@@std@@@0@AEBV10@@Z 0000000180032d40 f i priorityqueue_api.obj
 0001:00031d50       ??$forward@AEBV?$allocator@N@std@@@std@@YAAEBV?$allocator@N@0@AEBV10@@Z 0000000180032d50 f i priorityqueue_api.obj
 0001:00031d60       ??$forward@AEBV?$allocator@U?$pair@$$CBHH@std@@@std@@@std@@YAAEBV?$allocator@U?$pair@$$CBHH@std@@@0@AEBV10@@Z 0000000180032d60 f i priorityqueue_api.obj
 0001:00031d70       ??$forward@AEBV?$allocator@U?$pair@$$CBHV?$vector@NV?$allocator@N@std@@@std@@@std@@@std@@@std@@YAAEBV?$allocator@U?$pair@$$CBHV?$vector@NV?$allocator@N@std@@@std@@@std@@@0@AEBV10@@Z 0000000180032d70 f i priorityqueue_api.obj
 0001:00031d80       ??$forward@AEBV?$vector@NV?$allocator@N@std@@@std@@@std@@YAAEBV?$vector@NV?$allocator@N@std@@@0@AEBV10@@Z 0000000180032d80 f i priorityqueue_api.obj
 0001:00031d90       ??$forward@H@std@@YA$$QEAHAEAH@Z 0000000180032d90 f i priorityqueue_api.obj
 0001:00031da0       ??$forward@M@std@@YA$$QEAMAEAM@Z 0000000180032da0 f i priorityqueue_api.obj
 0001:00031db0       ??$forward@N@std@@YA$$QEANAEAN@Z 0000000180032db0 f i priorityqueue_api.obj
 0001:00031dc0       ??$forward@PEAN@std@@YA$$QEAPEANAEAPEAN@Z 0000000180032dc0 f i priorityqueue_api.obj
 0001:00031dd0       ??$forward@PEAU?$_List_node@U?$pair@$$CBHH@std@@PEAX@std@@@std@@YA$$QEAPEAU?$_List_node@U?$pair@$$CBHH@std@@PEAX@0@AEAPEAU10@@Z 0000000180032dd0 f i priorityqueue_api.obj
 0001:00031de0       ??$forward@PEAU?$_List_node@U?$pair@$$CBHV?$vector@NV?$allocator@N@std@@@std@@@std@@PEAX@std@@@std@@YA$$QEAPEAU?$_List_node@U?$pair@$$CBHV?$vector@NV?$allocator@N@std@@@std@@@std@@PEAX@0@AEAPEAU10@@Z 0000000180032de0 f i priorityqueue_api.obj
 0001:00031df0       ??$forward@PEAV?$vector@NV?$allocator@N@std@@@std@@@std@@YA$$QEAPEAV?$vector@NV?$allocator@N@std@@@0@AEAPEAV10@@Z 0000000180032df0 f i priorityqueue_api.obj
 0001:00031e00       ??$forward@PEBN@std@@YA$$QEAPEBNAEAPEBN@Z 0000000180032e00 f i priorityqueue_api.obj
 0001:00031e10       ??$forward@U?$pair@HV?$vector@NV?$allocator@N@std@@@std@@@std@@@std@@YA$$QEAU?$pair@HV?$vector@NV?$allocator@N@std@@@std@@@0@AEAU10@@Z 0000000180032e10 f i priorityqueue_api.obj
 0001:00031e20       ??$forward@U_Zero_then_variadic_args_t@std@@@std@@YA$$QEAU_Zero_then_variadic_args_t@0@AEAU10@@Z 0000000180032e20 f i priorityqueue_api.obj
 0001:00031e30       ??$forward@V?$allocator@N@std@@@std@@YA$$QEAV?$allocator@N@0@AEAV10@@Z 0000000180032e30 f i priorityqueue_api.obj
 0001:00031e40       ??$forward@V?$allocator@V?$vector@NV?$allocator@N@std@@@std@@@std@@@std@@YA$$QEAV?$allocator@V?$vector@NV?$allocator@N@std@@@std@@@0@AEAV10@@Z 0000000180032e40 f i priorityqueue_api.obj
 0001:00031e50       ??$forward@V?$tuple@$$V@std@@@std@@YA$$QEAV?$tuple@$$V@0@AEAV10@@Z 0000000180032e50 f i priorityqueue_api.obj
 0001:00031e60       ??$forward@V?$tuple@AEBH@std@@@std@@YA$$QEAV?$tuple@AEBH@0@AEAV10@@Z 0000000180032e60 f i priorityqueue_api.obj
 0001:00031e70       ??$forward@V?$vector@NV?$allocator@N@std@@@std@@@std@@YA$$QEAV?$vector@NV?$allocator@N@std@@@0@AEAV10@@Z 0000000180032e70 f i priorityqueue_api.obj
 0001:00031e80       ??$forward@_N@std@@YA$$QEA_NAEA_N@Z 0000000180032e80 f i priorityqueue_api.obj
 0001:00031e90       ??$forward_as_tuple@$$V@std@@YA?AV?$tuple@$$V@0@XZ 0000000180032e90 f i priorityqueue_api.obj
 0001:00031ea0       ??$forward_as_tuple@AEBH@std@@YA?AV?$tuple@AEBH@0@AEBH@Z 0000000180032ea0 f i priorityqueue_api.obj
 0001:00031ed0       ??$make_pair@HV?$vector@NV?$allocator@N@std@@@std@@@std@@YA?AU?$pair@HV?$vector@NV?$allocator@N@std@@@std@@@0@$$QEAH$$QEAV?$vector@NV?$allocator@N@std@@@0@@Z 0000000180032ed0 f i priorityqueue_api.obj
 0001:00031f20       ??$max@_K@std@@YAAEB_KAEB_K0@Z 0000000180032f20 f i priorityqueue_api.obj
 0001:00031f70       ??$min@_K@std@@YAAEB_KAEB_K0@Z 0000000180032f70 f i priorityqueue_api.obj
 0001:00031fc0       ??$move@AEAPEAN@std@@YA$$QEAPEANAEAPEAN@Z 0000000180032fc0 f i priorityqueue_api.obj
 0001:00031fd0       ??$move@AEAPEAU?$_List_node@U?$pair@$$CBHH@std@@PEAX@std@@@std@@YA$$QEAPEAU?$_List_node@U?$pair@$$CBHH@std@@PEAX@0@AEAPEAU10@@Z 0000000180032fd0 f i priorityqueue_api.obj
 0001:00031fe0       ??$move@AEAPEAU?$_List_node@U?$pair@$$CBHV?$vector@NV?$allocator@N@std@@@std@@@std@@PEAX@std@@@std@@YA$$QEAPEAU?$_List_node@U?$pair@$$CBHV?$vector@NV?$allocator@N@std@@@std@@@std@@PEAX@0@AEAPEAU10@@Z 0000000180032fe0 f i priorityqueue_api.obj
 0001:00031ff0       ??$move@AEAPEAV?$_List_unchecked_iterator@V?$_List_val@U?$_List_simple_types@U?$pair@$$CBHH@std@@@std@@@std@@@std@@@std@@YA$$QEAPEAV?$_List_unchecked_iterator@V?$_List_val@U?$_List_simple_types@U?$pair@$$CBHH@std@@@std@@@std@@@0@AEAPEAV10@@Z 0000000180032ff0 f i priorityqueue_api.obj
 0001:00032000       ??$move@AEAPEAV?$_List_unchecked_iterator@V?$_List_val@U?$_List_simple_types@U?$pair@$$CBHV?$vector@NV?$allocator@N@std@@@std@@@std@@@std@@@std@@@std@@@std@@YA$$QEAPEAV?$_List_unchecked_iterator@V?$_List_val@U?$_List_simple_types@U?$pair@$$CBHV?$vector@NV?$allocator@N@std@@@std@@@std@@@std@@@std@@@0@AEAPEAV10@@Z 0000000180033000 f i priorityqueue_api.obj
 0001:00032010       ??$move@AEAPEBN@std@@YA$$QEAPEBNAEAPEBN@Z 0000000180033010 f i priorityqueue_api.obj
 0001:00032020       ??$move@AEAU?$pair@HV?$vector@NV?$allocator@N@std@@@std@@@std@@@std@@YA$$QEAU?$pair@HV?$vector@NV?$allocator@N@std@@@std@@@0@AEAU10@@Z 0000000180033020 f i priorityqueue_api.obj
 0001:00032030       ??$move@AEAV?$allocator@N@std@@@std@@YA$$QEAV?$allocator@N@0@AEAV10@@Z 0000000180033030 f i priorityqueue_api.obj
 0001:00032040       ??$move@AEAV?$allocator@U?$_List_node@U?$pair@$$CBHH@std@@PEAX@std@@@std@@@std@@YA$$QEAV?$allocator@U?$_List_node@U?$pair@$$CBHH@std@@PEAX@std@@@0@AEAV10@@Z 0000000180033040 f i priorityqueue_api.obj
 0001:00032050       ??$move@AEAV?$allocator@U?$_List_node@U?$pair@$$CBHV?$vector@NV?$allocator@N@std@@@std@@@std@@PEAX@std@@@std@@@std@@YA$$QEAV?$allocator@U?$_List_node@U?$pair@$$CBHV?$vector@NV?$allocator@N@std@@@std@@@std@@PEAX@std@@@0@AEAV10@@Z 0000000180033050 f i priorityqueue_api.obj
 0001:00032060       ??$move@AEAV?$allocator@U?$pair@HV?$vector@NV?$allocator@N@std@@@std@@@std@@@std@@@std@@YA$$QEAV?$allocator@U?$pair@HV?$vector@NV?$allocator@N@std@@@std@@@std@@@0@AEAV10@@Z 0000000180033060 f i priorityqueue_api.obj
 0001:00032070       ??$move@AEAV?$allocator@V?$_List_unchecked_iterator@V?$_List_val@U?$_List_simple_types@U?$pair@$$CBHH@std@@@std@@@std@@@std@@@std@@@std@@YA$$QEAV?$allocator@V?$_List_unchecked_iterator@V?$_List_val@U?$_List_simple_types@U?$pair@$$CBHH@std@@@std@@@std@@@std@@@0@AEAV10@@Z 0000000180033070 f i priorityqueue_api.obj
 0001:00032080       ??$move@AEAV?$allocator@V?$_List_unchecked_iterator@V?$_List_val@U?$_List_simple_types@U?$pair@$$CBHV?$vector@NV?$allocator@N@std@@@std@@@std@@@std@@@std@@@std@@@std@@@std@@YA$$QEAV?$allocator@V?$_List_unchecked_iterator@V?$_List_val@U?$_List_simple_types@U?$pair@$$CBHV?$vector@NV?$allocator@N@std@@@std@@@std@@@std@@@std@@@std@@@0@AEAV10@@Z 0000000180033080 f i priorityqueue_api.obj
 0001:00032090       ??$move@AEAV?$allocator@V?$vector@NV?$allocator@N@std@@@std@@@std@@@std@@YA$$QEAV?$allocator@V?$vector@NV?$allocator@N@std@@@std@@@0@AEAV10@@Z 0000000180033090 f i priorityqueue_api.obj
 0001:000320a0       ??$move@AEAV?$tuple@AEBH@std@@@std@@YA$$QEAV?$tuple@AEBH@0@AEAV10@@Z 00000001800330a0 f i priorityqueue_api.obj
 0001:000320b0       ??$move@AEAV?$unordered_map@HHU?$hash@H@std@@U?$equal_to@H@2@V?$allocator@U?$pair@$$CBHH@std@@@2@@std@@@std@@YA$$QEAV?$unordered_map@HHU?$hash@H@std@@U?$equal_to@H@2@V?$allocator@U?$pair@$$CBHH@std@@@2@@0@AEAV10@@Z 00000001800330b0 f i priorityqueue_api.obj
 0001:000320c0       ??$move@AEAV?$unordered_map@HV?$vector@NV?$allocator@N@std@@@std@@U?$hash@H@2@U?$equal_to@H@2@V?$allocator@U?$pair@$$CBHV?$vector@NV?$allocator@N@std@@@std@@@std@@@2@@std@@@std@@YA$$QEAV?$unordered_map@HV?$vector@NV?$allocator@N@std@@@std@@U?$hash@H@2@U?$equal_to@H@2@V?$allocator@U?$pair@$$CBHV?$vector@NV?$allocator@N@std@@@std@@@std@@@2@@0@AEAV10@@Z 00000001800330c0 f i priorityqueue_api.obj
 0001:000320d0       ??$move@AEAV?$vector@NV?$allocator@N@std@@@std@@@std@@YA$$QEAV?$vector@NV?$allocator@N@std@@@0@AEAV10@@Z 00000001800330d0 f i priorityqueue_api.obj
 0001:000320e0       ??$move@AEA_K@std@@YA$$QEA_KAEA_K@Z 00000001800330e0 f i priorityqueue_api.obj
 0001:000320f0       ??$pop_heap@V?$_Vector_iterator@V?$_Vector_val@U?$_Simple_types@U?$pair@HV?$vector@NV?$allocator@N@std@@@std@@@std@@@std@@@std@@@std@@Ucomparator@PriorityQueueImpl@nav@@@std@@YAXV?$_Vector_iterator@V?$_Vector_val@U?$_Simple_types@U?$pair@HV?$vector@NV?$allocator@N@std@@@std@@@std@@@std@@@std@@@0@0Ucomparator@PriorityQueueImpl@nav@@@Z 00000001800330f0 f i priorityqueue_api.obj
[...]
 0003:00014880       $SG22940                   0000000180056880     sl_groundvehicleDynamics_sfun_registry.obj
 0003:00014910       $SG22944                   0000000180056910     sl_groundvehicleDynamics_sfun_registry.obj
 0003:00014930       $SG22945                   0000000180056930     sl_groundvehicleDynamics_sfun_registry.obj
 0003:000149c0       $SG22949                   00000001800569c0     sl_groundvehicleDynamics_sfun_registry.obj
 0003:000149e0       $SG22950                   00000001800569e0     sl_groundvehicleDynamics_sfun_registry.obj
 0003:00014a70       $SG22954                   0000000180056a70     sl_groundvehicleDynamics_sfun_registry.obj
 0003:00014a90       $SG22955                   0000000180056a90     sl_groundvehicleDynamics_sfun_registry.obj
 0003:00014b20       $SG22959                   0000000180056b20     sl_groundvehicleDynamics_sfun_registry.obj
 0003:00014b40       $SG22960                   0000000180056b40     sl_groundvehicleDynamics_sfun_registry.obj
 0003:00014bd0       $SG22964                   0000000180056bd0     sl_groundvehicleDynamics_sfun_registry.obj
 0003:00014bf0       $SG22965                   0000000180056bf0     sl_groundvehicleDynamics_sfun_registry.obj
 0003:00014c80       $SG22969                   0000000180056c80     sl_groundvehicleDynamics_sfun_registry.obj
 0003:00014ca0       $SG22970                   0000000180056ca0     sl_groundvehicleDynamics_sfun_registry.obj
 0003:00014d30       $SG22974                   0000000180056d30     sl_groundvehicleDynamics_sfun_registry.obj
 0003:00014d50       $SG22975                   0000000180056d50     sl_groundvehicleDynamics_sfun_registry.obj
 0003:00014de0       $SG22979                   0000000180056de0     sl_groundvehicleDynamics_sfun_registry.obj
 0003:00014e00       $SG22980                   0000000180056e00     sl_groundvehicleDynamics_sfun_registry.obj
 0003:00014e90       $SG22984                   0000000180056e90     sl_groundvehicleDynamics_sfun_registry.obj
 0003:00014eb0       $SG22985                   0000000180056eb0     sl_groundvehicleDynamics_sfun_registry.obj
 0003:00014f40       $SG22990                   0000000180056f40     sl_groundvehicleDynamics_sfun_registry.obj
 0003:00014f60       $SG22991                   0000000180056f60     sl_groundvehicleDynamics_sfun_registry.obj
 0003:00014ff0       $SG22996                   0000000180056ff0     sl_groundvehicleDynamics_sfun_registry.obj
 0003:00015000       $SG22997                   0000000180057000     sl_groundvehicleDynamics_sfun_registry.obj
 0003:00015090       $SG23001                   0000000180057090     sl_groundvehicleDynamics_sfun_registry.obj
 0003:000150b0       $SG23002                   00000001800570b0     sl_groundvehicleDynamics_sfun_registry.obj
 0003:00015140       $SG23006                   0000000180057140     sl_groundvehicleDynamics_sfun_registry.obj
 0003:00015150       $SG23007                   0000000180057150     sl_groundvehicleDynamics_sfun_registry.obj
 0003:000151e0       $SG23011                   00000001800571e0     sl_groundvehicleDynamics_sfun_registry.obj
 0003:00015200       $SG23012                   0000000180057200     sl_groundvehicleDynamics_sfun_registry.obj
 0003:00015290       $SG23016                   0000000180057290     sl_groundvehicleDynamics_sfun_registry.obj
 0003:000152b0       $SG23017                   00000001800572b0     sl_groundvehicleDynamics_sfun_registry.obj
 0003:00015340       $SG23021                   0000000180057340     sl_groundvehicleDynamics_sfun_registry.obj
 0003:00015350       $SG23022                   0000000180057350     sl_groundvehicleDynamics_sfun_registry.obj
 0003:000153e0       $SG23026                   00000001800573e0     sl_groundvehicleDynamics_sfun_registry.obj
 0003:000153f0       $SG23027                   00000001800573f0     sl_groundvehicleDynamics_sfun_registry.obj
 0003:00015480       $SG23031                   0000000180057480     sl_groundvehicleDynamics_sfun_registry.obj
 0003:000154a0       $SG23032                   00000001800574a0     sl_groundvehicleDynamics_sfun_registry.obj
 0003:00015530       $SG23036                   0000000180057530     sl_groundvehicleDynamics_sfun_registry.obj
 0003:00015550       $SG23037                   0000000180057550     sl_groundvehicleDynamics_sfun_registry.obj
 0003:000155e0       $SG23041                   00000001800575e0     sl_groundvehicleDynamics_sfun_registry.obj
 0003:000155f0       $SG23042                   00000001800575f0     sl_groundvehicleDynamics_sfun_registry.obj
 0003:00015680       $SG23050                   0000000180057680     sl_groundvehicleDynamics_sfun_registry.obj
 0003:00015690       $SG23051                   0000000180057690     sl_groundvehicleDynamics_sfun_registry.obj
 0003:00015720       $SG23057                   0000000180057720     sl_groundvehicleDynamics_sfun_registry.obj
 0003:00015730       $SG23058                   0000000180057730     sl_groundvehicleDynamics_sfun_registry.obj
 0003:000157c0       $SG23062                   00000001800577c0     sl_groundvehicleDynamics_sfun_registry.obj
 0003:000157d0       $SG23063                   00000001800577d0     sl_groundvehicleDynamics_sfun_registry.obj
 0003:00015860       $SG23068                   0000000180057860     sl_groundvehicleDynamics_sfun_registry.obj
 0003:00015870       $SG23069                   0000000180057870     sl_groundvehicleDynamics_sfun_registry.obj
 0003:00015900       $SG23073                   0000000180057900     sl_groundvehicleDynamics_sfun_registry.obj
 0003:00015980       $SG23096                   0000000180057980     sl_groundvehicleDynamics_sfun_registry.obj
 0003:00015a98       $SG23104                   0000000180057a98     sl_groundvehicleDynamics_sfun_registry.obj
 0003:00015aa8       $SG23111                   0000000180057aa8     sl_groundvehicleDynamics_sfun_registry.obj
 0003:00015ab8       $SG23119                   0000000180057ab8     sl_groundvehicleDynamics_sfun_registry.obj
 0003:00015ac8       $SG23126                   0000000180057ac8     sl_groundvehicleDynamics_sfun_registry.obj
 0003:00015ad8       $SG23134                   0000000180057ad8     sl_groundvehicleDynamics_sfun_registry.obj
 0003:00015ae8       $SG23141                   0000000180057ae8     sl_groundvehicleDynamics_sfun_registry.obj
 0003:00015af8       $SG23147                   0000000180057af8     sl_groundvehicleDynamics_sfun_registry.obj
 0003:00015b18       $SG23157                   0000000180057b18     sl_groundvehicleDynamics_sfun_registry.obj
 0003:00015b48       $SG23158                   0000000180057b48     sl_groundvehicleDynamics_sfun_registry.obj
 0003:00015b50       $SG23159                   0000000180057b50     sl_groundvehicleDynamics_sfun_registry.obj
 0003:00015b58       $SG23169                   0000000180057b58     sl_groundvehicleDynamics_sfun_registry.obj
 0003:00015b90       $SG23170                   0000000180057b90     sl_groundvehicleDynamics_sfun_registry.obj
 0003:00015b98       $SG23171                   0000000180057b98     sl_groundvehicleDynamics_sfun_registry.obj
 0003:00015ce0       sRtwOptimizationInfoStruct 0000000180057ce0     sl_groundvehicleDynamics_sfun.obj
 0003:00015ce8       sOptimizationInfoFlags     0000000180057ce8     sl_groundvehicleDynamics_sfun.obj
 0003:00015cf0       $SG22256                   0000000180057cf0     c5_sl_groundvehicleDynamics.obj
 0003:00015cf1       $SG22260                   0000000180057cf1     c5_sl_groundvehicleDynamics.obj
 0003:00015cf2       $SG22264                   0000000180057cf2     c5_sl_groundvehicleDynamics.obj
 0003:00015cf3       $SG22271                   0000000180057cf3     c5_sl_groundvehicleDynamics.obj
 0003:00015cf4       $SG22278                   0000000180057cf4     c5_sl_groundvehicleDynamics.obj
 0003:00015cf5       $SG22285                   0000000180057cf5     c5_sl_groundvehicleDynamics.obj
 0003:00015cf6       $SG22292                   0000000180057cf6     c5_sl_groundvehicleDynamics.obj
 0003:00015cf7       $SG22299                   0000000180057cf7     c5_sl_groundvehicleDynamics.obj
 0003:00015cf8       $SG22303                   0000000180057cf8     c5_sl_groundvehicleDynamics.obj
 0003:00015cf9       $SG22307                   0000000180057cf9     c5_sl_groundvehicleDynamics.obj
 0003:00015cfa       $SG22311                   0000000180057cfa     c5_sl_groundvehicleDynamics.obj
 0003:00015cfb       $SG22318                   0000000180057cfb     c5_sl_groundvehicleDynamics.obj
 0003:00015cfc       $SG22325                   0000000180057cfc     c5_sl_groundvehicleDynamics.obj
 0003:00015cfd       $SG22329                   0000000180057cfd     c5_sl_groundvehicleDynamics.obj
 0003:00015cfe       $SG22333                   0000000180057cfe     c5_sl_groundvehicleDynamics.obj
 0003:00015cff       $SG22337                   0000000180057cff     c5_sl_groundvehicleDynamics.obj
 0003:00015d00       $SG22341                   0000000180057d00     c5_sl_groundvehicleDynamics.obj
 0003:00015d01       $SG22345                   0000000180057d01     c5_sl_groundvehicleDynamics.obj
 0003:00015d02       $SG22349                   0000000180057d02     c5_sl_groundvehicleDynamics.obj
 0003:00015d03       $SG22353                   0000000180057d03     c5_sl_groundvehicleDynamics.obj
 0003:00015d04       $SG22357                   0000000180057d04     c5_sl_groundvehicleDynamics.obj
 0003:00015d05       $SG22361                   0000000180057d05     c5_sl_groundvehicleDynamics.obj
 0003:00015d06       $SG22365                   0000000180057d06     c5_sl_groundvehicleDynamics.obj
 0003:00015d07       $SG22369                   0000000180057d07     c5_sl_groundvehicleDynamics.obj
 0003:00015d08       $SG22373                   0000000180057d08     c5_sl_groundvehicleDynamics.obj
 0003:00015d09       $SG22377                   0000000180057d09     c5_sl_groundvehicleDynamics.obj
 0003:00015d0a       $SG22381                   0000000180057d0a     c5_sl_groundvehicleDynamics.obj
 0003:00015d0b       $SG22385                   0000000180057d0b     c5_sl_groundvehicleDynamics.obj
 0003:00015d0c       $SG22389                   0000000180057d0c     c5_sl_groundvehicleDynamics.obj
 0003:00015d0d       $SG22396                   0000000180057d0d     c5_sl_groundvehicleDynamics.obj
 0003:00015d0e       $SG22406                   0000000180057d0e     c5_sl_groundvehicleDynamics.obj
 0003:00015d0f       $SG22416                   0000000180057d0f     c5_sl_groundvehicleDynamics.obj
 0003:00015d10       $SG22423                   0000000180057d10     c5_sl_groundvehicleDynamics.obj
 0003:00015d11       $SG22427                   0000000180057d11     c5_sl_groundvehicleDynamics.obj
 0003:00015d12       $SG22434                   0000000180057d12     c5_sl_groundvehicleDynamics.obj
 0003:00015d13       $SG22441                   0000000180057d13     c5_sl_groundvehicleDynamics.obj
 0003:00015d14       $SG22448                   0000000180057d14     c5_sl_groundvehicleDynamics.obj
 0003:00015d15       $SG22455                   0000000180057d15     c5_sl_groundvehicleDynamics.obj
 0003:00015d16       $SG22462                   0000000180057d16     c5_sl_groundvehicleDynamics.obj
 0003:00015d17       $SG22466                   0000000180057d17     c5_sl_groundvehicleDynamics.obj
 0003:00015d18       $SG22473                   0000000180057d18     c5_sl_groundvehicleDynamics.obj
 0003:00015d19       $SG22477                   0000000180057d19     c5_sl_groundvehicleDynamics.obj
 0003:00015d1a       $SG22484                   0000000180057d1a     c5_sl_groundvehicleDynamics.obj
 0003:00015d1b       $SG22488                   0000000180057d1b     c5_sl_groundvehicleDynamics.obj
 0003:00015d1c       $SG22495                   0000000180057d1c     c5_sl_groundvehicleDynamics.obj
 0003:00015d1d       $SG22499                   0000000180057d1d     c5_sl_groundvehicleDynamics.obj
 0003:00015d1e       $SG22506                   0000000180057d1e     c5_sl_groundvehicleDynamics.obj
 0003:00015d1f       $SG22513                   0000000180057d1f     c5_sl_groundvehicleDynamics.obj
 0003:00015d20       $SG22520                   0000000180057d20     c5_sl_groundvehicleDynamics.obj
 0003:00015d21       $SG22533                   0000000180057d21     c5_sl_groundvehicleDynamics.obj
 0003:00015d22       $SG22540                   0000000180057d22     c5_sl_groundvehicleDynamics.obj
 0003:00015d23       $SG22547                   0000000180057d23     c5_sl_groundvehicleDynamics.obj
 0003:00015d24       $SG22554                   0000000180057d24     c5_sl_groundvehicleDynamics.obj
 0003:00015d25       $SG22561                   0000000180057d25     c5_sl_groundvehicleDynamics.obj
 0003:00015d26       $SG22568                   0000000180057d26     c5_sl_groundvehicleDynamics.obj
 0003:00015d27       $SG22575                   0000000180057d27     c5_sl_groundvehicleDynamics.obj
 0003:00015d28       $SG22582                   0000000180057d28     c5_sl_groundvehicleDynamics.obj
 0003:00015d29       $SG22589                   0000000180057d29     c5_sl_groundvehicleDynamics.obj
 0003:00015d2a       $SG22596                   0000000180057d2a     c5_sl_groundvehicleDynamics.obj
 0003:00015d2b       $SG22603                   0000000180057d2b     c5_sl_groundvehicleDynamics.obj
 0003:00015d2c       $SG22607                   0000000180057d2c     c5_sl_groundvehicleDynamics.obj
 0003:00015d2d       $SG22611                   0000000180057d2d     c5_sl_groundvehicleDynamics.obj
 0003:00015d2e       $SG22615                   0000000180057d2e     c5_sl_groundvehicleDynamics.obj
 0003:00015d2f       $SG22619                   0000000180057d2f     c5_sl_groundvehicleDynamics.obj
 0003:00015d30       $SG22626                   0000000180057d30     c5_sl_groundvehicleDynamics.obj
 0003:00015d31       $SG22630                   0000000180057d31     c5_sl_groundvehicleDynamics.obj
 0003:00015d32       $SG22634                   0000000180057d32     c5_sl_groundvehicleDynamics.obj
 0003:00015d33       $SG22638                   0000000180057d33     c5_sl_groundvehicleDynamics.obj
 0003:00015d34       $SG22642                   0000000180057d34     c5_sl_groundvehicleDynamics.obj
 0003:00015d35       $SG22646                   0000000180057d35     c5_sl_groundvehicleDynamics.obj
 0003:00015d36       $SG22650                   0000000180057d36     c5_sl_groundvehicleDynamics.obj
 0003:00015d37       $SG22654                   0000000180057d37     c5_sl_groundvehicleDynamics.obj
 0003:00015d38       $SG22658                   0000000180057d38     c5_sl_groundvehicleDynamics.obj
 0003:00015d39       $SG22662                   0000000180057d39     c5_sl_groundvehicleDynamics.obj
 0003:00015d3a       $SG22666                   0000000180057d3a     c5_sl_groundvehicleDynamics.obj
 0003:00015d3b       $SG22670                   0000000180057d3b     c5_sl_groundvehicleDynamics.obj
 0003:00015d3c       $SG22674                   0000000180057d3c     c5_sl_groundvehicleDynamics.obj
 0003:00015d3d       $SG22678                   0000000180057d3d     c5_sl_groundvehicleDynamics.obj
 0003:00015d3e       $SG22682                   0000000180057d3e     c5_sl_groundvehicleDynamics.obj
 0003:00015d3f       $SG22686                   0000000180057d3f     c5_sl_groundvehicleDynamics.obj
 0003:00015d40       $SG22690                   0000000180057d40     c5_sl_groundvehicleDynamics.obj
 0003:00015d41       $SG22694                   0000000180057d41     c5_sl_groundvehicleDynamics.obj
 0003:00015d42       $SG22698                   0000000180057d42     c5_sl_groundvehicleDynamics.obj
 0003:00015d43       $SG22702                   0000000180057d43     c5_sl_groundvehicleDynamics.obj
 0003:00015d44       $SG22706                   0000000180057d44     c5_sl_groundvehicleDynamics.obj
 0003:00015d45       $SG22710                   0000000180057d45     c5_sl_groundvehicleDynamics.obj
 0003:00015d46       $SG22714                   0000000180057d46     c5_sl_groundvehicleDynamics.obj
 0003:00015d47       $SG22721                   0000000180057d47     c5_sl_groundvehicleDynamics.obj
 0003:00015d48       $SG22740                   0000000180057d48     c5_sl_groundvehicleDynamics.obj
 0003:00015d49       $SG22747                   0000000180057d49     c5_sl_groundvehicleDynamics.obj
 0003:00015d4a       $SG22754                   0000000180057d4a     c5_sl_groundvehicleDynamics.obj
 0003:00015d4b       $SG22761                   0000000180057d4b     c5_sl_groundvehicleDynamics.obj
 0003:00015d4c       $SG22771                   0000000180057d4c     c5_sl_groundvehicleDynamics.obj
 0003:00015d4d       $SG22781                   0000000180057d4d     c5_sl_groundvehicleDynamics.obj
 0003:00015d4e       $SG22788                   0000000180057d4e     c5_sl_groundvehicleDynamics.obj
 0003:00015d4f       $SG22795                   0000000180057d4f     c5_sl_groundvehicleDynamics.obj
 0003:00015d50       $SG22802                   0000000180057d50     c5_sl_groundvehicleDynamics.obj
 0003:00015d51       $SG22809                   0000000180057d51     c5_sl_groundvehicleDynamics.obj
 0003:00015d52       $SG22819                   0000000180057d52     c5_sl_groundvehicleDynamics.obj
 0003:00015d53       $SG22829                   0000000180057d53     c5_sl_groundvehicleDynamics.obj
 0003:00015d54       $SG22836                   0000000180057d54     c5_sl_groundvehicleDynamics.obj
 0003:00015d55       $SG22843                   0000000180057d55     c5_sl_groundvehicleDynamics.obj
 0003:00015d56       $SG22847                   0000000180057d56     c5_sl_groundvehicleDynamics.obj
 0003:00015d57       $SG22854                   0000000180057d57     c5_sl_groundvehicleDynamics.obj
 0003:00015d58       $SG22858                   0000000180057d58     c5_sl_groundvehicleDynamics.obj
 0003:00015d59       $SG23326                   0000000180057d59     c5_sl_groundvehicleDynamics.obj
 0003:00015d5a       $SG28373                   0000000180057d5a     c5_sl_groundvehicleDynamics.obj
 0003:00015d5b       $SG28899                   0000000180057d5b     c5_sl_groundvehicleDynamics.obj
 0003:00015d5c       $SG28900                   0000000180057d5c     c5_sl_groundvehicleDynamics.obj
 0003:00015d5d       $SG29046                   0000000180057d5d     c5_sl_groundvehicleDynamics.obj
 0003:00015d60       _sfTime_                   0000000180057d60     c5_sl_groundvehicleDynamics.obj
 0003:00015d70       ?newstr@?1??sf_c5_sl_groundvehicleDynamics_get_post_codegen_info@@9@9 0000000180057d70     c5_sl_groundvehicleDynamics.obj
 0003:0001659c       sfGlobalMdlStartCallCounts 000000018005859c     sl_groundvehicleDynamics_sfun_registry.obj
 0003:000165a0       $SG22560                   00000001800585a0     sl_groundvehicleDynamics_sfun_registry.obj
 0003:000165a2       ?warningGuard@?1??ssGetRootSS@@9@9 00000001800585a2     sl_groundvehicleDynamics_sfun_registry.obj
 0003:000165a3       ?warningGuard@?1??ssGetParentSS@@9@9 00000001800585a3     sl_groundvehicleDynamics_sfun_registry.obj
 0003:000165b0       GS_ExceptionRecord         00000001800585b0     MSVCRT:gs_report.obj
 0003:00016650       GS_ContextRecord           0000000180058650     MSVCRT:gs_report.obj
 0003:00016b20       ?__proc_attached@@3HA      0000000180058b20     MSVCRT:dll_dllmain.obj
 0003:00016b60       ?is_initialized_as_dll@@3_NA 0000000180058b60     MSVCRT:utility.obj
 0003:00016b61       ?module_local_atexit_table_initialized@@3_NA 0000000180058b61     MSVCRT:utility.obj
 0003:00016b68       ?module_local_atexit_table@@3U_onexit_table_t@@A 0000000180058b68     MSVCRT:utility.obj
 0003:00016b80       ?module_local_at_quick_exit_table@@3U_onexit_table_t@@A 0000000180058b80     MSVCRT:utility.obj
